x_nucleo_iks01a2_pressure.c:110:18:BSP_PRESSURE_Init	24	static
x_nucleo_iks01a2_pressure.c:202:18:BSP_PRESSURE_DeInit	16	static
x_nucleo_iks01a2_pressure.c:238:18:BSP_PRESSURE_Sensor_Enable	8	static
x_nucleo_iks01a2_pressure.c:271:18:BSP_PRESSURE_Sensor_Disable	8	static
x_nucleo_iks01a2_pressure.c:305:18:BSP_PRESSURE_IsInitialized	0	static
x_nucleo_iks01a2_pressure.c:332:18:BSP_PRESSURE_IsEnabled	0	static
x_nucleo_iks01a2_pressure.c:359:18:BSP_PRESSURE_IsCombo	0	static
x_nucleo_iks01a2_pressure.c:386:18:BSP_PRESSURE_Get_Instance	0	static
x_nucleo_iks01a2_pressure.c:413:18:BSP_PRESSURE_Get_WhoAmI	8	static
x_nucleo_iks01a2_pressure.c:449:18:BSP_PRESSURE_Check_WhoAmI	8	static
x_nucleo_iks01a2_pressure.c:482:18:BSP_PRESSURE_Get_Press	8	static
x_nucleo_iks01a2_pressure.c:519:18:BSP_PRESSURE_Get_ODR	8	static
x_nucleo_iks01a2_pressure.c:556:18:BSP_PRESSURE_Set_ODR	8	static
x_nucleo_iks01a2_pressure.c:589:18:BSP_PRESSURE_Set_ODR_Value	8	static
x_nucleo_iks01a2_pressure.c:623:18:BSP_PRESSURE_Read_Reg	8	static
x_nucleo_iks01a2_pressure.c:664:18:BSP_PRESSURE_Write_Reg	8	static
x_nucleo_iks01a2_pressure.c:699:18:BSP_PRESSURE_Get_DRDY_Status	8	static
x_nucleo_iks01a2_pressure.c:733:18:BSP_PRESSURE_FIFO_Get_Fth_Status_Ext	4	static
x_nucleo_iks01a2_pressure.c:783:18:BSP_PRESSURE_FIFO_Get_Full_Status_Ext	4	static
x_nucleo_iks01a2_pressure.c:834:18:BSP_PRESSURE_FIFO_Get_Ovr_Status_Ext	4	static
x_nucleo_iks01a2_pressure.c:886:18:BSP_PRESSURE_FIFO_Get_Data_Ext	12	static
x_nucleo_iks01a2_pressure.c:937:18:BSP_PRESSURE_FIFO_Get_Num_Of_Samples_Ext	4	static
x_nucleo_iks01a2_pressure.c:988:18:BSP_PRESSURE_FIFO_Set_Mode_Ext	0	static
x_nucleo_iks01a2_pressure.c:1034:18:BSP_PRESSURE_FIFO_Set_Interrupt_Ext	0	static
x_nucleo_iks01a2_pressure.c:1080:18:BSP_PRESSURE_FIFO_Reset_Interrupt_Ext	0	static
x_nucleo_iks01a2_pressure.c:1126:18:BSP_PRESSURE_FIFO_Set_Watermark_Level_Ext	0	static
x_nucleo_iks01a2_pressure.c:1172:18:BSP_PRESSURE_FIFO_Stop_On_Fth_Ext	0	static
x_nucleo_iks01a2_pressure.c:1218:18:BSP_PRESSURE_FIFO_Usage_Ext	0	static
