x_nucleo_iks01a2_temperature.c:101:18:BSP_TEMPERATURE_Init	24	static
x_nucleo_iks01a2_temperature.c:259:18:BSP_TEMPERATURE_DeInit	16	static
x_nucleo_iks01a2_temperature.c:295:18:BSP_TEMPERATURE_Sensor_Enable	8	static
x_nucleo_iks01a2_temperature.c:328:18:BSP_TEMPERATURE_Sensor_Disable	8	static
x_nucleo_iks01a2_temperature.c:362:18:BSP_TEMPERATURE_IsInitialized	0	static
x_nucleo_iks01a2_temperature.c:389:18:BSP_TEMPERATURE_IsEnabled	0	static
x_nucleo_iks01a2_temperature.c:416:18:BSP_TEMPERATURE_IsCombo	0	static
x_nucleo_iks01a2_temperature.c:443:18:BSP_TEMPERATURE_Get_Instance	0	static
x_nucleo_iks01a2_temperature.c:471:18:BSP_TEMPERATURE_Get_WhoAmI	8	static
x_nucleo_iks01a2_temperature.c:507:18:BSP_TEMPERATURE_Check_WhoAmI	8	static
x_nucleo_iks01a2_temperature.c:540:18:BSP_TEMPERATURE_Get_Temp	8	static
x_nucleo_iks01a2_temperature.c:577:18:BSP_TEMPERATURE_Get_ODR	8	static
x_nucleo_iks01a2_temperature.c:614:18:BSP_TEMPERATURE_Set_ODR	8	static
x_nucleo_iks01a2_temperature.c:647:18:BSP_TEMPERATURE_Set_ODR_Value	8	static
x_nucleo_iks01a2_temperature.c:681:18:BSP_TEMPERATURE_Read_Reg	8	static
x_nucleo_iks01a2_temperature.c:721:18:BSP_TEMPERATURE_Write_Reg	8	static
x_nucleo_iks01a2_temperature.c:755:18:BSP_TEMPERATURE_Get_DRDY_Status	8	static
x_nucleo_iks01a2_temperature.c:789:18:BSP_TEMPERATURE_FIFO_Get_Fth_Status_Ext	4	static
x_nucleo_iks01a2_temperature.c:839:18:BSP_TEMPERATURE_FIFO_Get_Full_Status_Ext	4	static
x_nucleo_iks01a2_temperature.c:890:18:BSP_TEMPERATURE_FIFO_Get_Ovr_Status_Ext	4	static
x_nucleo_iks01a2_temperature.c:942:18:BSP_TEMPERATURE_FIFO_Get_Data_Ext	12	static
x_nucleo_iks01a2_temperature.c:993:18:BSP_TEMPERATURE_FIFO_Get_Num_Of_Samples_Ext	4	static
x_nucleo_iks01a2_temperature.c:1044:18:BSP_TEMPERATURE_FIFO_Set_Mode_Ext	0	static
x_nucleo_iks01a2_temperature.c:1090:18:BSP_TEMPERATURE_FIFO_Set_Interrupt_Ext	0	static
x_nucleo_iks01a2_temperature.c:1136:18:BSP_TEMPERATURE_FIFO_Reset_Interrupt_Ext	0	static
x_nucleo_iks01a2_temperature.c:1182:18:BSP_TEMPERATURE_FIFO_Set_Watermark_Level_Ext	0	static
x_nucleo_iks01a2_temperature.c:1228:18:BSP_TEMPERATURE_FIFO_Stop_On_Fth_Ext	0	static
x_nucleo_iks01a2_temperature.c:1274:18:BSP_TEMPERATURE_FIFO_Usage_Ext	0	static
