x_nucleo_iks01a2_accelero.c:103:18:BSP_ACCELERO_Init	24	static
x_nucleo_iks01a2_accelero.c:260:18:BSP_ACCELERO_DeInit	16	static
x_nucleo_iks01a2_accelero.c:297:18:BSP_ACCELERO_Sensor_Enable	8	static
x_nucleo_iks01a2_accelero.c:331:18:BSP_ACCELERO_Sensor_Disable	8	static
x_nucleo_iks01a2_accelero.c:365:18:BSP_ACCELERO_IsInitialized	0	static
x_nucleo_iks01a2_accelero.c:392:18:BSP_ACCELERO_IsEnabled	0	static
x_nucleo_iks01a2_accelero.c:419:18:BSP_ACCELERO_IsCombo	0	static
x_nucleo_iks01a2_accelero.c:446:18:BSP_ACCELERO_Get_Instance	0	static
x_nucleo_iks01a2_accelero.c:474:18:BSP_ACCELERO_Get_WhoAmI	8	static
x_nucleo_iks01a2_accelero.c:508:18:BSP_ACCELERO_Check_WhoAmI	8	static
x_nucleo_iks01a2_accelero.c:543:18:BSP_ACCELERO_Get_Axes	8	static
x_nucleo_iks01a2_accelero.c:583:18:BSP_ACCELERO_Get_AxesRaw	8	static
x_nucleo_iks01a2_accelero.c:621:18:BSP_ACCELERO_Get_Sensitivity	8	static
x_nucleo_iks01a2_accelero.c:661:18:BSP_ACCELERO_Get_ODR	8	static
x_nucleo_iks01a2_accelero.c:701:18:BSP_ACCELERO_Set_ODR	8	static
x_nucleo_iks01a2_accelero.c:735:18:BSP_ACCELERO_Set_ODR_Value	8	static
x_nucleo_iks01a2_accelero.c:769:18:BSP_ACCELERO_Get_FS	8	static
x_nucleo_iks01a2_accelero.c:809:18:BSP_ACCELERO_Set_FS	8	static
x_nucleo_iks01a2_accelero.c:843:18:BSP_ACCELERO_Set_FS_Value	8	static
x_nucleo_iks01a2_accelero.c:877:18:BSP_ACCELERO_Get_Axes_Status	8	static
x_nucleo_iks01a2_accelero.c:917:18:BSP_ACCELERO_Set_Axes_Status	8	static
x_nucleo_iks01a2_accelero.c:957:18:BSP_ACCELERO_Read_Reg	8	static
x_nucleo_iks01a2_accelero.c:998:18:BSP_ACCELERO_Write_Reg	8	static
x_nucleo_iks01a2_accelero.c:1033:18:BSP_ACCELERO_Get_DRDY_Status	8	static
x_nucleo_iks01a2_accelero.c:1069:18:BSP_ACCELERO_Enable_Free_Fall_Detection_Ext	0	static
x_nucleo_iks01a2_accelero.c:1114:18:BSP_ACCELERO_Disable_Free_Fall_Detection_Ext	0	static
x_nucleo_iks01a2_accelero.c:1161:18:BSP_ACCELERO_Get_Free_Fall_Detection_Status_Ext	4	static
x_nucleo_iks01a2_accelero.c:1212:18:BSP_ACCELERO_Set_Free_Fall_Threshold_Ext	0	static
x_nucleo_iks01a2_accelero.c:1258:18:BSP_ACCELERO_Enable_Pedometer_Ext	0	static
x_nucleo_iks01a2_accelero.c:1303:18:BSP_ACCELERO_Disable_Pedometer_Ext	0	static
x_nucleo_iks01a2_accelero.c:1350:18:BSP_ACCELERO_Get_Pedometer_Status_Ext	4	static
x_nucleo_iks01a2_accelero.c:1401:18:BSP_ACCELERO_Get_Step_Count_Ext	4	static
x_nucleo_iks01a2_accelero.c:1451:18:BSP_ACCELERO_Reset_Step_Counter_Ext	16	static
x_nucleo_iks01a2_accelero.c:1509:18:BSP_ACCELERO_Set_Pedometer_Threshold_Ext	0	static
x_nucleo_iks01a2_accelero.c:1556:18:BSP_ACCELERO_Enable_Tilt_Detection_Ext	0	static
x_nucleo_iks01a2_accelero.c:1601:18:BSP_ACCELERO_Disable_Tilt_Detection_Ext	0	static
x_nucleo_iks01a2_accelero.c:1648:18:BSP_ACCELERO_Get_Tilt_Detection_Status_Ext	4	static
x_nucleo_iks01a2_accelero.c:1700:18:BSP_ACCELERO_Enable_Wake_Up_Detection_Ext	0	static
x_nucleo_iks01a2_accelero.c:1745:18:BSP_ACCELERO_Disable_Wake_Up_Detection_Ext	0	static
x_nucleo_iks01a2_accelero.c:1792:18:BSP_ACCELERO_Get_Wake_Up_Detection_Status_Ext	4	static
x_nucleo_iks01a2_accelero.c:1843:18:BSP_ACCELERO_Set_Wake_Up_Threshold_Ext	0	static
x_nucleo_iks01a2_accelero.c:1890:18:BSP_ACCELERO_Enable_Single_Tap_Detection_Ext	0	static
x_nucleo_iks01a2_accelero.c:1935:18:BSP_ACCELERO_Disable_Single_Tap_Detection_Ext	0	static
x_nucleo_iks01a2_accelero.c:1982:18:BSP_ACCELERO_Get_Single_Tap_Detection_Status_Ext	4	static
x_nucleo_iks01a2_accelero.c:2034:18:BSP_ACCELERO_Enable_Double_Tap_Detection_Ext	0	static
x_nucleo_iks01a2_accelero.c:2079:18:BSP_ACCELERO_Disable_Double_Tap_Detection_Ext	0	static
x_nucleo_iks01a2_accelero.c:2126:18:BSP_ACCELERO_Get_Double_Tap_Detection_Status_Ext	4	static
x_nucleo_iks01a2_accelero.c:2177:18:BSP_ACCELERO_Set_Tap_Threshold_Ext	0	static
x_nucleo_iks01a2_accelero.c:2223:18:BSP_ACCELERO_Set_Tap_Shock_Time_Ext	0	static
x_nucleo_iks01a2_accelero.c:2269:18:BSP_ACCELERO_Set_Tap_Quiet_Time_Ext	0	static
x_nucleo_iks01a2_accelero.c:2315:18:BSP_ACCELERO_Set_Tap_Duration_Time_Ext	0	static
x_nucleo_iks01a2_accelero.c:2362:18:BSP_ACCELERO_Enable_6D_Orientation_Ext	0	static
x_nucleo_iks01a2_accelero.c:2407:18:BSP_ACCELERO_Disable_6D_Orientation_Ext	0	static
x_nucleo_iks01a2_accelero.c:2454:18:BSP_ACCELERO_Get_6D_Orientation_Status_Ext	4	static
x_nucleo_iks01a2_accelero.c:2505:18:BSP_ACCELERO_Get_6D_Orientation_XL_Ext	4	static
x_nucleo_iks01a2_accelero.c:2556:18:BSP_ACCELERO_Get_6D_Orientation_XH_Ext	4	static
x_nucleo_iks01a2_accelero.c:2607:18:BSP_ACCELERO_Get_6D_Orientation_YL_Ext	4	static
x_nucleo_iks01a2_accelero.c:2658:18:BSP_ACCELERO_Get_6D_Orientation_YH_Ext	4	static
x_nucleo_iks01a2_accelero.c:2709:18:BSP_ACCELERO_Get_6D_Orientation_ZL_Ext	4	static
x_nucleo_iks01a2_accelero.c:2760:18:BSP_ACCELERO_Get_6D_Orientation_ZH_Ext	4	static
x_nucleo_iks01a2_accelero.c:2810:18:BSP_ACCELERO_Get_Event_Status_Ext	4	static
x_nucleo_iks01a2_accelero.c:2860:18:BSP_ACCELERO_FIFO_Set_ODR_Value_Ext	0	static
x_nucleo_iks01a2_accelero.c:2906:18:BSP_ACCELERO_FIFO_Get_Full_Status_Ext	4	static
x_nucleo_iks01a2_accelero.c:2957:18:BSP_ACCELERO_FIFO_Get_Empty_Status_Ext	4	static
x_nucleo_iks01a2_accelero.c:3008:18:BSP_ACCELERO_FIFO_Get_Overrun_Status_Ext	4	static
x_nucleo_iks01a2_accelero.c:3058:18:BSP_ACCELERO_FIFO_Get_Pattern_Ext	4	static
x_nucleo_iks01a2_accelero.c:3109:18:BSP_ACCELERO_FIFO_Get_Data_Ext	4	static
x_nucleo_iks01a2_accelero.c:3160:18:BSP_ACCELERO_FIFO_Get_Num_Of_Samples_Ext	4	static
x_nucleo_iks01a2_accelero.c:3209:18:BSP_ACCELERO_FIFO_Set_Decimation_Ext	0	static
x_nucleo_iks01a2_accelero.c:3255:18:BSP_ACCELERO_FIFO_Get_Axis_Ext	4	static
x_nucleo_iks01a2_accelero.c:3306:18:BSP_ACCELERO_FIFO_Set_Mode_Ext	0	static
x_nucleo_iks01a2_accelero.c:3351:18:BSP_ACCELERO_FIFO_Set_INT1_FIFO_Full_Ext	0	static
x_nucleo_iks01a2_accelero.c:3397:18:BSP_ACCELERO_FIFO_Set_Watermark_Level_Ext	0	static
x_nucleo_iks01a2_accelero.c:3443:18:BSP_ACCELERO_FIFO_Set_Stop_On_Fth_Ext	0	static
x_nucleo_iks01a2_accelero.c:3489:18:BSP_ACCELERO_Set_Interrupt_Latch_Ext	0	static
x_nucleo_iks01a2_accelero.c:3534:18:BSP_ACCELERO_Set_SelfTest_Ext	0	static
