LSM6DSL_ACC_GYRO_driver_HL.c:4136:25:LSM6DSL_FIFO_Set_Watermark_Level	8	static
LSM6DSL_ACC_GYRO_driver_HL.c:667:25:LSM6DSL_X_Get_Sensitivity	16	static
LSM6DSL_ACC_GYRO_driver_HL.c:832:25:LSM6DSL_X_Get_FS	16	static
LSM6DSL_ACC_GYRO_driver_HL.c:3909:25:LSM6DSL_FIFO_Get_Num_Of_Samples	8	static
LSM6DSL_ACC_GYRO_driver_HL.c:3889:25:LSM6DSL_FIFO_Get_Data	8	static
LSM6DSL_ACC_GYRO_driver_HL.c:3869:25:LSM6DSL_FIFO_Get_Pattern	8	static
LSM6DSL_ACC_GYRO_driver_HL.c:3835:25:LSM6DSL_FIFO_Get_Overrun_Status	16	static
LSM6DSL_ACC_GYRO_driver_HL.c:3799:25:LSM6DSL_FIFO_Get_Empty_Status	16	static
LSM6DSL_ACC_GYRO_driver_HL.c:3763:25:LSM6DSL_FIFO_Get_Full_Status	16	static
LSM6DSL_ACC_GYRO_driver_HL.c:3728:25:LSM6DSL_FIFO_Set_ODR_Value	8	static
LSM6DSL_ACC_GYRO_driver_HL.c:3620:25:LSM6DSL_X_Get_Event_Status	24	static
LSM6DSL_ACC_GYRO_driver_HL.c:1576:25:LSM6DSL_G_Read_Reg	8	static
LSM6DSL_ACC_GYRO_driver_HL.c:3588:25:LSM6DSL_X_Get_6D_Orientation_ZH	16	static
LSM6DSL_ACC_GYRO_driver_HL.c:3554:25:LSM6DSL_X_Get_6D_Orientation_ZL	16	static
LSM6DSL_ACC_GYRO_driver_HL.c:3520:25:LSM6DSL_X_Get_6D_Orientation_YH	16	static
LSM6DSL_ACC_GYRO_driver_HL.c:3486:25:LSM6DSL_X_Get_6D_Orientation_YL	16	static
LSM6DSL_ACC_GYRO_driver_HL.c:3452:25:LSM6DSL_X_Get_6D_Orientation_XH	16	static
LSM6DSL_ACC_GYRO_driver_HL.c:3418:25:LSM6DSL_X_Get_6D_Orientation_XL	16	static
LSM6DSL_ACC_GYRO_driver_HL.c:3384:25:LSM6DSL_X_Get_6D_Orientation_Status	16	static
LSM6DSL_ACC_GYRO_driver_HL.c:910:25:LSM6DSL_X_Set_FS_Value	8	static
LSM6DSL_ACC_GYRO_driver_HL.c:873:25:LSM6DSL_X_Set_FS	8	static
LSM6DSL_ACC_GYRO_driver_HL.c:3266:25:LSM6DSL_X_Set_Tap_Duration_Time	8	static
LSM6DSL_ACC_GYRO_driver_HL.c:3246:25:LSM6DSL_X_Set_Tap_Quiet_Time	8	static
LSM6DSL_ACC_GYRO_driver_HL.c:3226:25:LSM6DSL_X_Set_Tap_Shock_Time	8	static
LSM6DSL_ACC_GYRO_driver_HL.c:3206:25:LSM6DSL_X_Set_Tap_Threshold	8	static
LSM6DSL_ACC_GYRO_driver_HL.c:3170:25:LSM6DSL_X_Get_Double_Tap_Detection_Status	16	static
LSM6DSL_ACC_GYRO_driver_HL.c:2948:25:LSM6DSL_X_Get_Single_Tap_Detection_Status	16	static
LSM6DSL_ACC_GYRO_driver_HL.c:2760:25:LSM6DSL_X_Set_Wake_Up_Threshold	8	static
LSM6DSL_ACC_GYRO_driver_HL.c:2726:25:LSM6DSL_X_Get_Wake_Up_Detection_Status	16	static
LSM6DSL_ACC_GYRO_driver_HL.c:2580:25:LSM6DSL_X_Get_Tilt_Detection_Status	16	static
LSM6DSL_ACC_GYRO_driver_HL.c:2460:25:LSM6DSL_X_Set_Pedometer_Threshold	8	static
LSM6DSL_ACC_GYRO_driver_HL.c:2440:25:LSM6DSL_X_Disable_Step_Counter_Reset	8	static
LSM6DSL_ACC_GYRO_driver_HL.c:2421:25:LSM6DSL_X_Enable_Step_Counter_Reset	8	static
LSM6DSL_ACC_GYRO_driver_HL.c:2402:25:LSM6DSL_X_Get_Step_Count	8	static
LSM6DSL_ACC_GYRO_driver_HL.c:2368:25:LSM6DSL_X_Get_Pedometer_Status	16	static
LSM6DSL_ACC_GYRO_driver_HL.c:2258:25:LSM6DSL_X_Set_Free_Fall_Threshold	8	static
LSM6DSL_ACC_GYRO_driver_HL.c:2224:25:LSM6DSL_X_Get_Free_Fall_Detection_Status	16	static
LSM6DSL_ACC_GYRO_driver_HL.c:1443:25:LSM6DSL_G_Get_FS	24	static
LSM6DSL_ACC_GYRO_driver_HL.c:978:25:LSM6DSL_X_Get_DRDY_Status	16	static
LSM6DSL_ACC_GYRO_driver_HL.c:1597:25:LSM6DSL_G_Write_Reg	16	static
LSM6DSL_ACC_GYRO_driver_HL.c:710:25:LSM6DSL_X_Get_ODR	16	static
LSM6DSL_ACC_GYRO_driver_HL.c:1172:25:LSM6DSL_G_Get_WhoAmI	8	static
LSM6DSL_ACC_GYRO_driver_HL.c:1617:25:LSM6DSL_G_Get_DRDY_Status	16	static
LSM6DSL_ACC_GYRO_driver_HL.c:1497:25:LSM6DSL_G_Set_FS	8	static
LSM6DSL_ACC_GYRO_driver_HL.c:1321:25:LSM6DSL_G_Get_ODR	16	static
LSM6DSL_ACC_GYRO_driver_HL.c:4201:25:LSM6DSL_X_Set_SelfTest	8	static
LSM6DSL_ACC_GYRO_driver_HL.c:4233:25:LSM6DSL_G_Set_Interrupt_Latch	8	static
LSM6DSL_ACC_GYRO_driver_HL.c:4156:25:LSM6DSL_FIFO_Set_Stop_On_Fth	8	static
LSM6DSL_ACC_GYRO_driver_HL.c:4106:25:LSM6DSL_FIFO_Set_INT1_FIFO_Full	8	static
LSM6DSL_ACC_GYRO_driver_HL.c:4073:25:LSM6DSL_FIFO_Set_Mode	8	static
LSM6DSL_ACC_GYRO_driver_HL.c:3929:25:LSM6DSL_FIFO_X_Set_Decimation	8	static
LSM6DSL_ACC_GYRO_driver_HL.c:3344:25:LSM6DSL_X_Disable_6D_Orientation	8	static
LSM6DSL_ACC_GYRO_driver_HL.c:772:25:LSM6DSL_X_Set_ODR	8	static
LSM6DSL_ACC_GYRO_driver_HL.c:3087:25:LSM6DSL_X_Disable_Double_Tap_Detection	8	static
LSM6DSL_ACC_GYRO_driver_HL.c:2874:25:LSM6DSL_X_Disable_Single_Tap_Detection	8	static
LSM6DSL_ACC_GYRO_driver_HL.c:2680:25:LSM6DSL_X_Disable_Wake_Up_Detection	8	static
LSM6DSL_ACC_GYRO_driver_HL.c:2540:25:LSM6DSL_X_Disable_Tilt_Detection	8	static
LSM6DSL_ACC_GYRO_driver_HL.c:2328:25:LSM6DSL_X_Disable_Pedometer	8	static
LSM6DSL_ACC_GYRO_driver_HL.c:2178:25:LSM6DSL_X_Disable_Free_Fall_Detection	8	static
LSM6DSL_ACC_GYRO_driver_HL.c:4248:25:LSM6DSL_G_Set_SelfTest	8	static
LSM6DSL_ACC_GYRO_driver_HL.c:1262:25:LSM6DSL_G_Get_Sensitivity	24	static
LSM6DSL_ACC_GYRO_driver_HL.c:3965:25:LSM6DSL_FIFO_G_Set_Decimation	8	static
LSM6DSL_ACC_GYRO_driver_HL.c:1534:25:LSM6DSL_G_Set_FS_Value	16	static
LSM6DSL_ACC_GYRO_driver_HL.c:1413:25:LSM6DSL_G_Set_ODR_Value	8	static
LSM6DSL_ACC_GYRO_driver_HL.c:1383:25:LSM6DSL_G_Set_ODR	8	static
LSM6DSL_ACC_GYRO_driver_HL.c:580:25:LSM6DSL_X_Get_WhoAmI	8	static
LSM6DSL_ACC_GYRO_driver_HL.c:802:25:LSM6DSL_X_Set_ODR_Value	8	static
LSM6DSL_ACC_GYRO_driver_HL.c:4186:25:LSM6DSL_X_Set_Interrupt_Latch	8	static
LSM6DSL_ACC_GYRO_driver_HL.c:937:25:LSM6DSL_X_Read_Reg	8	static
LSM6DSL_ACC_GYRO_driver_HL.c:958:25:LSM6DSL_X_Write_Reg	16	static
LSM6DSL_ACC_GYRO_driver_HL.c:2095:25:LSM6DSL_X_Enable_Free_Fall_Detection	16	static
LSM6DSL_ACC_GYRO_driver_HL.c:2481:25:LSM6DSL_X_Enable_Tilt_Detection	16	static
LSM6DSL_ACC_GYRO_driver_HL.c:2278:25:LSM6DSL_X_Enable_Pedometer	8	static
LSM6DSL_ACC_GYRO_driver_HL.c:639:25:LSM6DSL_X_Get_AxesRaw	32	static
LSM6DSL_ACC_GYRO_driver_HL.c:1234:25:LSM6DSL_G_Get_AxesRaw	32	static
LSM6DSL_ACC_GYRO_driver_HL.c:514:25:LSM6DSL_X_Sensor_Enable	8	static
LSM6DSL_ACC_GYRO_driver_HL.c:1106:25:LSM6DSL_G_Sensor_Enable	8	static
LSM6DSL_ACC_GYRO_driver_HL.c:592:25:LSM6DSL_X_Check_WhoAmI	16	static
LSM6DSL_ACC_GYRO_driver_HL.c:1185:25:LSM6DSL_G_Check_WhoAmI	16	static
LSM6DSL_ACC_GYRO_driver_HL.c:3285:25:LSM6DSL_X_Enable_6D_Orientation	16	static
LSM6DSL_ACC_GYRO_driver_HL.c:2985:25:LSM6DSL_X_Enable_Double_Tap_Detection	16	static
LSM6DSL_ACC_GYRO_driver_HL.c:2615:25:LSM6DSL_X_Enable_Wake_Up_Detection	16	static
LSM6DSL_ACC_GYRO_driver_HL.c:2781:25:LSM6DSL_X_Enable_Single_Tap_Detection	16	static
LSM6DSL_ACC_GYRO_driver_HL.c:1011:25:LSM6DSL_G_Init	32	static
LSM6DSL_ACC_GYRO_driver_HL.c:376:25:LSM6DSL_X_Init	32	static
LSM6DSL_ACC_GYRO_driver_HL.c:4037:25:LSM6DSL_FIFO_G_Get_Axis	24	static
LSM6DSL_ACC_GYRO_driver_HL.c:1199:25:LSM6DSL_G_Get_Axes	40	static
LSM6DSL_ACC_GYRO_driver_HL.c:4001:25:LSM6DSL_FIFO_X_Get_Axis	24	static
LSM6DSL_ACC_GYRO_driver_HL.c:606:25:LSM6DSL_X_Get_Axes	32	static
LSM6DSL_ACC_GYRO_driver_HL.c:544:25:LSM6DSL_X_Sensor_Disable	24	static
LSM6DSL_ACC_GYRO_driver_HL.c:1136:25:LSM6DSL_G_Sensor_Disable	24	static
LSM6DSL_ACC_GYRO_driver_HL.c:1071:25:LSM6DSL_G_DeInit	32	static
LSM6DSL_ACC_GYRO_driver_HL.c:436:25:LSM6DSL_X_DeInit	32	static
