main.c:8236:19:HAL_TIMEx_MasterConfigSynchronization.part.1	8	static
main.c:734:6:HAL_GPIO_EXTI_Callback	8	static
main.c:781:6:RTC_TimeRegulate	32	static
main.c:812:10:user_currentTimeGetTick	0	static
main.c:822:10:user_currentTimeGetElapsedMS	16	static
main.c:853:6:SystemClock_Config	104	static
main.c:996:6:user_pwm_ch4_setvalue	56	static
main.c:1009:6:user_pwm_ch2_setvalue	56	static
main.c:1028:6:_Error_Handler	0	static
main.c:1551:13:HAL_TIM_Base_MspInit	0	static
main.c:1484:19:HAL_TIM_Base_Init	24	static
main.c:1566:13:HAL_TIM_Base_MspDeInit	0	static
main.c:1523:19:HAL_TIM_Base_DeInit	8	static
main.c:1581:19:HAL_TIM_Base_Start	4	static
main.c:1605:19:HAL_TIM_Base_Stop	0	static
main.c:1629:19:HAL_TIM_Base_Start_IT	0	static
main.c:1650:19:HAL_TIM_Base_Stop_IT	0	static
main.c:1672:19:HAL_TIM_Base_Start_DMA	16	static
main.c:1717:19:HAL_TIM_Base_Stop_DMA	0	static
main.c:1833:13:HAL_TIM_OC_MspInit	0	static
main.c:1766:19:HAL_TIM_OC_Init	24	static
main.c:1848:13:HAL_TIM_OC_MspDeInit	0	static
main.c:1805:19:HAL_TIM_OC_DeInit	8	static
main.c:1869:19:HAL_TIM_OC_Start	4	static
main.c:1902:19:HAL_TIM_OC_Stop	4	static
main.c:1935:19:HAL_TIM_OC_Start_IT	4	static
main.c:2002:19:HAL_TIM_OC_Stop_IT	4	static
main.c:2071:19:HAL_TIM_OC_Start_DMA	24	static
main.c:2189:19:HAL_TIM_OC_Stop_DMA	8	static
main.c:2345:13:HAL_TIM_PWM_MspInit	0	static
main.c:2278:19:HAL_TIM_PWM_Init	24	static
main.c:133:5:main	368	static
main.c:2360:13:HAL_TIM_PWM_MspDeInit	0	static
main.c:2317:19:HAL_TIM_PWM_DeInit	8	static
main.c:2381:19:HAL_TIM_PWM_Start	4	static
main.c:2414:19:HAL_TIM_PWM_Stop	8	static
main.c:2450:19:HAL_TIM_PWM_Start_IT	4	static
main.c:2517:19:HAL_TIM_PWM_Stop_IT	4	static
main.c:2586:19:HAL_TIM_PWM_Start_DMA	24	static
main.c:2704:19:HAL_TIM_PWM_Stop_DMA	8	static
main.c:2860:13:HAL_TIM_IC_MspInit	0	static
main.c:2793:19:HAL_TIM_IC_Init	24	static
main.c:2875:13:HAL_TIM_IC_MspDeInit	0	static
main.c:2832:19:HAL_TIM_IC_DeInit	8	static
main.c:2896:19:HAL_TIM_IC_Start	0	static
main.c:2923:19:HAL_TIM_IC_Stop	0	static
main.c:2950:19:HAL_TIM_IC_Start_IT	0	static
main.c:3010:19:HAL_TIM_IC_Stop_IT	0	static
main.c:3073:19:HAL_TIM_IC_Start_DMA	24	static
main.c:3187:19:HAL_TIM_IC_Stop_DMA	4	static
main.c:3349:13:HAL_TIM_OnePulse_MspInit	0	static
main.c:3275:19:HAL_TIM_OnePulse_Init	24	static
main.c:3364:13:HAL_TIM_OnePulse_MspDeInit	0	static
main.c:3321:19:HAL_TIM_OnePulse_DeInit	8	static
main.c:3383:19:HAL_TIM_OnePulse_Start	0	static
main.c:3420:19:HAL_TIM_OnePulse_Stop	0	static
main.c:3457:19:HAL_TIM_OnePulse_Start_IT	0	static
main.c:3500:19:HAL_TIM_OnePulse_Stop_IT	0	static
main.c:3680:13:HAL_TIM_Encoder_MspInit	0	static
main.c:3563:19:HAL_TIM_Encoder_Init	24	static
main.c:3695:13:HAL_TIM_Encoder_MspDeInit	0	static
main.c:3652:19:HAL_TIM_Encoder_DeInit	8	static
main.c:3715:19:HAL_TIM_Encoder_Start	0	static
main.c:3758:19:HAL_TIM_Encoder_Stop	0	static
main.c:3802:19:HAL_TIM_Encoder_Start_IT	0	static
main.c:3851:19:HAL_TIM_Encoder_Stop_IT	0	static
main.c:3906:19:HAL_TIM_Encoder_Start_DMA	24	static
main.c:4024:19:HAL_TIM_Encoder_Stop_DMA	0	static
main.c:4250:19:HAL_TIM_OC_ConfigChannel	20	static
main.c:4320:19:HAL_TIM_IC_ConfigChannel	20	static
main.c:4417:19:HAL_TIM_PWM_ConfigChannel	20	static
main.c:4518:19:HAL_TIM_OnePulse_ConfigChannel	36	static
main.c:4655:19:HAL_TIM_DMABurst_WriteStart	24	static
main.c:4787:19:HAL_TIM_DMABurst_WriteStop	16	static
main.c:4880:19:HAL_TIM_DMABurst_ReadStart	24	static
main.c:5013:19:HAL_TIM_DMABurst_ReadStop	16	static
main.c:5086:19:HAL_TIM_GenerateEvent	8	static
main.c:5124:19:HAL_TIM_ConfigOCrefClear	16	static
main.c:5227:19:HAL_TIM_ConfigClockSource	16	static
main.c:5388:19:HAL_TIM_ConfigTI1Input	0	static
main.c:5421:19:HAL_TIM_SlaveConfigSynchronization	12	static
main.c:5456:19:HAL_TIM_SlaveConfigSynchronization_IT	12	static
main.c:5495:10:HAL_TIM_ReadCapturedValue	0	static
main.c:5582:13:HAL_TIM_PeriodElapsedCallback	0	static
main.c:6040:13:TIM_DMAPeriodElapsedCplt	8	static
main.c:5597:13:HAL_TIM_OC_DelayElapsedCallback	0	static
main.c:5612:13:HAL_TIM_IC_CaptureCallback	0	static
main.c:5976:6:TIM_DMACaptureCplt	8	static
main.c:5627:13:HAL_TIM_PWM_PulseFinishedCallback	0	static
main.c:5927:6:TIM_DMADelayPulseCplt	8	static
main.c:5642:13:HAL_TIM_TriggerCallback	0	static
main.c:6055:13:TIM_DMATriggerCplt	8	static
main.c:5657:13:HAL_TIM_ErrorCallback	0	static
main.c:5961:6:TIM_DMAError	8	static
main.c:5690:22:HAL_TIM_Base_GetState	0	static
main.c:5701:22:HAL_TIM_OC_GetState	0	static
main.c:5712:22:HAL_TIM_PWM_GetState	0	static
main.c:5723:22:HAL_TIM_IC_GetState	0	static
main.c:5734:22:HAL_TIM_OnePulse_GetState	0	static
main.c:5745:22:HAL_TIM_Encoder_GetState	0	static
main.c:5759:6:TIM_Base_SetConfig	16	static
main.c:5818:6:TIM_TI1_SetConfig	12	static
main.c:5860:6:TIM_OC2_SetConfig	20	static
main.c:6017:6:TIM_CCxChannelCmd	4	static
main.c:6887:13:HAL_TIMEx_HallSensor_MspInit	0	static
main.c:6786:19:HAL_TIMEx_HallSensor_Init	24	static
main.c:6902:13:HAL_TIMEx_HallSensor_MspDeInit	0	static
main.c:6859:19:HAL_TIMEx_HallSensor_DeInit	8	static
main.c:6917:19:HAL_TIMEx_HallSensor_Start	0	static
main.c:6939:19:HAL_TIMEx_HallSensor_Stop	0	static
main.c:6961:19:HAL_TIMEx_HallSensor_Start_IT	0	static
main.c:6986:19:HAL_TIMEx_HallSensor_Stop_IT	0	static
main.c:7013:19:HAL_TIMEx_HallSensor_Start_DMA	24	static
main.c:7061:19:HAL_TIMEx_HallSensor_Stop_DMA	0	static
main.c:7116:19:HAL_TIMEx_OCN_Start	0	static
main.c:7146:19:HAL_TIMEx_OCN_Stop	0	static
main.c:7176:19:HAL_TIMEx_OCN_Start_IT	0	static
main.c:7243:19:HAL_TIMEx_OCN_Stop_IT	0	static
main.c:7315:19:HAL_TIMEx_OCN_Start_DMA	24	static
main.c:7430:19:HAL_TIMEx_OCN_Stop_DMA	4	static
main.c:7529:19:HAL_TIMEx_PWMN_Start	0	static
main.c:7558:19:HAL_TIMEx_PWMN_Stop	0	static
main.c:7588:19:HAL_TIMEx_PWMN_Start_IT	0	static
main.c:7655:19:HAL_TIMEx_PWMN_Stop_IT	0	static
main.c:7727:19:HAL_TIMEx_PWMN_Start_DMA	24	static
main.c:7842:19:HAL_TIMEx_PWMN_Stop_DMA	4	static
main.c:7930:19:HAL_TIMEx_OnePulseN_Start	0	static
main.c:7956:19:HAL_TIMEx_OnePulseN_Stop	0	static
main.c:7986:19:HAL_TIMEx_OnePulseN_Start_IT	0	static
main.c:8018:19:HAL_TIMEx_OnePulseN_Stop_IT	0	static
main.c:8087:19:HAL_TIMEx_ConfigCommutationEvent	4	static
main.c:8137:19:HAL_TIMEx_ConfigCommutationEvent_IT	4	static
main.c:8191:19:HAL_TIMEx_ConfigCommutationEvent_DMA	12	static
main.c:8236:19:HAL_TIMEx_MasterConfigSynchronization	12	static
main.c:8273:19:HAL_TIMEx_ConfigBreakDeadTime	16	static
main.c:8337:19:HAL_TIMEx_RemapConfig	4	static
main.c:8395:13:HAL_TIMEx_CommutationCallback	0	static
main.c:8458:6:TIMEx_DMACommutationCplt	8	static
main.c:8410:13:HAL_TIMEx_BreakCallback	0	static
main.c:4087:6:HAL_TIM_IRQHandler	8	static
main.c:8443:22:HAL_TIMEx_HallSensor_GetState	0	static
