main.c:8231:19:HAL_TIMEx_MasterConfigSynchronization.part.1	8	static
main.c:4412:19:HAL_TIM_PWM_ConfigChannel.part.0.constprop	32	static
main.c:732:6:HAL_GPIO_EXTI_Callback	8	static
main.c:779:6:RTC_TimeRegulate	32	static
main.c:810:10:user_currentTimeGetTick	0	static
main.c:820:10:user_currentTimeGetElapsedMS	16	static
main.c:851:6:SystemClock_Config	104	static
main.c:991:6:user_pwm_tim4_setvalue	56	static
main.c:1004:6:user_pwm_tim3_setvalue	56	static
main.c:1023:6:_Error_Handler	0	static
main.c:1546:13:HAL_TIM_Base_MspInit	0	static
main.c:1479:19:HAL_TIM_Base_Init	24	static
main.c:1561:13:HAL_TIM_Base_MspDeInit	0	static
main.c:1518:19:HAL_TIM_Base_DeInit	8	static
main.c:1576:19:HAL_TIM_Base_Start	4	static
main.c:1600:19:HAL_TIM_Base_Stop	0	static
main.c:1624:19:HAL_TIM_Base_Start_IT	0	static
main.c:1645:19:HAL_TIM_Base_Stop_IT	0	static
main.c:1667:19:HAL_TIM_Base_Start_DMA	16	static
main.c:1712:19:HAL_TIM_Base_Stop_DMA	0	static
main.c:1828:13:HAL_TIM_OC_MspInit	0	static
main.c:1761:19:HAL_TIM_OC_Init	24	static
main.c:1843:13:HAL_TIM_OC_MspDeInit	0	static
main.c:1800:19:HAL_TIM_OC_DeInit	8	static
main.c:1864:19:HAL_TIM_OC_Start	4	static
main.c:1897:19:HAL_TIM_OC_Stop	4	static
main.c:1930:19:HAL_TIM_OC_Start_IT	4	static
main.c:1997:19:HAL_TIM_OC_Stop_IT	4	static
main.c:2066:19:HAL_TIM_OC_Start_DMA	24	static
main.c:2184:19:HAL_TIM_OC_Stop_DMA	8	static
main.c:2340:13:HAL_TIM_PWM_MspInit	0	static
main.c:2273:19:HAL_TIM_PWM_Init	24	static
main.c:133:5:main	368	static
main.c:2355:13:HAL_TIM_PWM_MspDeInit	0	static
main.c:2312:19:HAL_TIM_PWM_DeInit	8	static
main.c:2376:19:HAL_TIM_PWM_Start	4	static
main.c:2409:19:HAL_TIM_PWM_Stop	8	static
main.c:2445:19:HAL_TIM_PWM_Start_IT	4	static
main.c:2512:19:HAL_TIM_PWM_Stop_IT	4	static
main.c:2581:19:HAL_TIM_PWM_Start_DMA	24	static
main.c:2699:19:HAL_TIM_PWM_Stop_DMA	8	static
main.c:2855:13:HAL_TIM_IC_MspInit	0	static
main.c:2788:19:HAL_TIM_IC_Init	24	static
main.c:2870:13:HAL_TIM_IC_MspDeInit	0	static
main.c:2827:19:HAL_TIM_IC_DeInit	8	static
main.c:2891:19:HAL_TIM_IC_Start	0	static
main.c:2918:19:HAL_TIM_IC_Stop	0	static
main.c:2945:19:HAL_TIM_IC_Start_IT	0	static
main.c:3005:19:HAL_TIM_IC_Stop_IT	0	static
main.c:3068:19:HAL_TIM_IC_Start_DMA	24	static
main.c:3182:19:HAL_TIM_IC_Stop_DMA	4	static
main.c:3344:13:HAL_TIM_OnePulse_MspInit	0	static
main.c:3270:19:HAL_TIM_OnePulse_Init	24	static
main.c:3359:13:HAL_TIM_OnePulse_MspDeInit	0	static
main.c:3316:19:HAL_TIM_OnePulse_DeInit	8	static
main.c:3378:19:HAL_TIM_OnePulse_Start	0	static
main.c:3415:19:HAL_TIM_OnePulse_Stop	0	static
main.c:3452:19:HAL_TIM_OnePulse_Start_IT	0	static
main.c:3495:19:HAL_TIM_OnePulse_Stop_IT	0	static
main.c:3675:13:HAL_TIM_Encoder_MspInit	0	static
main.c:3558:19:HAL_TIM_Encoder_Init	24	static
main.c:3690:13:HAL_TIM_Encoder_MspDeInit	0	static
main.c:3647:19:HAL_TIM_Encoder_DeInit	8	static
main.c:3710:19:HAL_TIM_Encoder_Start	0	static
main.c:3753:19:HAL_TIM_Encoder_Stop	0	static
main.c:3797:19:HAL_TIM_Encoder_Start_IT	0	static
main.c:3846:19:HAL_TIM_Encoder_Stop_IT	0	static
main.c:3901:19:HAL_TIM_Encoder_Start_DMA	24	static
main.c:4019:19:HAL_TIM_Encoder_Stop_DMA	0	static
main.c:4245:19:HAL_TIM_OC_ConfigChannel	20	static
main.c:4315:19:HAL_TIM_IC_ConfigChannel	20	static
main.c:4412:19:HAL_TIM_PWM_ConfigChannel	20	static
main.c:4513:19:HAL_TIM_OnePulse_ConfigChannel	36	static
main.c:4650:19:HAL_TIM_DMABurst_WriteStart	24	static
main.c:4782:19:HAL_TIM_DMABurst_WriteStop	16	static
main.c:4875:19:HAL_TIM_DMABurst_ReadStart	24	static
main.c:5008:19:HAL_TIM_DMABurst_ReadStop	16	static
main.c:5081:19:HAL_TIM_GenerateEvent	8	static
main.c:5119:19:HAL_TIM_ConfigOCrefClear	16	static
main.c:5222:19:HAL_TIM_ConfigClockSource	16	static
main.c:5383:19:HAL_TIM_ConfigTI1Input	0	static
main.c:5416:19:HAL_TIM_SlaveConfigSynchronization	12	static
main.c:5451:19:HAL_TIM_SlaveConfigSynchronization_IT	12	static
main.c:5490:10:HAL_TIM_ReadCapturedValue	0	static
main.c:5577:13:HAL_TIM_PeriodElapsedCallback	0	static
main.c:6035:13:TIM_DMAPeriodElapsedCplt	8	static
main.c:5592:13:HAL_TIM_OC_DelayElapsedCallback	0	static
main.c:5607:13:HAL_TIM_IC_CaptureCallback	0	static
main.c:5971:6:TIM_DMACaptureCplt	8	static
main.c:5622:13:HAL_TIM_PWM_PulseFinishedCallback	0	static
main.c:5922:6:TIM_DMADelayPulseCplt	8	static
main.c:5637:13:HAL_TIM_TriggerCallback	0	static
main.c:6050:13:TIM_DMATriggerCplt	8	static
main.c:5652:13:HAL_TIM_ErrorCallback	0	static
main.c:5956:6:TIM_DMAError	8	static
main.c:5685:22:HAL_TIM_Base_GetState	0	static
main.c:5696:22:HAL_TIM_OC_GetState	0	static
main.c:5707:22:HAL_TIM_PWM_GetState	0	static
main.c:5718:22:HAL_TIM_IC_GetState	0	static
main.c:5729:22:HAL_TIM_OnePulse_GetState	0	static
main.c:5740:22:HAL_TIM_Encoder_GetState	0	static
main.c:5754:6:TIM_Base_SetConfig	16	static
main.c:5813:6:TIM_TI1_SetConfig	12	static
main.c:5855:6:TIM_OC2_SetConfig	20	static
main.c:6012:6:TIM_CCxChannelCmd	4	static
main.c:6882:13:HAL_TIMEx_HallSensor_MspInit	0	static
main.c:6781:19:HAL_TIMEx_HallSensor_Init	24	static
main.c:6897:13:HAL_TIMEx_HallSensor_MspDeInit	0	static
main.c:6854:19:HAL_TIMEx_HallSensor_DeInit	8	static
main.c:6912:19:HAL_TIMEx_HallSensor_Start	0	static
main.c:6934:19:HAL_TIMEx_HallSensor_Stop	0	static
main.c:6956:19:HAL_TIMEx_HallSensor_Start_IT	0	static
main.c:6981:19:HAL_TIMEx_HallSensor_Stop_IT	0	static
main.c:7008:19:HAL_TIMEx_HallSensor_Start_DMA	24	static
main.c:7056:19:HAL_TIMEx_HallSensor_Stop_DMA	0	static
main.c:7111:19:HAL_TIMEx_OCN_Start	0	static
main.c:7141:19:HAL_TIMEx_OCN_Stop	0	static
main.c:7171:19:HAL_TIMEx_OCN_Start_IT	0	static
main.c:7238:19:HAL_TIMEx_OCN_Stop_IT	0	static
main.c:7310:19:HAL_TIMEx_OCN_Start_DMA	24	static
main.c:7425:19:HAL_TIMEx_OCN_Stop_DMA	4	static
main.c:7524:19:HAL_TIMEx_PWMN_Start	0	static
main.c:7553:19:HAL_TIMEx_PWMN_Stop	0	static
main.c:7583:19:HAL_TIMEx_PWMN_Start_IT	0	static
main.c:7650:19:HAL_TIMEx_PWMN_Stop_IT	0	static
main.c:7722:19:HAL_TIMEx_PWMN_Start_DMA	24	static
main.c:7837:19:HAL_TIMEx_PWMN_Stop_DMA	4	static
main.c:7925:19:HAL_TIMEx_OnePulseN_Start	0	static
main.c:7951:19:HAL_TIMEx_OnePulseN_Stop	0	static
main.c:7981:19:HAL_TIMEx_OnePulseN_Start_IT	0	static
main.c:8013:19:HAL_TIMEx_OnePulseN_Stop_IT	0	static
main.c:8082:19:HAL_TIMEx_ConfigCommutationEvent	4	static
main.c:8132:19:HAL_TIMEx_ConfigCommutationEvent_IT	4	static
main.c:8186:19:HAL_TIMEx_ConfigCommutationEvent_DMA	12	static
main.c:8231:19:HAL_TIMEx_MasterConfigSynchronization	12	static
main.c:8268:19:HAL_TIMEx_ConfigBreakDeadTime	16	static
main.c:8332:19:HAL_TIMEx_RemapConfig	4	static
main.c:8390:13:HAL_TIMEx_CommutationCallback	0	static
main.c:8453:6:TIMEx_DMACommutationCplt	8	static
main.c:8405:13:HAL_TIMEx_BreakCallback	0	static
main.c:4082:6:HAL_TIM_IRQHandler	8	static
main.c:8438:22:HAL_TIMEx_HallSensor_GetState	0	static
