main.c:724:6:HAL_GPIO_EXTI_Callback	8	static
main.c:771:6:RTC_TimeRegulate	32	static
main.c:802:10:user_currentTimeGetTick	0	static
main.c:812:10:user_currentTimeGetElapsedMS	16	static
main.c:843:6:SystemClock_Config	104	static
main.c:945:6:user_pwm_setvalue	56	static
main.c:964:6:_Error_Handler	0	static
main.c:1487:13:HAL_TIM_Base_MspInit	0	static
main.c:1420:19:HAL_TIM_Base_Init	24	static
main.c:1502:13:HAL_TIM_Base_MspDeInit	0	static
main.c:1459:19:HAL_TIM_Base_DeInit	8	static
main.c:1517:19:HAL_TIM_Base_Start	4	static
main.c:1541:19:HAL_TIM_Base_Stop	0	static
main.c:1565:19:HAL_TIM_Base_Start_IT	0	static
main.c:1586:19:HAL_TIM_Base_Stop_IT	0	static
main.c:1608:19:HAL_TIM_Base_Start_DMA	16	static
main.c:1653:19:HAL_TIM_Base_Stop_DMA	0	static
main.c:1769:13:HAL_TIM_OC_MspInit	0	static
main.c:1702:19:HAL_TIM_OC_Init	24	static
main.c:1784:13:HAL_TIM_OC_MspDeInit	0	static
main.c:1741:19:HAL_TIM_OC_DeInit	8	static
main.c:1805:19:HAL_TIM_OC_Start	4	static
main.c:1838:19:HAL_TIM_OC_Stop	4	static
main.c:1871:19:HAL_TIM_OC_Start_IT	4	static
main.c:1938:19:HAL_TIM_OC_Stop_IT	4	static
main.c:2007:19:HAL_TIM_OC_Start_DMA	24	static
main.c:2125:19:HAL_TIM_OC_Stop_DMA	8	static
main.c:2281:13:HAL_TIM_PWM_MspInit	0	static
main.c:2214:19:HAL_TIM_PWM_Init	24	static
main.c:130:5:main	368	static
main.c:2296:13:HAL_TIM_PWM_MspDeInit	0	static
main.c:2253:19:HAL_TIM_PWM_DeInit	8	static
main.c:2317:19:HAL_TIM_PWM_Start	4	static
main.c:2350:19:HAL_TIM_PWM_Stop	8	static
main.c:2386:19:HAL_TIM_PWM_Start_IT	4	static
main.c:2453:19:HAL_TIM_PWM_Stop_IT	4	static
main.c:2522:19:HAL_TIM_PWM_Start_DMA	24	static
main.c:2640:19:HAL_TIM_PWM_Stop_DMA	8	static
main.c:2796:13:HAL_TIM_IC_MspInit	0	static
main.c:2729:19:HAL_TIM_IC_Init	24	static
main.c:2811:13:HAL_TIM_IC_MspDeInit	0	static
main.c:2768:19:HAL_TIM_IC_DeInit	8	static
main.c:2832:19:HAL_TIM_IC_Start	0	static
main.c:2859:19:HAL_TIM_IC_Stop	0	static
main.c:2886:19:HAL_TIM_IC_Start_IT	0	static
main.c:2946:19:HAL_TIM_IC_Stop_IT	0	static
main.c:3009:19:HAL_TIM_IC_Start_DMA	24	static
main.c:3123:19:HAL_TIM_IC_Stop_DMA	4	static
main.c:3285:13:HAL_TIM_OnePulse_MspInit	0	static
main.c:3211:19:HAL_TIM_OnePulse_Init	24	static
main.c:3300:13:HAL_TIM_OnePulse_MspDeInit	0	static
main.c:3257:19:HAL_TIM_OnePulse_DeInit	8	static
main.c:3319:19:HAL_TIM_OnePulse_Start	0	static
main.c:3356:19:HAL_TIM_OnePulse_Stop	0	static
main.c:3393:19:HAL_TIM_OnePulse_Start_IT	0	static
main.c:3436:19:HAL_TIM_OnePulse_Stop_IT	0	static
main.c:3616:13:HAL_TIM_Encoder_MspInit	0	static
main.c:3499:19:HAL_TIM_Encoder_Init	24	static
main.c:3631:13:HAL_TIM_Encoder_MspDeInit	0	static
main.c:3588:19:HAL_TIM_Encoder_DeInit	8	static
main.c:3651:19:HAL_TIM_Encoder_Start	0	static
main.c:3694:19:HAL_TIM_Encoder_Stop	0	static
main.c:3738:19:HAL_TIM_Encoder_Start_IT	0	static
main.c:3787:19:HAL_TIM_Encoder_Stop_IT	0	static
main.c:3842:19:HAL_TIM_Encoder_Start_DMA	24	static
main.c:3960:19:HAL_TIM_Encoder_Stop_DMA	0	static
main.c:4186:19:HAL_TIM_OC_ConfigChannel	20	static
main.c:4256:19:HAL_TIM_IC_ConfigChannel	20	static
main.c:4353:19:HAL_TIM_PWM_ConfigChannel	20	static
main.c:4454:19:HAL_TIM_OnePulse_ConfigChannel	36	static
main.c:4591:19:HAL_TIM_DMABurst_WriteStart	24	static
main.c:4723:19:HAL_TIM_DMABurst_WriteStop	16	static
main.c:4816:19:HAL_TIM_DMABurst_ReadStart	24	static
main.c:4949:19:HAL_TIM_DMABurst_ReadStop	16	static
main.c:5022:19:HAL_TIM_GenerateEvent	8	static
main.c:5060:19:HAL_TIM_ConfigOCrefClear	16	static
main.c:5163:19:HAL_TIM_ConfigClockSource	16	static
main.c:5324:19:HAL_TIM_ConfigTI1Input	0	static
main.c:5357:19:HAL_TIM_SlaveConfigSynchronization	12	static
main.c:5392:19:HAL_TIM_SlaveConfigSynchronization_IT	12	static
main.c:5431:10:HAL_TIM_ReadCapturedValue	0	static
main.c:5518:13:HAL_TIM_PeriodElapsedCallback	0	static
main.c:5976:13:TIM_DMAPeriodElapsedCplt	8	static
main.c:5533:13:HAL_TIM_OC_DelayElapsedCallback	0	static
main.c:5548:13:HAL_TIM_IC_CaptureCallback	0	static
main.c:5912:6:TIM_DMACaptureCplt	8	static
main.c:5563:13:HAL_TIM_PWM_PulseFinishedCallback	0	static
main.c:5863:6:TIM_DMADelayPulseCplt	8	static
main.c:5578:13:HAL_TIM_TriggerCallback	0	static
main.c:5991:13:TIM_DMATriggerCplt	8	static
main.c:5593:13:HAL_TIM_ErrorCallback	0	static
main.c:5897:6:TIM_DMAError	8	static
main.c:5626:22:HAL_TIM_Base_GetState	0	static
main.c:5637:22:HAL_TIM_OC_GetState	0	static
main.c:5648:22:HAL_TIM_PWM_GetState	0	static
main.c:5659:22:HAL_TIM_IC_GetState	0	static
main.c:5670:22:HAL_TIM_OnePulse_GetState	0	static
main.c:5681:22:HAL_TIM_Encoder_GetState	0	static
main.c:5695:6:TIM_Base_SetConfig	16	static
main.c:5754:6:TIM_TI1_SetConfig	12	static
main.c:5796:6:TIM_OC2_SetConfig	20	static
main.c:5953:6:TIM_CCxChannelCmd	4	static
main.c:6823:13:HAL_TIMEx_HallSensor_MspInit	0	static
main.c:6722:19:HAL_TIMEx_HallSensor_Init	24	static
main.c:6838:13:HAL_TIMEx_HallSensor_MspDeInit	0	static
main.c:6795:19:HAL_TIMEx_HallSensor_DeInit	8	static
main.c:6853:19:HAL_TIMEx_HallSensor_Start	0	static
main.c:6875:19:HAL_TIMEx_HallSensor_Stop	0	static
main.c:6897:19:HAL_TIMEx_HallSensor_Start_IT	0	static
main.c:6922:19:HAL_TIMEx_HallSensor_Stop_IT	0	static
main.c:6949:19:HAL_TIMEx_HallSensor_Start_DMA	24	static
main.c:6997:19:HAL_TIMEx_HallSensor_Stop_DMA	0	static
main.c:7052:19:HAL_TIMEx_OCN_Start	0	static
main.c:7082:19:HAL_TIMEx_OCN_Stop	0	static
main.c:7112:19:HAL_TIMEx_OCN_Start_IT	0	static
main.c:7179:19:HAL_TIMEx_OCN_Stop_IT	0	static
main.c:7251:19:HAL_TIMEx_OCN_Start_DMA	24	static
main.c:7366:19:HAL_TIMEx_OCN_Stop_DMA	4	static
main.c:7465:19:HAL_TIMEx_PWMN_Start	0	static
main.c:7494:19:HAL_TIMEx_PWMN_Stop	0	static
main.c:7524:19:HAL_TIMEx_PWMN_Start_IT	0	static
main.c:7591:19:HAL_TIMEx_PWMN_Stop_IT	0	static
main.c:7663:19:HAL_TIMEx_PWMN_Start_DMA	24	static
main.c:7778:19:HAL_TIMEx_PWMN_Stop_DMA	4	static
main.c:7866:19:HAL_TIMEx_OnePulseN_Start	0	static
main.c:7892:19:HAL_TIMEx_OnePulseN_Stop	0	static
main.c:7922:19:HAL_TIMEx_OnePulseN_Start_IT	0	static
main.c:7954:19:HAL_TIMEx_OnePulseN_Stop_IT	0	static
main.c:8023:19:HAL_TIMEx_ConfigCommutationEvent	4	static
main.c:8073:19:HAL_TIMEx_ConfigCommutationEvent_IT	4	static
main.c:8127:19:HAL_TIMEx_ConfigCommutationEvent_DMA	12	static
main.c:8172:19:HAL_TIMEx_MasterConfigSynchronization	12	static
main.c:8209:19:HAL_TIMEx_ConfigBreakDeadTime	16	static
main.c:8273:19:HAL_TIMEx_RemapConfig	4	static
main.c:8331:13:HAL_TIMEx_CommutationCallback	0	static
main.c:8394:6:TIMEx_DMACommutationCplt	8	static
main.c:8346:13:HAL_TIMEx_BreakCallback	0	static
main.c:4023:6:HAL_TIM_IRQHandler	8	static
main.c:8379:22:HAL_TIMEx_HallSensor_GetState	0	static
