main.c:8235:19:HAL_TIMEx_MasterConfigSynchronization.part.1	8	static
main.c:733:6:HAL_GPIO_EXTI_Callback	8	static
main.c:780:6:RTC_TimeRegulate	32	static
main.c:811:10:user_currentTimeGetTick	0	static
main.c:821:10:user_currentTimeGetElapsedMS	16	static
main.c:852:6:SystemClock_Config	104	static
main.c:995:6:user_pwm_ch4_setvalue	56	static
main.c:1008:6:user_pwm_ch2_setvalue	56	static
main.c:1027:6:_Error_Handler	0	static
main.c:1550:13:HAL_TIM_Base_MspInit	0	static
main.c:1483:19:HAL_TIM_Base_Init	24	static
main.c:1565:13:HAL_TIM_Base_MspDeInit	0	static
main.c:1522:19:HAL_TIM_Base_DeInit	8	static
main.c:1580:19:HAL_TIM_Base_Start	4	static
main.c:1604:19:HAL_TIM_Base_Stop	0	static
main.c:1628:19:HAL_TIM_Base_Start_IT	0	static
main.c:1649:19:HAL_TIM_Base_Stop_IT	0	static
main.c:1671:19:HAL_TIM_Base_Start_DMA	16	static
main.c:1716:19:HAL_TIM_Base_Stop_DMA	0	static
main.c:1832:13:HAL_TIM_OC_MspInit	0	static
main.c:1765:19:HAL_TIM_OC_Init	24	static
main.c:1847:13:HAL_TIM_OC_MspDeInit	0	static
main.c:1804:19:HAL_TIM_OC_DeInit	8	static
main.c:1868:19:HAL_TIM_OC_Start	4	static
main.c:1901:19:HAL_TIM_OC_Stop	4	static
main.c:1934:19:HAL_TIM_OC_Start_IT	4	static
main.c:2001:19:HAL_TIM_OC_Stop_IT	4	static
main.c:2070:19:HAL_TIM_OC_Start_DMA	24	static
main.c:2188:19:HAL_TIM_OC_Stop_DMA	8	static
main.c:2344:13:HAL_TIM_PWM_MspInit	0	static
main.c:2277:19:HAL_TIM_PWM_Init	24	static
main.c:133:5:main	368	static
main.c:2359:13:HAL_TIM_PWM_MspDeInit	0	static
main.c:2316:19:HAL_TIM_PWM_DeInit	8	static
main.c:2380:19:HAL_TIM_PWM_Start	4	static
main.c:2413:19:HAL_TIM_PWM_Stop	8	static
main.c:2449:19:HAL_TIM_PWM_Start_IT	4	static
main.c:2516:19:HAL_TIM_PWM_Stop_IT	4	static
main.c:2585:19:HAL_TIM_PWM_Start_DMA	24	static
main.c:2703:19:HAL_TIM_PWM_Stop_DMA	8	static
main.c:2859:13:HAL_TIM_IC_MspInit	0	static
main.c:2792:19:HAL_TIM_IC_Init	24	static
main.c:2874:13:HAL_TIM_IC_MspDeInit	0	static
main.c:2831:19:HAL_TIM_IC_DeInit	8	static
main.c:2895:19:HAL_TIM_IC_Start	0	static
main.c:2922:19:HAL_TIM_IC_Stop	0	static
main.c:2949:19:HAL_TIM_IC_Start_IT	0	static
main.c:3009:19:HAL_TIM_IC_Stop_IT	0	static
main.c:3072:19:HAL_TIM_IC_Start_DMA	24	static
main.c:3186:19:HAL_TIM_IC_Stop_DMA	4	static
main.c:3348:13:HAL_TIM_OnePulse_MspInit	0	static
main.c:3274:19:HAL_TIM_OnePulse_Init	24	static
main.c:3363:13:HAL_TIM_OnePulse_MspDeInit	0	static
main.c:3320:19:HAL_TIM_OnePulse_DeInit	8	static
main.c:3382:19:HAL_TIM_OnePulse_Start	0	static
main.c:3419:19:HAL_TIM_OnePulse_Stop	0	static
main.c:3456:19:HAL_TIM_OnePulse_Start_IT	0	static
main.c:3499:19:HAL_TIM_OnePulse_Stop_IT	0	static
main.c:3679:13:HAL_TIM_Encoder_MspInit	0	static
main.c:3562:19:HAL_TIM_Encoder_Init	24	static
main.c:3694:13:HAL_TIM_Encoder_MspDeInit	0	static
main.c:3651:19:HAL_TIM_Encoder_DeInit	8	static
main.c:3714:19:HAL_TIM_Encoder_Start	0	static
main.c:3757:19:HAL_TIM_Encoder_Stop	0	static
main.c:3801:19:HAL_TIM_Encoder_Start_IT	0	static
main.c:3850:19:HAL_TIM_Encoder_Stop_IT	0	static
main.c:3905:19:HAL_TIM_Encoder_Start_DMA	24	static
main.c:4023:19:HAL_TIM_Encoder_Stop_DMA	0	static
main.c:4249:19:HAL_TIM_OC_ConfigChannel	20	static
main.c:4319:19:HAL_TIM_IC_ConfigChannel	20	static
main.c:4416:19:HAL_TIM_PWM_ConfigChannel	20	static
main.c:4517:19:HAL_TIM_OnePulse_ConfigChannel	36	static
main.c:4654:19:HAL_TIM_DMABurst_WriteStart	24	static
main.c:4786:19:HAL_TIM_DMABurst_WriteStop	16	static
main.c:4879:19:HAL_TIM_DMABurst_ReadStart	24	static
main.c:5012:19:HAL_TIM_DMABurst_ReadStop	16	static
main.c:5085:19:HAL_TIM_GenerateEvent	8	static
main.c:5123:19:HAL_TIM_ConfigOCrefClear	16	static
main.c:5226:19:HAL_TIM_ConfigClockSource	16	static
main.c:5387:19:HAL_TIM_ConfigTI1Input	0	static
main.c:5420:19:HAL_TIM_SlaveConfigSynchronization	12	static
main.c:5455:19:HAL_TIM_SlaveConfigSynchronization_IT	12	static
main.c:5494:10:HAL_TIM_ReadCapturedValue	0	static
main.c:5581:13:HAL_TIM_PeriodElapsedCallback	0	static
main.c:6039:13:TIM_DMAPeriodElapsedCplt	8	static
main.c:5596:13:HAL_TIM_OC_DelayElapsedCallback	0	static
main.c:5611:13:HAL_TIM_IC_CaptureCallback	0	static
main.c:5975:6:TIM_DMACaptureCplt	8	static
main.c:5626:13:HAL_TIM_PWM_PulseFinishedCallback	0	static
main.c:5926:6:TIM_DMADelayPulseCplt	8	static
main.c:5641:13:HAL_TIM_TriggerCallback	0	static
main.c:6054:13:TIM_DMATriggerCplt	8	static
main.c:5656:13:HAL_TIM_ErrorCallback	0	static
main.c:5960:6:TIM_DMAError	8	static
main.c:5689:22:HAL_TIM_Base_GetState	0	static
main.c:5700:22:HAL_TIM_OC_GetState	0	static
main.c:5711:22:HAL_TIM_PWM_GetState	0	static
main.c:5722:22:HAL_TIM_IC_GetState	0	static
main.c:5733:22:HAL_TIM_OnePulse_GetState	0	static
main.c:5744:22:HAL_TIM_Encoder_GetState	0	static
main.c:5758:6:TIM_Base_SetConfig	16	static
main.c:5817:6:TIM_TI1_SetConfig	12	static
main.c:5859:6:TIM_OC2_SetConfig	20	static
main.c:6016:6:TIM_CCxChannelCmd	4	static
main.c:6886:13:HAL_TIMEx_HallSensor_MspInit	0	static
main.c:6785:19:HAL_TIMEx_HallSensor_Init	24	static
main.c:6901:13:HAL_TIMEx_HallSensor_MspDeInit	0	static
main.c:6858:19:HAL_TIMEx_HallSensor_DeInit	8	static
main.c:6916:19:HAL_TIMEx_HallSensor_Start	0	static
main.c:6938:19:HAL_TIMEx_HallSensor_Stop	0	static
main.c:6960:19:HAL_TIMEx_HallSensor_Start_IT	0	static
main.c:6985:19:HAL_TIMEx_HallSensor_Stop_IT	0	static
main.c:7012:19:HAL_TIMEx_HallSensor_Start_DMA	24	static
main.c:7060:19:HAL_TIMEx_HallSensor_Stop_DMA	0	static
main.c:7115:19:HAL_TIMEx_OCN_Start	0	static
main.c:7145:19:HAL_TIMEx_OCN_Stop	0	static
main.c:7175:19:HAL_TIMEx_OCN_Start_IT	0	static
main.c:7242:19:HAL_TIMEx_OCN_Stop_IT	0	static
main.c:7314:19:HAL_TIMEx_OCN_Start_DMA	24	static
main.c:7429:19:HAL_TIMEx_OCN_Stop_DMA	4	static
main.c:7528:19:HAL_TIMEx_PWMN_Start	0	static
main.c:7557:19:HAL_TIMEx_PWMN_Stop	0	static
main.c:7587:19:HAL_TIMEx_PWMN_Start_IT	0	static
main.c:7654:19:HAL_TIMEx_PWMN_Stop_IT	0	static
main.c:7726:19:HAL_TIMEx_PWMN_Start_DMA	24	static
main.c:7841:19:HAL_TIMEx_PWMN_Stop_DMA	4	static
main.c:7929:19:HAL_TIMEx_OnePulseN_Start	0	static
main.c:7955:19:HAL_TIMEx_OnePulseN_Stop	0	static
main.c:7985:19:HAL_TIMEx_OnePulseN_Start_IT	0	static
main.c:8017:19:HAL_TIMEx_OnePulseN_Stop_IT	0	static
main.c:8086:19:HAL_TIMEx_ConfigCommutationEvent	4	static
main.c:8136:19:HAL_TIMEx_ConfigCommutationEvent_IT	4	static
main.c:8190:19:HAL_TIMEx_ConfigCommutationEvent_DMA	12	static
main.c:8235:19:HAL_TIMEx_MasterConfigSynchronization	12	static
main.c:8272:19:HAL_TIMEx_ConfigBreakDeadTime	16	static
main.c:8336:19:HAL_TIMEx_RemapConfig	4	static
main.c:8394:13:HAL_TIMEx_CommutationCallback	0	static
main.c:8457:6:TIMEx_DMACommutationCplt	8	static
main.c:8409:13:HAL_TIMEx_BreakCallback	0	static
main.c:4086:6:HAL_TIM_IRQHandler	8	static
main.c:8442:22:HAL_TIMEx_HallSensor_GetState	0	static
