main.c:520:13:Accelero_Sensor_Handler.part.0	24	static
main.c:8350:19:HAL_TIMEx_MasterConfigSynchronization.part.2	8	static
main.c:4531:19:HAL_TIM_PWM_ConfigChannel.part.1.constprop	32	static
main.c:280:5:PIDcontrol_X	32	static
main.c:303:5:PIDcontrol_Y	32	static
main.c:851:6:HAL_GPIO_EXTI_Callback	8	static
main.c:898:6:RTC_TimeRegulate	32	static
main.c:929:10:user_currentTimeGetTick	0	static
main.c:939:10:user_currentTimeGetElapsedMS	16	static
main.c:970:6:SystemClock_Config	104	static
main.c:1110:6:user_pwm_tim4_setvalue	56	static
main.c:1123:6:user_pwm_tim3_setvalue	56	static
main.c:1142:6:_Error_Handler	0	static
main.c:1665:13:HAL_TIM_Base_MspInit	0	static
main.c:1598:19:HAL_TIM_Base_Init	24	static
main.c:1680:13:HAL_TIM_Base_MspDeInit	0	static
main.c:1637:19:HAL_TIM_Base_DeInit	8	static
main.c:1695:19:HAL_TIM_Base_Start	4	static
main.c:1719:19:HAL_TIM_Base_Stop	0	static
main.c:1743:19:HAL_TIM_Base_Start_IT	0	static
main.c:1764:19:HAL_TIM_Base_Stop_IT	0	static
main.c:1786:19:HAL_TIM_Base_Start_DMA	16	static
main.c:1831:19:HAL_TIM_Base_Stop_DMA	0	static
main.c:1947:13:HAL_TIM_OC_MspInit	0	static
main.c:1880:19:HAL_TIM_OC_Init	24	static
main.c:1962:13:HAL_TIM_OC_MspDeInit	0	static
main.c:1919:19:HAL_TIM_OC_DeInit	8	static
main.c:1983:19:HAL_TIM_OC_Start	4	static
main.c:2016:19:HAL_TIM_OC_Stop	4	static
main.c:2049:19:HAL_TIM_OC_Start_IT	4	static
main.c:2116:19:HAL_TIM_OC_Stop_IT	4	static
main.c:2185:19:HAL_TIM_OC_Start_DMA	24	static
main.c:2303:19:HAL_TIM_OC_Stop_DMA	8	static
main.c:2459:13:HAL_TIM_PWM_MspInit	0	static
main.c:2392:19:HAL_TIM_PWM_Init	24	static
main.c:150:5:main	336	static
main.c:2474:13:HAL_TIM_PWM_MspDeInit	0	static
main.c:2431:19:HAL_TIM_PWM_DeInit	8	static
main.c:2495:19:HAL_TIM_PWM_Start	4	static
main.c:2528:19:HAL_TIM_PWM_Stop	8	static
main.c:2564:19:HAL_TIM_PWM_Start_IT	4	static
main.c:2631:19:HAL_TIM_PWM_Stop_IT	4	static
main.c:2700:19:HAL_TIM_PWM_Start_DMA	24	static
main.c:2818:19:HAL_TIM_PWM_Stop_DMA	8	static
main.c:2974:13:HAL_TIM_IC_MspInit	0	static
main.c:2907:19:HAL_TIM_IC_Init	24	static
main.c:2989:13:HAL_TIM_IC_MspDeInit	0	static
main.c:2946:19:HAL_TIM_IC_DeInit	8	static
main.c:3010:19:HAL_TIM_IC_Start	0	static
main.c:3037:19:HAL_TIM_IC_Stop	0	static
main.c:3064:19:HAL_TIM_IC_Start_IT	0	static
main.c:3124:19:HAL_TIM_IC_Stop_IT	0	static
main.c:3187:19:HAL_TIM_IC_Start_DMA	24	static
main.c:3301:19:HAL_TIM_IC_Stop_DMA	4	static
main.c:3463:13:HAL_TIM_OnePulse_MspInit	0	static
main.c:3389:19:HAL_TIM_OnePulse_Init	24	static
main.c:3478:13:HAL_TIM_OnePulse_MspDeInit	0	static
main.c:3435:19:HAL_TIM_OnePulse_DeInit	8	static
main.c:3497:19:HAL_TIM_OnePulse_Start	0	static
main.c:3534:19:HAL_TIM_OnePulse_Stop	0	static
main.c:3571:19:HAL_TIM_OnePulse_Start_IT	0	static
main.c:3614:19:HAL_TIM_OnePulse_Stop_IT	0	static
main.c:3794:13:HAL_TIM_Encoder_MspInit	0	static
main.c:3677:19:HAL_TIM_Encoder_Init	24	static
main.c:3809:13:HAL_TIM_Encoder_MspDeInit	0	static
main.c:3766:19:HAL_TIM_Encoder_DeInit	8	static
main.c:3829:19:HAL_TIM_Encoder_Start	0	static
main.c:3872:19:HAL_TIM_Encoder_Stop	0	static
main.c:3916:19:HAL_TIM_Encoder_Start_IT	0	static
main.c:3965:19:HAL_TIM_Encoder_Stop_IT	0	static
main.c:4020:19:HAL_TIM_Encoder_Start_DMA	24	static
main.c:4138:19:HAL_TIM_Encoder_Stop_DMA	0	static
main.c:4364:19:HAL_TIM_OC_ConfigChannel	20	static
main.c:4434:19:HAL_TIM_IC_ConfigChannel	20	static
main.c:4531:19:HAL_TIM_PWM_ConfigChannel	20	static
main.c:4632:19:HAL_TIM_OnePulse_ConfigChannel	36	static
main.c:4769:19:HAL_TIM_DMABurst_WriteStart	24	static
main.c:4901:19:HAL_TIM_DMABurst_WriteStop	16	static
main.c:4994:19:HAL_TIM_DMABurst_ReadStart	24	static
main.c:5127:19:HAL_TIM_DMABurst_ReadStop	16	static
main.c:5200:19:HAL_TIM_GenerateEvent	8	static
main.c:5238:19:HAL_TIM_ConfigOCrefClear	16	static
main.c:5341:19:HAL_TIM_ConfigClockSource	16	static
main.c:5502:19:HAL_TIM_ConfigTI1Input	0	static
main.c:5535:19:HAL_TIM_SlaveConfigSynchronization	12	static
main.c:5570:19:HAL_TIM_SlaveConfigSynchronization_IT	12	static
main.c:5609:10:HAL_TIM_ReadCapturedValue	0	static
main.c:5696:13:HAL_TIM_PeriodElapsedCallback	0	static
main.c:6154:13:TIM_DMAPeriodElapsedCplt	8	static
main.c:5711:13:HAL_TIM_OC_DelayElapsedCallback	0	static
main.c:5726:13:HAL_TIM_IC_CaptureCallback	0	static
main.c:6090:6:TIM_DMACaptureCplt	8	static
main.c:5741:13:HAL_TIM_PWM_PulseFinishedCallback	0	static
main.c:6041:6:TIM_DMADelayPulseCplt	8	static
main.c:5756:13:HAL_TIM_TriggerCallback	0	static
main.c:6169:13:TIM_DMATriggerCplt	8	static
main.c:5771:13:HAL_TIM_ErrorCallback	0	static
main.c:6075:6:TIM_DMAError	8	static
main.c:5804:22:HAL_TIM_Base_GetState	0	static
main.c:5815:22:HAL_TIM_OC_GetState	0	static
main.c:5826:22:HAL_TIM_PWM_GetState	0	static
main.c:5837:22:HAL_TIM_IC_GetState	0	static
main.c:5848:22:HAL_TIM_OnePulse_GetState	0	static
main.c:5859:22:HAL_TIM_Encoder_GetState	0	static
main.c:5873:6:TIM_Base_SetConfig	16	static
main.c:5932:6:TIM_TI1_SetConfig	12	static
main.c:5974:6:TIM_OC2_SetConfig	20	static
main.c:6131:6:TIM_CCxChannelCmd	4	static
main.c:7001:13:HAL_TIMEx_HallSensor_MspInit	0	static
main.c:6900:19:HAL_TIMEx_HallSensor_Init	24	static
main.c:7016:13:HAL_TIMEx_HallSensor_MspDeInit	0	static
main.c:6973:19:HAL_TIMEx_HallSensor_DeInit	8	static
main.c:7031:19:HAL_TIMEx_HallSensor_Start	0	static
main.c:7053:19:HAL_TIMEx_HallSensor_Stop	0	static
main.c:7075:19:HAL_TIMEx_HallSensor_Start_IT	0	static
main.c:7100:19:HAL_TIMEx_HallSensor_Stop_IT	0	static
main.c:7127:19:HAL_TIMEx_HallSensor_Start_DMA	24	static
main.c:7175:19:HAL_TIMEx_HallSensor_Stop_DMA	0	static
main.c:7230:19:HAL_TIMEx_OCN_Start	0	static
main.c:7260:19:HAL_TIMEx_OCN_Stop	0	static
main.c:7290:19:HAL_TIMEx_OCN_Start_IT	0	static
main.c:7357:19:HAL_TIMEx_OCN_Stop_IT	0	static
main.c:7429:19:HAL_TIMEx_OCN_Start_DMA	24	static
main.c:7544:19:HAL_TIMEx_OCN_Stop_DMA	4	static
main.c:7643:19:HAL_TIMEx_PWMN_Start	0	static
main.c:7672:19:HAL_TIMEx_PWMN_Stop	0	static
main.c:7702:19:HAL_TIMEx_PWMN_Start_IT	0	static
main.c:7769:19:HAL_TIMEx_PWMN_Stop_IT	0	static
main.c:7841:19:HAL_TIMEx_PWMN_Start_DMA	24	static
main.c:7956:19:HAL_TIMEx_PWMN_Stop_DMA	4	static
main.c:8044:19:HAL_TIMEx_OnePulseN_Start	0	static
main.c:8070:19:HAL_TIMEx_OnePulseN_Stop	0	static
main.c:8100:19:HAL_TIMEx_OnePulseN_Start_IT	0	static
main.c:8132:19:HAL_TIMEx_OnePulseN_Stop_IT	0	static
main.c:8201:19:HAL_TIMEx_ConfigCommutationEvent	4	static
main.c:8251:19:HAL_TIMEx_ConfigCommutationEvent_IT	4	static
main.c:8305:19:HAL_TIMEx_ConfigCommutationEvent_DMA	12	static
main.c:8350:19:HAL_TIMEx_MasterConfigSynchronization	12	static
main.c:8387:19:HAL_TIMEx_ConfigBreakDeadTime	16	static
main.c:8451:19:HAL_TIMEx_RemapConfig	4	static
main.c:8509:13:HAL_TIMEx_CommutationCallback	0	static
main.c:8572:6:TIMEx_DMACommutationCplt	8	static
main.c:8524:13:HAL_TIMEx_BreakCallback	0	static
main.c:4201:6:HAL_TIM_IRQHandler	8	static
main.c:8557:22:HAL_TIMEx_HallSensor_GetState	0	static
