main.c:725:6:HAL_GPIO_EXTI_Callback	8	static
main.c:772:6:RTC_TimeRegulate	32	static
main.c:803:10:user_currentTimeGetTick	0	static
main.c:813:10:user_currentTimeGetElapsedMS	16	static
main.c:844:6:SystemClock_Config	104	static
main.c:946:6:user_pwm_setvalue	56	static
main.c:965:6:_Error_Handler	0	static
main.c:1488:13:HAL_TIM_Base_MspInit	0	static
main.c:1421:19:HAL_TIM_Base_Init	24	static
main.c:1503:13:HAL_TIM_Base_MspDeInit	0	static
main.c:1460:19:HAL_TIM_Base_DeInit	8	static
main.c:1518:19:HAL_TIM_Base_Start	4	static
main.c:1542:19:HAL_TIM_Base_Stop	0	static
main.c:1566:19:HAL_TIM_Base_Start_IT	0	static
main.c:1587:19:HAL_TIM_Base_Stop_IT	0	static
main.c:1609:19:HAL_TIM_Base_Start_DMA	16	static
main.c:1654:19:HAL_TIM_Base_Stop_DMA	0	static
main.c:1770:13:HAL_TIM_OC_MspInit	0	static
main.c:1703:19:HAL_TIM_OC_Init	24	static
main.c:1785:13:HAL_TIM_OC_MspDeInit	0	static
main.c:1742:19:HAL_TIM_OC_DeInit	8	static
main.c:1806:19:HAL_TIM_OC_Start	4	static
main.c:1839:19:HAL_TIM_OC_Stop	4	static
main.c:1872:19:HAL_TIM_OC_Start_IT	4	static
main.c:1939:19:HAL_TIM_OC_Stop_IT	4	static
main.c:2008:19:HAL_TIM_OC_Start_DMA	24	static
main.c:2126:19:HAL_TIM_OC_Stop_DMA	8	static
main.c:2282:13:HAL_TIM_PWM_MspInit	0	static
main.c:2215:19:HAL_TIM_PWM_Init	24	static
main.c:130:5:main	328	static
main.c:2297:13:HAL_TIM_PWM_MspDeInit	0	static
main.c:2254:19:HAL_TIM_PWM_DeInit	8	static
main.c:2318:19:HAL_TIM_PWM_Start	4	static
main.c:2351:19:HAL_TIM_PWM_Stop	8	static
main.c:2387:19:HAL_TIM_PWM_Start_IT	4	static
main.c:2454:19:HAL_TIM_PWM_Stop_IT	4	static
main.c:2523:19:HAL_TIM_PWM_Start_DMA	24	static
main.c:2641:19:HAL_TIM_PWM_Stop_DMA	8	static
main.c:2797:13:HAL_TIM_IC_MspInit	0	static
main.c:2730:19:HAL_TIM_IC_Init	24	static
main.c:2812:13:HAL_TIM_IC_MspDeInit	0	static
main.c:2769:19:HAL_TIM_IC_DeInit	8	static
main.c:2833:19:HAL_TIM_IC_Start	0	static
main.c:2860:19:HAL_TIM_IC_Stop	0	static
main.c:2887:19:HAL_TIM_IC_Start_IT	0	static
main.c:2947:19:HAL_TIM_IC_Stop_IT	0	static
main.c:3010:19:HAL_TIM_IC_Start_DMA	24	static
main.c:3124:19:HAL_TIM_IC_Stop_DMA	4	static
main.c:3286:13:HAL_TIM_OnePulse_MspInit	0	static
main.c:3212:19:HAL_TIM_OnePulse_Init	24	static
main.c:3301:13:HAL_TIM_OnePulse_MspDeInit	0	static
main.c:3258:19:HAL_TIM_OnePulse_DeInit	8	static
main.c:3320:19:HAL_TIM_OnePulse_Start	0	static
main.c:3357:19:HAL_TIM_OnePulse_Stop	0	static
main.c:3394:19:HAL_TIM_OnePulse_Start_IT	0	static
main.c:3437:19:HAL_TIM_OnePulse_Stop_IT	0	static
main.c:3617:13:HAL_TIM_Encoder_MspInit	0	static
main.c:3500:19:HAL_TIM_Encoder_Init	24	static
main.c:3632:13:HAL_TIM_Encoder_MspDeInit	0	static
main.c:3589:19:HAL_TIM_Encoder_DeInit	8	static
main.c:3652:19:HAL_TIM_Encoder_Start	0	static
main.c:3695:19:HAL_TIM_Encoder_Stop	0	static
main.c:3739:19:HAL_TIM_Encoder_Start_IT	0	static
main.c:3788:19:HAL_TIM_Encoder_Stop_IT	0	static
main.c:3843:19:HAL_TIM_Encoder_Start_DMA	24	static
main.c:3961:19:HAL_TIM_Encoder_Stop_DMA	0	static
main.c:4187:19:HAL_TIM_OC_ConfigChannel	20	static
main.c:4257:19:HAL_TIM_IC_ConfigChannel	20	static
main.c:4354:19:HAL_TIM_PWM_ConfigChannel	20	static
main.c:4455:19:HAL_TIM_OnePulse_ConfigChannel	36	static
main.c:4592:19:HAL_TIM_DMABurst_WriteStart	24	static
main.c:4724:19:HAL_TIM_DMABurst_WriteStop	16	static
main.c:4817:19:HAL_TIM_DMABurst_ReadStart	24	static
main.c:4950:19:HAL_TIM_DMABurst_ReadStop	16	static
main.c:5023:19:HAL_TIM_GenerateEvent	8	static
main.c:5061:19:HAL_TIM_ConfigOCrefClear	16	static
main.c:5164:19:HAL_TIM_ConfigClockSource	16	static
main.c:5325:19:HAL_TIM_ConfigTI1Input	0	static
main.c:5358:19:HAL_TIM_SlaveConfigSynchronization	12	static
main.c:5393:19:HAL_TIM_SlaveConfigSynchronization_IT	12	static
main.c:5432:10:HAL_TIM_ReadCapturedValue	0	static
main.c:5519:13:HAL_TIM_PeriodElapsedCallback	0	static
main.c:5977:13:TIM_DMAPeriodElapsedCplt	8	static
main.c:5534:13:HAL_TIM_OC_DelayElapsedCallback	0	static
main.c:5549:13:HAL_TIM_IC_CaptureCallback	0	static
main.c:5913:6:TIM_DMACaptureCplt	8	static
main.c:5564:13:HAL_TIM_PWM_PulseFinishedCallback	0	static
main.c:5864:6:TIM_DMADelayPulseCplt	8	static
main.c:5579:13:HAL_TIM_TriggerCallback	0	static
main.c:5992:13:TIM_DMATriggerCplt	8	static
main.c:5594:13:HAL_TIM_ErrorCallback	0	static
main.c:5898:6:TIM_DMAError	8	static
main.c:5627:22:HAL_TIM_Base_GetState	0	static
main.c:5638:22:HAL_TIM_OC_GetState	0	static
main.c:5649:22:HAL_TIM_PWM_GetState	0	static
main.c:5660:22:HAL_TIM_IC_GetState	0	static
main.c:5671:22:HAL_TIM_OnePulse_GetState	0	static
main.c:5682:22:HAL_TIM_Encoder_GetState	0	static
main.c:5696:6:TIM_Base_SetConfig	16	static
main.c:5755:6:TIM_TI1_SetConfig	12	static
main.c:5797:6:TIM_OC2_SetConfig	20	static
main.c:5954:6:TIM_CCxChannelCmd	4	static
main.c:6824:13:HAL_TIMEx_HallSensor_MspInit	0	static
main.c:6723:19:HAL_TIMEx_HallSensor_Init	24	static
main.c:6839:13:HAL_TIMEx_HallSensor_MspDeInit	0	static
main.c:6796:19:HAL_TIMEx_HallSensor_DeInit	8	static
main.c:6854:19:HAL_TIMEx_HallSensor_Start	0	static
main.c:6876:19:HAL_TIMEx_HallSensor_Stop	0	static
main.c:6898:19:HAL_TIMEx_HallSensor_Start_IT	0	static
main.c:6923:19:HAL_TIMEx_HallSensor_Stop_IT	0	static
main.c:6950:19:HAL_TIMEx_HallSensor_Start_DMA	24	static
main.c:6998:19:HAL_TIMEx_HallSensor_Stop_DMA	0	static
main.c:7053:19:HAL_TIMEx_OCN_Start	0	static
main.c:7083:19:HAL_TIMEx_OCN_Stop	0	static
main.c:7113:19:HAL_TIMEx_OCN_Start_IT	0	static
main.c:7180:19:HAL_TIMEx_OCN_Stop_IT	0	static
main.c:7252:19:HAL_TIMEx_OCN_Start_DMA	24	static
main.c:7367:19:HAL_TIMEx_OCN_Stop_DMA	4	static
main.c:7466:19:HAL_TIMEx_PWMN_Start	0	static
main.c:7495:19:HAL_TIMEx_PWMN_Stop	0	static
main.c:7525:19:HAL_TIMEx_PWMN_Start_IT	0	static
main.c:7592:19:HAL_TIMEx_PWMN_Stop_IT	0	static
main.c:7664:19:HAL_TIMEx_PWMN_Start_DMA	24	static
main.c:7779:19:HAL_TIMEx_PWMN_Stop_DMA	4	static
main.c:7867:19:HAL_TIMEx_OnePulseN_Start	0	static
main.c:7893:19:HAL_TIMEx_OnePulseN_Stop	0	static
main.c:7923:19:HAL_TIMEx_OnePulseN_Start_IT	0	static
main.c:7955:19:HAL_TIMEx_OnePulseN_Stop_IT	0	static
main.c:8024:19:HAL_TIMEx_ConfigCommutationEvent	4	static
main.c:8074:19:HAL_TIMEx_ConfigCommutationEvent_IT	4	static
main.c:8128:19:HAL_TIMEx_ConfigCommutationEvent_DMA	12	static
main.c:8173:19:HAL_TIMEx_MasterConfigSynchronization	12	static
main.c:8210:19:HAL_TIMEx_ConfigBreakDeadTime	16	static
main.c:8274:19:HAL_TIMEx_RemapConfig	4	static
main.c:8332:13:HAL_TIMEx_CommutationCallback	0	static
main.c:8395:6:TIMEx_DMACommutationCplt	8	static
main.c:8347:13:HAL_TIMEx_BreakCallback	0	static
main.c:4024:6:HAL_TIM_IRQHandler	8	static
main.c:8380:22:HAL_TIMEx_HallSensor_GetState	0	static
