main.c:147:13:HAL_TIM_Base_MspInit	0	static
main.c:80:19:HAL_TIM_Base_Init	24	static
main.c:162:13:HAL_TIM_Base_MspDeInit	0	static
main.c:119:19:HAL_TIM_Base_DeInit	8	static
main.c:177:19:HAL_TIM_Base_Start	4	static
main.c:201:19:HAL_TIM_Base_Stop	0	static
main.c:225:19:HAL_TIM_Base_Start_IT	0	static
main.c:246:19:HAL_TIM_Base_Stop_IT	0	static
main.c:268:19:HAL_TIM_Base_Start_DMA	16	static
main.c:313:19:HAL_TIM_Base_Stop_DMA	0	static
main.c:429:13:HAL_TIM_OC_MspInit	0	static
main.c:362:19:HAL_TIM_OC_Init	24	static
main.c:444:13:HAL_TIM_OC_MspDeInit	0	static
main.c:401:19:HAL_TIM_OC_DeInit	8	static
main.c:465:19:HAL_TIM_OC_Start	4	static
main.c:498:19:HAL_TIM_OC_Stop	4	static
main.c:531:19:HAL_TIM_OC_Start_IT	4	static
main.c:598:19:HAL_TIM_OC_Stop_IT	4	static
main.c:667:19:HAL_TIM_OC_Start_DMA	24	static
main.c:785:19:HAL_TIM_OC_Stop_DMA	8	static
main.c:941:13:HAL_TIM_PWM_MspInit	0	static
main.c:874:19:HAL_TIM_PWM_Init	24	static
main.c:956:13:HAL_TIM_PWM_MspDeInit	0	static
main.c:913:19:HAL_TIM_PWM_DeInit	8	static
main.c:977:19:HAL_TIM_PWM_Start	4	static
main.c:1010:19:HAL_TIM_PWM_Stop	8	static
main.c:1046:19:HAL_TIM_PWM_Start_IT	4	static
main.c:1113:19:HAL_TIM_PWM_Stop_IT	4	static
main.c:1182:19:HAL_TIM_PWM_Start_DMA	24	static
main.c:1300:19:HAL_TIM_PWM_Stop_DMA	8	static
main.c:1456:13:HAL_TIM_IC_MspInit	0	static
main.c:1389:19:HAL_TIM_IC_Init	24	static
main.c:1471:13:HAL_TIM_IC_MspDeInit	0	static
main.c:1428:19:HAL_TIM_IC_DeInit	8	static
main.c:1492:19:HAL_TIM_IC_Start	0	static
main.c:1519:19:HAL_TIM_IC_Stop	0	static
main.c:1546:19:HAL_TIM_IC_Start_IT	0	static
main.c:1606:19:HAL_TIM_IC_Stop_IT	0	static
main.c:1669:19:HAL_TIM_IC_Start_DMA	24	static
main.c:1783:19:HAL_TIM_IC_Stop_DMA	4	static
main.c:1945:13:HAL_TIM_OnePulse_MspInit	0	static
main.c:1871:19:HAL_TIM_OnePulse_Init	24	static
main.c:1960:13:HAL_TIM_OnePulse_MspDeInit	0	static
main.c:1917:19:HAL_TIM_OnePulse_DeInit	8	static
main.c:1979:19:HAL_TIM_OnePulse_Start	0	static
main.c:2016:19:HAL_TIM_OnePulse_Stop	0	static
main.c:2053:19:HAL_TIM_OnePulse_Start_IT	0	static
main.c:2096:19:HAL_TIM_OnePulse_Stop_IT	0	static
main.c:2276:13:HAL_TIM_Encoder_MspInit	0	static
main.c:2159:19:HAL_TIM_Encoder_Init	24	static
main.c:2291:13:HAL_TIM_Encoder_MspDeInit	0	static
main.c:2248:19:HAL_TIM_Encoder_DeInit	8	static
main.c:2311:19:HAL_TIM_Encoder_Start	0	static
main.c:2354:19:HAL_TIM_Encoder_Stop	0	static
main.c:2398:19:HAL_TIM_Encoder_Start_IT	0	static
main.c:2447:19:HAL_TIM_Encoder_Stop_IT	0	static
main.c:2502:19:HAL_TIM_Encoder_Start_DMA	24	static
main.c:2620:19:HAL_TIM_Encoder_Stop_DMA	0	static
main.c:2846:19:HAL_TIM_OC_ConfigChannel	20	static
main.c:2916:19:HAL_TIM_IC_ConfigChannel	20	static
main.c:3013:19:HAL_TIM_PWM_ConfigChannel	20	static
main.c:3114:19:HAL_TIM_OnePulse_ConfigChannel	36	static
main.c:3251:19:HAL_TIM_DMABurst_WriteStart	24	static
main.c:3383:19:HAL_TIM_DMABurst_WriteStop	16	static
main.c:3476:19:HAL_TIM_DMABurst_ReadStart	24	static
main.c:3609:19:HAL_TIM_DMABurst_ReadStop	16	static
main.c:3682:19:HAL_TIM_GenerateEvent	8	static
main.c:3720:19:HAL_TIM_ConfigOCrefClear	16	static
main.c:3823:19:HAL_TIM_ConfigClockSource	16	static
main.c:3984:19:HAL_TIM_ConfigTI1Input	0	static
main.c:4017:19:HAL_TIM_SlaveConfigSynchronization	12	static
main.c:4052:19:HAL_TIM_SlaveConfigSynchronization_IT	12	static
main.c:4091:10:HAL_TIM_ReadCapturedValue	0	static
main.c:4178:13:HAL_TIM_PeriodElapsedCallback	0	static
main.c:4636:13:TIM_DMAPeriodElapsedCplt	8	static
main.c:4193:13:HAL_TIM_OC_DelayElapsedCallback	0	static
main.c:4208:13:HAL_TIM_IC_CaptureCallback	0	static
main.c:4572:6:TIM_DMACaptureCplt	8	static
main.c:4223:13:HAL_TIM_PWM_PulseFinishedCallback	0	static
main.c:4523:6:TIM_DMADelayPulseCplt	8	static
main.c:4238:13:HAL_TIM_TriggerCallback	0	static
main.c:4651:13:TIM_DMATriggerCplt	8	static
main.c:4253:13:HAL_TIM_ErrorCallback	0	static
main.c:4557:6:TIM_DMAError	8	static
main.c:4286:22:HAL_TIM_Base_GetState	0	static
main.c:4297:22:HAL_TIM_OC_GetState	0	static
main.c:4308:22:HAL_TIM_PWM_GetState	0	static
main.c:4319:22:HAL_TIM_IC_GetState	0	static
main.c:4330:22:HAL_TIM_OnePulse_GetState	0	static
main.c:4341:22:HAL_TIM_Encoder_GetState	0	static
main.c:4355:6:TIM_Base_SetConfig	16	static
main.c:4414:6:TIM_TI1_SetConfig	12	static
main.c:4456:6:TIM_OC2_SetConfig	20	static
main.c:4613:6:TIM_CCxChannelCmd	4	static
main.c:5531:13:HAL_TIMEx_HallSensor_MspInit	0	static
main.c:5430:19:HAL_TIMEx_HallSensor_Init	24	static
main.c:5546:13:HAL_TIMEx_HallSensor_MspDeInit	0	static
main.c:5503:19:HAL_TIMEx_HallSensor_DeInit	8	static
main.c:5561:19:HAL_TIMEx_HallSensor_Start	0	static
main.c:5583:19:HAL_TIMEx_HallSensor_Stop	0	static
main.c:5605:19:HAL_TIMEx_HallSensor_Start_IT	0	static
main.c:5630:19:HAL_TIMEx_HallSensor_Stop_IT	0	static
main.c:5657:19:HAL_TIMEx_HallSensor_Start_DMA	24	static
main.c:5705:19:HAL_TIMEx_HallSensor_Stop_DMA	0	static
main.c:5760:19:HAL_TIMEx_OCN_Start	0	static
main.c:5790:19:HAL_TIMEx_OCN_Stop	0	static
main.c:5820:19:HAL_TIMEx_OCN_Start_IT	0	static
main.c:5887:19:HAL_TIMEx_OCN_Stop_IT	0	static
main.c:5959:19:HAL_TIMEx_OCN_Start_DMA	24	static
main.c:6074:19:HAL_TIMEx_OCN_Stop_DMA	4	static
main.c:6173:19:HAL_TIMEx_PWMN_Start	0	static
main.c:6202:19:HAL_TIMEx_PWMN_Stop	0	static
main.c:6232:19:HAL_TIMEx_PWMN_Start_IT	0	static
main.c:6299:19:HAL_TIMEx_PWMN_Stop_IT	0	static
main.c:6371:19:HAL_TIMEx_PWMN_Start_DMA	24	static
main.c:6486:19:HAL_TIMEx_PWMN_Stop_DMA	4	static
main.c:6574:19:HAL_TIMEx_OnePulseN_Start	0	static
main.c:6600:19:HAL_TIMEx_OnePulseN_Stop	0	static
main.c:6630:19:HAL_TIMEx_OnePulseN_Start_IT	0	static
main.c:6662:19:HAL_TIMEx_OnePulseN_Stop_IT	0	static
main.c:6731:19:HAL_TIMEx_ConfigCommutationEvent	4	static
main.c:6781:19:HAL_TIMEx_ConfigCommutationEvent_IT	4	static
main.c:6835:19:HAL_TIMEx_ConfigCommutationEvent_DMA	12	static
main.c:6880:19:HAL_TIMEx_MasterConfigSynchronization	12	static
main.c:6917:19:HAL_TIMEx_ConfigBreakDeadTime	16	static
main.c:6981:19:HAL_TIMEx_RemapConfig	4	static
main.c:7039:13:HAL_TIMEx_CommutationCallback	0	static
main.c:7102:6:TIMEx_DMACommutationCplt	8	static
main.c:7054:13:HAL_TIMEx_BreakCallback	0	static
main.c:2683:6:HAL_TIM_IRQHandler	8	static
main.c:7087:22:HAL_TIMEx_HallSensor_GetState	0	static
main.c:7407:5:main	352	static
main.c:7911:6:HAL_GPIO_EXTI_Callback	8	static
main.c:7958:6:RTC_TimeRegulate	32	static
main.c:7983:6:Error_Handler	0	static
main.c:7994:10:user_currentTimeGetTick	0	static
main.c:8004:10:user_currentTimeGetElapsedMS	16	static
main.c:8023:6:assert_failed	0	static
main.c:8082:6:user_pwm_setvalue	56	static
main.c:8101:6:_Error_Handler	0	static
