x_nucleo_iks01a2_gyro.c:96:18:BSP_GYRO_Init	24	static
x_nucleo_iks01a2_gyro.c:190:18:BSP_GYRO_DeInit	16	static
x_nucleo_iks01a2_gyro.c:228:18:BSP_GYRO_Sensor_Enable	8	static
x_nucleo_iks01a2_gyro.c:262:18:BSP_GYRO_Sensor_Disable	8	static
x_nucleo_iks01a2_gyro.c:296:18:BSP_GYRO_IsInitialized	0	static
x_nucleo_iks01a2_gyro.c:323:18:BSP_GYRO_IsEnabled	0	static
x_nucleo_iks01a2_gyro.c:350:18:BSP_GYRO_IsCombo	0	static
x_nucleo_iks01a2_gyro.c:377:18:BSP_GYRO_Get_Instance	0	static
x_nucleo_iks01a2_gyro.c:405:18:BSP_GYRO_Get_WhoAmI	8	static
x_nucleo_iks01a2_gyro.c:442:18:BSP_GYRO_Check_WhoAmI	8	static
x_nucleo_iks01a2_gyro.c:476:18:BSP_GYRO_Get_Axes	8	static
x_nucleo_iks01a2_gyro.c:514:18:BSP_GYRO_Get_AxesRaw	8	static
x_nucleo_iks01a2_gyro.c:553:18:BSP_GYRO_Get_Sensitivity	8	static
x_nucleo_iks01a2_gyro.c:591:18:BSP_GYRO_Get_ODR	8	static
x_nucleo_iks01a2_gyro.c:629:18:BSP_GYRO_Set_ODR	8	static
x_nucleo_iks01a2_gyro.c:663:18:BSP_GYRO_Set_ODR_Value	8	static
x_nucleo_iks01a2_gyro.c:697:18:BSP_GYRO_Get_FS	8	static
x_nucleo_iks01a2_gyro.c:735:18:BSP_GYRO_Set_FS	8	static
x_nucleo_iks01a2_gyro.c:769:18:BSP_GYRO_Set_FS_Value	8	static
x_nucleo_iks01a2_gyro.c:803:18:BSP_GYRO_Get_Axes_Status	8	static
x_nucleo_iks01a2_gyro.c:841:18:BSP_GYRO_Set_Axes_Status	8	static
x_nucleo_iks01a2_gyro.c:879:18:BSP_GYRO_Read_Reg	8	static
x_nucleo_iks01a2_gyro.c:919:18:BSP_GYRO_Write_Reg	8	static
x_nucleo_iks01a2_gyro.c:953:18:BSP_GYRO_Get_DRDY_Status	8	static
x_nucleo_iks01a2_gyro.c:987:18:BSP_GYRO_FIFO_Set_ODR_Value_Ext	0	static
x_nucleo_iks01a2_gyro.c:1033:18:BSP_GYRO_FIFO_Get_Full_Status_Ext	4	static
x_nucleo_iks01a2_gyro.c:1084:18:BSP_GYRO_FIFO_Get_Empty_Status_Ext	4	static
x_nucleo_iks01a2_gyro.c:1135:18:BSP_GYRO_FIFO_Get_Overrun_Status_Ext	4	static
x_nucleo_iks01a2_gyro.c:1186:18:BSP_GYRO_FIFO_Get_Pattern_Ext	4	static
x_nucleo_iks01a2_gyro.c:1237:18:BSP_GYRO_FIFO_Get_Data_Ext	4	static
x_nucleo_iks01a2_gyro.c:1288:18:BSP_GYRO_FIFO_Get_Num_Of_Samples_Ext	4	static
x_nucleo_iks01a2_gyro.c:1339:18:BSP_GYRO_FIFO_Set_Decimation_Ext	0	static
x_nucleo_iks01a2_gyro.c:1385:18:BSP_GYRO_FIFO_Get_Axis_Ext	4	static
x_nucleo_iks01a2_gyro.c:1436:18:BSP_GYRO_FIFO_Set_Mode_Ext	0	static
x_nucleo_iks01a2_gyro.c:1482:18:BSP_GYRO_FIFO_Set_INT1_FIFO_Full_Ext	0	static
x_nucleo_iks01a2_gyro.c:1528:18:BSP_GYRO_FIFO_Set_Watermark_Level_Ext	0	static
x_nucleo_iks01a2_gyro.c:1574:18:BSP_GYRO_FIFO_Set_Stop_On_Fth_Ext	0	static
x_nucleo_iks01a2_gyro.c:1620:18:BSP_GYRO_Set_Interrupt_Latch_Ext	0	static
x_nucleo_iks01a2_gyro.c:1666:18:BSP_GYRO_Set_SelfTest_Ext	0	static
