Archive member included to satisfy reference by file (symbol)

c:/program files (x86)/atollic/truestudio for stm32 9.0.1/armtools/bin/../lib/gcc/arm-atollic-eabi/6.3.1/../../../../arm-atollic-eabi/lib/armv7e-m/fpu\libc_nano.a(lib_a-errno.o)
                              Example\User\syscalls.o (__errno)
c:/program files (x86)/atollic/truestudio for stm32 9.0.1/armtools/bin/../lib/gcc/arm-atollic-eabi/6.3.1/../../../../arm-atollic-eabi/lib/armv7e-m/fpu\libc_nano.a(lib_a-impure.o)
                              c:/program files (x86)/atollic/truestudio for stm32 9.0.1/armtools/bin/../lib/gcc/arm-atollic-eabi/6.3.1/../../../../arm-atollic-eabi/lib/armv7e-m/fpu\libc_nano.a(lib_a-errno.o) (_impure_ptr)
c:/program files (x86)/atollic/truestudio for stm32 9.0.1/armtools/bin/../lib/gcc/arm-atollic-eabi/6.3.1/../../../../arm-atollic-eabi/lib/armv7e-m/fpu\libc_nano.a(lib_a-init.o)
                              Example\SW4STM32\startup_stm32f401xe.o (__libc_init_array)
c:/program files (x86)/atollic/truestudio for stm32 9.0.1/armtools/bin/../lib/gcc/arm-atollic-eabi/6.3.1/../../../../arm-atollic-eabi/lib/armv7e-m/fpu\libc_nano.a(lib_a-memset.o)
                              Example\User\DemoSerial.o (memset)
c:/program files (x86)/atollic/truestudio for stm32 9.0.1/armtools/bin/../lib/gcc/arm-atollic-eabi/6.3.1/../../../../arm-atollic-eabi/lib/armv7e-m/fpu\libc_nano.a(lib_a-printf.o)
                              Drivers\BSP\Components\HTS221_Driver.o (printf)
c:/program files (x86)/atollic/truestudio for stm32 9.0.1/armtools/bin/../lib/gcc/arm-atollic-eabi/6.3.1/../../../../arm-atollic-eabi/lib/armv7e-m/fpu\libc_nano.a(lib_a-snprintf.o)
                              Example\User\main.o (snprintf)
c:/program files (x86)/atollic/truestudio for stm32 9.0.1/armtools/bin/../lib/gcc/arm-atollic-eabi/6.3.1/../../../../arm-atollic-eabi/lib/armv7e-m/fpu\libc_nano.a(lib_a-strlen.o)
                              Example\User\main.o (strlen)
c:/program files (x86)/atollic/truestudio for stm32 9.0.1/armtools/bin/../lib/gcc/arm-atollic-eabi/6.3.1/../../../../arm-atollic-eabi/lib/armv7e-m/fpu\libc_nano.a(lib_a-findfp.o)
                              c:/program files (x86)/atollic/truestudio for stm32 9.0.1/armtools/bin/../lib/gcc/arm-atollic-eabi/6.3.1/../../../../arm-atollic-eabi/lib/armv7e-m/fpu\libc_nano.a(lib_a-printf.o) (__sinit)
c:/program files (x86)/atollic/truestudio for stm32 9.0.1/armtools/bin/../lib/gcc/arm-atollic-eabi/6.3.1/../../../../arm-atollic-eabi/lib/armv7e-m/fpu\libc_nano.a(lib_a-fwalk.o)
                              c:/program files (x86)/atollic/truestudio for stm32 9.0.1/armtools/bin/../lib/gcc/arm-atollic-eabi/6.3.1/../../../../arm-atollic-eabi/lib/armv7e-m/fpu\libc_nano.a(lib_a-findfp.o) (_fwalk)
c:/program files (x86)/atollic/truestudio for stm32 9.0.1/armtools/bin/../lib/gcc/arm-atollic-eabi/6.3.1/../../../../arm-atollic-eabi/lib/armv7e-m/fpu\libc_nano.a(lib_a-nano-mallocr.o)
                              c:/program files (x86)/atollic/truestudio for stm32 9.0.1/armtools/bin/../lib/gcc/arm-atollic-eabi/6.3.1/../../../../arm-atollic-eabi/lib/armv7e-m/fpu\libc_nano.a(lib_a-findfp.o) (_malloc_r)
c:/program files (x86)/atollic/truestudio for stm32 9.0.1/armtools/bin/../lib/gcc/arm-atollic-eabi/6.3.1/../../../../arm-atollic-eabi/lib/armv7e-m/fpu\libc_nano.a(lib_a-nano-svfprintf.o)
                              c:/program files (x86)/atollic/truestudio for stm32 9.0.1/armtools/bin/../lib/gcc/arm-atollic-eabi/6.3.1/../../../../arm-atollic-eabi/lib/armv7e-m/fpu\libc_nano.a(lib_a-snprintf.o) (_svfprintf_r)
c:/program files (x86)/atollic/truestudio for stm32 9.0.1/armtools/bin/../lib/gcc/arm-atollic-eabi/6.3.1/../../../../arm-atollic-eabi/lib/armv7e-m/fpu\libc_nano.a(lib_a-nano-vfprintf.o)
                              c:/program files (x86)/atollic/truestudio for stm32 9.0.1/armtools/bin/../lib/gcc/arm-atollic-eabi/6.3.1/../../../../arm-atollic-eabi/lib/armv7e-m/fpu\libc_nano.a(lib_a-printf.o) (_vfprintf_r)
c:/program files (x86)/atollic/truestudio for stm32 9.0.1/armtools/bin/../lib/gcc/arm-atollic-eabi/6.3.1/../../../../arm-atollic-eabi/lib/armv7e-m/fpu\libc_nano.a(lib_a-nano-vfprintf_i.o)
                              c:/program files (x86)/atollic/truestudio for stm32 9.0.1/armtools/bin/../lib/gcc/arm-atollic-eabi/6.3.1/../../../../arm-atollic-eabi/lib/armv7e-m/fpu\libc_nano.a(lib_a-nano-svfprintf.o) (_printf_i)
c:/program files (x86)/atollic/truestudio for stm32 9.0.1/armtools/bin/../lib/gcc/arm-atollic-eabi/6.3.1/../../../../arm-atollic-eabi/lib/armv7e-m/fpu\libc_nano.a(lib_a-sbrkr.o)
                              c:/program files (x86)/atollic/truestudio for stm32 9.0.1/armtools/bin/../lib/gcc/arm-atollic-eabi/6.3.1/../../../../arm-atollic-eabi/lib/armv7e-m/fpu\libc_nano.a(lib_a-nano-mallocr.o) (_sbrk_r)
c:/program files (x86)/atollic/truestudio for stm32 9.0.1/armtools/bin/../lib/gcc/arm-atollic-eabi/6.3.1/../../../../arm-atollic-eabi/lib/armv7e-m/fpu\libc_nano.a(lib_a-stdio.o)
[...]
Memory Configuration

Name             Origin             Length             Attributes
FLASH            0x08000000         0x00080000         xr
RAM              0x20000000         0x00018000         xrw
*default*        0x00000000         0xffffffff

Linker script and memory map

LOAD c:/program files (x86)/atollic/truestudio for stm32 9.0.1/armtools/bin/../lib/gcc/arm-atollic-eabi/6.3.1/armv7e-m/fpu/crti.o
LOAD c:/program files (x86)/atollic/truestudio for stm32 9.0.1/armtools/bin/../lib/gcc/arm-atollic-eabi/6.3.1/armv7e-m/fpu/crtbegin.o
LOAD Drivers\BSP\Components\HTS221_Driver.o
LOAD Drivers\BSP\Components\HTS221_Driver_HL.o
LOAD Drivers\BSP\Components\LPS22HB_Driver.o
LOAD Drivers\BSP\Components\LPS22HB_Driver_HL.o
LOAD Drivers\BSP\Components\LSM303AGR_ACC_driver.o
LOAD Drivers\BSP\Components\LSM303AGR_ACC_driver_HL.o
LOAD Drivers\BSP\Components\LSM303AGR_MAG_driver.o
LOAD Drivers\BSP\Components\LSM303AGR_MAG_driver_HL.o
LOAD Drivers\BSP\Components\LSM6DSL_ACC_GYRO_driver.o
LOAD Drivers\BSP\Components\LSM6DSL_ACC_GYRO_driver_HL.o
LOAD Drivers\BSP\STM32F4xx-Nucleo\stm32f4xx_nucleo.o
LOAD Drivers\BSP\X_NUCLEO_IKS01A2\x_nucleo_iks01a2.o
LOAD Drivers\BSP\X_NUCLEO_IKS01A2\x_nucleo_iks01a2_accelero.o
LOAD Drivers\BSP\X_NUCLEO_IKS01A2\x_nucleo_iks01a2_gyro.o
LOAD Drivers\BSP\X_NUCLEO_IKS01A2\x_nucleo_iks01a2_humidity.o
LOAD Drivers\BSP\X_NUCLEO_IKS01A2\x_nucleo_iks01a2_magneto.o
LOAD Drivers\BSP\X_NUCLEO_IKS01A2\x_nucleo_iks01a2_pressure.o
LOAD Drivers\BSP\X_NUCLEO_IKS01A2\x_nucleo_iks01a2_temperature.o
LOAD Drivers\CMSIS\system_stm32f4xx.o
LOAD Drivers\STM32F4xx_HAL_Driver\stm32f4xx_hal.o
LOAD Drivers\STM32F4xx_HAL_Driver\stm32f4xx_hal_cortex.o
LOAD Drivers\STM32F4xx_HAL_Driver\stm32f4xx_hal_dma.o
LOAD Drivers\STM32F4xx_HAL_Driver\stm32f4xx_hal_dma_ex.o
LOAD Drivers\STM32F4xx_HAL_Driver\stm32f4xx_hal_flash.o
LOAD Drivers\STM32F4xx_HAL_Driver\stm32f4xx_hal_flash_ex.o
LOAD Drivers\STM32F4xx_HAL_Driver\stm32f4xx_hal_gpio.o
LOAD Drivers\STM32F4xx_HAL_Driver\stm32f4xx_hal_i2c.o
LOAD Drivers\STM32F4xx_HAL_Driver\stm32f4xx_hal_i2c_ex.o
LOAD Drivers\STM32F4xx_HAL_Driver\stm32f4xx_hal_rcc.o
LOAD Drivers\STM32F4xx_HAL_Driver\stm32f4xx_hal_rcc_ex.o
LOAD Drivers\STM32F4xx_HAL_Driver\stm32f4xx_hal_rtc.o
LOAD Drivers\STM32F4xx_HAL_Driver\stm32f4xx_hal_rtc_ex.o
LOAD Drivers\STM32F4xx_HAL_Driver\stm32f4xx_hal_uart.o
LOAD Example\SW4STM32\startup_stm32f401xe.o
LOAD Example\User\DemoSerial.o
LOAD Example\User\com.o
LOAD Example\User\cube_hal_f4.o
LOAD Example\User\main.o
LOAD Example\User\sensor_commands.o
LOAD Example\User\serial_protocol.o
LOAD Example\User\stm32f4xx_hal_msp.o
LOAD Example\User\stm32f4xx_it.o
LOAD Example\User\syscalls.o
LOAD c:/program files (x86)/atollic/truestudio for stm32 9.0.1/armtools/bin/../lib/gcc/arm-atollic-eabi/6.3.1/../../../../arm-atollic-eabi/lib/armv7e-m/fpu\libm.a
LOAD c:/program files (x86)/atollic/truestudio for stm32 9.0.1/armtools/bin/../lib/gcc/arm-atollic-eabi/6.3.1/../../../../arm-atollic-eabi/lib/armv7e-m/fpu\libc_nano.a
                0x00000080                malloc_getpagesize_P = 0x80
START GROUP
LOAD c:/program files (x86)/atollic/truestudio for stm32 9.0.1/armtools/bin/../lib/gcc/arm-atollic-eabi/6.3.1/../../../../arm-atollic-eabi/lib/armv7e-m/fpu\libc_nano.a
LOAD c:/program files (x86)/atollic/truestudio for stm32 9.0.1/armtools/bin/../lib/gcc/arm-atollic-eabi/6.3.1/../../../../arm-atollic-eabi/lib/armv7e-m/fpu\libm.a
END GROUP
START GROUP
LOAD c:/program files (x86)/atollic/truestudio for stm32 9.0.1/armtools/bin/../lib/gcc/arm-atollic-eabi/6.3.1/armv7e-m/fpu\libgcc.a
LOAD c:/program files (x86)/atollic/truestudio for stm32 9.0.1/armtools/bin/../lib/gcc/arm-atollic-eabi/6.3.1/../../../../arm-atollic-eabi/lib/armv7e-m/fpu\libc_nano.a
END GROUP
START GROUP
LOAD c:/program files (x86)/atollic/truestudio for stm32 9.0.1/armtools/bin/../lib/gcc/arm-atollic-eabi/6.3.1/armv7e-m/fpu\libgcc.a
LOAD c:/program files (x86)/atollic/truestudio for stm32 9.0.1/armtools/bin/../lib/gcc/arm-atollic-eabi/6.3.1/../../../../arm-atollic-eabi/lib/armv7e-m/fpu\libc_nano.a
LOAD c:/program files (x86)/atollic/truestudio for stm32 9.0.1/armtools/bin/../lib/gcc/arm-atollic-eabi/6.3.1/../../../../arm-atollic-eabi/lib/armv7e-m/fpu\libnosys.a
END GROUP
START GROUP
LOAD c:/program files (x86)/atollic/truestudio for stm32 9.0.1/armtools/bin/../lib/gcc/arm-atollic-eabi/6.3.1/armv7e-m/fpu\libgcc.a
LOAD c:/program files (x86)/atollic/truestudio for stm32 9.0.1/armtools/bin/../lib/gcc/arm-atollic-eabi/6.3.1/../../../../arm-atollic-eabi/lib/armv7e-m/fpu\libc_nano.a
LOAD c:/program files (x86)/atollic/truestudio for stm32 9.0.1/armtools/bin/../lib/gcc/arm-atollic-eabi/6.3.1/../../../../arm-atollic-eabi/lib/armv7e-m/fpu\libnosys.a
END GROUP
LOAD c:/program files (x86)/atollic/truestudio for stm32 9.0.1/armtools/bin/../lib/gcc/arm-atollic-eabi/6.3.1/armv7e-m/fpu/crtend.o
LOAD c:/program files (x86)/atollic/truestudio for stm32 9.0.1/armtools/bin/../lib/gcc/arm-atollic-eabi/6.3.1/armv7e-m/fpu/crtn.o
                0x20018000                _estack = 0x20018000
                0x00000200                _Min_Heap_Size = 0x200
                0x00000400                _Min_Stack_Size = 0x400

.isr_vector     0x08000000      0x194
                0x08000000                . = ALIGN (0x4)
 *(.isr_vector)
 .isr_vector    0x08000000      0x194 Example\SW4STM32\startup_stm32f401xe.o
                0x08000000                g_pfnVectors
                0x08000194                . = ALIGN (0x4)

.text           0x080001a0     0xcd8c
                0x080001a0                . = ALIGN (0x4)
 *(.text)
 .text          0x080001a0       0x40 c:/program files (x86)/atollic/truestudio for stm32 9.0.1/armtools/bin/../lib/gcc/arm-atollic-eabi/6.3.1/armv7e-m/fpu/crtbegin.o
 .text          0x080001e0       0x10 c:/program files (x86)/atollic/truestudio for stm32 9.0.1/armtools/bin/../lib/gcc/arm-atollic-eabi/6.3.1/../../../../arm-atollic-eabi/lib/armv7e-m/fpu\libc_nano.a(lib_a-strlen.o)
                0x080001e0                strlen
 .text          0x080001f0       0xa0 c:/program files (x86)/atollic/truestudio for stm32 9.0.1/armtools/bin/../lib/gcc/arm-atollic-eabi/6.3.1/../../../../arm-atollic-eabi/lib/armv7e-m/fpu\libc_nano.a(lib_a-memchr.o)
                0x080001f0                memchr
 .text          0x08000290       0xa0 c:/program files (x86)/atollic/truestudio for stm32 9.0.1/armtools/bin/../lib/gcc/arm-atollic-eabi/6.3.1/armv7e-m/fpu\libgcc.a(_aeabi_ldivmod.o)
                0x08000290                __aeabi_ldivmod
 .text          0x08000330       0x30 c:/program files (x86)/atollic/truestudio for stm32 9.0.1/armtools/bin/../lib/gcc/arm-atollic-eabi/6.3.1/armv7e-m/fpu\libgcc.a(_aeabi_uldivmod.o)
                0x08000330                __aeabi_uldivmod
 .text          0x08000360      0x2dc c:/program files (x86)/atollic/truestudio for stm32 9.0.1/armtools/bin/../lib/gcc/arm-atollic-eabi/6.3.1/armv7e-m/fpu\libgcc.a(_udivmoddi4.o)
                0x08000360                __udivmoddi4
 .text          0x0800063c        0x4 c:/program files (x86)/atollic/truestudio for stm32 9.0.1/armtools/bin/../lib/gcc/arm-atollic-eabi/6.3.1/armv7e-m/fpu\libgcc.a(_dvmd_tls.o)
                0x0800063c                __aeabi_idiv0
                0x0800063c                __aeabi_ldiv0
 *(.text*)
 .text.HTS221_ReadReg
                0x08000640       0x14 Drivers\BSP\Components\HTS221_Driver.o
                0x08000640                HTS221_ReadReg
 .text.HTS221_WriteReg
                0x08000654       0x14 Drivers\BSP\Components\HTS221_Driver.o
                0x08000654                HTS221_WriteReg
 .text.HTS221_Get_DeviceID
                0x08000668       0x14 Drivers\BSP\Components\HTS221_Driver.o
                0x08000668                HTS221_Get_DeviceID
 .text.HTS221_Get_Humidity
                0x0800067c       0xf8 Drivers\BSP\Components\HTS221_Driver.o
                0x0800067c                HTS221_Get_Humidity
 .text.HTS221_Get_Temperature
                0x08000774       0xe8 Drivers\BSP\Components\HTS221_Driver.o
                0x08000774                HTS221_Get_Temperature
 .text.HTS221_Get_DataStatus
                0x0800085c       0x30 Drivers\BSP\Components\HTS221_Driver.o
                0x0800085c                HTS221_Get_DataStatus
 .text.HTS221_Activate
                0x0800088c       0x40 Drivers\BSP\Components\HTS221_Driver.o
                0x0800088c                HTS221_Activate
 .text.HTS221_DeActivate
                0x080008cc       0x40 Drivers\BSP\Components\HTS221_Driver.o
                0x080008cc                HTS221_DeActivate
 .text.HTS221_Get_Odr
                0x0800090c       0x28 Drivers\BSP\Components\HTS221_Driver.o
                0x0800090c                HTS221_Get_Odr
 .text.HTS221_assert_failed
                0x08000934       0x14 Drivers\BSP\Components\HTS221_Driver.o
                0x08000934                HTS221_assert_failed
 .text.HTS221_Set_BduMode
                0x08000948       0x58 Drivers\BSP\Components\HTS221_Driver.o
                0x08000948                HTS221_Set_BduMode
 .text.HTS221_Set_Odr
                0x080009a0       0x54 Drivers\BSP\Components\HTS221_Driver.o
                0x080009a0                HTS221_Set_Odr
 .text.HTS221_H_Get_DRDY_Status
                0x080009f4       0x34 Drivers\BSP\Components\HTS221_Driver_HL.o
 .text.HTS221_T_Get_DRDY_Status
                0x08000a28       0x34 Drivers\BSP\Components\HTS221_Driver_HL.o
 .text.HTS221_T_Write_Reg
                0x08000a5c       0x20 Drivers\BSP\Components\HTS221_Driver_HL.o
 .text.HTS221_T_Read_Reg
                0x08000a7c       0x18 Drivers\BSP\Components\HTS221_Driver_HL.o
 .text.HTS221_T_Set_ODR_Value
                0x08000a94       0x38 Drivers\BSP\Components\HTS221_Driver_HL.o
 .text.HTS221_T_Set_ODR
                0x08000acc       0x24 Drivers\BSP\Components\HTS221_Driver_HL.o
 .text.HTS221_H_Get_Hum
                0x08000af0       0x38 Drivers\BSP\Components\HTS221_Driver_HL.o
 .text.HTS221_T_Get_WhoAmI
                0x08000b28       0x14 Drivers\BSP\Components\HTS221_Driver_HL.o
 .text.HTS221_H_Sensor_Enable
                0x08000b3c       0x3c Drivers\BSP\Components\HTS221_Driver_HL.o
 .text.HTS221_T_Sensor_Enable
                0x08000b78       0x3c Drivers\BSP\Components\HTS221_Driver_HL.o
 .text.HTS221_T_Get_Temp
                0x08000bb4       0x38 Drivers\BSP\Components\HTS221_Driver_HL.o
 .text.HTS221_H_Sensor_Disable
                0x08000bec       0x3c Drivers\BSP\Components\HTS221_Driver_HL.o
 .text.HTS221_T_Sensor_Disable
                0x08000c28       0x3c Drivers\BSP\Components\HTS221_Driver_HL.o
 .text.HTS221_T_Init
                0x08000c64       0x64 Drivers\BSP\Components\HTS221_Driver_HL.o
 .text.HTS221_H_Get_ODR
                0x08000cc8       0x64 Drivers\BSP\Components\HTS221_Driver_HL.o
 .text.HTS221_H_Get_WhoAmI
                0x08000d2c       0x14 Drivers\BSP\Components\HTS221_Driver_HL.o
 .text.HTS221_H_Set_ODR
                0x08000d40       0x24 Drivers\BSP\Components\HTS221_Driver_HL.o
 .text.HTS221_T_Get_ODR
                0x08000d64       0x64 Drivers\BSP\Components\HTS221_Driver_HL.o
 .text.HTS221_H_Read_Reg
                0x08000dc8       0x18 Drivers\BSP\Components\HTS221_Driver_HL.o
 .text.HTS221_H_Check_WhoAmI
                0x08000de0       0x28 Drivers\BSP\Components\HTS221_Driver_HL.o
 .text.HTS221_T_Check_WhoAmI
                0x08000e08       0x28 Drivers\BSP\Components\HTS221_Driver_HL.o
 .text.HTS221_H_Set_ODR_Value
                0x08000e30       0x38 Drivers\BSP\Components\HTS221_Driver_HL.o
 .text.HTS221_H_Write_Reg
                0x08000e68       0x20 Drivers\BSP\Components\HTS221_Driver_HL.o
 .text.HTS221_H_DeInit
                0x08000e88       0x3c Drivers\BSP\Components\HTS221_Driver_HL.o
 .text.HTS221_T_DeInit
                0x08000ec4       0x3c Drivers\BSP\Components\HTS221_Driver_HL.o
 .text.HTS221_H_Init
                0x08000f00       0x64 Drivers\BSP\Components\HTS221_Driver_HL.o
 .text.LPS22HB_ReadReg
                0x08000f64       0x14 Drivers\BSP\Components\LPS22HB_Driver.o
                0x08000f64                LPS22HB_ReadReg
 .text.LPS22HB_WriteReg
                0x08000f78       0x14 Drivers\BSP\Components\LPS22HB_Driver.o
                0x08000f78                LPS22HB_WriteReg
 .text.LPS22HB_Get_DeviceID
                0x08000f8c       0x14 Drivers\BSP\Components\LPS22HB_Driver.o
                0x08000f8c                LPS22HB_Get_DeviceID
 .text.LPS22HB_Set_PowerMode
                0x08000fa0       0x44 Drivers\BSP\Components\LPS22HB_Driver.o
                0x08000fa0                LPS22HB_Set_PowerMode
 .text.LPS22HB_Set_Odr
                0x08000fe4       0x44 Drivers\BSP\Components\LPS22HB_Driver.o
                0x08000fe4                LPS22HB_Set_Odr
 .text.LPS22HB_Get_Odr
                0x08001028       0x28 Drivers\BSP\Components\LPS22HB_Driver.o
                0x08001028                LPS22HB_Get_Odr
 .text.LPS22HB_Set_LowPassFilter
                0x08001050       0x44 Drivers\BSP\Components\LPS22HB_Driver.o
                0x08001050                LPS22HB_Set_LowPassFilter
 .text.LPS22HB_Set_LowPassFilterCutoff
                0x08001094       0x44 Drivers\BSP\Components\LPS22HB_Driver.o
                0x08001094                LPS22HB_Set_LowPassFilterCutoff
 .text.LPS22HB_Set_Bdu
                0x080010d8       0x40 Drivers\BSP\Components\LPS22HB_Driver.o
                0x080010d8                LPS22HB_Set_Bdu
 .text.LPS22HB_Set_FifoModeUse
                0x08001118       0x44 Drivers\BSP\Components\LPS22HB_Driver.o
                0x08001118                LPS22HB_Set_FifoModeUse
 .text.LPS22HB_Set_FifoWatermarkLevelUse
                0x0800115c       0x44 Drivers\BSP\Components\LPS22HB_Driver.o
                0x0800115c                LPS22HB_Set_FifoWatermarkLevelUse
 .text.LPS22HB_Set_AutomaticIncrementRegAddress
                0x080011a0       0x44 Drivers\BSP\Components\LPS22HB_Driver.o
                0x080011a0                LPS22HB_Set_AutomaticIncrementRegAddress
 .text.LPS22HB_Set_FIFO_OVR_Interrupt
                0x080011e4       0x44 Drivers\BSP\Components\LPS22HB_Driver.o
                0x080011e4                LPS22HB_Set_FIFO_OVR_Interrupt
 .text.LPS22HB_Set_FIFO_FTH_Interrupt
                0x08001228       0x44 Drivers\BSP\Components\LPS22HB_Driver.o
                0x08001228                LPS22HB_Set_FIFO_FTH_Interrupt
 .text.LPS22HB_Set_FIFO_FULL_Interrupt
                0x0800126c       0x44 Drivers\BSP\Components\LPS22HB_Driver.o
                0x0800126c                LPS22HB_Set_FIFO_FULL_Interrupt
 .text.LPS22HB_Get_DataStatus
                0x080012b0       0x48 Drivers\BSP\Components\LPS22HB_Driver.o
                0x080012b0                LPS22HB_Get_DataStatus
 .text.LPS22HB_Get_Pressure
                0x080012f8       0x4c Drivers\BSP\Components\LPS22HB_Driver.o
                0x080012f8                LPS22HB_Get_Pressure
 .text.LPS22HB_Get_Temperature
                0x08001344       0x3c Drivers\BSP\Components\LPS22HB_Driver.o
                0x08001344                LPS22HB_Get_Temperature
 .text.LPS22HB_Set_FifoMode
                0x08001380       0x44 Drivers\BSP\Components\LPS22HB_Driver.o
                0x08001380                LPS22HB_Set_FifoMode
 .text.LPS22HB_Get_FifoMode
                0x080013c4       0x28 Drivers\BSP\Components\LPS22HB_Driver.o
                0x080013c4                LPS22HB_Get_FifoMode
 .text.LPS22HB_Set_FifoWatermarkLevel
                0x080013ec       0x44 Drivers\BSP\Components\LPS22HB_Driver.o
                0x080013ec                LPS22HB_Set_FifoWatermarkLevel
 .text.LPS22HB_Get_FifoWatermarkLevel
                0x08001430       0x20 Drivers\BSP\Components\LPS22HB_Driver.o
                0x08001430                LPS22HB_Get_FifoWatermarkLevel
 .text.LPS22HB_Get_FifoStatus
                0x08001450       0x4c Drivers\BSP\Components\LPS22HB_Driver.o
                0x08001450                LPS22HB_Get_FifoStatus
 .text.LPS22HB_P_Get_DRDY_Status
                0x0800149c       0x1c Drivers\BSP\Components\LPS22HB_Driver_HL.o
 .text.LPS22HB_T_Get_DRDY_Status
                0x080014b8       0x1c Drivers\BSP\Components\LPS22HB_Driver_HL.o
 .text.LPS22HB_T_Write_Reg
                0x080014d4       0x20 Drivers\BSP\Components\LPS22HB_Driver_HL.o
 .text.LPS22HB_T_Read_Reg
                0x080014f4       0x18 Drivers\BSP\Components\LPS22HB_Driver_HL.o
 .text.LPS22HB_P_Sensor_Disable
                0x0800150c       0x2c Drivers\BSP\Components\LPS22HB_Driver_HL.o
 .text.LPS22HB_T_Sensor_Disable
                0x08001538       0x2c Drivers\BSP\Components\LPS22HB_Driver_HL.o
 .text.LPS22HB_P_Get_Press
                0x08001564       0x38 Drivers\BSP\Components\LPS22HB_Driver_HL.o
 .text.LPS22HB_T_Get_WhoAmI
                0x0800159c       0x14 Drivers\BSP\Components\LPS22HB_Driver_HL.o
 .text.LPS22HB_T_Get_Temp
                0x080015b0       0x38 Drivers\BSP\Components\LPS22HB_Driver_HL.o
 .text.LPS22HB_FIFO_Set_Watermark_Level
                0x080015e8       0x14 Drivers\BSP\Components\LPS22HB_Driver_HL.o
 .text.LPS22HB_FIFO_Get_Watermark_Level
                0x080015fc       0x14 Drivers\BSP\Components\LPS22HB_Driver_HL.o
 .text.LPS22HB_FIFO_Get_Mode
                0x08001610       0x20 Drivers\BSP\Components\LPS22HB_Driver_HL.o
 .text.LPS22HB_FIFO_Get_Num_Of_Samples
                0x08001630       0x1c Drivers\BSP\Components\LPS22HB_Driver_HL.o
 .text.LPS22HB_FIFO_Get_Fth_Status
                0x0800164c       0x1c Drivers\BSP\Components\LPS22HB_Driver_HL.o
 .text.LPS22HB_FIFO_Get_Ovr_Status
                0x08001668       0x1c Drivers\BSP\Components\LPS22HB_Driver_HL.o
 .text.LPS22HB_FIFO_Get_Full_Status
                0x08001684       0x1c Drivers\BSP\Components\LPS22HB_Driver_HL.o
 .text.LPS22HB_FIFO_Get_Empty_Status
                0x080016a0       0x1c Drivers\BSP\Components\LPS22HB_Driver_HL.o
 .text.LPS22HB_P_Set_ODR
                0x080016bc       0xec Drivers\BSP\Components\LPS22HB_Driver_HL.o
 .text.LPS22HB_T_Init
                0x080017a8       0x94 Drivers\BSP\Components\LPS22HB_Driver_HL.o
 .text.LPS22HB_FIFO_Get_Data
                0x0800183c       0x68 Drivers\BSP\Components\LPS22HB_Driver_HL.o
 .text.LPS22HB_FIFO_Reset_Interrupt
                0x080018a4       0x48 Drivers\BSP\Components\LPS22HB_Driver_HL.o
 .text.LPS22HB_FIFO_Set_Interrupt
                0x080018ec       0x44 Drivers\BSP\Components\LPS22HB_Driver_HL.o
 .text.LPS22HB_FIFO_Watermark_Usage
                0x08001930       0x1c Drivers\BSP\Components\LPS22HB_Driver_HL.o
 .text.LPS22HB_FIFO_Set_Mode
                0x0800194c       0x30 Drivers\BSP\Components\LPS22HB_Driver_HL.o
 .text.LPS22HB_FIFO_Usage
                0x0800197c       0x1c Drivers\BSP\Components\LPS22HB_Driver_HL.o
 .text.LPS22HB_FIFO_Stop_On_Fth
                0x08001998       0x1c Drivers\BSP\Components\LPS22HB_Driver_HL.o
 .text.LPS22HB_P_Get_WhoAmI
                0x080019b4       0x14 Drivers\BSP\Components\LPS22HB_Driver_HL.o
 .text.LPS22HB_P_Read_Reg
                0x080019c8       0x18 Drivers\BSP\Components\LPS22HB_Driver_HL.o
 .text.LPS22HB_T_Check_WhoAmI
                0x080019e0       0x28 Drivers\BSP\Components\LPS22HB_Driver_HL.o
 .text.LPS22HB_P_Check_WhoAmI
                0x08001a08       0x28 Drivers\BSP\Components\LPS22HB_Driver_HL.o
 .text.LPS22HB_P_Write_Reg
                0x08001a30       0x20 Drivers\BSP\Components\LPS22HB_Driver_HL.o
 .text.LPS22HB_T_DeInit
                0x08001a50       0x3c Drivers\BSP\Components\LPS22HB_Driver_HL.o
 .text.LPS22HB_P_DeInit
                0x08001a8c       0x3c Drivers\BSP\Components\LPS22HB_Driver_HL.o
 .text.LPS22HB_T_Get_ODR
                0x08001ac8       0x88 Drivers\BSP\Components\LPS22HB_Driver_HL.o
 .text.LPS22HB_P_Get_ODR
                0x08001b50       0x88 Drivers\BSP\Components\LPS22HB_Driver_HL.o
 .text.LPS22HB_T_Set_ODR_Value
                0x08001bd8      0x11c Drivers\BSP\Components\LPS22HB_Driver_HL.o
 .text.LPS22HB_T_Sensor_Enable
                0x08001cf4       0xf4 Drivers\BSP\Components\LPS22HB_Driver_HL.o
 .text.LPS22HB_P_Sensor_Enable
                0x08001de8       0xf4 Drivers\BSP\Components\LPS22HB_Driver_HL.o
 .text.LPS22HB_P_Init
                0x08001edc       0x94 Drivers\BSP\Components\LPS22HB_Driver_HL.o
 .text.LPS22HB_P_Set_ODR_Value
                0x08001f70      0x11c Drivers\BSP\Components\LPS22HB_Driver_HL.o
 .text.LPS22HB_T_Set_ODR
                0x0800208c       0xec Drivers\BSP\Components\LPS22HB_Driver_HL.o
 .text.LSM303AGR_ACC_WriteReg
                0x08002178       0x10 Drivers\BSP\Components\LSM303AGR_ACC_driver.o
                0x08002178                LSM303AGR_ACC_WriteReg
 .text.LSM303AGR_ACC_ReadReg
                0x08002188       0x10 Drivers\BSP\Components\LSM303AGR_ACC_driver.o
                0x08002188                LSM303AGR_ACC_ReadReg
 .text.LSM303AGR_ACC_R_WHO_AM_I
                0x08002198       0x14 Drivers\BSP\Components\LSM303AGR_ACC_driver.o
                0x08002198                LSM303AGR_ACC_R_WHO_AM_I
 .text.LSM303AGR_ACC_W_BlockDataUpdate
                0x080021ac       0x44 Drivers\BSP\Components\LSM303AGR_ACC_driver.o
                0x080021ac                LSM303AGR_ACC_W_BlockDataUpdate
 .text.LSM303AGR_ACC_W_FullScale
                0x080021f0       0x44 Drivers\BSP\Components\LSM303AGR_ACC_driver.o
                0x080021f0                LSM303AGR_ACC_W_FullScale
 .text.LSM303AGR_ACC_R_FullScale
                0x08002234       0x20 Drivers\BSP\Components\LSM303AGR_ACC_driver.o
                0x08002234                LSM303AGR_ACC_R_FullScale
 .text.LSM303AGR_ACC_Get_Raw_Acceleration
                0x08002254       0x14 Drivers\BSP\Components\LSM303AGR_ACC_driver.o
                0x08002254                LSM303AGR_ACC_Get_Raw_Acceleration
 .text.LSM303AGR_ACC_Get_Acceleration
                0x08002268      0x178 Drivers\BSP\Components\LSM303AGR_ACC_driver.o
                0x08002268                LSM303AGR_ACC_Get_Acceleration
 .text.LSM303AGR_ACC_W_ODR
                0x080023e0       0x44 Drivers\BSP\Components\LSM303AGR_ACC_driver.o
                0x080023e0                LSM303AGR_ACC_W_ODR
 .text.LSM303AGR_ACC_R_ODR
                0x08002424       0x20 Drivers\BSP\Components\LSM303AGR_ACC_driver.o
                0x08002424                LSM303AGR_ACC_R_ODR
 .text.LSM303AGR_ACC_W_XEN
                0x08002444       0x44 Drivers\BSP\Components\LSM303AGR_ACC_driver.o
                0x08002444                LSM303AGR_ACC_W_XEN
 .text.LSM303AGR_ACC_R_XEN
                0x08002488       0x20 Drivers\BSP\Components\LSM303AGR_ACC_driver.o
                0x08002488                LSM303AGR_ACC_R_XEN
 .text.LSM303AGR_ACC_W_YEN
                0x080024a8       0x44 Drivers\BSP\Components\LSM303AGR_ACC_driver.o
                0x080024a8                LSM303AGR_ACC_W_YEN
 .text.LSM303AGR_ACC_R_YEN
                0x080024ec       0x20 Drivers\BSP\Components\LSM303AGR_ACC_driver.o
                0x080024ec                LSM303AGR_ACC_R_YEN
 .text.LSM303AGR_ACC_W_ZEN
                0x0800250c       0x44 Drivers\BSP\Components\LSM303AGR_ACC_driver.o
                0x0800250c                LSM303AGR_ACC_W_ZEN
 .text.LSM303AGR_ACC_R_ZEN
                0x08002550       0x20 Drivers\BSP\Components\LSM303AGR_ACC_driver.o
                0x08002550                LSM303AGR_ACC_R_ZEN
 .text.LSM303AGR_ACC_R_LOWPWR_EN
                0x08002570       0x20 Drivers\BSP\Components\LSM303AGR_ACC_driver.o
                0x08002570                LSM303AGR_ACC_R_LOWPWR_EN
 .text.LSM303AGR_ACC_R_HiRes
                0x08002590       0x20 Drivers\BSP\Components\LSM303AGR_ACC_driver.o
                0x08002590                LSM303AGR_ACC_R_HiRes
 .text.LSM303AGR_ACC_R_XDataAvail
                0x080025b0       0x20 Drivers\BSP\Components\LSM303AGR_ACC_driver.o
                0x080025b0                LSM303AGR_ACC_R_XDataAvail
 .text.LSM303AGR_ACC_W_FifoMode
                0x080025d0       0x44 Drivers\BSP\Components\LSM303AGR_ACC_driver.o
                0x080025d0                LSM303AGR_ACC_W_FifoMode
 .text.LSM303AGR_X_Get_DRDY_Status
                0x08002614       0x30 Drivers\BSP\Components\LSM303AGR_ACC_driver_HL.o
 .text.LSM303AGR_X_Write_Reg
                0x08002644       0x1c Drivers\BSP\Components\LSM303AGR_ACC_driver_HL.o
 .text.LSM303AGR_X_Read_Reg
                0x08002660       0x10 Drivers\BSP\Components\LSM303AGR_ACC_driver_HL.o
 .text.LSM303AGR_X_Get_Axes_Status
                0x08002670       0x68 Drivers\BSP\Components\LSM303AGR_ACC_driver_HL.o
 .text.LSM303AGR_X_Set_FS_Value
                0x080026d8       0x58 Drivers\BSP\Components\LSM303AGR_ACC_driver_HL.o
 .text.LSM303AGR_X_Set_FS
                0x08002730       0x24 Drivers\BSP\Components\LSM303AGR_ACC_driver_HL.o
 .text.LSM303AGR_X_Get_FS
                0x08002754       0x68 Drivers\BSP\Components\LSM303AGR_ACC_driver_HL.o
 .text.LSM303AGR_X_Get_ODR
                0x080027bc       0xa0 Drivers\BSP\Components\LSM303AGR_ACC_driver_HL.o
 .text.LSM303AGR_X_Get_Sensitivity
                0x0800285c      0x13c Drivers\BSP\Components\LSM303AGR_ACC_driver_HL.o
 .text.LSM303AGR_X_Get_AxesRaw
                0x08002998       0x78 Drivers\BSP\Components\LSM303AGR_ACC_driver_HL.o
 .text.LSM303AGR_X_Get_Axes
                0x08002a10       0x24 Drivers\BSP\Components\LSM303AGR_ACC_driver_HL.o
 .text.LSM303AGR_X_Get_WhoAmI
                0x08002a34       0x10 Drivers\BSP\Components\LSM303AGR_ACC_driver_HL.o
 .text.LSM303AGR_X_Check_WhoAmI
                0x08002a44       0x2c Drivers\BSP\Components\LSM303AGR_ACC_driver_HL.o
 .text.LSM303AGR_X_Set_Axes_Status
                0x08002a70       0x48 Drivers\BSP\Components\LSM303AGR_ACC_driver_HL.o
 .text.LSM303AGR_X_Set_ODR_Value
                0x08002ab8       0xfc Drivers\BSP\Components\LSM303AGR_ACC_driver_HL.o
 .text.LSM303AGR_X_Set_ODR
                0x08002bb4       0x84 Drivers\BSP\Components\LSM303AGR_ACC_driver_HL.o
 .text.LSM303AGR_X_Sensor_Enable
                0x08002c38       0xa0 Drivers\BSP\Components\LSM303AGR_ACC_driver_HL.o
 .text.LSM303AGR_X_Sensor_Disable
                0x08002cd8       0xac Drivers\BSP\Components\LSM303AGR_ACC_driver_HL.o
 .text.LSM303AGR_X_DeInit
                0x08002d84       0xdc Drivers\BSP\Components\LSM303AGR_ACC_driver_HL.o
 .text.LSM303AGR_X_Init
                0x08002e60       0x90 Drivers\BSP\Components\LSM303AGR_ACC_driver_HL.o
 .text.LSM303AGR_MAG_WriteReg
                0x08002ef0       0x10 Drivers\BSP\Components\LSM303AGR_MAG_driver.o
                0x08002ef0                LSM303AGR_MAG_WriteReg
 .text.LSM303AGR_MAG_ReadReg
                0x08002f00       0x10 Drivers\BSP\Components\LSM303AGR_MAG_driver.o
                0x08002f00                LSM303AGR_MAG_ReadReg
 .text.LSM303AGR_MAG_R_WHO_AM_I
                0x08002f10       0x14 Drivers\BSP\Components\LSM303AGR_MAG_driver.o
                0x08002f10                LSM303AGR_MAG_R_WHO_AM_I
 .text.LSM303AGR_MAG_W_BDU
                0x08002f24       0x44 Drivers\BSP\Components\LSM303AGR_MAG_driver.o
                0x08002f24                LSM303AGR_MAG_W_BDU
 .text.LSM303AGR_MAG_W_MD
                0x08002f68       0x44 Drivers\BSP\Components\LSM303AGR_MAG_driver.o
                0x08002f68                LSM303AGR_MAG_W_MD
 .text.LSM303AGR_MAG_Get_Raw_Magnetic
                0x08002fac       0x14 Drivers\BSP\Components\LSM303AGR_MAG_driver.o
                0x08002fac                LSM303AGR_MAG_Get_Raw_Magnetic
 .text.LSM303AGR_MAG_W_ODR
                0x08002fc0       0x44 Drivers\BSP\Components\LSM303AGR_MAG_driver.o
                0x08002fc0                LSM303AGR_MAG_W_ODR
 .text.LSM303AGR_MAG_R_ODR
                0x08003004       0x20 Drivers\BSP\Components\LSM303AGR_MAG_driver.o
                0x08003004                LSM303AGR_MAG_R_ODR
 .text.LSM303AGR_MAG_W_ST
                0x08003024       0x44 Drivers\BSP\Components\LSM303AGR_MAG_driver.o
                0x08003024                LSM303AGR_MAG_W_ST
 .text.LSM303AGR_MAG_R_ZYXDA
                0x08003068       0x20 Drivers\BSP\Components\LSM303AGR_MAG_driver.o
                0x08003068                LSM303AGR_MAG_R_ZYXDA
 .text.LSM303AGR_M_Get_Sensitivity
                0x08003088        0xc Drivers\BSP\Components\LSM303AGR_MAG_driver_HL.o
 .text.LSM303AGR_M_Get_FS
                0x08003094        0xc Drivers\BSP\Components\LSM303AGR_MAG_driver_HL.o
 .text.LSM303AGR_M_Set_FS
                0x080030a0        0x4 Drivers\BSP\Components\LSM303AGR_MAG_driver_HL.o
 .text.LSM303AGR_M_Set_FS_Value
                0x080030a4        0x4 Drivers\BSP\Components\LSM303AGR_MAG_driver_HL.o
 .text.LSM303AGR_M_Get_DRDY_Status
                0x080030a8       0x30 Drivers\BSP\Components\LSM303AGR_MAG_driver_HL.o
 .text.LSM303AGR_M_Write_Reg
                0x080030d8       0x1c Drivers\BSP\Components\LSM303AGR_MAG_driver_HL.o
 .text.LSM303AGR_M_Read_Reg
                0x080030f4       0x10 Drivers\BSP\Components\LSM303AGR_MAG_driver_HL.o
 .text.LSM303AGR_M_Set_ODR_Value
                0x08003104       0x5c Drivers\BSP\Components\LSM303AGR_MAG_driver_HL.o
 .text.LSM303AGR_M_Set_ODR
                0x08003160       0x4c Drivers\BSP\Components\LSM303AGR_MAG_driver_HL.o
 .text.LSM303AGR_M_Get_ODR
                0x080031ac       0x78 Drivers\BSP\Components\LSM303AGR_MAG_driver_HL.o
 .text.LSM303AGR_M_Get_Axes
                0x08003224       0x70 Drivers\BSP\Components\LSM303AGR_MAG_driver_HL.o
 .text.LSM303AGR_M_Get_WhoAmI
                0x08003294       0x10 Drivers\BSP\Components\LSM303AGR_MAG_driver_HL.o
 .text.LSM303AGR_M_Check_WhoAmI
                0x080032a4       0x2c Drivers\BSP\Components\LSM303AGR_MAG_driver_HL.o
 .text.LSM303AGR_M_Sensor_Enable
                0x080032d0       0x24 Drivers\BSP\Components\LSM303AGR_MAG_driver_HL.o
 .text.LSM303AGR_M_Sensor_Disable
                0x080032f4       0x20 Drivers\BSP\Components\LSM303AGR_MAG_driver_HL.o
 .text.LSM303AGR_M_Get_AxesRaw
                0x08003314       0x34 Drivers\BSP\Components\LSM303AGR_MAG_driver_HL.o
 .text.LSM303AGR_M_DeInit
                0x08003348       0x4c Drivers\BSP\Components\LSM303AGR_MAG_driver_HL.o
 .text.LSM303AGR_M_Init
                0x08003394       0x64 Drivers\BSP\Components\LSM303AGR_MAG_driver_HL.o
 .text.LSM6DSL_ACC_GYRO_ReadReg
                0x080033f8       0x10 Drivers\BSP\Components\LSM6DSL_ACC_GYRO_driver.o
                0x080033f8                LSM6DSL_ACC_GYRO_ReadReg
 .text.LSM6DSL_ACC_GYRO_WriteReg
                0x08003408       0x10 Drivers\BSP\Components\LSM6DSL_ACC_GYRO_driver.o
                0x08003408                LSM6DSL_ACC_GYRO_WriteReg
 .text.LSM6DSL_ACC_GYRO_R_WHO_AM_I
                0x08003418       0x14 Drivers\BSP\Components\LSM6DSL_ACC_GYRO_driver.o
                0x08003418                LSM6DSL_ACC_GYRO_R_WHO_AM_I
 .text.LSM6DSL_ACC_GYRO_W_BDU
                0x0800342c       0x44 Drivers\BSP\Components\LSM6DSL_ACC_GYRO_driver.o
                0x0800342c                LSM6DSL_ACC_GYRO_W_BDU
 .text.LSM6DSL_ACC_GYRO_W_FS_XL
                0x08003470       0x44 Drivers\BSP\Components\LSM6DSL_ACC_GYRO_driver.o
                0x08003470                LSM6DSL_ACC_GYRO_W_FS_XL
 .text.LSM6DSL_ACC_GYRO_R_FS_XL
                0x080034b4       0x20 Drivers\BSP\Components\LSM6DSL_ACC_GYRO_driver.o
                0x080034b4                LSM6DSL_ACC_GYRO_R_FS_XL
 .text.LSM6DSL_ACC_GYRO_GetRawAccData
                0x080034d4       0x40 Drivers\BSP\Components\LSM6DSL_ACC_GYRO_driver.o
                0x080034d4                LSM6DSL_ACC_GYRO_GetRawAccData
 .text.LSM6DSL_ACC_GYRO_W_ODR_XL
                0x08003514       0x44 Drivers\BSP\Components\LSM6DSL_ACC_GYRO_driver.o
                0x08003514                LSM6DSL_ACC_GYRO_W_ODR_XL
 .text.LSM6DSL_ACC_GYRO_R_ODR_XL
                0x08003558       0x20 Drivers\BSP\Components\LSM6DSL_ACC_GYRO_driver.o
                0x08003558                LSM6DSL_ACC_GYRO_R_ODR_XL
 .text.LSM6DSL_ACC_GYRO_W_FS_G
                0x08003578       0x44 Drivers\BSP\Components\LSM6DSL_ACC_GYRO_driver.o
                0x08003578                LSM6DSL_ACC_GYRO_W_FS_G
 .text.LSM6DSL_ACC_GYRO_R_FS_G
                0x080035bc       0x20 Drivers\BSP\Components\LSM6DSL_ACC_GYRO_driver.o
                0x080035bc                LSM6DSL_ACC_GYRO_R_FS_G
 .text.LSM6DSL_ACC_GYRO_GetRawGyroData
                0x080035dc       0x40 Drivers\BSP\Components\LSM6DSL_ACC_GYRO_driver.o
                0x080035dc                LSM6DSL_ACC_GYRO_GetRawGyroData
 .text.LSM6DSL_ACC_GYRO_W_ODR_G
                0x0800361c       0x44 Drivers\BSP\Components\LSM6DSL_ACC_GYRO_driver.o
                0x0800361c                LSM6DSL_ACC_GYRO_W_ODR_G
 .text.LSM6DSL_ACC_GYRO_R_ODR_G
                0x08003660       0x20 Drivers\BSP\Components\LSM6DSL_ACC_GYRO_driver.o
                0x08003660                LSM6DSL_ACC_GYRO_R_ODR_G
 .text.LSM6DSL_ACC_GYRO_W_FS_125
                0x08003680       0x44 Drivers\BSP\Components\LSM6DSL_ACC_GYRO_driver.o
                0x08003680                LSM6DSL_ACC_GYRO_W_FS_125
 .text.LSM6DSL_ACC_GYRO_R_FS_125
                0x080036c4       0x20 Drivers\BSP\Components\LSM6DSL_ACC_GYRO_driver.o
                0x080036c4                LSM6DSL_ACC_GYRO_R_FS_125
 .text.LSM6DSL_ACC_GYRO_W_FIFO_Watermark
                0x080036e4       0x6c Drivers\BSP\Components\LSM6DSL_ACC_GYRO_driver.o
                0x080036e4                LSM6DSL_ACC_GYRO_W_FIFO_Watermark
 .text.LSM6DSL_ACC_GYRO_W_DEC_FIFO_XL
                0x08003750       0x44 Drivers\BSP\Components\LSM6DSL_ACC_GYRO_driver.o
                0x08003750                LSM6DSL_ACC_GYRO_W_DEC_FIFO_XL
 .text.LSM6DSL_ACC_GYRO_W_DEC_FIFO_G
                0x08003794       0x44 Drivers\BSP\Components\LSM6DSL_ACC_GYRO_driver.o
                0x08003794                LSM6DSL_ACC_GYRO_W_DEC_FIFO_G
 .text.LSM6DSL_ACC_GYRO_W_STOP_ON_FTH
                0x080037d8       0x44 Drivers\BSP\Components\LSM6DSL_ACC_GYRO_driver.o
                0x080037d8                LSM6DSL_ACC_GYRO_W_STOP_ON_FTH
 .text.LSM6DSL_ACC_GYRO_W_FIFO_MODE
                0x0800381c       0x44 Drivers\BSP\Components\LSM6DSL_ACC_GYRO_driver.o
                0x0800381c                LSM6DSL_ACC_GYRO_W_FIFO_MODE
 .text.LSM6DSL_ACC_GYRO_W_ODR_FIFO
                0x08003860       0x44 Drivers\BSP\Components\LSM6DSL_ACC_GYRO_driver.o
                0x08003860                LSM6DSL_ACC_GYRO_W_ODR_FIFO
 .text.LSM6DSL_ACC_GYRO_W_FULL_FLAG_on_INT1
                0x080038a4       0x44 Drivers\BSP\Components\LSM6DSL_ACC_GYRO_driver.o
                0x080038a4                LSM6DSL_ACC_GYRO_W_FULL_FLAG_on_INT1
 .text.LSM6DSL_ACC_GYRO_W_STEP_DET_on_INT1
                0x080038e8       0x44 Drivers\BSP\Components\LSM6DSL_ACC_GYRO_driver.o
                0x080038e8                LSM6DSL_ACC_GYRO_W_STEP_DET_on_INT1
 .text.LSM6DSL_ACC_GYRO_W_IF_Addr_Incr
                0x0800392c       0x44 Drivers\BSP\Components\LSM6DSL_ACC_GYRO_driver.o
                0x0800392c                LSM6DSL_ACC_GYRO_W_IF_Addr_Incr
 .text.LSM6DSL_ACC_GYRO_W_SelfTest_XL
                0x08003970       0x44 Drivers\BSP\Components\LSM6DSL_ACC_GYRO_driver.o
                0x08003970                LSM6DSL_ACC_GYRO_W_SelfTest_XL
 .text.LSM6DSL_ACC_GYRO_W_SelfTest_G
                0x080039b4       0x44 Drivers\BSP\Components\LSM6DSL_ACC_GYRO_driver.o
                0x080039b4                LSM6DSL_ACC_GYRO_W_SelfTest_G
 .text.LSM6DSL_ACC_GYRO_W_PedoStepReset
                0x080039f8       0x44 Drivers\BSP\Components\LSM6DSL_ACC_GYRO_driver.o
                0x080039f8                LSM6DSL_ACC_GYRO_W_PedoStepReset
 .text.LSM6DSL_ACC_GYRO_W_TILT
                0x08003a3c       0x44 Drivers\BSP\Components\LSM6DSL_ACC_GYRO_driver.o
                0x08003a3c                LSM6DSL_ACC_GYRO_W_TILT
 .text.LSM6DSL_ACC_GYRO_W_PEDO
                0x08003a80       0x44 Drivers\BSP\Components\LSM6DSL_ACC_GYRO_driver.o
                0x08003a80                LSM6DSL_ACC_GYRO_W_PEDO
 .text.LSM6DSL_ACC_GYRO_W_FUNC_EN
                0x08003ac4       0x44 Drivers\BSP\Components\LSM6DSL_ACC_GYRO_driver.o
                0x08003ac4                LSM6DSL_ACC_GYRO_W_FUNC_EN
 .text.LSM6DSL_ACC_GYRO_R_WU_EV_STATUS
                0x08003b08       0x20 Drivers\BSP\Components\LSM6DSL_ACC_GYRO_driver.o
                0x08003b08                LSM6DSL_ACC_GYRO_R_WU_EV_STATUS
 .text.LSM6DSL_ACC_GYRO_R_FF_EV_STATUS
                0x08003b28       0x20 Drivers\BSP\Components\LSM6DSL_ACC_GYRO_driver.o
                0x08003b28                LSM6DSL_ACC_GYRO_R_FF_EV_STATUS
 .text.LSM6DSL_ACC_GYRO_R_DOUBLE_TAP_EV_STATUS
                0x08003b48       0x20 Drivers\BSP\Components\LSM6DSL_ACC_GYRO_driver.o
                0x08003b48                LSM6DSL_ACC_GYRO_R_DOUBLE_TAP_EV_STATUS
 .text.LSM6DSL_ACC_GYRO_R_SINGLE_TAP_EV_STATUS
                0x08003b68       0x20 Drivers\BSP\Components\LSM6DSL_ACC_GYRO_driver.o
                0x08003b68                LSM6DSL_ACC_GYRO_R_SINGLE_TAP_EV_STATUS
 .text.LSM6DSL_ACC_GYRO_R_DSD_XL
                0x08003b88       0x20 Drivers\BSP\Components\LSM6DSL_ACC_GYRO_driver.o
                0x08003b88                LSM6DSL_ACC_GYRO_R_DSD_XL
 .text.LSM6DSL_ACC_GYRO_R_DSD_XH
                0x08003ba8       0x20 Drivers\BSP\Components\LSM6DSL_ACC_GYRO_driver.o
                0x08003ba8                LSM6DSL_ACC_GYRO_R_DSD_XH
 .text.LSM6DSL_ACC_GYRO_R_DSD_YL
                0x08003bc8       0x20 Drivers\BSP\Components\LSM6DSL_ACC_GYRO_driver.o
                0x08003bc8                LSM6DSL_ACC_GYRO_R_DSD_YL
 .text.LSM6DSL_ACC_GYRO_R_DSD_YH
                0x08003be8       0x20 Drivers\BSP\Components\LSM6DSL_ACC_GYRO_driver.o
                0x08003be8                LSM6DSL_ACC_GYRO_R_DSD_YH
 .text.LSM6DSL_ACC_GYRO_R_DSD_ZL
                0x08003c08       0x20 Drivers\BSP\Components\LSM6DSL_ACC_GYRO_driver.o
                0x08003c08                LSM6DSL_ACC_GYRO_R_DSD_ZL
 .text.LSM6DSL_ACC_GYRO_R_DSD_ZH
                0x08003c28       0x20 Drivers\BSP\Components\LSM6DSL_ACC_GYRO_driver.o
                0x08003c28                LSM6DSL_ACC_GYRO_R_DSD_ZH
 .text.LSM6DSL_ACC_GYRO_R_D6D_EV_STATUS
                0x08003c48       0x20 Drivers\BSP\Components\LSM6DSL_ACC_GYRO_driver.o
                0x08003c48                LSM6DSL_ACC_GYRO_R_D6D_EV_STATUS
 .text.LSM6DSL_ACC_GYRO_R_XLDA
                0x08003c68       0x20 Drivers\BSP\Components\LSM6DSL_ACC_GYRO_driver.o
                0x08003c68                LSM6DSL_ACC_GYRO_R_XLDA
 .text.LSM6DSL_ACC_GYRO_R_GDA
                0x08003c88       0x20 Drivers\BSP\Components\LSM6DSL_ACC_GYRO_driver.o
                0x08003c88                LSM6DSL_ACC_GYRO_R_GDA
 .text.LSM6DSL_ACC_GYRO_R_FIFONumOfEntries
                0x08003ca8       0x44 Drivers\BSP\Components\LSM6DSL_ACC_GYRO_driver.o
                0x08003ca8                LSM6DSL_ACC_GYRO_R_FIFONumOfEntries
 .text.LSM6DSL_ACC_GYRO_R_FIFOEmpty
                0x08003cec       0x20 Drivers\BSP\Components\LSM6DSL_ACC_GYRO_driver.o
                0x08003cec                LSM6DSL_ACC_GYRO_R_FIFOEmpty
 .text.LSM6DSL_ACC_GYRO_R_FIFOFull
                0x08003d0c       0x20 Drivers\BSP\Components\LSM6DSL_ACC_GYRO_driver.o
                0x08003d0c                LSM6DSL_ACC_GYRO_R_FIFOFull
 .text.LSM6DSL_ACC_GYRO_R_OVERRUN
                0x08003d2c       0x20 Drivers\BSP\Components\LSM6DSL_ACC_GYRO_driver.o
                0x08003d2c                LSM6DSL_ACC_GYRO_R_OVERRUN
 .text.LSM6DSL_ACC_GYRO_R_FIFOPattern
                0x08003d4c       0x44 Drivers\BSP\Components\LSM6DSL_ACC_GYRO_driver.o
                0x08003d4c                LSM6DSL_ACC_GYRO_R_FIFOPattern
 .text.LSM6DSL_ACC_GYRO_R_PEDO_EV_STATUS
                0x08003d90       0x20 Drivers\BSP\Components\LSM6DSL_ACC_GYRO_driver.o
                0x08003d90                LSM6DSL_ACC_GYRO_R_PEDO_EV_STATUS
 .text.LSM6DSL_ACC_GYRO_R_TILT_EV_STATUS
                0x08003db0       0x20 Drivers\BSP\Components\LSM6DSL_ACC_GYRO_driver.o
                0x08003db0                LSM6DSL_ACC_GYRO_R_TILT_EV_STATUS
 .text.LSM6DSL_ACC_GYRO_W_LIR
                0x08003dd0       0x44 Drivers\BSP\Components\LSM6DSL_ACC_GYRO_driver.o
                0x08003dd0                LSM6DSL_ACC_GYRO_W_LIR
 .text.LSM6DSL_ACC_GYRO_W_TAP_Z_EN
                0x08003e14       0x44 Drivers\BSP\Components\LSM6DSL_ACC_GYRO_driver.o
                0x08003e14                LSM6DSL_ACC_GYRO_W_TAP_Z_EN
 .text.LSM6DSL_ACC_GYRO_W_TAP_Y_EN
                0x08003e58       0x44 Drivers\BSP\Components\LSM6DSL_ACC_GYRO_driver.o
                0x08003e58                LSM6DSL_ACC_GYRO_W_TAP_Y_EN
 .text.LSM6DSL_ACC_GYRO_W_TAP_X_EN
                0x08003e9c       0x44 Drivers\BSP\Components\LSM6DSL_ACC_GYRO_driver.o
                0x08003e9c                LSM6DSL_ACC_GYRO_W_TAP_X_EN
 .text.LSM6DSL_ACC_GYRO_W_BASIC_INT
                0x08003ee0       0x44 Drivers\BSP\Components\LSM6DSL_ACC_GYRO_driver.o
                0x08003ee0                LSM6DSL_ACC_GYRO_W_BASIC_INT
 .text.LSM6DSL_ACC_GYRO_W_TAP_THS
                0x08003f24       0x48 Drivers\BSP\Components\LSM6DSL_ACC_GYRO_driver.o
                0x08003f24                LSM6DSL_ACC_GYRO_W_TAP_THS
 .text.LSM6DSL_ACC_GYRO_W_SIXD_THS
                0x08003f6c       0x44 Drivers\BSP\Components\LSM6DSL_ACC_GYRO_driver.o
                0x08003f6c                LSM6DSL_ACC_GYRO_W_SIXD_THS
 .text.LSM6DSL_ACC_GYRO_W_SHOCK_Duration
                0x08003fb0       0x48 Drivers\BSP\Components\LSM6DSL_ACC_GYRO_driver.o
                0x08003fb0                LSM6DSL_ACC_GYRO_W_SHOCK_Duration
 .text.LSM6DSL_ACC_GYRO_W_QUIET_Duration
                0x08003ff8       0x48 Drivers\BSP\Components\LSM6DSL_ACC_GYRO_driver.o
                0x08003ff8                LSM6DSL_ACC_GYRO_W_QUIET_Duration
 .text.LSM6DSL_ACC_GYRO_W_DUR
                0x08004040       0x44 Drivers\BSP\Components\LSM6DSL_ACC_GYRO_driver.o
                0x08004040                LSM6DSL_ACC_GYRO_W_DUR
 .text.LSM6DSL_ACC_GYRO_W_WK_THS
                0x08004084       0x48 Drivers\BSP\Components\LSM6DSL_ACC_GYRO_driver.o
                0x08004084                LSM6DSL_ACC_GYRO_W_WK_THS
 .text.LSM6DSL_ACC_GYRO_W_SINGLE_DOUBLE_TAP_EV
                0x080040cc       0x44 Drivers\BSP\Components\LSM6DSL_ACC_GYRO_driver.o
                0x080040cc                LSM6DSL_ACC_GYRO_W_SINGLE_DOUBLE_TAP_EV
 .text.LSM6DSL_ACC_GYRO_W_SLEEP_DUR
                0x08004110       0x48 Drivers\BSP\Components\LSM6DSL_ACC_GYRO_driver.o
                0x08004110                LSM6DSL_ACC_GYRO_W_SLEEP_DUR
 .text.LSM6DSL_ACC_GYRO_W_TIMER_HR
                0x08004158       0x44 Drivers\BSP\Components\LSM6DSL_ACC_GYRO_driver.o
                0x08004158                LSM6DSL_ACC_GYRO_W_TIMER_HR
 .text.LSM6DSL_ACC_GYRO_W_WAKE_DUR
                0x0800419c       0x48 Drivers\BSP\Components\LSM6DSL_ACC_GYRO_driver.o
                0x0800419c                LSM6DSL_ACC_GYRO_W_WAKE_DUR
 .text.LSM6DSL_ACC_GYRO_W_FF_THS
                0x080041e4       0x44 Drivers\BSP\Components\LSM6DSL_ACC_GYRO_driver.o
                0x080041e4                LSM6DSL_ACC_GYRO_W_FF_THS
 .text.LSM6DSL_ACC_GYRO_W_FF_Duration
                0x08004228       0x78 Drivers\BSP\Components\LSM6DSL_ACC_GYRO_driver.o
                0x08004228                LSM6DSL_ACC_GYRO_W_FF_Duration
 .text.LSM6DSL_ACC_GYRO_W_TiltEvOnInt1
                0x080042a0       0x44 Drivers\BSP\Components\LSM6DSL_ACC_GYRO_driver.o
                0x080042a0                LSM6DSL_ACC_GYRO_W_TiltEvOnInt1
 .text.LSM6DSL_ACC_GYRO_W_6DEvOnInt1
                0x080042e4       0x44 Drivers\BSP\Components\LSM6DSL_ACC_GYRO_driver.o
                0x080042e4                LSM6DSL_ACC_GYRO_W_6DEvOnInt1
 .text.LSM6DSL_ACC_GYRO_W_TapEvOnInt1
                0x08004328       0x44 Drivers\BSP\Components\LSM6DSL_ACC_GYRO_driver.o
                0x08004328                LSM6DSL_ACC_GYRO_W_TapEvOnInt1
 .text.LSM6DSL_ACC_GYRO_W_FFEvOnInt1
                0x0800436c       0x44 Drivers\BSP\Components\LSM6DSL_ACC_GYRO_driver.o
                0x0800436c                LSM6DSL_ACC_GYRO_W_FFEvOnInt1
 .text.LSM6DSL_ACC_GYRO_W_WUEvOnInt1
                0x080043b0       0x44 Drivers\BSP\Components\LSM6DSL_ACC_GYRO_driver.o
                0x080043b0                LSM6DSL_ACC_GYRO_W_WUEvOnInt1
 .text.LSM6DSL_ACC_GYRO_W_SingleTapOnInt1
                0x080043f4       0x44 Drivers\BSP\Components\LSM6DSL_ACC_GYRO_driver.o
                0x080043f4                LSM6DSL_ACC_GYRO_W_SingleTapOnInt1
 .text.LSM6DSL_ACC_GYRO_W_TiltEvOnInt2
                0x08004438       0x44 Drivers\BSP\Components\LSM6DSL_ACC_GYRO_driver.o
                0x08004438                LSM6DSL_ACC_GYRO_W_TiltEvOnInt2
 .text.LSM6DSL_ACC_GYRO_W_6DEvOnInt2
                0x0800447c       0x44 Drivers\BSP\Components\LSM6DSL_ACC_GYRO_driver.o
                0x0800447c                LSM6DSL_ACC_GYRO_W_6DEvOnInt2
 .text.LSM6DSL_ACC_GYRO_W_TapEvOnInt2
                0x080044c0       0x44 Drivers\BSP\Components\LSM6DSL_ACC_GYRO_driver.o
                0x080044c0                LSM6DSL_ACC_GYRO_W_TapEvOnInt2
 .text.LSM6DSL_ACC_GYRO_W_FFEvOnInt2
                0x08004504       0x44 Drivers\BSP\Components\LSM6DSL_ACC_GYRO_driver.o
                0x08004504                LSM6DSL_ACC_GYRO_W_FFEvOnInt2
 .text.LSM6DSL_ACC_GYRO_W_WUEvOnInt2
                0x08004548       0x44 Drivers\BSP\Components\LSM6DSL_ACC_GYRO_driver.o
                0x08004548                LSM6DSL_ACC_GYRO_W_WUEvOnInt2
 .text.LSM6DSL_ACC_GYRO_W_SingleTapOnInt2
                0x0800458c       0x44 Drivers\BSP\Components\LSM6DSL_ACC_GYRO_driver.o
                0x0800458c                LSM6DSL_ACC_GYRO_W_SingleTapOnInt2
 .text.LSM6DSL_ACC_GYRO_Get_GetFIFOData
                0x080045d0       0x2c Drivers\BSP\Components\LSM6DSL_ACC_GYRO_driver.o
                0x080045d0                LSM6DSL_ACC_GYRO_Get_GetFIFOData
 .text.LSM6DSL_ACC_GYRO_Get_GetStepCounter
                0x080045fc       0x2c Drivers\BSP\Components\LSM6DSL_ACC_GYRO_driver.o
                0x080045fc                LSM6DSL_ACC_GYRO_Get_GetStepCounter
 .text.LSM6DSL_ACC_GYRO_W_PedoThreshold
                0x08004628       0x90 Drivers\BSP\Components\LSM6DSL_ACC_GYRO_driver.o
                0x08004628                LSM6DSL_ACC_GYRO_W_PedoThreshold
 .text.LSM6DSL_FIFO_Set_Watermark_Level
                0x080046b8       0x10 Drivers\BSP\Components\LSM6DSL_ACC_GYRO_driver_HL.o
 .text.LSM6DSL_X_Get_Sensitivity
                0x080046c8       0x78 Drivers\BSP\Components\LSM6DSL_ACC_GYRO_driver_HL.o
 .text.LSM6DSL_X_Get_FS
                0x08004740       0x70 Drivers\BSP\Components\LSM6DSL_ACC_GYRO_driver_HL.o
 .text.LSM6DSL_FIFO_Get_Num_Of_Samples
                0x080047b0       0x10 Drivers\BSP\Components\LSM6DSL_ACC_GYRO_driver_HL.o
 .text.LSM6DSL_FIFO_Get_Data
                0x080047c0       0x10 Drivers\BSP\Components\LSM6DSL_ACC_GYRO_driver_HL.o
 .text.LSM6DSL_FIFO_Get_Pattern
                0x080047d0       0x10 Drivers\BSP\Components\LSM6DSL_ACC_GYRO_driver_HL.o
 .text.LSM6DSL_FIFO_Get_Overrun_Status
                0x080047e0       0x30 Drivers\BSP\Components\LSM6DSL_ACC_GYRO_driver_HL.o
 .text.LSM6DSL_FIFO_Get_Empty_Status
                0x08004810       0x30 Drivers\BSP\Components\LSM6DSL_ACC_GYRO_driver_HL.o
 .text.LSM6DSL_FIFO_Get_Full_Status
                0x08004840       0x30 Drivers\BSP\Components\LSM6DSL_ACC_GYRO_driver_HL.o
 .text.LSM6DSL_FIFO_Set_ODR_Value
                0x08004870       0xe0 Drivers\BSP\Components\LSM6DSL_ACC_GYRO_driver_HL.o
 .text.LSM6DSL_X_Get_Event_Status
                0x08004950      0x17c Drivers\BSP\Components\LSM6DSL_ACC_GYRO_driver_HL.o
 .text.LSM6DSL_G_Read_Reg
                0x08004acc       0x10 Drivers\BSP\Components\LSM6DSL_ACC_GYRO_driver_HL.o
 .text.LSM6DSL_X_Get_6D_Orientation_ZH
                0x08004adc       0x30 Drivers\BSP\Components\LSM6DSL_ACC_GYRO_driver_HL.o
 .text.LSM6DSL_X_Get_6D_Orientation_ZL
                0x08004b0c       0x30 Drivers\BSP\Components\LSM6DSL_ACC_GYRO_driver_HL.o
 .text.LSM6DSL_X_Get_6D_Orientation_YH
                0x08004b3c       0x30 Drivers\BSP\Components\LSM6DSL_ACC_GYRO_driver_HL.o
 .text.LSM6DSL_X_Get_6D_Orientation_YL
                0x08004b6c       0x30 Drivers\BSP\Components\LSM6DSL_ACC_GYRO_driver_HL.o
 .text.LSM6DSL_X_Get_6D_Orientation_XH
                0x08004b9c       0x30 Drivers\BSP\Components\LSM6DSL_ACC_GYRO_driver_HL.o
 .text.LSM6DSL_X_Get_6D_Orientation_XL
                0x08004bcc       0x30 Drivers\BSP\Components\LSM6DSL_ACC_GYRO_driver_HL.o
 .text.LSM6DSL_X_Get_6D_Orientation_Status
                0x08004bfc       0x30 Drivers\BSP\Components\LSM6DSL_ACC_GYRO_driver_HL.o
 .text.LSM6DSL_X_Set_FS_Value
                0x08004c2c       0x58 Drivers\BSP\Components\LSM6DSL_ACC_GYRO_driver_HL.o
 .text.LSM6DSL_X_Set_FS
                0x08004c84       0x24 Drivers\BSP\Components\LSM6DSL_ACC_GYRO_driver_HL.o
 .text.LSM6DSL_X_Set_Tap_Duration_Time
                0x08004ca8       0x10 Drivers\BSP\Components\LSM6DSL_ACC_GYRO_driver_HL.o
 .text.LSM6DSL_X_Set_Tap_Quiet_Time
                0x08004cb8       0x10 Drivers\BSP\Components\LSM6DSL_ACC_GYRO_driver_HL.o
 .text.LSM6DSL_X_Set_Tap_Shock_Time
                0x08004cc8       0x10 Drivers\BSP\Components\LSM6DSL_ACC_GYRO_driver_HL.o
 .text.LSM6DSL_X_Set_Tap_Threshold
                0x08004cd8       0x10 Drivers\BSP\Components\LSM6DSL_ACC_GYRO_driver_HL.o
 .text.LSM6DSL_X_Get_Double_Tap_Detection_Status
                0x08004ce8       0x30 Drivers\BSP\Components\LSM6DSL_ACC_GYRO_driver_HL.o
 .text.LSM6DSL_X_Get_Single_Tap_Detection_Status
                0x08004d18       0x30 Drivers\BSP\Components\LSM6DSL_ACC_GYRO_driver_HL.o
 .text.LSM6DSL_X_Set_Wake_Up_Threshold
                0x08004d48       0x10 Drivers\BSP\Components\LSM6DSL_ACC_GYRO_driver_HL.o
 .text.LSM6DSL_X_Get_Wake_Up_Detection_Status
                0x08004d58       0x30 Drivers\BSP\Components\LSM6DSL_ACC_GYRO_driver_HL.o
 .text.LSM6DSL_X_Get_Tilt_Detection_Status
                0x08004d88       0x30 Drivers\BSP\Components\LSM6DSL_ACC_GYRO_driver_HL.o
 .text.LSM6DSL_X_Set_Pedometer_Threshold
                0x08004db8       0x10 Drivers\BSP\Components\LSM6DSL_ACC_GYRO_driver_HL.o
 .text.LSM6DSL_X_Disable_Step_Counter_Reset
                0x08004dc8       0x10 Drivers\BSP\Components\LSM6DSL_ACC_GYRO_driver_HL.o
 .text.LSM6DSL_X_Enable_Step_Counter_Reset
                0x08004dd8       0x10 Drivers\BSP\Components\LSM6DSL_ACC_GYRO_driver_HL.o
 .text.LSM6DSL_X_Get_Step_Count
                0x08004de8       0x10 Drivers\BSP\Components\LSM6DSL_ACC_GYRO_driver_HL.o
 .text.LSM6DSL_X_Get_Pedometer_Status
                0x08004df8       0x30 Drivers\BSP\Components\LSM6DSL_ACC_GYRO_driver_HL.o
 .text.LSM6DSL_X_Set_Free_Fall_Threshold
                0x08004e28       0x10 Drivers\BSP\Components\LSM6DSL_ACC_GYRO_driver_HL.o
 .text.LSM6DSL_X_Get_Free_Fall_Detection_Status
                0x08004e38       0x30 Drivers\BSP\Components\LSM6DSL_ACC_GYRO_driver_HL.o
 .text.LSM6DSL_G_Get_FS
                0x08004e68       0x90 Drivers\BSP\Components\LSM6DSL_ACC_GYRO_driver_HL.o
 .text.LSM6DSL_X_Get_DRDY_Status
                0x08004ef8       0x30 Drivers\BSP\Components\LSM6DSL_ACC_GYRO_driver_HL.o
 .text.LSM6DSL_G_Write_Reg
                0x08004f28       0x1c Drivers\BSP\Components\LSM6DSL_ACC_GYRO_driver_HL.o
 .text.LSM6DSL_X_Get_ODR
                0x08004f44       0xd4 Drivers\BSP\Components\LSM6DSL_ACC_GYRO_driver_HL.o
 .text.LSM6DSL_G_Get_WhoAmI
                0x08005018       0x10 Drivers\BSP\Components\LSM6DSL_ACC_GYRO_driver_HL.o
 .text.LSM6DSL_G_Get_DRDY_Status
                0x08005028       0x30 Drivers\BSP\Components\LSM6DSL_ACC_GYRO_driver_HL.o
 .text.LSM6DSL_G_Set_FS
                0x08005058       0x24 Drivers\BSP\Components\LSM6DSL_ACC_GYRO_driver_HL.o
 .text.LSM6DSL_G_Get_ODR
                0x0800507c       0xd4 Drivers\BSP\Components\LSM6DSL_ACC_GYRO_driver_HL.o
 .text.LSM6DSL_X_Set_SelfTest
                0x08005150       0x18 Drivers\BSP\Components\LSM6DSL_ACC_GYRO_driver_HL.o
 .text.LSM6DSL_G_Set_Interrupt_Latch
                0x08005168       0x18 Drivers\BSP\Components\LSM6DSL_ACC_GYRO_driver_HL.o
 .text.LSM6DSL_FIFO_Set_Stop_On_Fth
                0x08005180       0x18 Drivers\BSP\Components\LSM6DSL_ACC_GYRO_driver_HL.o
 .text.LSM6DSL_FIFO_Set_INT1_FIFO_Full
                0x08005198       0x18 Drivers\BSP\Components\LSM6DSL_ACC_GYRO_driver_HL.o
 .text.LSM6DSL_FIFO_Set_Mode
                0x080051b0       0x28 Drivers\BSP\Components\LSM6DSL_ACC_GYRO_driver_HL.o
 .text.LSM6DSL_FIFO_X_Set_Decimation
                0x080051d8       0x18 Drivers\BSP\Components\LSM6DSL_ACC_GYRO_driver_HL.o
 .text.LSM6DSL_X_Disable_6D_Orientation
                0x080051f0       0x38 Drivers\BSP\Components\LSM6DSL_ACC_GYRO_driver_HL.o
 .text.LSM6DSL_X_Set_ODR
                0x08005228       0x78 Drivers\BSP\Components\LSM6DSL_ACC_GYRO_driver_HL.o
 .text.LSM6DSL_X_Disable_Double_Tap_Detection
                0x080052a0       0x8c Drivers\BSP\Components\LSM6DSL_ACC_GYRO_driver_HL.o
 .text.LSM6DSL_X_Disable_Single_Tap_Detection
                0x0800532c       0x74 Drivers\BSP\Components\LSM6DSL_ACC_GYRO_driver_HL.o
 .text.LSM6DSL_X_Disable_Wake_Up_Detection
                0x080053a0       0x44 Drivers\BSP\Components\LSM6DSL_ACC_GYRO_driver_HL.o
 .text.LSM6DSL_X_Disable_Tilt_Detection
                0x080053e4       0x38 Drivers\BSP\Components\LSM6DSL_ACC_GYRO_driver_HL.o
 .text.LSM6DSL_X_Disable_Pedometer
                0x0800541c       0x38 Drivers\BSP\Components\LSM6DSL_ACC_GYRO_driver_HL.o
 .text.LSM6DSL_X_Disable_Free_Fall_Detection
                0x08005454       0x44 Drivers\BSP\Components\LSM6DSL_ACC_GYRO_driver_HL.o
 .text.LSM6DSL_G_Set_SelfTest
                0x08005498       0x28 Drivers\BSP\Components\LSM6DSL_ACC_GYRO_driver_HL.o
 .text.LSM6DSL_G_Get_Sensitivity
                0x080054c0       0x90 Drivers\BSP\Components\LSM6DSL_ACC_GYRO_driver_HL.o
 .text.LSM6DSL_FIFO_G_Set_Decimation
                0x08005550       0x54 Drivers\BSP\Components\LSM6DSL_ACC_GYRO_driver_HL.o
 .text.LSM6DSL_G_Set_FS_Value
                0x080055a4       0x90 Drivers\BSP\Components\LSM6DSL_ACC_GYRO_driver_HL.o
 .text.LSM6DSL_G_Set_ODR_Value
                0x08005634      0x168 Drivers\BSP\Components\LSM6DSL_ACC_GYRO_driver_HL.o
 .text.LSM6DSL_G_Set_ODR
                0x0800579c       0x78 Drivers\BSP\Components\LSM6DSL_ACC_GYRO_driver_HL.o
 .text.LSM6DSL_X_Get_WhoAmI
                0x08005814       0x10 Drivers\BSP\Components\LSM6DSL_ACC_GYRO_driver_HL.o
 .text.LSM6DSL_X_Set_ODR_Value
                0x08005824      0x168 Drivers\BSP\Components\LSM6DSL_ACC_GYRO_driver_HL.o
 .text.LSM6DSL_X_Set_Interrupt_Latch
                0x0800598c       0x18 Drivers\BSP\Components\LSM6DSL_ACC_GYRO_driver_HL.o
 .text.LSM6DSL_X_Read_Reg
                0x080059a4       0x10 Drivers\BSP\Components\LSM6DSL_ACC_GYRO_driver_HL.o
 .text.LSM6DSL_X_Write_Reg
                0x080059b4       0x1c Drivers\BSP\Components\LSM6DSL_ACC_GYRO_driver_HL.o
 .text.LSM6DSL_X_Enable_Free_Fall_Detection
                0x080059d0       0xa4 Drivers\BSP\Components\LSM6DSL_ACC_GYRO_driver_HL.o
 .text.LSM6DSL_X_Enable_Tilt_Detection
                0x08005a74       0x74 Drivers\BSP\Components\LSM6DSL_ACC_GYRO_driver_HL.o
 .text.LSM6DSL_X_Enable_Pedometer
                0x08005ae8       0x68 Drivers\BSP\Components\LSM6DSL_ACC_GYRO_driver_HL.o
 .text.LSM6DSL_X_Get_AxesRaw
                0x08005b50       0x4c Drivers\BSP\Components\LSM6DSL_ACC_GYRO_driver_HL.o
 .text.LSM6DSL_G_Get_AxesRaw
                0x08005b9c       0x4c Drivers\BSP\Components\LSM6DSL_ACC_GYRO_driver_HL.o
 .text.LSM6DSL_X_Sensor_Enable
                0x08005be8       0xe8 Drivers\BSP\Components\LSM6DSL_ACC_GYRO_driver_HL.o
 .text.LSM6DSL_G_Sensor_Enable
                0x08005cd0       0xe8 Drivers\BSP\Components\LSM6DSL_ACC_GYRO_driver_HL.o
 .text.LSM6DSL_X_Check_WhoAmI
                0x08005db8       0x2c Drivers\BSP\Components\LSM6DSL_ACC_GYRO_driver_HL.o
 .text.LSM6DSL_G_Check_WhoAmI
                0x08005de4       0x2c Drivers\BSP\Components\LSM6DSL_ACC_GYRO_driver_HL.o
 .text.LSM6DSL_X_Enable_6D_Orientation
                0x08005e10       0x74 Drivers\BSP\Components\LSM6DSL_ACC_GYRO_driver_HL.o
 .text.LSM6DSL_X_Enable_Double_Tap_Detection
                0x08005e84       0xc8 Drivers\BSP\Components\LSM6DSL_ACC_GYRO_driver_HL.o
 .text.LSM6DSL_X_Enable_Wake_Up_Detection
                0x08005f4c       0x80 Drivers\BSP\Components\LSM6DSL_ACC_GYRO_driver_HL.o
 .text.LSM6DSL_X_Enable_Single_Tap_Detection
                0x08005fcc       0xb0 Drivers\BSP\Components\LSM6DSL_ACC_GYRO_driver_HL.o
 .text.LSM6DSL_G_Init
                0x0800607c       0x78 Drivers\BSP\Components\LSM6DSL_ACC_GYRO_driver_HL.o
 .text.LSM6DSL_X_Init
                0x080060f4       0x78 Drivers\BSP\Components\LSM6DSL_ACC_GYRO_driver_HL.o
 .text.LSM6DSL_FIFO_G_Get_Axis
                0x0800616c       0xa8 Drivers\BSP\Components\LSM6DSL_ACC_GYRO_driver_HL.o
 .text.LSM6DSL_G_Get_Axes
                0x08006214       0xfc Drivers\BSP\Components\LSM6DSL_ACC_GYRO_driver_HL.o
 .text.LSM6DSL_FIFO_X_Get_Axis
                0x08006310       0x8c Drivers\BSP\Components\LSM6DSL_ACC_GYRO_driver_HL.o
 .text.LSM6DSL_X_Get_Axes
                0x0800639c       0xd4 Drivers\BSP\Components\LSM6DSL_ACC_GYRO_driver_HL.o
 .text.LSM6DSL_X_Sensor_Disable
                0x08006470       0xdc Drivers\BSP\Components\LSM6DSL_ACC_GYRO_driver_HL.o
 .text.LSM6DSL_G_Sensor_Disable
                0x0800654c       0xdc Drivers\BSP\Components\LSM6DSL_ACC_GYRO_driver_HL.o
 .text.LSM6DSL_G_DeInit
                0x08006628      0x108 Drivers\BSP\Components\LSM6DSL_ACC_GYRO_driver_HL.o
 .text.LSM6DSL_X_DeInit
                0x08006730      0x238 Drivers\BSP\Components\LSM6DSL_ACC_GYRO_driver_HL.o
 .text.BSP_LED_Init
                0x08006968       0x50 Drivers\BSP\STM32F4xx-Nucleo\stm32f4xx_nucleo.o
                0x08006968                BSP_LED_Init
 .text.BSP_LED_Off
                0x080069b8       0x14 Drivers\BSP\STM32F4xx-Nucleo\stm32f4xx_nucleo.o
                0x080069b8                BSP_LED_Off
 .text.BSP_LED_Toggle
                0x080069cc       0x10 Drivers\BSP\STM32F4xx-Nucleo\stm32f4xx_nucleo.o
                0x080069cc                BSP_LED_Toggle
 .text.BSP_PB_Init
                0x080069dc       0x80 Drivers\BSP\STM32F4xx-Nucleo\stm32f4xx_nucleo.o
                0x080069dc                BSP_PB_Init
 .text.I2C_EXPBD_Init
                0x08006a5c       0xc8 Drivers\BSP\X_NUCLEO_IKS01A2\x_nucleo_iks01a2.o
 .text.Sensor_IO_Init
                0x08006b24       0xc8 Drivers\BSP\X_NUCLEO_IKS01A2\x_nucleo_iks01a2.o
                0x08006b24                Sensor_IO_Init
 .text.LSM6DSL_Sensor_IO_ITConfig
                0x08006bec       0xa8 Drivers\BSP\X_NUCLEO_IKS01A2\x_nucleo_iks01a2.o
                0x08006bec                LSM6DSL_Sensor_IO_ITConfig
 .text.LPS22HB_Sensor_IO_ITConfig
                0x08006c94       0x58 Drivers\BSP\X_NUCLEO_IKS01A2\x_nucleo_iks01a2.o
                0x08006c94                LPS22HB_Sensor_IO_ITConfig
 .text.Sensor_IO_Write
                0x08006cec       0x9c Drivers\BSP\X_NUCLEO_IKS01A2\x_nucleo_iks01a2.o
                0x08006cec                Sensor_IO_Write
 .text.Sensor_IO_Read
                0x08006d88       0x9c Drivers\BSP\X_NUCLEO_IKS01A2\x_nucleo_iks01a2.o
                0x08006d88                Sensor_IO_Read
 .text.BSP_ACCELERO_Init
                0x08006e24      0x1d4 Drivers\BSP\X_NUCLEO_IKS01A2\x_nucleo_iks01a2_accelero.o
                0x08006e24                BSP_ACCELERO_Init
 .text.BSP_ACCELERO_Sensor_Enable
                0x08006ff8       0x20 Drivers\BSP\X_NUCLEO_IKS01A2\x_nucleo_iks01a2_accelero.o
                0x08006ff8                BSP_ACCELERO_Sensor_Enable
 .text.BSP_ACCELERO_Sensor_Disable
                0x08007018       0x20 Drivers\BSP\X_NUCLEO_IKS01A2\x_nucleo_iks01a2_accelero.o
                0x08007018                BSP_ACCELERO_Sensor_Disable
 .text.BSP_ACCELERO_IsInitialized
                0x08007038       0x10 Drivers\BSP\X_NUCLEO_IKS01A2\x_nucleo_iks01a2_accelero.o
                0x08007038                BSP_ACCELERO_IsInitialized
 .text.BSP_ACCELERO_Get_Instance
                0x08007048       0x10 Drivers\BSP\X_NUCLEO_IKS01A2\x_nucleo_iks01a2_accelero.o
                0x08007048                BSP_ACCELERO_Get_Instance
 .text.BSP_ACCELERO_Get_Axes
                0x08007058       0x24 Drivers\BSP\X_NUCLEO_IKS01A2\x_nucleo_iks01a2_accelero.o
                0x08007058                BSP_ACCELERO_Get_Axes
 .text.BSP_ACCELERO_Set_ODR_Value
                0x0800707c       0x20 Drivers\BSP\X_NUCLEO_IKS01A2\x_nucleo_iks01a2_accelero.o
                0x0800707c                BSP_ACCELERO_Set_ODR_Value
 .text.BSP_ACCELERO_Set_FS_Value
                0x0800709c       0x20 Drivers\BSP\X_NUCLEO_IKS01A2\x_nucleo_iks01a2_accelero.o
                0x0800709c                BSP_ACCELERO_Set_FS_Value
 .text.BSP_ACCELERO_Read_Reg
                0x080070bc       0x24 Drivers\BSP\X_NUCLEO_IKS01A2\x_nucleo_iks01a2_accelero.o
                0x080070bc                BSP_ACCELERO_Read_Reg
 .text.BSP_ACCELERO_Write_Reg
                0x080070e0       0x20 Drivers\BSP\X_NUCLEO_IKS01A2\x_nucleo_iks01a2_accelero.o
                0x080070e0                BSP_ACCELERO_Write_Reg
 .text.BSP_ACCELERO_Get_DRDY_Status
                0x08007100       0x20 Drivers\BSP\X_NUCLEO_IKS01A2\x_nucleo_iks01a2_accelero.o
                0x08007100                BSP_ACCELERO_Get_DRDY_Status
 .text.BSP_GYRO_Init
                0x08007120       0xf4 Drivers\BSP\X_NUCLEO_IKS01A2\x_nucleo_iks01a2_gyro.o
                0x08007120                BSP_GYRO_Init
 .text.BSP_GYRO_Sensor_Enable
                0x08007214       0x20 Drivers\BSP\X_NUCLEO_IKS01A2\x_nucleo_iks01a2_gyro.o
                0x08007214                BSP_GYRO_Sensor_Enable
 .text.BSP_GYRO_Sensor_Disable
                0x08007234       0x20 Drivers\BSP\X_NUCLEO_IKS01A2\x_nucleo_iks01a2_gyro.o
                0x08007234                BSP_GYRO_Sensor_Disable
 .text.BSP_GYRO_Get_Instance
                0x08007254       0x10 Drivers\BSP\X_NUCLEO_IKS01A2\x_nucleo_iks01a2_gyro.o
                0x08007254                BSP_GYRO_Get_Instance
 .text.BSP_GYRO_Set_ODR_Value
                0x08007264       0x20 Drivers\BSP\X_NUCLEO_IKS01A2\x_nucleo_iks01a2_gyro.o
                0x08007264                BSP_GYRO_Set_ODR_Value
 .text.BSP_GYRO_Set_FS_Value
                0x08007284       0x20 Drivers\BSP\X_NUCLEO_IKS01A2\x_nucleo_iks01a2_gyro.o
                0x08007284                BSP_GYRO_Set_FS_Value
 .text.BSP_GYRO_Read_Reg
                0x080072a4       0x24 Drivers\BSP\X_NUCLEO_IKS01A2\x_nucleo_iks01a2_gyro.o
                0x080072a4                BSP_GYRO_Read_Reg
 .text.BSP_GYRO_Write_Reg
                0x080072c8       0x20 Drivers\BSP\X_NUCLEO_IKS01A2\x_nucleo_iks01a2_gyro.o
                0x080072c8                BSP_GYRO_Write_Reg
 .text.BSP_HUMIDITY_Init
                0x080072e8       0xe0 Drivers\BSP\X_NUCLEO_IKS01A2\x_nucleo_iks01a2_humidity.o
                0x080072e8                BSP_HUMIDITY_Init
 .text.BSP_HUMIDITY_Sensor_Enable
                0x080073c8       0x20 Drivers\BSP\X_NUCLEO_IKS01A2\x_nucleo_iks01a2_humidity.o
                0x080073c8                BSP_HUMIDITY_Sensor_Enable
 .text.BSP_HUMIDITY_Sensor_Disable
                0x080073e8       0x20 Drivers\BSP\X_NUCLEO_IKS01A2\x_nucleo_iks01a2_humidity.o
                0x080073e8                BSP_HUMIDITY_Sensor_Disable
 .text.BSP_HUMIDITY_Get_Instance
                0x08007408       0x10 Drivers\BSP\X_NUCLEO_IKS01A2\x_nucleo_iks01a2_humidity.o
                0x08007408                BSP_HUMIDITY_Get_Instance
 .text.BSP_HUMIDITY_Set_ODR_Value
                0x08007418       0x20 Drivers\BSP\X_NUCLEO_IKS01A2\x_nucleo_iks01a2_humidity.o
                0x08007418                BSP_HUMIDITY_Set_ODR_Value
 .text.BSP_HUMIDITY_Read_Reg
                0x08007438       0x24 Drivers\BSP\X_NUCLEO_IKS01A2\x_nucleo_iks01a2_humidity.o
                0x08007438                BSP_HUMIDITY_Read_Reg
 .text.BSP_HUMIDITY_Write_Reg
                0x0800745c       0x20 Drivers\BSP\X_NUCLEO_IKS01A2\x_nucleo_iks01a2_humidity.o
                0x0800745c                BSP_HUMIDITY_Write_Reg
 .text.BSP_MAGNETO_Init
                0x0800747c       0xe0 Drivers\BSP\X_NUCLEO_IKS01A2\x_nucleo_iks01a2_magneto.o
                0x0800747c                BSP_MAGNETO_Init
 .text.BSP_MAGNETO_Sensor_Enable
                0x0800755c       0x20 Drivers\BSP\X_NUCLEO_IKS01A2\x_nucleo_iks01a2_magneto.o
                0x0800755c                BSP_MAGNETO_Sensor_Enable
 .text.BSP_MAGNETO_Sensor_Disable
                0x0800757c       0x20 Drivers\BSP\X_NUCLEO_IKS01A2\x_nucleo_iks01a2_magneto.o
                0x0800757c                BSP_MAGNETO_Sensor_Disable
 .text.BSP_MAGNETO_Get_Instance
                0x0800759c       0x10 Drivers\BSP\X_NUCLEO_IKS01A2\x_nucleo_iks01a2_magneto.o
                0x0800759c                BSP_MAGNETO_Get_Instance
 .text.BSP_MAGNETO_Set_ODR_Value
                0x080075ac       0x20 Drivers\BSP\X_NUCLEO_IKS01A2\x_nucleo_iks01a2_magneto.o
                0x080075ac                BSP_MAGNETO_Set_ODR_Value
 .text.BSP_MAGNETO_Read_Reg
                0x080075cc       0x24 Drivers\BSP\X_NUCLEO_IKS01A2\x_nucleo_iks01a2_magneto.o
                0x080075cc                BSP_MAGNETO_Read_Reg
 .text.BSP_MAGNETO_Write_Reg
                0x080075f0       0x20 Drivers\BSP\X_NUCLEO_IKS01A2\x_nucleo_iks01a2_magneto.o
                0x080075f0                BSP_MAGNETO_Write_Reg
 .text.BSP_PRESSURE_Init
                0x08007610       0xf4 Drivers\BSP\X_NUCLEO_IKS01A2\x_nucleo_iks01a2_pressure.o
                0x08007610                BSP_PRESSURE_Init
 .text.BSP_PRESSURE_Sensor_Enable
                0x08007704       0x20 Drivers\BSP\X_NUCLEO_IKS01A2\x_nucleo_iks01a2_pressure.o
                0x08007704                BSP_PRESSURE_Sensor_Enable
 .text.BSP_PRESSURE_Sensor_Disable
                0x08007724       0x20 Drivers\BSP\X_NUCLEO_IKS01A2\x_nucleo_iks01a2_pressure.o
                0x08007724                BSP_PRESSURE_Sensor_Disable
 .text.BSP_PRESSURE_Get_Instance
                0x08007744       0x10 Drivers\BSP\X_NUCLEO_IKS01A2\x_nucleo_iks01a2_pressure.o
                0x08007744                BSP_PRESSURE_Get_Instance
 .text.BSP_PRESSURE_Set_ODR_Value
                0x08007754       0x20 Drivers\BSP\X_NUCLEO_IKS01A2\x_nucleo_iks01a2_pressure.o
                0x08007754                BSP_PRESSURE_Set_ODR_Value
 .text.BSP_PRESSURE_Read_Reg
                0x08007774       0x24 Drivers\BSP\X_NUCLEO_IKS01A2\x_nucleo_iks01a2_pressure.o
                0x08007774                BSP_PRESSURE_Read_Reg
 .text.BSP_PRESSURE_Write_Reg
                0x08007798       0x20 Drivers\BSP\X_NUCLEO_IKS01A2\x_nucleo_iks01a2_pressure.o
                0x08007798                BSP_PRESSURE_Write_Reg
 .text.BSP_TEMPERATURE_Init
                0x080077b8      0x1cc Drivers\BSP\X_NUCLEO_IKS01A2\x_nucleo_iks01a2_temperature.o
                0x080077b8                BSP_TEMPERATURE_Init
 .text.BSP_TEMPERATURE_Sensor_Enable
                0x08007984       0x20 Drivers\BSP\X_NUCLEO_IKS01A2\x_nucleo_iks01a2_temperature.o
                0x08007984                BSP_TEMPERATURE_Sensor_Enable
 .text.BSP_TEMPERATURE_Sensor_Disable
                0x080079a4       0x20 Drivers\BSP\X_NUCLEO_IKS01A2\x_nucleo_iks01a2_temperature.o
                0x080079a4                BSP_TEMPERATURE_Sensor_Disable
 .text.BSP_TEMPERATURE_Get_Instance
                0x080079c4       0x10 Drivers\BSP\X_NUCLEO_IKS01A2\x_nucleo_iks01a2_temperature.o
                0x080079c4                BSP_TEMPERATURE_Get_Instance
 .text.BSP_TEMPERATURE_Set_ODR_Value
                0x080079d4       0x20 Drivers\BSP\X_NUCLEO_IKS01A2\x_nucleo_iks01a2_temperature.o
                0x080079d4                BSP_TEMPERATURE_Set_ODR_Value
 .text.BSP_TEMPERATURE_Read_Reg
                0x080079f4       0x24 Drivers\BSP\X_NUCLEO_IKS01A2\x_nucleo_iks01a2_temperature.o
                0x080079f4                BSP_TEMPERATURE_Read_Reg
 .text.BSP_TEMPERATURE_Write_Reg
                0x08007a18       0x20 Drivers\BSP\X_NUCLEO_IKS01A2\x_nucleo_iks01a2_temperature.o
                0x08007a18                BSP_TEMPERATURE_Write_Reg
 .text.SystemInit
                0x08007a38       0x50 Drivers\CMSIS\system_stm32f4xx.o
                0x08007a38                SystemInit
 .text.HAL_InitTick
                0x08007a88       0x44 Drivers\STM32F4xx_HAL_Driver\stm32f4xx_hal.o
                0x08007a88                HAL_InitTick
 .text.HAL_Init
                0x08007acc       0x34 Drivers\STM32F4xx_HAL_Driver\stm32f4xx_hal.o
                0x08007acc                HAL_Init
 .text.HAL_IncTick
                0x08007b00       0x18 Drivers\STM32F4xx_HAL_Driver\stm32f4xx_hal.o
                0x08007b00                HAL_IncTick
 .text.HAL_GetTick
                0x08007b18        0xc Drivers\STM32F4xx_HAL_Driver\stm32f4xx_hal.o
                0x08007b18                HAL_GetTick
 .text.HAL_NVIC_SetPriorityGrouping
                0x08007b24       0x24 Drivers\STM32F4xx_HAL_Driver\stm32f4xx_hal_cortex.o
                0x08007b24                HAL_NVIC_SetPriorityGrouping
 .text.HAL_NVIC_SetPriority
                0x08007b48       0x6c Drivers\STM32F4xx_HAL_Driver\stm32f4xx_hal_cortex.o
                0x08007b48                HAL_NVIC_SetPriority
 .text.HAL_NVIC_EnableIRQ
                0x08007bb4       0x18 Drivers\STM32F4xx_HAL_Driver\stm32f4xx_hal_cortex.o
                0x08007bb4                HAL_NVIC_EnableIRQ
 .text.HAL_SYSTICK_Config
                0x08007bcc       0x34 Drivers\STM32F4xx_HAL_Driver\stm32f4xx_hal_cortex.o
                0x08007bcc                HAL_SYSTICK_Config
 .text.HAL_SYSTICK_CLKSourceConfig
                0x08007c00       0x18 Drivers\STM32F4xx_HAL_Driver\stm32f4xx_hal_cortex.o
                0x08007c00                HAL_SYSTICK_CLKSourceConfig
 .text.HAL_SYSTICK_Callback
                0x08007c18        0x4 Drivers\STM32F4xx_HAL_Driver\stm32f4xx_hal_cortex.o
                0x08007c18                HAL_SYSTICK_Callback
 .text.HAL_SYSTICK_IRQHandler
                0x08007c1c        0x8 Drivers\STM32F4xx_HAL_Driver\stm32f4xx_hal_cortex.o
                0x08007c1c                HAL_SYSTICK_IRQHandler
 .text.HAL_DMA_Init
                0x08007c24      0x134 Drivers\STM32F4xx_HAL_Driver\stm32f4xx_hal_dma.o
                0x08007c24                HAL_DMA_Init
 .text.HAL_DMA_Start_IT
                0x08007d58       0x84 Drivers\STM32F4xx_HAL_Driver\stm32f4xx_hal_dma.o
                0x08007d58                HAL_DMA_Start_IT
 .text.HAL_GPIO_Init
                0x08007ddc      0x1dc Drivers\STM32F4xx_HAL_Driver\stm32f4xx_hal_gpio.o
                0x08007ddc                HAL_GPIO_Init
 .text.HAL_GPIO_WritePin
                0x08007fb8        0x8 Drivers\STM32F4xx_HAL_Driver\stm32f4xx_hal_gpio.o
                0x08007fb8                HAL_GPIO_WritePin
 .text.HAL_GPIO_TogglePin
                0x08007fc0        0x8 Drivers\STM32F4xx_HAL_Driver\stm32f4xx_hal_gpio.o
                0x08007fc0                HAL_GPIO_TogglePin
 .text.HAL_GPIO_EXTI_IRQHandler
                0x08007fc8       0x18 Drivers\STM32F4xx_HAL_Driver\stm32f4xx_hal_gpio.o
                0x08007fc8                HAL_GPIO_EXTI_IRQHandler
 .text.unlikely.I2C_WaitOnMasterAddressFlagUntilTimeout.constprop.10
                0x08007fe0       0x64 Drivers\STM32F4xx_HAL_Driver\stm32f4xx_hal_i2c.o
 .text.I2C_RequestMemoryWrite
                0x08008044      0x190 Drivers\STM32F4xx_HAL_Driver\stm32f4xx_hal_i2c.o
 .text.I2C_RequestMemoryRead
                0x080081d4      0x208 Drivers\STM32F4xx_HAL_Driver\stm32f4xx_hal_i2c.o
 .text.HAL_I2C_MspInit
                0x080083dc        0x4 Drivers\STM32F4xx_HAL_Driver\stm32f4xx_hal_i2c.o
                0x080083dc                HAL_I2C_MspInit
 .text.HAL_I2C_Init
                0x080083e0       0xf0 Drivers\STM32F4xx_HAL_Driver\stm32f4xx_hal_i2c.o
                0x080083e0                HAL_I2C_Init
 .text.HAL_I2C_MspDeInit
                0x080084d0        0x4 Drivers\STM32F4xx_HAL_Driver\stm32f4xx_hal_i2c.o
                0x080084d0                HAL_I2C_MspDeInit
 .text.HAL_I2C_DeInit
                0x080084d4       0x34 Drivers\STM32F4xx_HAL_Driver\stm32f4xx_hal_i2c.o
                0x080084d4                HAL_I2C_DeInit
 .text.HAL_I2C_Mem_Write
                0x08008508      0x1d4 Drivers\STM32F4xx_HAL_Driver\stm32f4xx_hal_i2c.o
                0x08008508                HAL_I2C_Mem_Write
 .text.HAL_I2C_Mem_Read
                0x080086dc      0x2ec Drivers\STM32F4xx_HAL_Driver\stm32f4xx_hal_i2c.o
                0x080086dc                HAL_I2C_Mem_Read
 .text.HAL_I2C_GetState
                0x080089c8        0x8 Drivers\STM32F4xx_HAL_Driver\stm32f4xx_hal_i2c.o
                0x080089c8                HAL_I2C_GetState
 .text.HAL_RCC_OscConfig
                0x080089d0      0x378 Drivers\STM32F4xx_HAL_Driver\stm32f4xx_hal_rcc.o
                0x080089d0                HAL_RCC_OscConfig
 .text.HAL_RCC_GetSysClockFreq
                0x08008d48       0x6c Drivers\STM32F4xx_HAL_Driver\stm32f4xx_hal_rcc.o
                0x08008d48                HAL_RCC_GetSysClockFreq
 .text.HAL_RCC_ClockConfig
                0x08008db4      0x134 Drivers\STM32F4xx_HAL_Driver\stm32f4xx_hal_rcc.o
                0x08008db4                HAL_RCC_ClockConfig
 .text.HAL_RCC_GetHCLKFreq
                0x08008ee8        0xc Drivers\STM32F4xx_HAL_Driver\stm32f4xx_hal_rcc.o
                0x08008ee8                HAL_RCC_GetHCLKFreq
 .text.HAL_RCC_GetPCLK1Freq
                0x08008ef4       0x20 Drivers\STM32F4xx_HAL_Driver\stm32f4xx_hal_rcc.o
                0x08008ef4                HAL_RCC_GetPCLK1Freq
 .text.HAL_RCC_GetPCLK2Freq
                0x08008f14       0x20 Drivers\STM32F4xx_HAL_Driver\stm32f4xx_hal_rcc.o
                0x08008f14                HAL_RCC_GetPCLK2Freq
 .text.HAL_RCCEx_PeriphCLKConfig
                0x08008f34      0x150 Drivers\STM32F4xx_HAL_Driver\stm32f4xx_hal_rcc_ex.o
                0x08008f34                HAL_RCCEx_PeriphCLKConfig
 .text.HAL_RTC_Init
                0x08009084       0xd8 Drivers\STM32F4xx_HAL_Driver\stm32f4xx_hal_rtc.o
                0x08009084                HAL_RTC_Init
 .text.HAL_RTC_SetTime
                0x0800915c      0x17c Drivers\STM32F4xx_HAL_Driver\stm32f4xx_hal_rtc.o
                0x0800915c                HAL_RTC_SetTime
 .text.HAL_RTC_GetTime
                0x080092d8       0x6c Drivers\STM32F4xx_HAL_Driver\stm32f4xx_hal_rtc.o
                0x080092d8                HAL_RTC_GetTime
 .text.HAL_RTC_SetDate
                0x08009344      0x144 Drivers\STM32F4xx_HAL_Driver\stm32f4xx_hal_rtc.o
                0x08009344                HAL_RTC_SetDate
 .text.HAL_RTC_GetDate
                0x08009488       0x60 Drivers\STM32F4xx_HAL_Driver\stm32f4xx_hal_rtc.o
                0x08009488                HAL_RTC_GetDate
 .text.UART_SetConfig
                0x080094e8      0x300 Drivers\STM32F4xx_HAL_Driver\stm32f4xx_hal_uart.o
 .text.HAL_UART_MspInit
                0x080097e8        0x4 Drivers\STM32F4xx_HAL_Driver\stm32f4xx_hal_uart.o
                0x080097e8                HAL_UART_MspInit
 .text.HAL_UART_Init
                0x080097ec       0x60 Drivers\STM32F4xx_HAL_Driver\stm32f4xx_hal_uart.o
                0x080097ec                HAL_UART_Init
 .text.HAL_UART_Transmit
                0x0800984c      0x108 Drivers\STM32F4xx_HAL_Driver\stm32f4xx_hal_uart.o
                0x0800984c                HAL_UART_Transmit
 .text.HAL_UART_Receive_DMA
                0x08009954       0x94 Drivers\STM32F4xx_HAL_Driver\stm32f4xx_hal_uart.o
                0x08009954                HAL_UART_Receive_DMA
 .text.HAL_UART_RxCpltCallback
                0x080099e8        0x4 Drivers\STM32F4xx_HAL_Driver\stm32f4xx_hal_uart.o
                0x080099e8                HAL_UART_RxCpltCallback
 .text.UART_DMAReceiveCplt
                0x080099ec       0x38 Drivers\STM32F4xx_HAL_Driver\stm32f4xx_hal_uart.o
 .text.HAL_UART_RxHalfCpltCallback
                0x08009a24        0x4 Drivers\STM32F4xx_HAL_Driver\stm32f4xx_hal_uart.o
                0x08009a24                HAL_UART_RxHalfCpltCallback
 .text.UART_DMARxHalfCplt
                0x08009a28        0xc Drivers\STM32F4xx_HAL_Driver\stm32f4xx_hal_uart.o
 .text.HAL_UART_ErrorCallback
                0x08009a34        0x4 Drivers\STM32F4xx_HAL_Driver\stm32f4xx_hal_uart.o
                0x08009a34                HAL_UART_ErrorCallback
 .text.UART_DMAError
                0x08009a38       0x60 Drivers\STM32F4xx_HAL_Driver\stm32f4xx_hal_uart.o
 .text.Reset_Handler
                0x08009a98       0x50 Example\SW4STM32\startup_stm32f401xe.o
                0x08009a98                Reset_Handler
 .text.Default_Handler
                0x08009ae8        0x2 Example\SW4STM32\startup_stm32f401xe.o
                0x08009ae8                RTC_Alarm_IRQHandler
                0x08009ae8                EXTI2_IRQHandler
                0x08009ae8                SPI4_IRQHandler
                0x08009ae8                TIM1_CC_IRQHandler
                0x08009ae8                DMA2_Stream5_IRQHandler
                0x08009ae8                DMA1_Stream5_IRQHandler
                0x08009ae8                PVD_IRQHandler
                0x08009ae8                SDIO_IRQHandler
                0x08009ae8                TAMP_STAMP_IRQHandler
                0x08009ae8                EXTI3_IRQHandler
                0x08009ae8                TIM1_UP_TIM10_IRQHandler
                0x08009ae8                I2C3_ER_IRQHandler
                0x08009ae8                EXTI0_IRQHandler
                0x08009ae8                I2C2_EV_IRQHandler
                0x08009ae8                DMA1_Stream2_IRQHandler
                0x08009ae8                FPU_IRQHandler
                0x08009ae8                UsageFault_Handler
                0x08009ae8                DMA2_Stream2_IRQHandler
                0x08009ae8                SPI1_IRQHandler
                0x08009ae8                TIM1_BRK_TIM9_IRQHandler
                0x08009ae8                DMA2_Stream3_IRQHandler
                0x08009ae8                USART6_IRQHandler
                0x08009ae8                DMA2_Stream0_IRQHandler
                0x08009ae8                TIM4_IRQHandler
                0x08009ae8                I2C1_EV_IRQHandler
                0x08009ae8                DMA1_Stream6_IRQHandler
                0x08009ae8                DMA1_Stream1_IRQHandler
                0x08009ae8                TIM3_IRQHandler
                0x08009ae8                RCC_IRQHandler
                0x08009ae8                Default_Handler
                0x08009ae8                ADC_IRQHandler
                0x08009ae8                DMA1_Stream7_IRQHandler
                0x08009ae8                TIM5_IRQHandler
                0x08009ae8                DMA2_Stream7_IRQHandler
                0x08009ae8                I2C3_EV_IRQHandler
                0x08009ae8                EXTI9_5_IRQHandler
                0x08009ae8                RTC_WKUP_IRQHandler
                0x08009ae8                SPI2_IRQHandler
                0x08009ae8                MemManage_Handler
                0x08009ae8                DMA1_Stream0_IRQHandler
                0x08009ae8                EXTI4_IRQHandler
                0x08009ae8                WWDG_IRQHandler
                0x08009ae8                TIM2_IRQHandler
                0x08009ae8                OTG_FS_WKUP_IRQHandler
                0x08009ae8                TIM1_TRG_COM_TIM11_IRQHandler
                0x08009ae8                EXTI1_IRQHandler
                0x08009ae8                USART2_IRQHandler
                0x08009ae8                I2C2_ER_IRQHandler
                0x08009ae8                DMA2_Stream1_IRQHandler
                0x08009ae8                FLASH_IRQHandler
                0x08009ae8                DMA2_Stream4_IRQHandler
                0x08009ae8                BusFault_Handler
                0x08009ae8                USART1_IRQHandler
                0x08009ae8                OTG_FS_IRQHandler
                0x08009ae8                SPI3_IRQHandler
                0x08009ae8                DMA1_Stream4_IRQHandler
                0x08009ae8                I2C1_ER_IRQHandler
                0x08009ae8                DMA2_Stream6_IRQHandler
                0x08009ae8                DMA1_Stream3_IRQHandler
 *fill*         0x08009aea        0x2 
 .text.BUILD_REPLY_HEADER
                0x08009aec       0x10 Example\User\DemoSerial.o
                0x08009aec                BUILD_REPLY_HEADER
 .text.INIT_STREAMING_HEADER
                0x08009afc       0x18 Example\User\DemoSerial.o
                0x08009afc                INIT_STREAMING_HEADER
 .text.HandleMSG
                0x08009b14      0x2f0 Example\User\DemoSerial.o
                0x08009b14                HandleMSG
 .text.UART_ReceivedMSG
                0x08009e04       0xf4 Example\User\com.o
                0x08009e04                UART_ReceivedMSG
 .text.UART_SendMsg
                0x08009ef8       0x2c Example\User\com.o
                0x08009ef8                UART_SendMsg
 .text.USART_DMA_Configuration
                0x08009f24       0x20 Example\User\com.o
                0x08009f24                USART_DMA_Configuration
 .text.USARTConfig
                0x08009f44       0xd8 Example\User\com.o
                0x08009f44                USARTConfig
 .text.Get_DMA_Flag_Status
                0x0800a01c       0xcc Example\User\cube_hal_f4.o
                0x0800a01c                Get_DMA_Flag_Status
 .text.Get_DMA_Counter
                0x0800a0e8        0x8 Example\User\cube_hal_f4.o
                0x0800a0e8                Get_DMA_Counter
 .text.Config_DMA_Handler
                0x0800a0f0       0x40 Example\User\cube_hal_f4.o
                0x0800a0f0                Config_DMA_Handler
 .text.Accelero_Sensor_Handler.part.0
                0x0800a130       0xa0 Example\User\main.o
 .text.HAL_TIMEx_MasterConfigSynchronization.part.2
                0x0800a1d0       0x40 Example\User\main.o
 .text.unlikely.HAL_TIM_PWM_ConfigChannel.part.1.constprop.4
                0x0800a210       0x8c Example\User\main.o
 .text.HAL_GPIO_EXTI_Callback
                0x0800a29c       0x54 Example\User\main.o
                0x0800a29c                HAL_GPIO_EXTI_Callback
 .text.RTC_TimeRegulate
                0x0800a2f0       0x34 Example\User\main.o
                0x0800a2f0                RTC_TimeRegulate
 .text.SystemClock_Config
                0x0800a324       0xb4 Example\User\main.o
                0x0800a324                SystemClock_Config
 .text.user_pwm_tim4_setvalue
                0x0800a3d8       0xb4 Example\User\main.o
                0x0800a3d8                user_pwm_tim4_setvalue
 .text.user_pwm_tim3_setvalue
                0x0800a48c       0xb4 Example\User\main.o
                0x0800a48c                user_pwm_tim3_setvalue
 .text._Error_Handler
                0x0800a540        0x4 Example\User\main.o
                0x0800a540                _Error_Handler
 .text.HAL_TIM_PWM_Init
                0x0800a544       0xc0 Example\User\main.o
                0x0800a544                HAL_TIM_PWM_Init
 .text.startup.main
                0x0800a604      0x6d4 Example\User\main.o
                0x0800a604                main
 .text.SC_Get_Sensor_Name
                0x0800acd8      0x224 Example\User\sensor_commands.o
                0x0800acd8                SC_Get_Sensor_Name
 .text.SC_Read_Register
                0x0800aefc       0xb0 Example\User\sensor_commands.o
                0x0800aefc                SC_Read_Register
 .text.SC_Write_Register
                0x0800afac       0x98 Example\User\sensor_commands.o
                0x0800afac                SC_Write_Register
 .text.SC_Get_Full_Scale_List
                0x0800b044      0x2c8 Example\User\sensor_commands.o
                0x0800b044                SC_Get_Full_Scale_List
 .text.SC_Get_ODR_List
                0x0800b30c      0x3a8 Example\User\sensor_commands.o
                0x0800b30c                SC_Get_ODR_List
 .text.SC_Set_ODR
                0x0800b6b4       0xa8 Example\User\sensor_commands.o
                0x0800b6b4                SC_Set_ODR
 .text.Handle_Sensor_command
                0x0800b75c       0x98 Example\User\sensor_commands.o
                0x0800b75c                Handle_Sensor_command
 .text.ByteStuffCopy
                0x0800b7f4       0x60 Example\User\serial_protocol.o
                0x0800b7f4                ByteStuffCopy
 .text.ReverseByteStuffCopyByte2
                0x0800b854       0x24 Example\User\serial_protocol.o
                0x0800b854                ReverseByteStuffCopyByte2
 .text.CHK_ComputeAndAdd
                0x0800b878       0xdc Example\User\serial_protocol.o
                0x0800b878                CHK_ComputeAndAdd
 .text.CHK_CheckAndRemove
                0x0800b954       0xcc Example\User\serial_protocol.o
                0x0800b954                CHK_CheckAndRemove
 .text.Serialize
                0x0800ba20       0x14 Example\User\serial_protocol.o
                0x0800ba20                Serialize
 .text.Deserialize
                0x0800ba34       0x18 Example\User\serial_protocol.o
                0x0800ba34                Deserialize
 .text.Serialize_s32
                0x0800ba4c       0x14 Example\User\serial_protocol.o
                0x0800ba4c                Serialize_s32
 .text.HAL_RTC_MspInit
                0x0800ba60       0xac Example\User\stm32f4xx_hal_msp.o
                0x0800ba60                HAL_RTC_MspInit
 .text.HAL_MspInit
                0x0800bb0c       0x94 Example\User\stm32f4xx_hal_msp.o
                0x0800bb0c                HAL_MspInit
 .text.HAL_TIM_PWM_MspInit
                0x0800bba0       0x58 Example\User\stm32f4xx_hal_msp.o
                0x0800bba0                HAL_TIM_PWM_MspInit
 .text.HAL_TIM_MspPostInit
                0x0800bbf8       0x60 Example\User\stm32f4xx_hal_msp.o
                0x0800bbf8                HAL_TIM_MspPostInit
 .text.NMI_Handler
                0x0800bc58        0x4 Example\User\stm32f4xx_it.o
                0x0800bc58                NMI_Handler
 .text.HardFault_Handler
                0x0800bc5c        0x4 Example\User\stm32f4xx_it.o
                0x0800bc5c                HardFault_Handler
 .text.DebugMon_Handler
                0x0800bc60        0x4 Example\User\stm32f4xx_it.o
                0x0800bc60                DebugMon_Handler
 .text.EXTI15_10_IRQHandler
                0x0800bc64        0x8 Example\User\stm32f4xx_it.o
                0x0800bc64                EXTI15_10_IRQHandler
 .text.SVC_Handler
                0x0800bc6c        0x4 Example\User\stm32f4xx_it.o
                0x0800bc6c                SVC_Handler
 .text.PendSV_Handler
                0x0800bc70        0x4 Example\User\stm32f4xx_it.o
                0x0800bc70                PendSV_Handler
 .text.SysTick_Handler
                0x0800bc74       0x10 Example\User\stm32f4xx_it.o
                0x0800bc74                SysTick_Handler
 .text._read    0x0800bc84       0x1c Example\User\syscalls.o
                0x0800bc84                _read
 .text._write   0x0800bca0       0x1c Example\User\syscalls.o
                0x0800bca0                _write
 .text._sbrk    0x0800bcbc       0x34 Example\User\syscalls.o
                0x0800bcbc                _sbrk
 .text._close   0x0800bcf0        0x8 Example\User\syscalls.o
                0x0800bcf0                _close
 .text._fstat   0x0800bcf8        0xc Example\User\syscalls.o
                0x0800bcf8                _fstat
 .text._isatty  0x0800bd04        0x4 Example\User\syscalls.o
                0x0800bd04                _isatty
 .text._lseek   0x0800bd08        0x4 Example\User\syscalls.o
                0x0800bd08                _lseek
 .text.__errno  0x0800bd0c        0xc c:/program files (x86)/atollic/truestudio for stm32 9.0.1/armtools/bin/../lib/gcc/arm-atollic-eabi/6.3.1/../../../../arm-atollic-eabi/lib/armv7e-m/fpu\libc_nano.a(lib_a-errno.o)
                0x0800bd0c                __errno
 .text.__libc_init_array
                0x0800bd18       0x48 c:/program files (x86)/atollic/truestudio for stm32 9.0.1/armtools/bin/../lib/gcc/arm-atollic-eabi/6.3.1/../../../../arm-atollic-eabi/lib/armv7e-m/fpu\libc_nano.a(lib_a-init.o)
                0x0800bd18                __libc_init_array
 .text.memset   0x0800bd60       0x10 c:/program files (x86)/atollic/truestudio for stm32 9.0.1/armtools/bin/../lib/gcc/arm-atollic-eabi/6.3.1/../../../../arm-atollic-eabi/lib/armv7e-m/fpu\libc_nano.a(lib_a-memset.o)
                0x0800bd60                memset
 .text.printf   0x0800bd70       0x30 c:/program files (x86)/atollic/truestudio for stm32 9.0.1/armtools/bin/../lib/gcc/arm-atollic-eabi/6.3.1/../../../../arm-atollic-eabi/lib/armv7e-m/fpu\libc_nano.a(lib_a-printf.o)
                0x0800bd70                iprintf
                0x0800bd70                printf
 .text.snprintf
                0x0800bda0       0x68 c:/program files (x86)/atollic/truestudio for stm32 9.0.1/armtools/bin/../lib/gcc/arm-atollic-eabi/6.3.1/../../../../arm-atollic-eabi/lib/armv7e-m/fpu\libc_nano.a(lib_a-snprintf.o)
                0x0800bda0                sniprintf
                0x0800bda0                snprintf
 .text._cleanup_r
                0x0800be08        0xc c:/program files (x86)/atollic/truestudio for stm32 9.0.1/armtools/bin/../lib/gcc/arm-atollic-eabi/6.3.1/../../../../arm-atollic-eabi/lib/armv7e-m/fpu\libc_nano.a(lib_a-findfp.o)
                0x0800be08                _cleanup_r
 .text.std.isra.0
                0x0800be14       0x48 c:/program files (x86)/atollic/truestudio for stm32 9.0.1/armtools/bin/../lib/gcc/arm-atollic-eabi/6.3.1/../../../../arm-atollic-eabi/lib/armv7e-m/fpu\libc_nano.a(lib_a-findfp.o)
 .text.__sfmoreglue
                0x0800be5c       0x2c c:/program files (x86)/atollic/truestudio for stm32 9.0.1/armtools/bin/../lib/gcc/arm-atollic-eabi/6.3.1/../../../../arm-atollic-eabi/lib/armv7e-m/fpu\libc_nano.a(lib_a-findfp.o)
                0x0800be5c                __sfmoreglue
 .text.__sinit  0x0800be88       0x60 c:/program files (x86)/atollic/truestudio for stm32 9.0.1/armtools/bin/../lib/gcc/arm-atollic-eabi/6.3.1/../../../../arm-atollic-eabi/lib/armv7e-m/fpu\libc_nano.a(lib_a-findfp.o)
                0x0800be88                __sinit
 .text.__sfp    0x0800bee8       0x78 c:/program files (x86)/atollic/truestudio for stm32 9.0.1/armtools/bin/../lib/gcc/arm-atollic-eabi/6.3.1/../../../../arm-atollic-eabi/lib/armv7e-m/fpu\libc_nano.a(lib_a-findfp.o)
                0x0800bee8                __sfp
 .text._fwalk_reent
                0x0800bf60       0x3c c:/program files (x86)/atollic/truestudio for stm32 9.0.1/armtools/bin/../lib/gcc/arm-atollic-eabi/6.3.1/../../../../arm-atollic-eabi/lib/armv7e-m/fpu\libc_nano.a(lib_a-fwalk.o)
                0x0800bf60                _fwalk_reent
 .text._malloc_r
                0x0800bf9c       0xbc c:/program files (x86)/atollic/truestudio for stm32 9.0.1/armtools/bin/../lib/gcc/arm-atollic-eabi/6.3.1/../../../../arm-atollic-eabi/lib/armv7e-m/fpu\libc_nano.a(lib_a-nano-mallocr.o)
                0x0800bf9c                _malloc_r
 .text.__ssputs_r
                0x0800c058       0xb6 c:/program files (x86)/atollic/truestudio for stm32 9.0.1/armtools/bin/../lib/gcc/arm-atollic-eabi/6.3.1/../../../../arm-atollic-eabi/lib/armv7e-m/fpu\libc_nano.a(lib_a-nano-svfprintf.o)
                0x0800c058                __ssputs_r
 *fill*         0x0800c10e        0x2 
 .text._svfprintf_r
                0x0800c110      0x1e8 c:/program files (x86)/atollic/truestudio for stm32 9.0.1/armtools/bin/../lib/gcc/arm-atollic-eabi/6.3.1/../../../../arm-atollic-eabi/lib/armv7e-m/fpu\libc_nano.a(lib_a-nano-svfprintf.o)
                0x0800c110                _svfiprintf_r
                0x0800c110                _svfprintf_r
 .text.__sfputc_r
                0x0800c2f8       0x30 c:/program files (x86)/atollic/truestudio for stm32 9.0.1/armtools/bin/../lib/gcc/arm-atollic-eabi/6.3.1/../../../../arm-atollic-eabi/lib/armv7e-m/fpu\libc_nano.a(lib_a-nano-vfprintf.o)
 .text.__sfputs_r
                0x0800c328       0x24 c:/program files (x86)/atollic/truestudio for stm32 9.0.1/armtools/bin/../lib/gcc/arm-atollic-eabi/6.3.1/../../../../arm-atollic-eabi/lib/armv7e-m/fpu\libc_nano.a(lib_a-nano-vfprintf.o)
                0x0800c328                __sfputs_r
 .text._vfprintf_r
                0x0800c34c      0x22c c:/program files (x86)/atollic/truestudio for stm32 9.0.1/armtools/bin/../lib/gcc/arm-atollic-eabi/6.3.1/../../../../arm-atollic-eabi/lib/armv7e-m/fpu\libc_nano.a(lib_a-nano-vfprintf.o)
                0x0800c34c                _vfprintf_r
                0x0800c34c                _vfiprintf_r
 .text._printf_common
                0x0800c578       0xec c:/program files (x86)/atollic/truestudio for stm32 9.0.1/armtools/bin/../lib/gcc/arm-atollic-eabi/6.3.1/../../../../arm-atollic-eabi/lib/armv7e-m/fpu\libc_nano.a(lib_a-nano-vfprintf_i.o)
                0x0800c578                _printf_common
 .text._printf_i
                0x0800c664      0x240 c:/program files (x86)/atollic/truestudio for stm32 9.0.1/armtools/bin/../lib/gcc/arm-atollic-eabi/6.3.1/../../../../arm-atollic-eabi/lib/armv7e-m/fpu\libc_nano.a(lib_a-nano-vfprintf_i.o)
                0x0800c664                _printf_i
 .text._sbrk_r  0x0800c8a4       0x20 c:/program files (x86)/atollic/truestudio for stm32 9.0.1/armtools/bin/../lib/gcc/arm-atollic-eabi/6.3.1/../../../../arm-atollic-eabi/lib/armv7e-m/fpu\libc_nano.a(lib_a-sbrkr.o)
                0x0800c8a4                _sbrk_r
 .text.__sread  0x0800c8c4       0x22 c:/program files (x86)/atollic/truestudio for stm32 9.0.1/armtools/bin/../lib/gcc/arm-atollic-eabi/6.3.1/../../../../arm-atollic-eabi/lib/armv7e-m/fpu\libc_nano.a(lib_a-stdio.o)
                0x0800c8c4                __sread
 .text.__swrite