Archive member included to satisfy reference by file (symbol)

c:/program files (x86)/atollic/truestudio for stm32 9.0.1/armtools/bin/../lib/gcc/arm-atollic-eabi/6.3.1/../../../../arm-atollic-eabi/lib/armv7e-m/fpu\libc_nano.a(lib_a-errno.o)
                              Example\User\syscalls.o (__errno)
c:/program files (x86)/atollic/truestudio for stm32 9.0.1/armtools/bin/../lib/gcc/arm-atollic-eabi/6.3.1/../../../../arm-atollic-eabi/lib/armv7e-m/fpu\libc_nano.a(lib_a-impure.o)
                              c:/program files (x86)/atollic/truestudio for stm32 9.0.1/armtools/bin/../lib/gcc/arm-atollic-eabi/6.3.1/../../../../arm-atollic-eabi/lib/armv7e-m/fpu\libc_nano.a(lib_a-errno.o) (_impure_ptr)
c:/program files (x86)/atollic/truestudio for stm32 9.0.1/armtools/bin/../lib/gcc/arm-atollic-eabi/6.3.1/../../../../arm-atollic-eabi/lib/armv7e-m/fpu\libc_nano.a(lib_a-init.o)
                              Example\SW4STM32\startup_stm32f401xe.o (__libc_init_array)
c:/program files (x86)/atollic/truestudio for stm32 9.0.1/armtools/bin/../lib/gcc/arm-atollic-eabi/6.3.1/../../../../arm-atollic-eabi/lib/armv7e-m/fpu\libc_nano.a(lib_a-memset.o)
                              Example\User\DemoSerial.o (memset)
c:/program files (x86)/atollic/truestudio for stm32 9.0.1/armtools/bin/../lib/gcc/arm-atollic-eabi/6.3.1/../../../../arm-atollic-eabi/lib/armv7e-m/fpu\libc_nano.a(lib_a-printf.o)
                              Drivers\BSP\Components\HTS221_Driver.o (printf)
c:/program files (x86)/atollic/truestudio for stm32 9.0.1/armtools/bin/../lib/gcc/arm-atollic-eabi/6.3.1/../../../../arm-atollic-eabi/lib/armv7e-m/fpu\libc_nano.a(lib_a-snprintf.o)
                              Example\User\main.o (snprintf)
c:/program files (x86)/atollic/truestudio for stm32 9.0.1/armtools/bin/../lib/gcc/arm-atollic-eabi/6.3.1/../../../../arm-atollic-eabi/lib/armv7e-m/fpu\libc_nano.a(lib_a-strlen.o)
                              Example\User\main.o (strlen)
c:/program files (x86)/atollic/truestudio for stm32 9.0.1/armtools/bin/../lib/gcc/arm-atollic-eabi/6.3.1/../../../../arm-atollic-eabi/lib/armv7e-m/fpu\libc_nano.a(lib_a-findfp.o)
                              c:/program files (x86)/atollic/truestudio for stm32 9.0.1/armtools/bin/../lib/gcc/arm-atollic-eabi/6.3.1/../../../../arm-atollic-eabi/lib/armv7e-m/fpu\libc_nano.a(lib_a-printf.o) (__sinit)
c:/program files (x86)/atollic/truestudio for stm32 9.0.1/armtools/bin/../lib/gcc/arm-atollic-eabi/6.3.1/../../../../arm-atollic-eabi/lib/armv7e-m/fpu\libc_nano.a(lib_a-fwalk.o)
                              c:/program files (x86)/atollic/truestudio for stm32 9.0.1/armtools/bin/../lib/gcc/arm-atollic-eabi/6.3.1/../../../../arm-atollic-eabi/lib/armv7e-m/fpu\libc_nano.a(lib_a-findfp.o) (_fwalk)
c:/program files (x86)/atollic/truestudio for stm32 9.0.1/armtools/bin/../lib/gcc/arm-atollic-eabi/6.3.1/../../../../arm-atollic-eabi/lib/armv7e-m/fpu\libc_nano.a(lib_a-nano-mallocr.o)
                              c:/program files (x86)/atollic/truestudio for stm32 9.0.1/armtools/bin/../lib/gcc/arm-atollic-eabi/6.3.1/../../../../arm-atollic-eabi/lib/armv7e-m/fpu\libc_nano.a(lib_a-findfp.o) (_malloc_r)
c:/program files (x86)/atollic/truestudio for stm32 9.0.1/armtools/bin/../lib/gcc/arm-atollic-eabi/6.3.1/../../../../arm-atollic-eabi/lib/armv7e-m/fpu\libc_nano.a(lib_a-nano-svfprintf.o)
                              c:/program files (x86)/atollic/truestudio for stm32 9.0.1/armtools/bin/../lib/gcc/arm-atollic-eabi/6.3.1/../../../../arm-atollic-eabi/lib/armv7e-m/fpu\libc_nano.a(lib_a-snprintf.o) (_svfprintf_r)
c:/program files (x86)/atollic/truestudio for stm32 9.0.1/armtools/bin/../lib/gcc/arm-atollic-eabi/6.3.1/../../../../arm-atollic-eabi/lib/armv7e-m/fpu\libc_nano.a(lib_a-nano-vfprintf.o)
                              c:/program files (x86)/atollic/truestudio for stm32 9.0.1/armtools/bin/../lib/gcc/arm-atollic-eabi/6.3.1/../../../../arm-atollic-eabi/lib/armv7e-m/fpu\libc_nano.a(lib_a-printf.o) (_vfprintf_r)
c:/program files (x86)/atollic/truestudio for stm32 9.0.1/armtools/bin/../lib/gcc/arm-atollic-eabi/6.3.1/../../../../arm-atollic-eabi/lib/armv7e-m/fpu\libc_nano.a(lib_a-nano-vfprintf_i.o)
                              c:/program files (x86)/atollic/truestudio for stm32 9.0.1/armtools/bin/../lib/gcc/arm-atollic-eabi/6.3.1/../../../../arm-atollic-eabi/lib/armv7e-m/fpu\libc_nano.a(lib_a-nano-svfprintf.o) (_printf_i)
c:/program files (x86)/atollic/truestudio for stm32 9.0.1/armtools/bin/../lib/gcc/arm-atollic-eabi/6.3.1/../../../../arm-atollic-eabi/lib/armv7e-m/fpu\libc_nano.a(lib_a-sbrkr.o)
                              c:/program files (x86)/atollic/truestudio for stm32 9.0.1/armtools/bin/../lib/gcc/arm-atollic-eabi/6.3.1/../../../../arm-atollic-eabi/lib/armv7e-m/fpu\libc_nano.a(lib_a-nano-mallocr.o) (_sbrk_r)
c:/program files (x86)/atollic/truestudio for stm32 9.0.1/armtools/bin/../lib/gcc/arm-atollic-eabi/6.3.1/../../../../arm-atollic-eabi/lib/armv7e-m/fpu\libc_nano.a(lib_a-stdio.o)
[...]
Memory Configuration

Name             Origin             Length             Attributes
FLASH            0x08000000         0x00080000         xr
RAM              0x20000000         0x00018000         xrw
*default*        0x00000000         0xffffffff

Linker script and memory map

LOAD c:/program files (x86)/atollic/truestudio for stm32 9.0.1/armtools/bin/../lib/gcc/arm-atollic-eabi/6.3.1/armv7e-m/fpu/crti.o
LOAD c:/program files (x86)/atollic/truestudio for stm32 9.0.1/armtools/bin/../lib/gcc/arm-atollic-eabi/6.3.1/armv7e-m/fpu/crtbegin.o
LOAD Drivers\BSP\Components\HTS221_Driver.o
LOAD Drivers\BSP\Components\HTS221_Driver_HL.o
LOAD Drivers\BSP\Components\LPS22HB_Driver.o
LOAD Drivers\BSP\Components\LPS22HB_Driver_HL.o
LOAD Drivers\BSP\Components\LSM303AGR_ACC_driver.o
LOAD Drivers\BSP\Components\LSM303AGR_ACC_driver_HL.o
LOAD Drivers\BSP\Components\LSM303AGR_MAG_driver.o
LOAD Drivers\BSP\Components\LSM303AGR_MAG_driver_HL.o
LOAD Drivers\BSP\Components\LSM6DSL_ACC_GYRO_driver.o
LOAD Drivers\BSP\Components\LSM6DSL_ACC_GYRO_driver_HL.o
LOAD Drivers\BSP\STM32F4xx-Nucleo\stm32f4xx_nucleo.o
LOAD Drivers\BSP\X_NUCLEO_IKS01A2\x_nucleo_iks01a2.o
LOAD Drivers\BSP\X_NUCLEO_IKS01A2\x_nucleo_iks01a2_accelero.o
LOAD Drivers\BSP\X_NUCLEO_IKS01A2\x_nucleo_iks01a2_gyro.o
LOAD Drivers\BSP\X_NUCLEO_IKS01A2\x_nucleo_iks01a2_humidity.o
LOAD Drivers\BSP\X_NUCLEO_IKS01A2\x_nucleo_iks01a2_magneto.o
LOAD Drivers\BSP\X_NUCLEO_IKS01A2\x_nucleo_iks01a2_pressure.o
LOAD Drivers\BSP\X_NUCLEO_IKS01A2\x_nucleo_iks01a2_temperature.o
LOAD Drivers\CMSIS\system_stm32f4xx.o
LOAD Drivers\STM32F4xx_HAL_Driver\stm32f4xx_hal.o
LOAD Drivers\STM32F4xx_HAL_Driver\stm32f4xx_hal_cortex.o
LOAD Drivers\STM32F4xx_HAL_Driver\stm32f4xx_hal_dma.o
LOAD Drivers\STM32F4xx_HAL_Driver\stm32f4xx_hal_dma_ex.o
LOAD Drivers\STM32F4xx_HAL_Driver\stm32f4xx_hal_flash.o
LOAD Drivers\STM32F4xx_HAL_Driver\stm32f4xx_hal_flash_ex.o
LOAD Drivers\STM32F4xx_HAL_Driver\stm32f4xx_hal_gpio.o
LOAD Drivers\STM32F4xx_HAL_Driver\stm32f4xx_hal_i2c.o
LOAD Drivers\STM32F4xx_HAL_Driver\stm32f4xx_hal_i2c_ex.o
LOAD Drivers\STM32F4xx_HAL_Driver\stm32f4xx_hal_rcc.o
LOAD Drivers\STM32F4xx_HAL_Driver\stm32f4xx_hal_rcc_ex.o
LOAD Drivers\STM32F4xx_HAL_Driver\stm32f4xx_hal_rtc.o
LOAD Drivers\STM32F4xx_HAL_Driver\stm32f4xx_hal_rtc_ex.o
LOAD Drivers\STM32F4xx_HAL_Driver\stm32f4xx_hal_uart.o
LOAD Example\SW4STM32\startup_stm32f401xe.o
LOAD Example\User\DemoSerial.o
LOAD Example\User\com.o
LOAD Example\User\cube_hal_f4.o
LOAD Example\User\main.o
LOAD Example\User\sensor_commands.o
LOAD Example\User\serial_protocol.o
LOAD Example\User\stm32f4xx_hal_msp.o
LOAD Example\User\stm32f4xx_it.o
LOAD Example\User\syscalls.o
LOAD c:/program files (x86)/atollic/truestudio for stm32 9.0.1/armtools/bin/../lib/gcc/arm-atollic-eabi/6.3.1/../../../../arm-atollic-eabi/lib/armv7e-m/fpu\libm.a
LOAD c:/program files (x86)/atollic/truestudio for stm32 9.0.1/armtools/bin/../lib/gcc/arm-atollic-eabi/6.3.1/../../../../arm-atollic-eabi/lib/armv7e-m/fpu\libc_nano.a
                0x00000080                malloc_getpagesize_P = 0x80
START GROUP
LOAD c:/program files (x86)/atollic/truestudio for stm32 9.0.1/armtools/bin/../lib/gcc/arm-atollic-eabi/6.3.1/../../../../arm-atollic-eabi/lib/armv7e-m/fpu\libc_nano.a
LOAD c:/program files (x86)/atollic/truestudio for stm32 9.0.1/armtools/bin/../lib/gcc/arm-atollic-eabi/6.3.1/../../../../arm-atollic-eabi/lib/armv7e-m/fpu\libm.a
END GROUP
START GROUP
LOAD c:/program files (x86)/atollic/truestudio for stm32 9.0.1/armtools/bin/../lib/gcc/arm-atollic-eabi/6.3.1/armv7e-m/fpu\libgcc.a
LOAD c:/program files (x86)/atollic/truestudio for stm32 9.0.1/armtools/bin/../lib/gcc/arm-atollic-eabi/6.3.1/../../../../arm-atollic-eabi/lib/armv7e-m/fpu\libc_nano.a
END GROUP
START GROUP
LOAD c:/program files (x86)/atollic/truestudio for stm32 9.0.1/armtools/bin/../lib/gcc/arm-atollic-eabi/6.3.1/armv7e-m/fpu\libgcc.a
LOAD c:/program files (x86)/atollic/truestudio for stm32 9.0.1/armtools/bin/../lib/gcc/arm-atollic-eabi/6.3.1/../../../../arm-atollic-eabi/lib/armv7e-m/fpu\libc_nano.a
LOAD c:/program files (x86)/atollic/truestudio for stm32 9.0.1/armtools/bin/../lib/gcc/arm-atollic-eabi/6.3.1/../../../../arm-atollic-eabi/lib/armv7e-m/fpu\libnosys.a
END GROUP
START GROUP
LOAD c:/program files (x86)/atollic/truestudio for stm32 9.0.1/armtools/bin/../lib/gcc/arm-atollic-eabi/6.3.1/armv7e-m/fpu\libgcc.a
LOAD c:/program files (x86)/atollic/truestudio for stm32 9.0.1/armtools/bin/../lib/gcc/arm-atollic-eabi/6.3.1/../../../../arm-atollic-eabi/lib/armv7e-m/fpu\libc_nano.a
LOAD c:/program files (x86)/atollic/truestudio for stm32 9.0.1/armtools/bin/../lib/gcc/arm-atollic-eabi/6.3.1/../../../../arm-atollic-eabi/lib/armv7e-m/fpu\libnosys.a
END GROUP
LOAD c:/program files (x86)/atollic/truestudio for stm32 9.0.1/armtools/bin/../lib/gcc/arm-atollic-eabi/6.3.1/armv7e-m/fpu/crtend.o
LOAD c:/program files (x86)/atollic/truestudio for stm32 9.0.1/armtools/bin/../lib/gcc/arm-atollic-eabi/6.3.1/armv7e-m/fpu/crtn.o
                0x20018000                _estack = 0x20018000
                0x00000200                _Min_Heap_Size = 0x200
                0x00000400                _Min_Stack_Size = 0x400

.isr_vector     0x08000000      0x194
                0x08000000                . = ALIGN (0x4)
 *(.isr_vector)
 .isr_vector    0x08000000      0x194 Example\SW4STM32\startup_stm32f401xe.o
                0x08000000                g_pfnVectors
                0x08000194                . = ALIGN (0x4)

.text           0x080001a0     0xd814
                0x080001a0                . = ALIGN (0x4)
 *(.text)
 .text          0x080001a0       0x40 c:/program files (x86)/atollic/truestudio for stm32 9.0.1/armtools/bin/../lib/gcc/arm-atollic-eabi/6.3.1/armv7e-m/fpu/crtbegin.o
 .text          0x080001e0       0x10 c:/program files (x86)/atollic/truestudio for stm32 9.0.1/armtools/bin/../lib/gcc/arm-atollic-eabi/6.3.1/../../../../arm-atollic-eabi/lib/armv7e-m/fpu\libc_nano.a(lib_a-strlen.o)
                0x080001e0                strlen
 .text          0x080001f0       0xa0 c:/program files (x86)/atollic/truestudio for stm32 9.0.1/armtools/bin/../lib/gcc/arm-atollic-eabi/6.3.1/../../../../arm-atollic-eabi/lib/armv7e-m/fpu\libc_nano.a(lib_a-memchr.o)
                0x080001f0                memchr
 .text          0x08000290      0x370 c:/program files (x86)/atollic/truestudio for stm32 9.0.1/armtools/bin/../lib/gcc/arm-atollic-eabi/6.3.1/armv7e-m/fpu\libgcc.a(_arm_addsubdf3.o)
                0x08000290                __aeabi_drsub
                0x08000298                __aeabi_dsub
                0x08000298                __subdf3
                0x0800029c                __aeabi_dadd
                0x0800029c                __adddf3
                0x08000514                __floatunsidf
                0x08000514                __aeabi_ui2d
                0x08000534                __floatsidf
                0x08000534                __aeabi_i2d
                0x08000558                __aeabi_f2d
                0x08000558                __extendsfdf2
                0x08000594                __floatundidf
                0x08000594                __aeabi_ul2d
                0x080005a4                __floatdidf
                0x080005a4                __aeabi_l2d
 .text          0x08000600      0x424 c:/program files (x86)/atollic/truestudio for stm32 9.0.1/armtools/bin/../lib/gcc/arm-atollic-eabi/6.3.1/armv7e-m/fpu\libgcc.a(_arm_muldivdf3.o)
                0x08000600                __aeabi_dmul
                0x08000600                __muldf3
                0x08000854                __divdf3
                0x08000854                __aeabi_ddiv
 .text          0x08000a24       0x50 c:/program files (x86)/atollic/truestudio for stm32 9.0.1/armtools/bin/../lib/gcc/arm-atollic-eabi/6.3.1/armv7e-m/fpu\libgcc.a(_arm_fixdfsi.o)
                0x08000a24                __aeabi_d2iz
                0x08000a24                __fixdfsi
 .text          0x08000a74       0xa0 c:/program files (x86)/atollic/truestudio for stm32 9.0.1/armtools/bin/../lib/gcc/arm-atollic-eabi/6.3.1/armv7e-m/fpu\libgcc.a(_aeabi_ldivmod.o)
                0x08000a74                __aeabi_ldivmod
 .text          0x08000b14       0x30 c:/program files (x86)/atollic/truestudio for stm32 9.0.1/armtools/bin/../lib/gcc/arm-atollic-eabi/6.3.1/armv7e-m/fpu\libgcc.a(_aeabi_uldivmod.o)
                0x08000b14                __aeabi_uldivmod
 .text          0x08000b44      0x2dc c:/program files (x86)/atollic/truestudio for stm32 9.0.1/armtools/bin/../lib/gcc/arm-atollic-eabi/6.3.1/armv7e-m/fpu\libgcc.a(_udivmoddi4.o)
                0x08000b44                __udivmoddi4
 .text          0x08000e20        0x4 c:/program files (x86)/atollic/truestudio for stm32 9.0.1/armtools/bin/../lib/gcc/arm-atollic-eabi/6.3.1/armv7e-m/fpu\libgcc.a(_dvmd_tls.o)
                0x08000e20                __aeabi_idiv0
                0x08000e20                __aeabi_ldiv0
 *(.text*)
 .text.HTS221_ReadReg
                0x08000e24       0x14 Drivers\BSP\Components\HTS221_Driver.o
                0x08000e24                HTS221_ReadReg
 .text.HTS221_WriteReg
                0x08000e38       0x14 Drivers\BSP\Components\HTS221_Driver.o
                0x08000e38                HTS221_WriteReg
 .text.HTS221_Get_DeviceID
                0x08000e4c       0x14 Drivers\BSP\Components\HTS221_Driver.o
                0x08000e4c                HTS221_Get_DeviceID
 .text.HTS221_Get_Humidity
                0x08000e60       0xf8 Drivers\BSP\Components\HTS221_Driver.o
                0x08000e60                HTS221_Get_Humidity
 .text.HTS221_Get_Temperature
                0x08000f58       0xe8 Drivers\BSP\Components\HTS221_Driver.o
                0x08000f58                HTS221_Get_Temperature
 .text.HTS221_Get_DataStatus
                0x08001040       0x30 Drivers\BSP\Components\HTS221_Driver.o
                0x08001040                HTS221_Get_DataStatus
 .text.HTS221_Activate
                0x08001070       0x40 Drivers\BSP\Components\HTS221_Driver.o
                0x08001070                HTS221_Activate
 .text.HTS221_DeActivate
                0x080010b0       0x40 Drivers\BSP\Components\HTS221_Driver.o
                0x080010b0                HTS221_DeActivate
 .text.HTS221_Get_Odr
                0x080010f0       0x28 Drivers\BSP\Components\HTS221_Driver.o
                0x080010f0                HTS221_Get_Odr
 .text.HTS221_assert_failed
                0x08001118       0x14 Drivers\BSP\Components\HTS221_Driver.o
                0x08001118                HTS221_assert_failed
 .text.HTS221_Set_BduMode
                0x0800112c       0x58 Drivers\BSP\Components\HTS221_Driver.o
                0x0800112c                HTS221_Set_BduMode
 .text.HTS221_Set_Odr
                0x08001184       0x54 Drivers\BSP\Components\HTS221_Driver.o
                0x08001184                HTS221_Set_Odr
 .text.HTS221_H_Get_DRDY_Status
                0x080011d8       0x34 Drivers\BSP\Components\HTS221_Driver_HL.o
 .text.HTS221_T_Get_DRDY_Status
                0x0800120c       0x34 Drivers\BSP\Components\HTS221_Driver_HL.o
 .text.HTS221_T_Write_Reg
                0x08001240       0x20 Drivers\BSP\Components\HTS221_Driver_HL.o
 .text.HTS221_T_Read_Reg
                0x08001260       0x18 Drivers\BSP\Components\HTS221_Driver_HL.o
 .text.HTS221_T_Set_ODR_Value
                0x08001278       0x38 Drivers\BSP\Components\HTS221_Driver_HL.o
 .text.HTS221_T_Set_ODR
                0x080012b0       0x24 Drivers\BSP\Components\HTS221_Driver_HL.o
 .text.HTS221_H_Get_Hum
                0x080012d4       0x38 Drivers\BSP\Components\HTS221_Driver_HL.o
 .text.HTS221_T_Get_WhoAmI
                0x0800130c       0x14 Drivers\BSP\Components\HTS221_Driver_HL.o
 .text.HTS221_H_Sensor_Enable
                0x08001320       0x3c Drivers\BSP\Components\HTS221_Driver_HL.o
 .text.HTS221_T_Sensor_Enable
                0x0800135c       0x3c Drivers\BSP\Components\HTS221_Driver_HL.o
 .text.HTS221_T_Get_Temp
                0x08001398       0x38 Drivers\BSP\Components\HTS221_Driver_HL.o
 .text.HTS221_H_Sensor_Disable
                0x080013d0       0x3c Drivers\BSP\Components\HTS221_Driver_HL.o
 .text.HTS221_T_Sensor_Disable
                0x0800140c       0x3c Drivers\BSP\Components\HTS221_Driver_HL.o
 .text.HTS221_T_Init
                0x08001448       0x64 Drivers\BSP\Components\HTS221_Driver_HL.o
 .text.HTS221_H_Get_ODR
                0x080014ac       0x64 Drivers\BSP\Components\HTS221_Driver_HL.o
 .text.HTS221_H_Get_WhoAmI
                0x08001510       0x14 Drivers\BSP\Components\HTS221_Driver_HL.o
 .text.HTS221_H_Set_ODR
                0x08001524       0x24 Drivers\BSP\Components\HTS221_Driver_HL.o
 .text.HTS221_T_Get_ODR
                0x08001548       0x64 Drivers\BSP\Components\HTS221_Driver_HL.o
 .text.HTS221_H_Read_Reg
                0x080015ac       0x18 Drivers\BSP\Components\HTS221_Driver_HL.o
 .text.HTS221_H_Check_WhoAmI
                0x080015c4       0x28 Drivers\BSP\Components\HTS221_Driver_HL.o
 .text.HTS221_T_Check_WhoAmI
                0x080015ec       0x28 Drivers\BSP\Components\HTS221_Driver_HL.o
 .text.HTS221_H_Set_ODR_Value
                0x08001614       0x38 Drivers\BSP\Components\HTS221_Driver_HL.o
 .text.HTS221_H_Write_Reg
                0x0800164c       0x20 Drivers\BSP\Components\HTS221_Driver_HL.o
 .text.HTS221_H_DeInit
                0x0800166c       0x3c Drivers\BSP\Components\HTS221_Driver_HL.o
 .text.HTS221_T_DeInit
                0x080016a8       0x3c Drivers\BSP\Components\HTS221_Driver_HL.o
 .text.HTS221_H_Init
                0x080016e4       0x64 Drivers\BSP\Components\HTS221_Driver_HL.o
 .text.LPS22HB_ReadReg
                0x08001748       0x14 Drivers\BSP\Components\LPS22HB_Driver.o
                0x08001748                LPS22HB_ReadReg
 .text.LPS22HB_WriteReg
                0x0800175c       0x14 Drivers\BSP\Components\LPS22HB_Driver.o
                0x0800175c                LPS22HB_WriteReg
 .text.LPS22HB_Get_DeviceID
                0x08001770       0x14 Drivers\BSP\Components\LPS22HB_Driver.o
                0x08001770                LPS22HB_Get_DeviceID
 .text.LPS22HB_Set_PowerMode
                0x08001784       0x44 Drivers\BSP\Components\LPS22HB_Driver.o
                0x08001784                LPS22HB_Set_PowerMode
 .text.LPS22HB_Set_Odr
                0x080017c8       0x44 Drivers\BSP\Components\LPS22HB_Driver.o
                0x080017c8                LPS22HB_Set_Odr
 .text.LPS22HB_Get_Odr
                0x0800180c       0x28 Drivers\BSP\Components\LPS22HB_Driver.o
                0x0800180c                LPS22HB_Get_Odr
 .text.LPS22HB_Set_LowPassFilter
                0x08001834       0x44 Drivers\BSP\Components\LPS22HB_Driver.o
                0x08001834                LPS22HB_Set_LowPassFilter
 .text.LPS22HB_Set_LowPassFilterCutoff
                0x08001878       0x44 Drivers\BSP\Components\LPS22HB_Driver.o
                0x08001878                LPS22HB_Set_LowPassFilterCutoff
 .text.LPS22HB_Set_Bdu
                0x080018bc       0x40 Drivers\BSP\Components\LPS22HB_Driver.o
                0x080018bc                LPS22HB_Set_Bdu
 .text.LPS22HB_Set_FifoModeUse
                0x080018fc       0x44 Drivers\BSP\Components\LPS22HB_Driver.o
                0x080018fc                LPS22HB_Set_FifoModeUse
 .text.LPS22HB_Set_FifoWatermarkLevelUse
                0x08001940       0x44 Drivers\BSP\Components\LPS22HB_Driver.o
                0x08001940                LPS22HB_Set_FifoWatermarkLevelUse
 .text.LPS22HB_Set_AutomaticIncrementRegAddress
                0x08001984       0x44 Drivers\BSP\Components\LPS22HB_Driver.o
                0x08001984                LPS22HB_Set_AutomaticIncrementRegAddress
 .text.LPS22HB_Set_FIFO_OVR_Interrupt
                0x080019c8       0x44 Drivers\BSP\Components\LPS22HB_Driver.o
                0x080019c8                LPS22HB_Set_FIFO_OVR_Interrupt
 .text.LPS22HB_Set_FIFO_FTH_Interrupt
                0x08001a0c       0x44 Drivers\BSP\Components\LPS22HB_Driver.o
                0x08001a0c                LPS22HB_Set_FIFO_FTH_Interrupt
 .text.LPS22HB_Set_FIFO_FULL_Interrupt
                0x08001a50       0x44 Drivers\BSP\Components\LPS22HB_Driver.o
                0x08001a50                LPS22HB_Set_FIFO_FULL_Interrupt
 .text.LPS22HB_Get_DataStatus
                0x08001a94       0x48 Drivers\BSP\Components\LPS22HB_Driver.o
                0x08001a94                LPS22HB_Get_DataStatus
 .text.LPS22HB_Get_Pressure
                0x08001adc       0x4c Drivers\BSP\Components\LPS22HB_Driver.o
                0x08001adc                LPS22HB_Get_Pressure
 .text.LPS22HB_Get_Temperature
                0x08001b28       0x3c Drivers\BSP\Components\LPS22HB_Driver.o
                0x08001b28                LPS22HB_Get_Temperature
 .text.LPS22HB_Set_FifoMode
                0x08001b64       0x44 Drivers\BSP\Components\LPS22HB_Driver.o
                0x08001b64                LPS22HB_Set_FifoMode
 .text.LPS22HB_Get_FifoMode
                0x08001ba8       0x28 Drivers\BSP\Components\LPS22HB_Driver.o
                0x08001ba8                LPS22HB_Get_FifoMode
 .text.LPS22HB_Set_FifoWatermarkLevel
                0x08001bd0       0x44 Drivers\BSP\Components\LPS22HB_Driver.o
                0x08001bd0                LPS22HB_Set_FifoWatermarkLevel
 .text.LPS22HB_Get_FifoWatermarkLevel
                0x08001c14       0x20 Drivers\BSP\Components\LPS22HB_Driver.o
                0x08001c14                LPS22HB_Get_FifoWatermarkLevel
 .text.LPS22HB_Get_FifoStatus
                0x08001c34       0x4c Drivers\BSP\Components\LPS22HB_Driver.o
                0x08001c34                LPS22HB_Get_FifoStatus
 .text.LPS22HB_P_Get_DRDY_Status
                0x08001c80       0x1c Drivers\BSP\Components\LPS22HB_Driver_HL.o
 .text.LPS22HB_T_Get_DRDY_Status
                0x08001c9c       0x1c Drivers\BSP\Components\LPS22HB_Driver_HL.o
 .text.LPS22HB_T_Write_Reg
                0x08001cb8       0x20 Drivers\BSP\Components\LPS22HB_Driver_HL.o
 .text.LPS22HB_T_Read_Reg
                0x08001cd8       0x18 Drivers\BSP\Components\LPS22HB_Driver_HL.o
 .text.LPS22HB_P_Sensor_Disable
                0x08001cf0       0x2c Drivers\BSP\Components\LPS22HB_Driver_HL.o
 .text.LPS22HB_T_Sensor_Disable
                0x08001d1c       0x2c Drivers\BSP\Components\LPS22HB_Driver_HL.o
 .text.LPS22HB_P_Get_Press
                0x08001d48       0x38 Drivers\BSP\Components\LPS22HB_Driver_HL.o
 .text.LPS22HB_T_Get_WhoAmI
                0x08001d80       0x14 Drivers\BSP\Components\LPS22HB_Driver_HL.o
 .text.LPS22HB_T_Get_Temp
                0x08001d94       0x38 Drivers\BSP\Components\LPS22HB_Driver_HL.o
 .text.LPS22HB_FIFO_Set_Watermark_Level
                0x08001dcc       0x14 Drivers\BSP\Components\LPS22HB_Driver_HL.o
 .text.LPS22HB_FIFO_Get_Watermark_Level
                0x08001de0       0x14 Drivers\BSP\Components\LPS22HB_Driver_HL.o
 .text.LPS22HB_FIFO_Get_Mode
                0x08001df4       0x20 Drivers\BSP\Components\LPS22HB_Driver_HL.o
 .text.LPS22HB_FIFO_Get_Num_Of_Samples
                0x08001e14       0x1c Drivers\BSP\Components\LPS22HB_Driver_HL.o
 .text.LPS22HB_FIFO_Get_Fth_Status
                0x08001e30       0x1c Drivers\BSP\Components\LPS22HB_Driver_HL.o
 .text.LPS22HB_FIFO_Get_Ovr_Status
                0x08001e4c       0x1c Drivers\BSP\Components\LPS22HB_Driver_HL.o
 .text.LPS22HB_FIFO_Get_Full_Status
                0x08001e68       0x1c Drivers\BSP\Components\LPS22HB_Driver_HL.o
 .text.LPS22HB_FIFO_Get_Empty_Status
                0x08001e84       0x1c Drivers\BSP\Components\LPS22HB_Driver_HL.o
 .text.LPS22HB_P_Set_ODR
                0x08001ea0       0xec Drivers\BSP\Components\LPS22HB_Driver_HL.o
 .text.LPS22HB_T_Init
                0x08001f8c       0x94 Drivers\BSP\Components\LPS22HB_Driver_HL.o
 .text.LPS22HB_FIFO_Get_Data
                0x08002020       0x68 Drivers\BSP\Components\LPS22HB_Driver_HL.o
 .text.LPS22HB_FIFO_Reset_Interrupt
                0x08002088       0x48 Drivers\BSP\Components\LPS22HB_Driver_HL.o
 .text.LPS22HB_FIFO_Set_Interrupt
                0x080020d0       0x44 Drivers\BSP\Components\LPS22HB_Driver_HL.o
 .text.LPS22HB_FIFO_Watermark_Usage
                0x08002114       0x1c Drivers\BSP\Components\LPS22HB_Driver_HL.o
 .text.LPS22HB_FIFO_Set_Mode
                0x08002130       0x30 Drivers\BSP\Components\LPS22HB_Driver_HL.o
 .text.LPS22HB_FIFO_Usage
                0x08002160       0x1c Drivers\BSP\Components\LPS22HB_Driver_HL.o
 .text.LPS22HB_FIFO_Stop_On_Fth
                0x0800217c       0x1c Drivers\BSP\Components\LPS22HB_Driver_HL.o
 .text.LPS22HB_P_Get_WhoAmI
                0x08002198       0x14 Drivers\BSP\Components\LPS22HB_Driver_HL.o
 .text.LPS22HB_P_Read_Reg
                0x080021ac       0x18 Drivers\BSP\Components\LPS22HB_Driver_HL.o
 .text.LPS22HB_T_Check_WhoAmI
                0x080021c4       0x28 Drivers\BSP\Components\LPS22HB_Driver_HL.o
 .text.LPS22HB_P_Check_WhoAmI
                0x080021ec       0x28 Drivers\BSP\Components\LPS22HB_Driver_HL.o
 .text.LPS22HB_P_Write_Reg
                0x08002214       0x20 Drivers\BSP\Components\LPS22HB_Driver_HL.o
 .text.LPS22HB_T_DeInit
                0x08002234       0x3c Drivers\BSP\Components\LPS22HB_Driver_HL.o
 .text.LPS22HB_P_DeInit
                0x08002270       0x3c Drivers\BSP\Components\LPS22HB_Driver_HL.o
 .text.LPS22HB_T_Get_ODR
                0x080022ac       0x88 Drivers\BSP\Components\LPS22HB_Driver_HL.o
 .text.LPS22HB_P_Get_ODR
                0x08002334       0x88 Drivers\BSP\Components\LPS22HB_Driver_HL.o
 .text.LPS22HB_T_Set_ODR_Value
                0x080023bc      0x11c Drivers\BSP\Components\LPS22HB_Driver_HL.o
 .text.LPS22HB_T_Sensor_Enable
                0x080024d8       0xf4 Drivers\BSP\Components\LPS22HB_Driver_HL.o
 .text.LPS22HB_P_Sensor_Enable
                0x080025cc       0xf4 Drivers\BSP\Components\LPS22HB_Driver_HL.o
 .text.LPS22HB_P_Init
                0x080026c0       0x94 Drivers\BSP\Components\LPS22HB_Driver_HL.o
 .text.LPS22HB_P_Set_ODR_Value
                0x08002754      0x11c Drivers\BSP\Components\LPS22HB_Driver_HL.o
 .text.LPS22HB_T_Set_ODR
                0x08002870       0xec Drivers\BSP\Components\LPS22HB_Driver_HL.o
 .text.LSM303AGR_ACC_WriteReg
                0x0800295c       0x10 Drivers\BSP\Components\LSM303AGR_ACC_driver.o
                0x0800295c                LSM303AGR_ACC_WriteReg
 .text.LSM303AGR_ACC_ReadReg
                0x0800296c       0x10 Drivers\BSP\Components\LSM303AGR_ACC_driver.o
                0x0800296c                LSM303AGR_ACC_ReadReg
 .text.LSM303AGR_ACC_R_WHO_AM_I
                0x0800297c       0x14 Drivers\BSP\Components\LSM303AGR_ACC_driver.o
                0x0800297c                LSM303AGR_ACC_R_WHO_AM_I
 .text.LSM303AGR_ACC_W_BlockDataUpdate
                0x08002990       0x44 Drivers\BSP\Components\LSM303AGR_ACC_driver.o
                0x08002990                LSM303AGR_ACC_W_BlockDataUpdate
 .text.LSM303AGR_ACC_W_FullScale
                0x080029d4       0x44 Drivers\BSP\Components\LSM303AGR_ACC_driver.o
                0x080029d4                LSM303AGR_ACC_W_FullScale
 .text.LSM303AGR_ACC_R_FullScale
                0x08002a18       0x20 Drivers\BSP\Components\LSM303AGR_ACC_driver.o
                0x08002a18                LSM303AGR_ACC_R_FullScale
 .text.LSM303AGR_ACC_Get_Raw_Acceleration
                0x08002a38       0x14 Drivers\BSP\Components\LSM303AGR_ACC_driver.o
                0x08002a38                LSM303AGR_ACC_Get_Raw_Acceleration
 .text.LSM303AGR_ACC_Get_Acceleration
                0x08002a4c      0x178 Drivers\BSP\Components\LSM303AGR_ACC_driver.o
                0x08002a4c                LSM303AGR_ACC_Get_Acceleration
 .text.LSM303AGR_ACC_W_ODR
                0x08002bc4       0x44 Drivers\BSP\Components\LSM303AGR_ACC_driver.o
                0x08002bc4                LSM303AGR_ACC_W_ODR
 .text.LSM303AGR_ACC_R_ODR
                0x08002c08       0x20 Drivers\BSP\Components\LSM303AGR_ACC_driver.o
                0x08002c08                LSM303AGR_ACC_R_ODR
 .text.LSM303AGR_ACC_W_XEN
                0x08002c28       0x44 Drivers\BSP\Components\LSM303AGR_ACC_driver.o
                0x08002c28                LSM303AGR_ACC_W_XEN
 .text.LSM303AGR_ACC_R_XEN
                0x08002c6c       0x20 Drivers\BSP\Components\LSM303AGR_ACC_driver.o
                0x08002c6c                LSM303AGR_ACC_R_XEN
 .text.LSM303AGR_ACC_W_YEN
                0x08002c8c       0x44 Drivers\BSP\Components\LSM303AGR_ACC_driver.o
                0x08002c8c                LSM303AGR_ACC_W_YEN
 .text.LSM303AGR_ACC_R_YEN
                0x08002cd0       0x20 Drivers\BSP\Components\LSM303AGR_ACC_driver.o
                0x08002cd0                LSM303AGR_ACC_R_YEN
 .text.LSM303AGR_ACC_W_ZEN
                0x08002cf0       0x44 Drivers\BSP\Components\LSM303AGR_ACC_driver.o
                0x08002cf0                LSM303AGR_ACC_W_ZEN
 .text.LSM303AGR_ACC_R_ZEN
                0x08002d34       0x20 Drivers\BSP\Components\LSM303AGR_ACC_driver.o
                0x08002d34                LSM303AGR_ACC_R_ZEN
 .text.LSM303AGR_ACC_R_LOWPWR_EN
                0x08002d54       0x20 Drivers\BSP\Components\LSM303AGR_ACC_driver.o
                0x08002d54                LSM303AGR_ACC_R_LOWPWR_EN
 .text.LSM303AGR_ACC_R_HiRes
                0x08002d74       0x20 Drivers\BSP\Components\LSM303AGR_ACC_driver.o
                0x08002d74                LSM303AGR_ACC_R_HiRes
 .text.LSM303AGR_ACC_R_XDataAvail
                0x08002d94       0x20 Drivers\BSP\Components\LSM303AGR_ACC_driver.o
                0x08002d94                LSM303AGR_ACC_R_XDataAvail
 .text.LSM303AGR_ACC_W_FifoMode
                0x08002db4       0x44 Drivers\BSP\Components\LSM303AGR_ACC_driver.o
                0x08002db4                LSM303AGR_ACC_W_FifoMode
 .text.LSM303AGR_X_Get_DRDY_Status
                0x08002df8       0x30 Drivers\BSP\Components\LSM303AGR_ACC_driver_HL.o
 .text.LSM303AGR_X_Write_Reg
                0x08002e28       0x1c Drivers\BSP\Components\LSM303AGR_ACC_driver_HL.o
 .text.LSM303AGR_X_Read_Reg
                0x08002e44       0x10 Drivers\BSP\Components\LSM303AGR_ACC_driver_HL.o
 .text.LSM303AGR_X_Get_Axes_Status
                0x08002e54       0x68 Drivers\BSP\Components\LSM303AGR_ACC_driver_HL.o
 .text.LSM303AGR_X_Set_FS_Value
                0x08002ebc       0x58 Drivers\BSP\Components\LSM303AGR_ACC_driver_HL.o
 .text.LSM303AGR_X_Set_FS
                0x08002f14       0x24 Drivers\BSP\Components\LSM303AGR_ACC_driver_HL.o
 .text.LSM303AGR_X_Get_FS
                0x08002f38       0x68 Drivers\BSP\Components\LSM303AGR_ACC_driver_HL.o
 .text.LSM303AGR_X_Get_ODR
                0x08002fa0       0xa0 Drivers\BSP\Components\LSM303AGR_ACC_driver_HL.o
 .text.LSM303AGR_X_Get_Sensitivity
                0x08003040      0x13c Drivers\BSP\Components\LSM303AGR_ACC_driver_HL.o
 .text.LSM303AGR_X_Get_AxesRaw
                0x0800317c       0x78 Drivers\BSP\Components\LSM303AGR_ACC_driver_HL.o
 .text.LSM303AGR_X_Get_Axes
                0x080031f4       0x24 Drivers\BSP\Components\LSM303AGR_ACC_driver_HL.o
 .text.LSM303AGR_X_Get_WhoAmI
                0x08003218       0x10 Drivers\BSP\Components\LSM303AGR_ACC_driver_HL.o
 .text.LSM303AGR_X_Check_WhoAmI
                0x08003228       0x2c Drivers\BSP\Components\LSM303AGR_ACC_driver_HL.o
 .text.LSM303AGR_X_Set_Axes_Status
                0x08003254       0x48 Drivers\BSP\Components\LSM303AGR_ACC_driver_HL.o
 .text.LSM303AGR_X_Set_ODR_Value
                0x0800329c       0xfc Drivers\BSP\Components\LSM303AGR_ACC_driver_HL.o
 .text.LSM303AGR_X_Set_ODR
                0x08003398       0x84 Drivers\BSP\Components\LSM303AGR_ACC_driver_HL.o
 .text.LSM303AGR_X_Sensor_Enable
                0x0800341c       0xa0 Drivers\BSP\Components\LSM303AGR_ACC_driver_HL.o
 .text.LSM303AGR_X_Sensor_Disable
                0x080034bc       0xac Drivers\BSP\Components\LSM303AGR_ACC_driver_HL.o
 .text.LSM303AGR_X_DeInit
                0x08003568       0xdc Drivers\BSP\Components\LSM303AGR_ACC_driver_HL.o
 .text.LSM303AGR_X_Init
                0x08003644       0x90 Drivers\BSP\Components\LSM303AGR_ACC_driver_HL.o
 .text.LSM303AGR_MAG_WriteReg
                0x080036d4       0x10 Drivers\BSP\Components\LSM303AGR_MAG_driver.o
                0x080036d4                LSM303AGR_MAG_WriteReg
 .text.LSM303AGR_MAG_ReadReg
                0x080036e4       0x10 Drivers\BSP\Components\LSM303AGR_MAG_driver.o
                0x080036e4                LSM303AGR_MAG_ReadReg
 .text.LSM303AGR_MAG_R_WHO_AM_I
                0x080036f4       0x14 Drivers\BSP\Components\LSM303AGR_MAG_driver.o
                0x080036f4                LSM303AGR_MAG_R_WHO_AM_I
 .text.LSM303AGR_MAG_W_BDU
                0x08003708       0x44 Drivers\BSP\Components\LSM303AGR_MAG_driver.o
                0x08003708                LSM303AGR_MAG_W_BDU
 .text.LSM303AGR_MAG_W_MD
                0x0800374c       0x44 Drivers\BSP\Components\LSM303AGR_MAG_driver.o
                0x0800374c                LSM303AGR_MAG_W_MD
 .text.LSM303AGR_MAG_Get_Raw_Magnetic
                0x08003790       0x14 Drivers\BSP\Components\LSM303AGR_MAG_driver.o
                0x08003790                LSM303AGR_MAG_Get_Raw_Magnetic
 .text.LSM303AGR_MAG_W_ODR
                0x080037a4       0x44 Drivers\BSP\Components\LSM303AGR_MAG_driver.o
                0x080037a4                LSM303AGR_MAG_W_ODR
 .text.LSM303AGR_MAG_R_ODR
                0x080037e8       0x20 Drivers\BSP\Components\LSM303AGR_MAG_driver.o
                0x080037e8                LSM303AGR_MAG_R_ODR
 .text.LSM303AGR_MAG_W_ST
                0x08003808       0x44 Drivers\BSP\Components\LSM303AGR_MAG_driver.o
                0x08003808                LSM303AGR_MAG_W_ST
 .text.LSM303AGR_MAG_R_ZYXDA
                0x0800384c       0x20 Drivers\BSP\Components\LSM303AGR_MAG_driver.o
                0x0800384c                LSM303AGR_MAG_R_ZYXDA
 .text.LSM303AGR_M_Get_Sensitivity
                0x0800386c        0xc Drivers\BSP\Components\LSM303AGR_MAG_driver_HL.o
 .text.LSM303AGR_M_Get_FS
                0x08003878        0xc Drivers\BSP\Components\LSM303AGR_MAG_driver_HL.o
 .text.LSM303AGR_M_Set_FS
                0x08003884        0x4 Drivers\BSP\Components\LSM303AGR_MAG_driver_HL.o
 .text.LSM303AGR_M_Set_FS_Value
                0x08003888        0x4 Drivers\BSP\Components\LSM303AGR_MAG_driver_HL.o
 .text.LSM303AGR_M_Get_DRDY_Status
                0x0800388c       0x30 Drivers\BSP\Components\LSM303AGR_MAG_driver_HL.o
 .text.LSM303AGR_M_Write_Reg
                0x080038bc       0x1c Drivers\BSP\Components\LSM303AGR_MAG_driver_HL.o
 .text.LSM303AGR_M_Read_Reg
                0x080038d8       0x10 Drivers\BSP\Components\LSM303AGR_MAG_driver_HL.o
 .text.LSM303AGR_M_Set_ODR_Value
                0x080038e8       0x5c Drivers\BSP\Components\LSM303AGR_MAG_driver_HL.o
 .text.LSM303AGR_M_Set_ODR
                0x08003944       0x4c Drivers\BSP\Components\LSM303AGR_MAG_driver_HL.o
 .text.LSM303AGR_M_Get_ODR
                0x08003990       0x78 Drivers\BSP\Components\LSM303AGR_MAG_driver_HL.o
 .text.LSM303AGR_M_Get_Axes
                0x08003a08       0x70 Drivers\BSP\Components\LSM303AGR_MAG_driver_HL.o
 .text.LSM303AGR_M_Get_WhoAmI
                0x08003a78       0x10 Drivers\BSP\Components\LSM303AGR_MAG_driver_HL.o
 .text.LSM303AGR_M_Check_WhoAmI
                0x08003a88       0x2c Drivers\BSP\Components\LSM303AGR_MAG_driver_HL.o
 .text.LSM303AGR_M_Sensor_Enable
                0x08003ab4       0x24 Drivers\BSP\Components\LSM303AGR_MAG_driver_HL.o
 .text.LSM303AGR_M_Sensor_Disable
                0x08003ad8       0x20 Drivers\BSP\Components\LSM303AGR_MAG_driver_HL.o
 .text.LSM303AGR_M_Get_AxesRaw
                0x08003af8       0x34 Drivers\BSP\Components\LSM303AGR_MAG_driver_HL.o
 .text.LSM303AGR_M_DeInit
                0x08003b2c       0x4c Drivers\BSP\Components\LSM303AGR_MAG_driver_HL.o
 .text.LSM303AGR_M_Init
                0x08003b78       0x64 Drivers\BSP\Components\LSM303AGR_MAG_driver_HL.o
 .text.LSM6DSL_ACC_GYRO_ReadReg
                0x08003bdc       0x10 Drivers\BSP\Components\LSM6DSL_ACC_GYRO_driver.o
                0x08003bdc                LSM6DSL_ACC_GYRO_ReadReg
 .text.LSM6DSL_ACC_GYRO_WriteReg
                0x08003bec       0x10 Drivers\BSP\Components\LSM6DSL_ACC_GYRO_driver.o
                0x08003bec                LSM6DSL_ACC_GYRO_WriteReg
 .text.LSM6DSL_ACC_GYRO_R_WHO_AM_I
                0x08003bfc       0x14 Drivers\BSP\Components\LSM6DSL_ACC_GYRO_driver.o
                0x08003bfc                LSM6DSL_ACC_GYRO_R_WHO_AM_I
 .text.LSM6DSL_ACC_GYRO_W_BDU
                0x08003c10       0x44 Drivers\BSP\Components\LSM6DSL_ACC_GYRO_driver.o
                0x08003c10                LSM6DSL_ACC_GYRO_W_BDU
 .text.LSM6DSL_ACC_GYRO_W_FS_XL
                0x08003c54       0x44 Drivers\BSP\Components\LSM6DSL_ACC_GYRO_driver.o
                0x08003c54                LSM6DSL_ACC_GYRO_W_FS_XL
 .text.LSM6DSL_ACC_GYRO_R_FS_XL
                0x08003c98       0x20 Drivers\BSP\Components\LSM6DSL_ACC_GYRO_driver.o
                0x08003c98                LSM6DSL_ACC_GYRO_R_FS_XL
 .text.LSM6DSL_ACC_GYRO_GetRawAccData
                0x08003cb8       0x40 Drivers\BSP\Components\LSM6DSL_ACC_GYRO_driver.o
                0x08003cb8                LSM6DSL_ACC_GYRO_GetRawAccData
 .text.LSM6DSL_ACC_GYRO_W_ODR_XL
                0x08003cf8       0x44 Drivers\BSP\Components\LSM6DSL_ACC_GYRO_driver.o
                0x08003cf8                LSM6DSL_ACC_GYRO_W_ODR_XL
 .text.LSM6DSL_ACC_GYRO_R_ODR_XL
                0x08003d3c       0x20 Drivers\BSP\Components\LSM6DSL_ACC_GYRO_driver.o
                0x08003d3c                LSM6DSL_ACC_GYRO_R_ODR_XL
 .text.LSM6DSL_ACC_GYRO_W_FS_G
                0x08003d5c       0x44 Drivers\BSP\Components\LSM6DSL_ACC_GYRO_driver.o
                0x08003d5c                LSM6DSL_ACC_GYRO_W_FS_G
 .text.LSM6DSL_ACC_GYRO_R_FS_G
                0x08003da0       0x20 Drivers\BSP\Components\LSM6DSL_ACC_GYRO_driver.o
                0x08003da0                LSM6DSL_ACC_GYRO_R_FS_G
 .text.LSM6DSL_ACC_GYRO_GetRawGyroData
                0x08003dc0       0x40 Drivers\BSP\Components\LSM6DSL_ACC_GYRO_driver.o
                0x08003dc0                LSM6DSL_ACC_GYRO_GetRawGyroData
 .text.LSM6DSL_ACC_GYRO_W_ODR_G
                0x08003e00       0x44 Drivers\BSP\Components\LSM6DSL_ACC_GYRO_driver.o
                0x08003e00                LSM6DSL_ACC_GYRO_W_ODR_G
 .text.LSM6DSL_ACC_GYRO_R_ODR_G
                0x08003e44       0x20 Drivers\BSP\Components\LSM6DSL_ACC_GYRO_driver.o
                0x08003e44                LSM6DSL_ACC_GYRO_R_ODR_G
 .text.LSM6DSL_ACC_GYRO_W_FS_125
                0x08003e64       0x44 Drivers\BSP\Components\LSM6DSL_ACC_GYRO_driver.o
                0x08003e64                LSM6DSL_ACC_GYRO_W_FS_125
 .text.LSM6DSL_ACC_GYRO_R_FS_125
                0x08003ea8       0x20 Drivers\BSP\Components\LSM6DSL_ACC_GYRO_driver.o
                0x08003ea8                LSM6DSL_ACC_GYRO_R_FS_125
 .text.LSM6DSL_ACC_GYRO_W_FIFO_Watermark
                0x08003ec8       0x6c Drivers\BSP\Components\LSM6DSL_ACC_GYRO_driver.o
                0x08003ec8                LSM6DSL_ACC_GYRO_W_FIFO_Watermark
 .text.LSM6DSL_ACC_GYRO_W_DEC_FIFO_XL
                0x08003f34       0x44 Drivers\BSP\Components\LSM6DSL_ACC_GYRO_driver.o
                0x08003f34                LSM6DSL_ACC_GYRO_W_DEC_FIFO_XL
 .text.LSM6DSL_ACC_GYRO_W_DEC_FIFO_G
                0x08003f78       0x44 Drivers\BSP\Components\LSM6DSL_ACC_GYRO_driver.o
                0x08003f78                LSM6DSL_ACC_GYRO_W_DEC_FIFO_G
 .text.LSM6DSL_ACC_GYRO_W_STOP_ON_FTH
                0x08003fbc       0x44 Drivers\BSP\Components\LSM6DSL_ACC_GYRO_driver.o
                0x08003fbc                LSM6DSL_ACC_GYRO_W_STOP_ON_FTH
 .text.LSM6DSL_ACC_GYRO_W_FIFO_MODE
                0x08004000       0x44 Drivers\BSP\Components\LSM6DSL_ACC_GYRO_driver.o
                0x08004000                LSM6DSL_ACC_GYRO_W_FIFO_MODE
 .text.LSM6DSL_ACC_GYRO_W_ODR_FIFO
                0x08004044       0x44 Drivers\BSP\Components\LSM6DSL_ACC_GYRO_driver.o
                0x08004044                LSM6DSL_ACC_GYRO_W_ODR_FIFO
 .text.LSM6DSL_ACC_GYRO_W_FULL_FLAG_on_INT1
                0x08004088       0x44 Drivers\BSP\Components\LSM6DSL_ACC_GYRO_driver.o
                0x08004088                LSM6DSL_ACC_GYRO_W_FULL_FLAG_on_INT1
 .text.LSM6DSL_ACC_GYRO_W_STEP_DET_on_INT1
                0x080040cc       0x44 Drivers\BSP\Components\LSM6DSL_ACC_GYRO_driver.o
                0x080040cc                LSM6DSL_ACC_GYRO_W_STEP_DET_on_INT1
 .text.LSM6DSL_ACC_GYRO_W_IF_Addr_Incr
                0x08004110       0x44 Drivers\BSP\Components\LSM6DSL_ACC_GYRO_driver.o
                0x08004110                LSM6DSL_ACC_GYRO_W_IF_Addr_Incr
 .text.LSM6DSL_ACC_GYRO_W_SelfTest_XL
                0x08004154       0x44 Drivers\BSP\Components\LSM6DSL_ACC_GYRO_driver.o
                0x08004154                LSM6DSL_ACC_GYRO_W_SelfTest_XL
 .text.LSM6DSL_ACC_GYRO_W_SelfTest_G
                0x08004198       0x44 Drivers\BSP\Components\LSM6DSL_ACC_GYRO_driver.o
                0x08004198                LSM6DSL_ACC_GYRO_W_SelfTest_G
 .text.LSM6DSL_ACC_GYRO_W_PedoStepReset
                0x080041dc       0x44 Drivers\BSP\Components\LSM6DSL_ACC_GYRO_driver.o
                0x080041dc                LSM6DSL_ACC_GYRO_W_PedoStepReset
 .text.LSM6DSL_ACC_GYRO_W_TILT
                0x08004220       0x44 Drivers\BSP\Components\LSM6DSL_ACC_GYRO_driver.o
                0x08004220                LSM6DSL_ACC_GYRO_W_TILT
 .text.LSM6DSL_ACC_GYRO_W_PEDO
                0x08004264       0x44 Drivers\BSP\Components\LSM6DSL_ACC_GYRO_driver.o
                0x08004264                LSM6DSL_ACC_GYRO_W_PEDO
 .text.LSM6DSL_ACC_GYRO_W_FUNC_EN
                0x080042a8       0x44 Drivers\BSP\Components\LSM6DSL_ACC_GYRO_driver.o
                0x080042a8                LSM6DSL_ACC_GYRO_W_FUNC_EN
 .text.LSM6DSL_ACC_GYRO_R_WU_EV_STATUS
                0x080042ec       0x20 Drivers\BSP\Components\LSM6DSL_ACC_GYRO_driver.o
                0x080042ec                LSM6DSL_ACC_GYRO_R_WU_EV_STATUS
 .text.LSM6DSL_ACC_GYRO_R_FF_EV_STATUS
                0x0800430c       0x20 Drivers\BSP\Components\LSM6DSL_ACC_GYRO_driver.o
                0x0800430c                LSM6DSL_ACC_GYRO_R_FF_EV_STATUS
 .text.LSM6DSL_ACC_GYRO_R_DOUBLE_TAP_EV_STATUS
                0x0800432c       0x20 Drivers\BSP\Components\LSM6DSL_ACC_GYRO_driver.o
                0x0800432c                LSM6DSL_ACC_GYRO_R_DOUBLE_TAP_EV_STATUS
 .text.LSM6DSL_ACC_GYRO_R_SINGLE_TAP_EV_STATUS
                0x0800434c       0x20 Drivers\BSP\Components\LSM6DSL_ACC_GYRO_driver.o
                0x0800434c                LSM6DSL_ACC_GYRO_R_SINGLE_TAP_EV_STATUS
 .text.LSM6DSL_ACC_GYRO_R_DSD_XL
                0x0800436c       0x20 Drivers\BSP\Components\LSM6DSL_ACC_GYRO_driver.o
                0x0800436c                LSM6DSL_ACC_GYRO_R_DSD_XL
 .text.LSM6DSL_ACC_GYRO_R_DSD_XH
                0x0800438c       0x20 Drivers\BSP\Components\LSM6DSL_ACC_GYRO_driver.o
                0x0800438c                LSM6DSL_ACC_GYRO_R_DSD_XH
 .text.LSM6DSL_ACC_GYRO_R_DSD_YL
                0x080043ac       0x20 Drivers\BSP\Components\LSM6DSL_ACC_GYRO_driver.o
                0x080043ac                LSM6DSL_ACC_GYRO_R_DSD_YL
 .text.LSM6DSL_ACC_GYRO_R_DSD_YH
                0x080043cc       0x20 Drivers\BSP\Components\LSM6DSL_ACC_GYRO_driver.o
                0x080043cc                LSM6DSL_ACC_GYRO_R_DSD_YH
 .text.LSM6DSL_ACC_GYRO_R_DSD_ZL
                0x080043ec       0x20 Drivers\BSP\Components\LSM6DSL_ACC_GYRO_driver.o
                0x080043ec                LSM6DSL_ACC_GYRO_R_DSD_ZL
 .text.LSM6DSL_ACC_GYRO_R_DSD_ZH
                0x0800440c       0x20 Drivers\BSP\Components\LSM6DSL_ACC_GYRO_driver.o
                0x0800440c                LSM6DSL_ACC_GYRO_R_DSD_ZH
 .text.LSM6DSL_ACC_GYRO_R_D6D_EV_STATUS
                0x0800442c       0x20 Drivers\BSP\Components\LSM6DSL_ACC_GYRO_driver.o
                0x0800442c                LSM6DSL_ACC_GYRO_R_D6D_EV_STATUS
 .text.LSM6DSL_ACC_GYRO_R_XLDA
                0x0800444c       0x20 Drivers\BSP\Components\LSM6DSL_ACC_GYRO_driver.o
                0x0800444c                LSM6DSL_ACC_GYRO_R_XLDA
 .text.LSM6DSL_ACC_GYRO_R_GDA
                0x0800446c       0x20 Drivers\BSP\Components\LSM6DSL_ACC_GYRO_driver.o
                0x0800446c                LSM6DSL_ACC_GYRO_R_GDA
 .text.LSM6DSL_ACC_GYRO_R_FIFONumOfEntries
                0x0800448c       0x44 Drivers\BSP\Components\LSM6DSL_ACC_GYRO_driver.o
                0x0800448c                LSM6DSL_ACC_GYRO_R_FIFONumOfEntries
 .text.LSM6DSL_ACC_GYRO_R_FIFOEmpty
                0x080044d0       0x20 Drivers\BSP\Components\LSM6DSL_ACC_GYRO_driver.o
                0x080044d0                LSM6DSL_ACC_GYRO_R_FIFOEmpty
 .text.LSM6DSL_ACC_GYRO_R_FIFOFull
                0x080044f0       0x20 Drivers\BSP\Components\LSM6DSL_ACC_GYRO_driver.o
                0x080044f0                LSM6DSL_ACC_GYRO_R_FIFOFull
 .text.LSM6DSL_ACC_GYRO_R_OVERRUN
                0x08004510       0x20 Drivers\BSP\Components\LSM6DSL_ACC_GYRO_driver.o
                0x08004510                LSM6DSL_ACC_GYRO_R_OVERRUN
 .text.LSM6DSL_ACC_GYRO_R_FIFOPattern
                0x08004530       0x44 Drivers\BSP\Components\LSM6DSL_ACC_GYRO_driver.o
                0x08004530                LSM6DSL_ACC_GYRO_R_FIFOPattern
 .text.LSM6DSL_ACC_GYRO_R_PEDO_EV_STATUS
                0x08004574       0x20 Drivers\BSP\Components\LSM6DSL_ACC_GYRO_driver.o
                0x08004574                LSM6DSL_ACC_GYRO_R_PEDO_EV_STATUS
 .text.LSM6DSL_ACC_GYRO_R_TILT_EV_STATUS
                0x08004594       0x20 Drivers\BSP\Components\LSM6DSL_ACC_GYRO_driver.o
                0x08004594                LSM6DSL_ACC_GYRO_R_TILT_EV_STATUS
 .text.LSM6DSL_ACC_GYRO_W_LIR
                0x080045b4       0x44 Drivers\BSP\Components\LSM6DSL_ACC_GYRO_driver.o
                0x080045b4                LSM6DSL_ACC_GYRO_W_LIR
 .text.LSM6DSL_ACC_GYRO_W_TAP_Z_EN
                0x080045f8       0x44 Drivers\BSP\Components\LSM6DSL_ACC_GYRO_driver.o
                0x080045f8                LSM6DSL_ACC_GYRO_W_TAP_Z_EN
 .text.LSM6DSL_ACC_GYRO_W_TAP_Y_EN
                0x0800463c       0x44 Drivers\BSP\Components\LSM6DSL_ACC_GYRO_driver.o
                0x0800463c                LSM6DSL_ACC_GYRO_W_TAP_Y_EN
 .text.LSM6DSL_ACC_GYRO_W_TAP_X_EN
                0x08004680       0x44 Drivers\BSP\Components\LSM6DSL_ACC_GYRO_driver.o
                0x08004680                LSM6DSL_ACC_GYRO_W_TAP_X_EN
 .text.LSM6DSL_ACC_GYRO_W_BASIC_INT
                0x080046c4       0x44 Drivers\BSP\Components\LSM6DSL_ACC_GYRO_driver.o
                0x080046c4                LSM6DSL_ACC_GYRO_W_BASIC_INT
 .text.LSM6DSL_ACC_GYRO_W_TAP_THS
                0x08004708       0x48 Drivers\BSP\Components\LSM6DSL_ACC_GYRO_driver.o
                0x08004708                LSM6DSL_ACC_GYRO_W_TAP_THS
 .text.LSM6DSL_ACC_GYRO_W_SIXD_THS
                0x08004750       0x44 Drivers\BSP\Components\LSM6DSL_ACC_GYRO_driver.o
                0x08004750                LSM6DSL_ACC_GYRO_W_SIXD_THS
 .text.LSM6DSL_ACC_GYRO_W_SHOCK_Duration
                0x08004794       0x48 Drivers\BSP\Components\LSM6DSL_ACC_GYRO_driver.o
                0x08004794                LSM6DSL_ACC_GYRO_W_SHOCK_Duration
 .text.LSM6DSL_ACC_GYRO_W_QUIET_Duration
                0x080047dc       0x48 Drivers\BSP\Components\LSM6DSL_ACC_GYRO_driver.o
                0x080047dc                LSM6DSL_ACC_GYRO_W_QUIET_Duration
 .text.LSM6DSL_ACC_GYRO_W_DUR
                0x08004824       0x44 Drivers\BSP\Components\LSM6DSL_ACC_GYRO_driver.o
                0x08004824                LSM6DSL_ACC_GYRO_W_DUR
 .text.LSM6DSL_ACC_GYRO_W_WK_THS
                0x08004868       0x48 Drivers\BSP\Components\LSM6DSL_ACC_GYRO_driver.o
                0x08004868                LSM6DSL_ACC_GYRO_W_WK_THS
 .text.LSM6DSL_ACC_GYRO_W_SINGLE_DOUBLE_TAP_EV
                0x080048b0       0x44 Drivers\BSP\Components\LSM6DSL_ACC_GYRO_driver.o
                0x080048b0                LSM6DSL_ACC_GYRO_W_SINGLE_DOUBLE_TAP_EV
 .text.LSM6DSL_ACC_GYRO_W_SLEEP_DUR
                0x080048f4       0x48 Drivers\BSP\Components\LSM6DSL_ACC_GYRO_driver.o
                0x080048f4                LSM6DSL_ACC_GYRO_W_SLEEP_DUR
 .text.LSM6DSL_ACC_GYRO_W_TIMER_HR
                0x0800493c       0x44 Drivers\BSP\Components\LSM6DSL_ACC_GYRO_driver.o
                0x0800493c                LSM6DSL_ACC_GYRO_W_TIMER_HR
 .text.LSM6DSL_ACC_GYRO_W_WAKE_DUR
                0x08004980       0x48 Drivers\BSP\Components\LSM6DSL_ACC_GYRO_driver.o
                0x08004980                LSM6DSL_ACC_GYRO_W_WAKE_DUR
 .text.LSM6DSL_ACC_GYRO_W_FF_THS
                0x080049c8       0x44 Drivers\BSP\Components\LSM6DSL_ACC_GYRO_driver.o
                0x080049c8                LSM6DSL_ACC_GYRO_W_FF_THS
 .text.LSM6DSL_ACC_GYRO_W_FF_Duration
                0x08004a0c       0x78 Drivers\BSP\Components\LSM6DSL_ACC_GYRO_driver.o
                0x08004a0c                LSM6DSL_ACC_GYRO_W_FF_Duration
 .text.LSM6DSL_ACC_GYRO_W_TiltEvOnInt1
                0x08004a84       0x44 Drivers\BSP\Components\LSM6DSL_ACC_GYRO_driver.o
                0x08004a84                LSM6DSL_ACC_GYRO_W_TiltEvOnInt1
 .text.LSM6DSL_ACC_GYRO_W_6DEvOnInt1
                0x08004ac8       0x44 Drivers\BSP\Components\LSM6DSL_ACC_GYRO_driver.o
                0x08004ac8                LSM6DSL_ACC_GYRO_W_6DEvOnInt1
 .text.LSM6DSL_ACC_GYRO_W_TapEvOnInt1
                0x08004b0c       0x44 Drivers\BSP\Components\LSM6DSL_ACC_GYRO_driver.o
                0x08004b0c                LSM6DSL_ACC_GYRO_W_TapEvOnInt1
 .text.LSM6DSL_ACC_GYRO_W_FFEvOnInt1
                0x08004b50       0x44 Drivers\BSP\Components\LSM6DSL_ACC_GYRO_driver.o
                0x08004b50                LSM6DSL_ACC_GYRO_W_FFEvOnInt1
 .text.LSM6DSL_ACC_GYRO_W_WUEvOnInt1
                0x08004b94       0x44 Drivers\BSP\Components\LSM6DSL_ACC_GYRO_driver.o
                0x08004b94                LSM6DSL_ACC_GYRO_W_WUEvOnInt1
 .text.LSM6DSL_ACC_GYRO_W_SingleTapOnInt1
                0x08004bd8       0x44 Drivers\BSP\Components\LSM6DSL_ACC_GYRO_driver.o
                0x08004bd8                LSM6DSL_ACC_GYRO_W_SingleTapOnInt1
 .text.LSM6DSL_ACC_GYRO_W_TiltEvOnInt2
                0x08004c1c       0x44 Drivers\BSP\Components\LSM6DSL_ACC_GYRO_driver.o
                0x08004c1c                LSM6DSL_ACC_GYRO_W_TiltEvOnInt2
 .text.LSM6DSL_ACC_GYRO_W_6DEvOnInt2
                0x08004c60       0x44 Drivers\BSP\Components\LSM6DSL_ACC_GYRO_driver.o
                0x08004c60                LSM6DSL_ACC_GYRO_W_6DEvOnInt2
 .text.LSM6DSL_ACC_GYRO_W_TapEvOnInt2
                0x08004ca4       0x44 Drivers\BSP\Components\LSM6DSL_ACC_GYRO_driver.o
                0x08004ca4                LSM6DSL_ACC_GYRO_W_TapEvOnInt2
 .text.LSM6DSL_ACC_GYRO_W_FFEvOnInt2
                0x08004ce8       0x44 Drivers\BSP\Components\LSM6DSL_ACC_GYRO_driver.o
                0x08004ce8                LSM6DSL_ACC_GYRO_W_FFEvOnInt2
 .text.LSM6DSL_ACC_GYRO_W_WUEvOnInt2
                0x08004d2c       0x44 Drivers\BSP\Components\LSM6DSL_ACC_GYRO_driver.o
                0x08004d2c                LSM6DSL_ACC_GYRO_W_WUEvOnInt2
 .text.LSM6DSL_ACC_GYRO_W_SingleTapOnInt2
                0x08004d70       0x44 Drivers\BSP\Components\LSM6DSL_ACC_GYRO_driver.o
                0x08004d70                LSM6DSL_ACC_GYRO_W_SingleTapOnInt2
 .text.LSM6DSL_ACC_GYRO_Get_GetFIFOData
                0x08004db4       0x2c Drivers\BSP\Components\LSM6DSL_ACC_GYRO_driver.o
                0x08004db4                LSM6DSL_ACC_GYRO_Get_GetFIFOData
 .text.LSM6DSL_ACC_GYRO_Get_GetStepCounter
                0x08004de0       0x2c Drivers\BSP\Components\LSM6DSL_ACC_GYRO_driver.o
                0x08004de0                LSM6DSL_ACC_GYRO_Get_GetStepCounter
 .text.LSM6DSL_ACC_GYRO_W_PedoThreshold
                0x08004e0c       0x90 Drivers\BSP\Components\LSM6DSL_ACC_GYRO_driver.o
                0x08004e0c                LSM6DSL_ACC_GYRO_W_PedoThreshold
 .text.LSM6DSL_FIFO_Set_Watermark_Level
                0x08004e9c       0x10 Drivers\BSP\Components\LSM6DSL_ACC_GYRO_driver_HL.o
 .text.LSM6DSL_X_Get_Sensitivity
                0x08004eac       0x78 Drivers\BSP\Components\LSM6DSL_ACC_GYRO_driver_HL.o
 .text.LSM6DSL_X_Get_FS
                0x08004f24       0x70 Drivers\BSP\Components\LSM6DSL_ACC_GYRO_driver_HL.o
 .text.LSM6DSL_FIFO_Get_Num_Of_Samples
                0x08004f94       0x10 Drivers\BSP\Components\LSM6DSL_ACC_GYRO_driver_HL.o
 .text.LSM6DSL_FIFO_Get_Data
                0x08004fa4       0x10 Drivers\BSP\Components\LSM6DSL_ACC_GYRO_driver_HL.o
 .text.LSM6DSL_FIFO_Get_Pattern
                0x08004fb4       0x10 Drivers\BSP\Components\LSM6DSL_ACC_GYRO_driver_HL.o
 .text.LSM6DSL_FIFO_Get_Overrun_Status
                0x08004fc4       0x30 Drivers\BSP\Components\LSM6DSL_ACC_GYRO_driver_HL.o
 .text.LSM6DSL_FIFO_Get_Empty_Status
                0x08004ff4       0x30 Drivers\BSP\Components\LSM6DSL_ACC_GYRO_driver_HL.o
 .text.LSM6DSL_FIFO_Get_Full_Status
                0x08005024       0x30 Drivers\BSP\Components\LSM6DSL_ACC_GYRO_driver_HL.o
 .text.LSM6DSL_FIFO_Set_ODR_Value
                0x08005054       0xe0 Drivers\BSP\Components\LSM6DSL_ACC_GYRO_driver_HL.o
 .text.LSM6DSL_X_Get_Event_Status
                0x08005134      0x17c Drivers\BSP\Components\LSM6DSL_ACC_GYRO_driver_HL.o
 .text.LSM6DSL_G_Read_Reg
                0x080052b0       0x10 Drivers\BSP\Components\LSM6DSL_ACC_GYRO_driver_HL.o
 .text.LSM6DSL_X_Get_6D_Orientation_ZH
                0x080052c0       0x30 Drivers\BSP\Components\LSM6DSL_ACC_GYRO_driver_HL.o
 .text.LSM6DSL_X_Get_6D_Orientation_ZL
                0x080052f0       0x30 Drivers\BSP\Components\LSM6DSL_ACC_GYRO_driver_HL.o
 .text.LSM6DSL_X_Get_6D_Orientation_YH
                0x08005320       0x30 Drivers\BSP\Components\LSM6DSL_ACC_GYRO_driver_HL.o
 .text.LSM6DSL_X_Get_6D_Orientation_YL
                0x08005350       0x30 Drivers\BSP\Components\LSM6DSL_ACC_GYRO_driver_HL.o
 .text.LSM6DSL_X_Get_6D_Orientation_XH
                0x08005380       0x30 Drivers\BSP\Components\LSM6DSL_ACC_GYRO_driver_HL.o
 .text.LSM6DSL_X_Get_6D_Orientation_XL
                0x080053b0       0x30 Drivers\BSP\Components\LSM6DSL_ACC_GYRO_driver_HL.o
 .text.LSM6DSL_X_Get_6D_Orientation_Status
                0x080053e0       0x30 Drivers\BSP\Components\LSM6DSL_ACC_GYRO_driver_HL.o
 .text.LSM6DSL_X_Set_FS_Value
                0x08005410       0x58 Drivers\BSP\Components\LSM6DSL_ACC_GYRO_driver_HL.o
 .text.LSM6DSL_X_Set_FS
                0x08005468       0x24 Drivers\BSP\Components\LSM6DSL_ACC_GYRO_driver_HL.o
 .text.LSM6DSL_X_Set_Tap_Duration_Time
                0x0800548c       0x10 Drivers\BSP\Components\LSM6DSL_ACC_GYRO_driver_HL.o
 .text.LSM6DSL_X_Set_Tap_Quiet_Time
                0x0800549c       0x10 Drivers\BSP\Components\LSM6DSL_ACC_GYRO_driver_HL.o
 .text.LSM6DSL_X_Set_Tap_Shock_Time
                0x080054ac       0x10 Drivers\BSP\Components\LSM6DSL_ACC_GYRO_driver_HL.o
 .text.LSM6DSL_X_Set_Tap_Threshold
                0x080054bc       0x10 Drivers\BSP\Components\LSM6DSL_ACC_GYRO_driver_HL.o
 .text.LSM6DSL_X_Get_Double_Tap_Detection_Status
                0x080054cc       0x30 Drivers\BSP\Components\LSM6DSL_ACC_GYRO_driver_HL.o
 .text.LSM6DSL_X_Get_Single_Tap_Detection_Status
                0x080054fc       0x30 Drivers\BSP\Components\LSM6DSL_ACC_GYRO_driver_HL.o
 .text.LSM6DSL_X_Set_Wake_Up_Threshold
                0x0800552c       0x10 Drivers\BSP\Components\LSM6DSL_ACC_GYRO_driver_HL.o
 .text.LSM6DSL_X_Get_Wake_Up_Detection_Status
                0x0800553c       0x30 Drivers\BSP\Components\LSM6DSL_ACC_GYRO_driver_HL.o
 .text.LSM6DSL_X_Get_Tilt_Detection_Status
                0x0800556c       0x30 Drivers\BSP\Components\LSM6DSL_ACC_GYRO_driver_HL.o
 .text.LSM6DSL_X_Set_Pedometer_Threshold
                0x0800559c       0x10 Drivers\BSP\Components\LSM6DSL_ACC_GYRO_driver_HL.o
 .text.LSM6DSL_X_Disable_Step_Counter_Reset
                0x080055ac       0x10 Drivers\BSP\Components\LSM6DSL_ACC_GYRO_driver_HL.o
 .text.LSM6DSL_X_Enable_Step_Counter_Reset
                0x080055bc       0x10 Drivers\BSP\Components\LSM6DSL_ACC_GYRO_driver_HL.o
 .text.LSM6DSL_X_Get_Step_Count
                0x080055cc       0x10 Drivers\BSP\Components\LSM6DSL_ACC_GYRO_driver_HL.o
 .text.LSM6DSL_X_Get_Pedometer_Status
                0x080055dc       0x30 Drivers\BSP\Components\LSM6DSL_ACC_GYRO_driver_HL.o
 .text.LSM6DSL_X_Set_Free_Fall_Threshold
                0x0800560c       0x10 Drivers\BSP\Components\LSM6DSL_ACC_GYRO_driver_HL.o
 .text.LSM6DSL_X_Get_Free_Fall_Detection_Status
                0x0800561c       0x30 Drivers\BSP\Components\LSM6DSL_ACC_GYRO_driver_HL.o
 .text.LSM6DSL_G_Get_FS
                0x0800564c       0x90 Drivers\BSP\Components\LSM6DSL_ACC_GYRO_driver_HL.o
 .text.LSM6DSL_X_Get_DRDY_Status
                0x080056dc       0x30 Drivers\BSP\Components\LSM6DSL_ACC_GYRO_driver_HL.o
 .text.LSM6DSL_G_Write_Reg
                0x0800570c       0x1c Drivers\BSP\Components\LSM6DSL_ACC_GYRO_driver_HL.o
 .text.LSM6DSL_X_Get_ODR
                0x08005728       0xd4 Drivers\BSP\Components\LSM6DSL_ACC_GYRO_driver_HL.o
 .text.LSM6DSL_G_Get_WhoAmI
                0x080057fc       0x10 Drivers\BSP\Components\LSM6DSL_ACC_GYRO_driver_HL.o
 .text.LSM6DSL_G_Get_DRDY_Status
                0x0800580c       0x30 Drivers\BSP\Components\LSM6DSL_ACC_GYRO_driver_HL.o
 .text.LSM6DSL_G_Set_FS
                0x0800583c       0x24 Drivers\BSP\Components\LSM6DSL_ACC_GYRO_driver_HL.o
 .text.LSM6DSL_G_Get_ODR
                0x08005860       0xd4 Drivers\BSP\Components\LSM6DSL_ACC_GYRO_driver_HL.o
 .text.LSM6DSL_X_Set_SelfTest
                0x08005934       0x18 Drivers\BSP\Components\LSM6DSL_ACC_GYRO_driver_HL.o
 .text.LSM6DSL_G_Set_Interrupt_Latch
                0x0800594c       0x18 Drivers\BSP\Components\LSM6DSL_ACC_GYRO_driver_HL.o
 .text.LSM6DSL_FIFO_Set_Stop_On_Fth
                0x08005964       0x18 Drivers\BSP\Components\LSM6DSL_ACC_GYRO_driver_HL.o
 .text.LSM6DSL_FIFO_Set_INT1_FIFO_Full
                0x0800597c       0x18 Drivers\BSP\Components\LSM6DSL_ACC_GYRO_driver_HL.o
 .text.LSM6DSL_FIFO_Set_Mode
                0x08005994       0x28 Drivers\BSP\Components\LSM6DSL_ACC_GYRO_driver_HL.o
 .text.LSM6DSL_FIFO_X_Set_Decimation
                0x080059bc       0x18 Drivers\BSP\Components\LSM6DSL_ACC_GYRO_driver_HL.o
 .text.LSM6DSL_X_Disable_6D_Orientation
                0x080059d4       0x38 Drivers\BSP\Components\LSM6DSL_ACC_GYRO_driver_HL.o
 .text.LSM6DSL_X_Set_ODR
                0x08005a0c       0x78 Drivers\BSP\Components\LSM6DSL_ACC_GYRO_driver_HL.o
 .text.LSM6DSL_X_Disable_Double_Tap_Detection
                0x08005a84       0x8c Drivers\BSP\Components\LSM6DSL_ACC_GYRO_driver_HL.o
 .text.LSM6DSL_X_Disable_Single_Tap_Detection
                0x08005b10       0x74 Drivers\BSP\Components\LSM6DSL_ACC_GYRO_driver_HL.o
 .text.LSM6DSL_X_Disable_Wake_Up_Detection
                0x08005b84       0x44 Drivers\BSP\Components\LSM6DSL_ACC_GYRO_driver_HL.o
 .text.LSM6DSL_X_Disable_Tilt_Detection
                0x08005bc8       0x38 Drivers\BSP\Components\LSM6DSL_ACC_GYRO_driver_HL.o
 .text.LSM6DSL_X_Disable_Pedometer
                0x08005c00       0x38 Drivers\BSP\Components\LSM6DSL_ACC_GYRO_driver_HL.o
 .text.LSM6DSL_X_Disable_Free_Fall_Detection
                0x08005c38       0x44 Drivers\BSP\Components\LSM6DSL_ACC_GYRO_driver_HL.o
 .text.LSM6DSL_G_Set_SelfTest
                0x08005c7c       0x28 Drivers\BSP\Components\LSM6DSL_ACC_GYRO_driver_HL.o
 .text.LSM6DSL_G_Get_Sensitivity
                0x08005ca4       0x90 Drivers\BSP\Components\LSM6DSL_ACC_GYRO_driver_HL.o
 .text.LSM6DSL_FIFO_G_Set_Decimation
                0x08005d34       0x54 Drivers\BSP\Components\LSM6DSL_ACC_GYRO_driver_HL.o
 .text.LSM6DSL_G_Set_FS_Value
                0x08005d88       0x90 Drivers\BSP\Components\LSM6DSL_ACC_GYRO_driver_HL.o
 .text.LSM6DSL_G_Set_ODR_Value
                0x08005e18      0x168 Drivers\BSP\Components\LSM6DSL_ACC_GYRO_driver_HL.o
 .text.LSM6DSL_G_Set_ODR
                0x08005f80       0x78 Drivers\BSP\Components\LSM6DSL_ACC_GYRO_driver_HL.o
 .text.LSM6DSL_X_Get_WhoAmI
                0x08005ff8       0x10 Drivers\BSP\Components\LSM6DSL_ACC_GYRO_driver_HL.o
 .text.LSM6DSL_X_Set_ODR_Value
                0x08006008      0x168 Drivers\BSP\Components\LSM6DSL_ACC_GYRO_driver_HL.o
 .text.LSM6DSL_X_Set_Interrupt_Latch
                0x08006170       0x18 Drivers\BSP\Components\LSM6DSL_ACC_GYRO_driver_HL.o
 .text.LSM6DSL_X_Read_Reg
                0x08006188       0x10 Drivers\BSP\Components\LSM6DSL_ACC_GYRO_driver_HL.o
 .text.LSM6DSL_X_Write_Reg
                0x08006198       0x1c Drivers\BSP\Components\LSM6DSL_ACC_GYRO_driver_HL.o
 .text.LSM6DSL_X_Enable_Free_Fall_Detection
                0x080061b4       0xa4 Drivers\BSP\Components\LSM6DSL_ACC_GYRO_driver_HL.o
 .text.LSM6DSL_X_Enable_Tilt_Detection
                0x08006258       0x74 Drivers\BSP\Components\LSM6DSL_ACC_GYRO_driver_HL.o
 .text.LSM6DSL_X_Enable_Pedometer
                0x080062cc       0x68 Drivers\BSP\Components\LSM6DSL_ACC_GYRO_driver_HL.o
 .text.LSM6DSL_X_Get_AxesRaw
                0x08006334       0x4c Drivers\BSP\Components\LSM6DSL_ACC_GYRO_driver_HL.o
 .text.LSM6DSL_G_Get_AxesRaw
                0x08006380       0x4c Drivers\BSP\Components\LSM6DSL_ACC_GYRO_driver_HL.o
 .text.LSM6DSL_X_Sensor_Enable
                0x080063cc       0xe8 Drivers\BSP\Components\LSM6DSL_ACC_GYRO_driver_HL.o
 .text.LSM6DSL_G_Sensor_Enable
                0x080064b4       0xe8 Drivers\BSP\Components\LSM6DSL_ACC_GYRO_driver_HL.o
 .text.LSM6DSL_X_Check_WhoAmI
                0x0800659c       0x2c Drivers\BSP\Components\LSM6DSL_ACC_GYRO_driver_HL.o
 .text.LSM6DSL_G_Check_WhoAmI
                0x080065c8       0x2c Drivers\BSP\Components\LSM6DSL_ACC_GYRO_driver_HL.o
 .text.LSM6DSL_X_Enable_6D_Orientation
                0x080065f4       0x74 Drivers\BSP\Components\LSM6DSL_ACC_GYRO_driver_HL.o
 .text.LSM6DSL_X_Enable_Double_Tap_Detection
                0x08006668       0xc8 Drivers\BSP\Components\LSM6DSL_ACC_GYRO_driver_HL.o
 .text.LSM6DSL_X_Enable_Wake_Up_Detection
                0x08006730       0x80 Drivers\BSP\Components\LSM6DSL_ACC_GYRO_driver_HL.o
 .text.LSM6DSL_X_Enable_Single_Tap_Detection
                0x080067b0       0xb0 Drivers\BSP\Components\LSM6DSL_ACC_GYRO_driver_HL.o
 .text.LSM6DSL_G_Init
                0x08006860       0x78 Drivers\BSP\Components\LSM6DSL_ACC_GYRO_driver_HL.o
 .text.LSM6DSL_X_Init
                0x080068d8       0x78 Drivers\BSP\Components\LSM6DSL_ACC_GYRO_driver_HL.o
 .text.LSM6DSL_FIFO_G_Get_Axis
                0x08006950       0xa8 Drivers\BSP\Components\LSM6DSL_ACC_GYRO_driver_HL.o
 .text.LSM6DSL_G_Get_Axes
                0x080069f8       0xfc Drivers\BSP\Components\LSM6DSL_ACC_GYRO_driver_HL.o
 .text.LSM6DSL_FIFO_X_Get_Axis
                0x08006af4       0x8c Drivers\BSP\Components\LSM6DSL_ACC_GYRO_driver_HL.o
 .text.LSM6DSL_X_Get_Axes
                0x08006b80       0xd4 Drivers\BSP\Components\LSM6DSL_ACC_GYRO_driver_HL.o
 .text.LSM6DSL_X_Sensor_Disable
                0x08006c54       0xdc Drivers\BSP\Components\LSM6DSL_ACC_GYRO_driver_HL.o
 .text.LSM6DSL_G_Sensor_Disable
                0x08006d30       0xdc Drivers\BSP\Components\LSM6DSL_ACC_GYRO_driver_HL.o
 .text.LSM6DSL_G_DeInit
                0x08006e0c      0x108 Drivers\BSP\Components\LSM6DSL_ACC_GYRO_driver_HL.o
 .text.LSM6DSL_X_DeInit
                0x08006f14      0x238 Drivers\BSP\Components\LSM6DSL_ACC_GYRO_driver_HL.o
 .text.BSP_LED_Init
                0x0800714c       0x50 Drivers\BSP\STM32F4xx-Nucleo\stm32f4xx_nucleo.o
                0x0800714c                BSP_LED_Init
 .text.BSP_LED_Off
                0x0800719c       0x14 Drivers\BSP\STM32F4xx-Nucleo\stm32f4xx_nucleo.o
                0x0800719c                BSP_LED_Off
 .text.BSP_LED_Toggle
                0x080071b0       0x10 Drivers\BSP\STM32F4xx-Nucleo\stm32f4xx_nucleo.o
                0x080071b0                BSP_LED_Toggle
 .text.BSP_PB_Init
                0x080071c0       0x80 Drivers\BSP\STM32F4xx-Nucleo\stm32f4xx_nucleo.o
                0x080071c0                BSP_PB_Init
 .text.I2C_EXPBD_Init
                0x08007240       0xc8 Drivers\BSP\X_NUCLEO_IKS01A2\x_nucleo_iks01a2.o
 .text.Sensor_IO_Init
                0x08007308       0xc8 Drivers\BSP\X_NUCLEO_IKS01A2\x_nucleo_iks01a2.o
                0x08007308                Sensor_IO_Init
 .text.LSM6DSL_Sensor_IO_ITConfig
                0x080073d0       0xa8 Drivers\BSP\X_NUCLEO_IKS01A2\x_nucleo_iks01a2.o
                0x080073d0                LSM6DSL_Sensor_IO_ITConfig
 .text.LPS22HB_Sensor_IO_ITConfig
                0x08007478       0x58 Drivers\BSP\X_NUCLEO_IKS01A2\x_nucleo_iks01a2.o
                0x08007478                LPS22HB_Sensor_IO_ITConfig
 .text.Sensor_IO_Write
                0x080074d0       0x9c Drivers\BSP\X_NUCLEO_IKS01A2\x_nucleo_iks01a2.o
                0x080074d0                Sensor_IO_Write
 .text.Sensor_IO_Read
                0x0800756c       0x9c Drivers\BSP\X_NUCLEO_IKS01A2\x_nucleo_iks01a2.o
                0x0800756c                Sensor_IO_Read
 .text.BSP_ACCELERO_Init
                0x08007608      0x1d4 Drivers\BSP\X_NUCLEO_IKS01A2\x_nucleo_iks01a2_accelero.o
                0x08007608                BSP_ACCELERO_Init
 .text.BSP_ACCELERO_Sensor_Enable
                0x080077dc       0x20 Drivers\BSP\X_NUCLEO_IKS01A2\x_nucleo_iks01a2_accelero.o
                0x080077dc                BSP_ACCELERO_Sensor_Enable
 .text.BSP_ACCELERO_Sensor_Disable
                0x080077fc       0x20 Drivers\BSP\X_NUCLEO_IKS01A2\x_nucleo_iks01a2_accelero.o
                0x080077fc                BSP_ACCELERO_Sensor_Disable
 .text.BSP_ACCELERO_IsInitialized
                0x0800781c       0x10 Drivers\BSP\X_NUCLEO_IKS01A2\x_nucleo_iks01a2_accelero.o
                0x0800781c                BSP_ACCELERO_IsInitialized
 .text.BSP_ACCELERO_Get_Instance
                0x0800782c       0x10 Drivers\BSP\X_NUCLEO_IKS01A2\x_nucleo_iks01a2_accelero.o
                0x0800782c                BSP_ACCELERO_Get_Instance
 .text.BSP_ACCELERO_Get_Axes
                0x0800783c       0x24 Drivers\BSP\X_NUCLEO_IKS01A2\x_nucleo_iks01a2_accelero.o
                0x0800783c                BSP_ACCELERO_Get_Axes
 .text.BSP_ACCELERO_Set_ODR_Value
                0x08007860       0x20 Drivers\BSP\X_NUCLEO_IKS01A2\x_nucleo_iks01a2_accelero.o
                0x08007860                BSP_ACCELERO_Set_ODR_Value
 .text.BSP_ACCELERO_Set_FS_Value
                0x08007880       0x20 Drivers\BSP\X_NUCLEO_IKS01A2\x_nucleo_iks01a2_accelero.o
                0x08007880                BSP_ACCELERO_Set_FS_Value
 .text.BSP_ACCELERO_Read_Reg
                0x080078a0       0x24 Drivers\BSP\X_NUCLEO_IKS01A2\x_nucleo_iks01a2_accelero.o
                0x080078a0                BSP_ACCELERO_Read_Reg
 .text.BSP_ACCELERO_Write_Reg
                0x080078c4       0x20 Drivers\BSP\X_NUCLEO_IKS01A2\x_nucleo_iks01a2_accelero.o
                0x080078c4                BSP_ACCELERO_Write_Reg
 .text.BSP_ACCELERO_Get_DRDY_Status
                0x080078e4       0x20 Drivers\BSP\X_NUCLEO_IKS01A2\x_nucleo_iks01a2_accelero.o
                0x080078e4                BSP_ACCELERO_Get_DRDY_Status
 .text.BSP_GYRO_Init
                0x08007904       0xf4 Drivers\BSP\X_NUCLEO_IKS01A2\x_nucleo_iks01a2_gyro.o
                0x08007904                BSP_GYRO_Init
 .text.BSP_GYRO_Sensor_Enable
                0x080079f8       0x20 Drivers\BSP\X_NUCLEO_IKS01A2\x_nucleo_iks01a2_gyro.o
                0x080079f8                BSP_GYRO_Sensor_Enable
 .text.BSP_GYRO_Sensor_Disable
                0x08007a18       0x20 Drivers\BSP\X_NUCLEO_IKS01A2\x_nucleo_iks01a2_gyro.o
                0x08007a18                BSP_GYRO_Sensor_Disable
 .text.BSP_GYRO_IsInitialized
                0x08007a38       0x10 Drivers\BSP\X_NUCLEO_IKS01A2\x_nucleo_iks01a2_gyro.o
                0x08007a38                BSP_GYRO_IsInitialized
 .text.BSP_GYRO_Get_Instance
                0x08007a48       0x10 Drivers\BSP\X_NUCLEO_IKS01A2\x_nucleo_iks01a2_gyro.o
                0x08007a48                BSP_GYRO_Get_Instance
 .text.BSP_GYRO_Get_Axes
                0x08007a58       0x24 Drivers\BSP\X_NUCLEO_IKS01A2\x_nucleo_iks01a2_gyro.o
                0x08007a58                BSP_GYRO_Get_Axes
 .text.BSP_GYRO_Set_ODR_Value
                0x08007a7c       0x20 Drivers\BSP\X_NUCLEO_IKS01A2\x_nucleo_iks01a2_gyro.o
                0x08007a7c                BSP_GYRO_Set_ODR_Value
 .text.BSP_GYRO_Set_FS_Value
                0x08007a9c       0x20 Drivers\BSP\X_NUCLEO_IKS01A2\x_nucleo_iks01a2_gyro.o
                0x08007a9c                BSP_GYRO_Set_FS_Value
 .text.BSP_GYRO_Read_Reg
                0x08007abc       0x24 Drivers\BSP\X_NUCLEO_IKS01A2\x_nucleo_iks01a2_gyro.o
                0x08007abc                BSP_GYRO_Read_Reg
 .text.BSP_GYRO_Write_Reg
                0x08007ae0       0x20 Drivers\BSP\X_NUCLEO_IKS01A2\x_nucleo_iks01a2_gyro.o
                0x08007ae0                BSP_GYRO_Write_Reg
 .text.BSP_GYRO_Get_DRDY_Status
                0x08007b00       0x20 Drivers\BSP\X_NUCLEO_IKS01A2\x_nucleo_iks01a2_gyro.o
                0x08007b00                BSP_GYRO_Get_DRDY_Status
 .text.BSP_HUMIDITY_Init
                0x08007b20       0xe0 Drivers\BSP\X_NUCLEO_IKS01A2\x_nucleo_iks01a2_humidity.o
                0x08007b20                BSP_HUMIDITY_Init
 .text.BSP_HUMIDITY_Sensor_Enable
                0x08007c00       0x20 Drivers\BSP\X_NUCLEO_IKS01A2\x_nucleo_iks01a2_humidity.o
                0x08007c00                BSP_HUMIDITY_Sensor_Enable
 .text.BSP_HUMIDITY_Sensor_Disable
                0x08007c20       0x20 Drivers\BSP\X_NUCLEO_IKS01A2\x_nucleo_iks01a2_humidity.o
                0x08007c20                BSP_HUMIDITY_Sensor_Disable
 .text.BSP_HUMIDITY_IsInitialized
                0x08007c40       0x10 Drivers\BSP\X_NUCLEO_IKS01A2\x_nucleo_iks01a2_humidity.o
                0x08007c40                BSP_HUMIDITY_IsInitialized
 .text.BSP_HUMIDITY_Get_Instance
                0x08007c50       0x10 Drivers\BSP\X_NUCLEO_IKS01A2\x_nucleo_iks01a2_humidity.o
                0x08007c50                BSP_HUMIDITY_Get_Instance
 .text.BSP_HUMIDITY_Get_Hum
                0x08007c60       0x24 Drivers\BSP\X_NUCLEO_IKS01A2\x_nucleo_iks01a2_humidity.o
                0x08007c60                BSP_HUMIDITY_Get_Hum
 .text.BSP_HUMIDITY_Set_ODR_Value
                0x08007c84       0x20 Drivers\BSP\X_NUCLEO_IKS01A2\x_nucleo_iks01a2_humidity.o
                0x08007c84                BSP_HUMIDITY_Set_ODR_Value
 .text.BSP_HUMIDITY_Read_Reg
                0x08007ca4       0x24 Drivers\BSP\X_NUCLEO_IKS01A2\x_nucleo_iks01a2_humidity.o
                0x08007ca4                BSP_HUMIDITY_Read_Reg
 .text.BSP_HUMIDITY_Write_Reg
                0x08007cc8       0x20 Drivers\BSP\X_NUCLEO_IKS01A2\x_nucleo_iks01a2_humidity.o
                0x08007cc8                BSP_HUMIDITY_Write_Reg
 .text.BSP_HUMIDITY_Get_DRDY_Status
                0x08007ce8       0x20 Drivers\BSP\X_NUCLEO_IKS01A2\x_nucleo_iks01a2_humidity.o
                0x08007ce8                BSP_HUMIDITY_Get_DRDY_Status
 .text.BSP_MAGNETO_Init
                0x08007d08       0xe0 Drivers\BSP\X_NUCLEO_IKS01A2\x_nucleo_iks01a2_magneto.o
                0x08007d08                BSP_MAGNETO_Init
 .text.BSP_MAGNETO_Sensor_Enable
                0x08007de8       0x20 Drivers\BSP\X_NUCLEO_IKS01A2\x_nucleo_iks01a2_magneto.o
                0x08007de8                BSP_MAGNETO_Sensor_Enable
 .text.BSP_MAGNETO_Sensor_Disable
                0x08007e08       0x20 Drivers\BSP\X_NUCLEO_IKS01A2\x_nucleo_iks01a2_magneto.o
                0x08007e08                BSP_MAGNETO_Sensor_Disable
 .text.BSP_MAGNETO_IsInitialized
                0x08007e28       0x10 Drivers\BSP\X_NUCLEO_IKS01A2\x_nucleo_iks01a2_magneto.o
                0x08007e28                BSP_MAGNETO_IsInitialized
 .text.BSP_MAGNETO_Get_Instance
                0x08007e38       0x10 Drivers\BSP\X_NUCLEO_IKS01A2\x_nucleo_iks01a2_magneto.o
                0x08007e38                BSP_MAGNETO_Get_Instance
 .text.BSP_MAGNETO_Get_Axes
                0x08007e48       0x24 Drivers\BSP\X_NUCLEO_IKS01A2\x_nucleo_iks01a2_magneto.o
                0x08007e48                BSP_MAGNETO_Get_Axes
 .text.BSP_MAGNETO_Set_ODR_Value
                0x08007e6c       0x20 Drivers\BSP\X_NUCLEO_IKS01A2\x_nucleo_iks01a2_magneto.o
                0x08007e6c                BSP_MAGNETO_Set_ODR_Value
 .text.BSP_MAGNETO_Read_Reg
                0x08007e8c       0x24 Drivers\BSP\X_NUCLEO_IKS01A2\x_nucleo_iks01a2_magneto.o
                0x08007e8c                BSP_MAGNETO_Read_Reg
 .text.BSP_MAGNETO_Write_Reg
                0x08007eb0       0x20 Drivers\BSP\X_NUCLEO_IKS01A2\x_nucleo_iks01a2_magneto.o
                0x08007eb0                BSP_MAGNETO_Write_Reg
 .text.BSP_MAGNETO_Get_DRDY_Status
                0x08007ed0       0x20 Drivers\BSP\X_NUCLEO_IKS01A2\x_nucleo_iks01a2_magneto.o
                0x08007ed0                BSP_MAGNETO_Get_DRDY_Status
 .text.BSP_PRESSURE_Init
                0x08007ef0       0xf4 Drivers\BSP\X_NUCLEO_IKS01A2\x_nucleo_iks01a2_pressure.o
                0x08007ef0                BSP_PRESSURE_Init
 .text.BSP_PRESSURE_Sensor_Enable
                0x08007fe4       0x20 Drivers\BSP\X_NUCLEO_IKS01A2\x_nucleo_iks01a2_pressure.o
                0x08007fe4                BSP_PRESSURE_Sensor_Enable
 .text.BSP_PRESSURE_Sensor_Disable
                0x08008004       0x20 Drivers\BSP\X_NUCLEO_IKS01A2\x_nucleo_iks01a2_pressure.o
                0x08008004                BSP_PRESSURE_Sensor_Disable
 .text.BSP_PRESSURE_IsInitialized
                0x08008024       0x10 Drivers\BSP\X_NUCLEO_IKS01A2\x_nucleo_iks01a2_pressure.o
                0x08008024                BSP_PRESSURE_IsInitialized
 .text.BSP_PRESSURE_Get_Instance
                0x08008034       0x10 Drivers\BSP\X_NUCLEO_IKS01A2\x_nucleo_iks01a2_pressure.o
                0x08008034                BSP_PRESSURE_Get_Instance
 .text.BSP_PRESSURE_Get_Press
                0x08008044       0x24 Drivers\BSP\X_NUCLEO_IKS01A2\x_nucleo_iks01a2_pressure.o
                0x08008044                BSP_PRESSURE_Get_Press
 .text.BSP_PRESSURE_Set_ODR_Value
                0x08008068       0x20 Drivers\BSP\X_NUCLEO_IKS01A2\x_nucleo_iks01a2_pressure.o
                0x08008068                BSP_PRESSURE_Set_ODR_Value
 .text.BSP_PRESSURE_Read_Reg
                0x08008088       0x24 Drivers\BSP\X_NUCLEO_IKS01A2\x_nucleo_iks01a2_pressure.o
                0x08008088                BSP_PRESSURE_Read_Reg
 .text.BSP_PRESSURE_Write_Reg
                0x080080ac       0x20 Drivers\BSP\X_NUCLEO_IKS01A2\x_nucleo_iks01a2_pressure.o
                0x080080ac                BSP_PRESSURE_Write_Reg
 .text.BSP_PRESSURE_Get_DRDY_Status
                0x080080cc       0x20 Drivers\BSP\X_NUCLEO_IKS01A2\x_nucleo_iks01a2_pressure.o
                0x080080cc                BSP_PRESSURE_Get_DRDY_Status
 .text.BSP_TEMPERATURE_Init
                0x080080ec      0x1cc Drivers\BSP\X_NUCLEO_IKS01A2\x_nucleo_iks01a2_temperature.o
                0x080080ec                BSP_TEMPERATURE_Init
 .text.BSP_TEMPERATURE_Sensor_Enable
                0x080082b8       0x20 Drivers\BSP\X_NUCLEO_IKS01A2\x_nucleo_iks01a2_temperature.o
                0x080082b8                BSP_TEMPERATURE_Sensor_Enable
 .text.BSP_TEMPERATURE_Sensor_Disable
                0x080082d8       0x20 Drivers\BSP\X_NUCLEO_IKS01A2\x_nucleo_iks01a2_temperature.o
                0x080082d8                BSP_TEMPERATURE_Sensor_Disable
 .text.BSP_TEMPERATURE_IsInitialized
                0x080082f8       0x10 Drivers\BSP\X_NUCLEO_IKS01A2\x_nucleo_iks01a2_temperature.o
                0x080082f8                BSP_TEMPERATURE_IsInitialized
 .text.BSP_TEMPERATURE_Get_Instance
                0x08008308       0x10 Drivers\BSP\X_NUCLEO_IKS01A2\x_nucleo_iks01a2_temperature.o
                0x08008308                BSP_TEMPERATURE_Get_Instance
 .text.BSP_TEMPERATURE_Get_Temp
                0x08008318       0x24 Drivers\BSP\X_NUCLEO_IKS01A2\x_nucleo_iks01a2_temperature.o
                0x08008318                BSP_TEMPERATURE_Get_Temp
 .text.BSP_TEMPERATURE_Set_ODR_Value
                0x0800833c       0x20 Drivers\BSP\X_NUCLEO_IKS01A2\x_nucleo_iks01a2_temperature.o
                0x0800833c                BSP_TEMPERATURE_Set_ODR_Value
 .text.BSP_TEMPERATURE_Read_Reg
                0x0800835c       0x24 Drivers\BSP\X_NUCLEO_IKS01A2\x_nucleo_iks01a2_temperature.o
                0x0800835c                BSP_TEMPERATURE_Read_Reg
 .text.BSP_TEMPERATURE_Write_Reg
                0x08008380       0x20 Drivers\BSP\X_NUCLEO_IKS01A2\x_nucleo_iks01a2_temperature.o
                0x08008380                BSP_TEMPERATURE_Write_Reg
 .text.BSP_TEMPERATURE_Get_DRDY_Status
                0x080083a0       0x20 Drivers\BSP\X_NUCLEO_IKS01A2\x_nucleo_iks01a2_temperature.o
                0x080083a0                BSP_TEMPERATURE_Get_DRDY_Status
 .text.SystemInit
                0x080083c0       0x50 Drivers\CMSIS\system_stm32f4xx.o
                0x080083c0                SystemInit
 .text.HAL_InitTick
                0x08008410       0x44 Drivers\STM32F4xx_HAL_Driver\stm32f4xx_hal.o
                0x08008410                HAL_InitTick
 .text.HAL_Init
                0x08008454       0x34 Drivers\STM32F4xx_HAL_Driver\stm32f4xx_hal.o
                0x08008454                HAL_Init
 .text.HAL_IncTick
                0x08008488       0x18 Drivers\STM32F4xx_HAL_Driver\stm32f4xx_hal.o
                0x08008488                HAL_IncTick
 .text.HAL_GetTick
                0x080084a0        0xc Drivers\STM32F4xx_HAL_Driver\stm32f4xx_hal.o
                0x080084a0                HAL_GetTick
 .text.HAL_NVIC_SetPriorityGrouping
                0x080084ac       0x24 Drivers\STM32F4xx_HAL_Driver\stm32f4xx_hal_cortex.o
                0x080084ac                HAL_NVIC_SetPriorityGrouping
 .text.HAL_NVIC_SetPriority
                0x080084d0       0x6c Drivers\STM32F4xx_HAL_Driver\stm32f4xx_hal_cortex.o
                0x080084d0                HAL_NVIC_SetPriority
 .text.HAL_NVIC_EnableIRQ
                0x0800853c       0x18 Drivers\STM32F4xx_HAL_Driver\stm32f4xx_hal_cortex.o
                0x0800853c                HAL_NVIC_EnableIRQ
 .text.HAL_SYSTICK_Config
                0x08008554       0x34 Drivers\STM32F4xx_HAL_Driver\stm32f4xx_hal_cortex.o
                0x08008554                HAL_SYSTICK_Config
 .text.HAL_SYSTICK_CLKSourceConfig
                0x08008588       0x18 Drivers\STM32F4xx_HAL_Driver\stm32f4xx_hal_cortex.o
                0x08008588                HAL_SYSTICK_CLKSourceConfig
 .text.HAL_SYSTICK_Callback
                0x080085a0        0x4 Drivers\STM32F4xx_HAL_Driver\stm32f4xx_hal_cortex.o
                0x080085a0                HAL_SYSTICK_Callback
 .text.HAL_SYSTICK_IRQHandler
                0x080085a4        0x8 Drivers\STM32F4xx_HAL_Driver\stm32f4xx_hal_cortex.o
                0x080085a4                HAL_SYSTICK_IRQHandler
 .text.HAL_DMA_Init
                0x080085ac      0x134 Drivers\STM32F4xx_HAL_Driver\stm32f4xx_hal_dma.o
                0x080085ac                HAL_DMA_Init
 .text.HAL_DMA_Start_IT
                0x080086e0       0x84 Drivers\STM32F4xx_HAL_Driver\stm32f4xx_hal_dma.o
                0x080086e0                HAL_DMA_Start_IT
 .text.HAL_GPIO_Init
                0x08008764      0x1dc Drivers\STM32F4xx_HAL_Driver\stm32f4xx_hal_gpio.o
                0x08008764                HAL_GPIO_Init
 .text.HAL_GPIO_WritePin
                0x08008940        0x8 Drivers\STM32F4xx_HAL_Driver\stm32f4xx_hal_gpio.o
                0x08008940                HAL_GPIO_WritePin
 .text.HAL_GPIO_TogglePin
                0x08008948        0x8 Drivers\STM32F4xx_HAL_Driver\stm32f4xx_hal_gpio.o
                0x08008948                HAL_GPIO_TogglePin
 .text.HAL_GPIO_EXTI_IRQHandler
                0x08008950       0x18 Drivers\STM32F4xx_HAL_Driver\stm32f4xx_hal_gpio.o
                0x08008950                HAL_GPIO_EXTI_IRQHandler
 .text.unlikely.I2C_WaitOnMasterAddressFlagUntilTimeout.constprop.10
                0x08008968       0x64 Drivers\STM32F4xx_HAL_Driver\stm32f4xx_hal_i2c.o
 .text.I2C_RequestMemoryWrite
                0x080089cc      0x190 Drivers\STM32F4xx_HAL_Driver\stm32f4xx_hal_i2c.o
 .text.I2C_RequestMemoryRead
                0x08008b5c      0x208 Drivers\STM32F4xx_HAL_Driver\stm32f4xx_hal_i2c.o
 .text.HAL_I2C_MspInit
                0x08008d64        0x4 Drivers\STM32F4xx_HAL_Driver\stm32f4xx_hal_i2c.o
                0x08008d64                HAL_I2C_MspInit
 .text.HAL_I2C_Init
                0x08008d68       0xf0 Drivers\STM32F4xx_HAL_Driver\stm32f4xx_hal_i2c.o
                0x08008d68                HAL_I2C_Init
 .text.HAL_I2C_MspDeInit
                0x08008e58        0x4 Drivers\STM32F4xx_HAL_Driver\stm32f4xx_hal_i2c.o
                0x08008e58                HAL_I2C_MspDeInit
 .text.HAL_I2C_DeInit
                0x08008e5c       0x34 Drivers\STM32F4xx_HAL_Driver\stm32f4xx_hal_i2c.o
                0x08008e5c                HAL_I2C_DeInit
 .text.HAL_I2C_Mem_Write
                0x08008e90      0x1d4 Drivers\STM32F4xx_HAL_Driver\stm32f4xx_hal_i2c.o
                0x08008e90                HAL_I2C_Mem_Write
 .text.HAL_I2C_Mem_Read
                0x08009064      0x2ec Drivers\STM32F4xx_HAL_Driver\stm32f4xx_hal_i2c.o
                0x08009064                HAL_I2C_Mem_Read
 .text.HAL_I2C_GetState
                0x08009350        0x8 Drivers\STM32F4xx_HAL_Driver\stm32f4xx_hal_i2c.o
                0x08009350                HAL_I2C_GetState
 .text.HAL_RCC_OscConfig
                0x08009358      0x378 Drivers\STM32F4xx_HAL_Driver\stm32f4xx_hal_rcc.o
                0x08009358                HAL_RCC_OscConfig
 .text.HAL_RCC_GetSysClockFreq
                0x080096d0       0x6c Drivers\STM32F4xx_HAL_Driver\stm32f4xx_hal_rcc.o
                0x080096d0                HAL_RCC_GetSysClockFreq
 .text.HAL_RCC_ClockConfig
                0x0800973c      0x134 Drivers\STM32F4xx_HAL_Driver\stm32f4xx_hal_rcc.o
                0x0800973c                HAL_RCC_ClockConfig
 .text.HAL_RCC_GetHCLKFreq
                0x08009870        0xc Drivers\STM32F4xx_HAL_Driver\stm32f4xx_hal_rcc.o
                0x08009870                HAL_RCC_GetHCLKFreq
 .text.HAL_RCC_GetPCLK1Freq
                0x0800987c       0x20 Drivers\STM32F4xx_HAL_Driver\stm32f4xx_hal_rcc.o
                0x0800987c                HAL_RCC_GetPCLK1Freq
 .text.HAL_RCC_GetPCLK2Freq
                0x0800989c       0x20 Drivers\STM32F4xx_HAL_Driver\stm32f4xx_hal_rcc.o
                0x0800989c                HAL_RCC_GetPCLK2Freq
 .text.HAL_RCCEx_PeriphCLKConfig
                0x080098bc      0x150 Drivers\STM32F4xx_HAL_Driver\stm32f4xx_hal_rcc_ex.o
                0x080098bc                HAL_RCCEx_PeriphCLKConfig
 .text.HAL_RTC_Init
                0x08009a0c       0xd8 Drivers\STM32F4xx_HAL_Driver\stm32f4xx_hal_rtc.o
                0x08009a0c                HAL_RTC_Init
 .text.HAL_RTC_SetTime
                0x08009ae4      0x17c Drivers\STM32F4xx_HAL_Driver\stm32f4xx_hal_rtc.o
                0x08009ae4                HAL_RTC_SetTime
 .text.HAL_RTC_GetTime
                0x08009c60       0x6c Drivers\STM32F4xx_HAL_Driver\stm32f4xx_hal_rtc.o
                0x08009c60                HAL_RTC_GetTime
 .text.HAL_RTC_SetDate
                0x08009ccc      0x144 Drivers\STM32F4xx_HAL_Driver\stm32f4xx_hal_rtc.o
                0x08009ccc                HAL_RTC_SetDate
 .text.HAL_RTC_GetDate
                0x08009e10       0x60 Drivers\STM32F4xx_HAL_Driver\stm32f4xx_hal_rtc.o
                0x08009e10                HAL_RTC_GetDate
 .text.UART_SetConfig
                0x08009e70      0x300 Drivers\STM32F4xx_HAL_Driver\stm32f4xx_hal_uart.o
 .text.HAL_UART_MspInit
                0x0800a170        0x4 Drivers\STM32F4xx_HAL_Driver\stm32f4xx_hal_uart.o
                0x0800a170                HAL_UART_MspInit
 .text.HAL_UART_Init
                0x0800a174       0x60 Drivers\STM32F4xx_HAL_Driver\stm32f4xx_hal_uart.o
                0x0800a174                HAL_UART_Init
 .text.HAL_UART_Transmit
                0x0800a1d4      0x108 Drivers\STM32F4xx_HAL_Driver\stm32f4xx_hal_uart.o
                0x0800a1d4                HAL_UART_Transmit
 .text.HAL_UART_Receive_DMA
                0x0800a2dc       0x94 Drivers\STM32F4xx_HAL_Driver\stm32f4xx_hal_uart.o
                0x0800a2dc                HAL_UART_Receive_DMA
 .text.HAL_UART_RxCpltCallback
                0x0800a370        0x4 Drivers\STM32F4xx_HAL_Driver\stm32f4xx_hal_uart.o
                0x0800a370                HAL_UART_RxCpltCallback
 .text.UART_DMAReceiveCplt
                0x0800a374       0x38 Drivers\STM32F4xx_HAL_Driver\stm32f4xx_hal_uart.o
 .text.HAL_UART_RxHalfCpltCallback
                0x0800a3ac        0x4 Drivers\STM32F4xx_HAL_Driver\stm32f4xx_hal_uart.o
                0x0800a3ac                HAL_UART_RxHalfCpltCallback
 .text.UART_DMARxHalfCplt
                0x0800a3b0        0xc Drivers\STM32F4xx_HAL_Driver\stm32f4xx_hal_uart.o
 .text.HAL_UART_ErrorCallback
                0x0800a3bc        0x4 Drivers\STM32F4xx_HAL_Driver\stm32f4xx_hal_uart.o
                0x0800a3bc                HAL_UART_ErrorCallback
 .text.UART_DMAError
                0x0800a3c0       0x60 Drivers\STM32F4xx_HAL_Driver\stm32f4xx_hal_uart.o
 .text.Reset_Handler
                0x0800a420       0x50 Example\SW4STM32\startup_stm32f401xe.o
                0x0800a420                Reset_Handler
 .text.Default_Handler
                0x0800a470        0x2 Example\SW4STM32\startup_stm32f401xe.o
                0x0800a470                RTC_Alarm_IRQHandler
                0x0800a470                EXTI2_IRQHandler
                0x0800a470                SPI4_IRQHandler
                0x0800a470                TIM1_CC_IRQHandler
                0x0800a470                DMA2_Stream5_IRQHandler
                0x0800a470                DMA1_Stream5_IRQHandler
                0x0800a470                PVD_IRQHandler
                0x0800a470                SDIO_IRQHandler
                0x0800a470                TAMP_STAMP_IRQHandler
                0x0800a470                EXTI3_IRQHandler
                0x0800a470                TIM1_UP_TIM10_IRQHandler
                0x0800a470                I2C3_ER_IRQHandler
                0x0800a470                EXTI0_IRQHandler
                0x0800a470                I2C2_EV_IRQHandler
                0x0800a470                DMA1_Stream2_IRQHandler
                0x0800a470                FPU_IRQHandler
                0x0800a470                UsageFault_Handler
                0x0800a470                DMA2_Stream2_IRQHandler
                0x0800a470                SPI1_IRQHandler
                0x0800a470                TIM1_BRK_TIM9_IRQHandler
                0x0800a470                DMA2_Stream3_IRQHandler
                0x0800a470                USART6_IRQHandler
                0x0800a470                DMA2_Stream0_IRQHandler
                0x0800a470                TIM4_IRQHandler
                0x0800a470                I2C1_EV_IRQHandler
                0x0800a470                DMA1_Stream6_IRQHandler
                0x0800a470                DMA1_Stream1_IRQHandler
                0x0800a470                TIM3_IRQHandler
                0x0800a470                RCC_IRQHandler
                0x0800a470                Default_Handler
                0x0800a470                ADC_IRQHandler
                0x0800a470                DMA1_Stream7_IRQHandler
                0x0800a470                TIM5_IRQHandler
                0x0800a470                DMA2_Stream7_IRQHandler
                0x0800a470                I2C3_EV_IRQHandler
                0x0800a470                EXTI9_5_IRQHandler
                0x0800a470                RTC_WKUP_IRQHandler
                0x0800a470                SPI2_IRQHandler
                0x0800a470                MemManage_Handler
                0x0800a470                DMA1_Stream0_IRQHandler
                0x0800a470                EXTI4_IRQHandler
                0x0800a470                WWDG_IRQHandler
                0x0800a470                TIM2_IRQHandler
                0x0800a470                OTG_FS_WKUP_IRQHandler
                0x0800a470                TIM1_TRG_COM_TIM11_IRQHandler
                0x0800a470                EXTI1_IRQHandler
                0x0800a470                USART2_IRQHandler
                0x0800a470                I2C2_ER_IRQHandler
                0x0800a470                DMA2_Stream1_IRQHandler
                0x0800a470                FLASH_IRQHandler
                0x0800a470                DMA2_Stream4_IRQHandler
                0x0800a470                BusFault_Handler
                0x0800a470                USART1_IRQHandler
                0x0800a470                OTG_FS_IRQHandler
                0x0800a470                SPI3_IRQHandler
                0x0800a470                DMA1_Stream4_IRQHandler
                0x0800a470                I2C1_ER_IRQHandler
                0x0800a470                DMA2_Stream6_IRQHandler
                0x0800a470                DMA1_Stream3_IRQHandler
 *fill*         0x0800a472        0x2 
 .text.BUILD_REPLY_HEADER
                0x0800a474       0x10 Example\User\DemoSerial.o
                0x0800a474                BUILD_REPLY_HEADER
 .text.INIT_STREAMING_HEADER
                0x0800a484       0x18 Example\User\DemoSerial.o
                0x0800a484                INIT_STREAMING_HEADER
 .text.HandleMSG
                0x0800a49c      0x2f0 Example\User\DemoSerial.o
                0x0800a49c                HandleMSG
 .text.UART_ReceivedMSG
                0x0800a78c       0xf4 Example\User\com.o
                0x0800a78c                UART_ReceivedMSG
 .text.UART_SendMsg
                0x0800a880       0x2c Example\User\com.o
                0x0800a880                UART_SendMsg
 .text.USART_DMA_Configuration
                0x0800a8ac       0x20 Example\User\com.o
                0x0800a8ac                USART_DMA_Configuration
 .text.USARTConfig
                0x0800a8cc       0xd8 Example\User\com.o
                0x0800a8cc                USARTConfig
 .text.Get_DMA_Flag_Status
                0x0800a9a4       0xcc Example\User\cube_hal_f4.o
                0x0800a9a4                Get_DMA_Flag_Status
 .text.Get_DMA_Counter
                0x0800aa70        0x8 Example\User\cube_hal_f4.o
                0x0800aa70                Get_DMA_Counter
 .text.Config_DMA_Handler
                0x0800aa78       0x40 Example\User\cube_hal_f4.o
                0x0800aa78                Config_DMA_Handler
 .text.HAL_GPIO_EXTI_Callback
                0x0800aab8       0x54 Example\User\main.o
                0x0800aab8                HAL_GPIO_EXTI_Callback
 .text.RTC_TimeRegulate
                0x0800ab0c       0x34 Example\User\main.o
                0x0800ab0c                RTC_TimeRegulate
 .text.SystemClock_Config
                0x0800ab40       0xb4 Example\User\main.o
                0x0800ab40                SystemClock_Config
 .text.user_pwm_setvalue
                0x0800abf4       0xb4 Example\User\main.o
                0x0800abf4                user_pwm_setvalue
 .text._Error_Handler
                0x0800aca8        0x4 Example\User\main.o
                0x0800aca8                _Error_Handler
 .text.HAL_TIM_PWM_Init
                0x0800acac       0xc0 Example\User\main.o
                0x0800acac                HAL_TIM_PWM_Init
 .text.startup.main
                0x0800ad6c      0xa48 Example\User\main.o
                0x0800ad6c                main
 .text.SC_Get_Sensor_Name
                0x0800b7b4      0x224 Example\User\sensor_commands.o
                0x0800b7b4                SC_Get_Sensor_Name
 .text.SC_Read_Register
                0x0800b9d8       0xb0 Example\User\sensor_commands.o
                0x0800b9d8                SC_Read_Register
 .text.SC_Write_Register
                0x0800ba88       0x98 Example\User\sensor_commands.o
                0x0800ba88                SC_Write_Register
 .text.SC_Get_Full_Scale_List
                0x0800bb20      0x2c8 Example\User\sensor_commands.o
                0x0800bb20                SC_Get_Full_Scale_List
 .text.SC_Get_ODR_List
                0x0800bde8      0x3a8 Example\User\sensor_commands.o
                0x0800bde8                SC_Get_ODR_List
 .text.SC_Set_ODR
                0x0800c190       0xa8 Example\User\sensor_commands.o
                0x0800c190                SC_Set_ODR
 .text.Handle_Sensor_command
                0x0800c238       0x98 Example\User\sensor_commands.o
                0x0800c238                Handle_Sensor_command
 .text.ByteStuffCopy
                0x0800c2d0       0x60 Example\User\serial_protocol.o
                0x0800c2d0                ByteStuffCopy
 .text.ReverseByteStuffCopyByte2
                0x0800c330       0x24 Example\User\serial_protocol.o
                0x0800c330                ReverseByteStuffCopyByte2
 .text.CHK_ComputeAndAdd
                0x0800c354       0xdc Example\User\serial_protocol.o
                0x0800c354                CHK_ComputeAndAdd
 .text.CHK_CheckAndRemove
                0x0800c430       0xcc Example\User\serial_protocol.o
                0x0800c430                CHK_CheckAndRemove
 .text.Serialize
                0x0800c4fc       0x14 Example\User\serial_protocol.o
                0x0800c4fc                Serialize
 .text.Deserialize
                0x0800c510       0x18 Example\User\serial_protocol.o
                0x0800c510                Deserialize
 .text.Serialize_s32
                0x0800c528       0x14 Example\User\serial_protocol.o
                0x0800c528                Serialize_s32
 .text.HAL_RTC_MspInit
                0x0800c53c       0xac Example\User\stm32f4xx_hal_msp.o
                0x0800c53c                HAL_RTC_MspInit
 .text.HAL_MspInit
                0x0800c5e8       0x94 Example\User\stm32f4xx_hal_msp.o
                0x0800c5e8                HAL_MspInit
 .text.HAL_TIM_PWM_MspInit
                0x0800c67c       0x30 Example\User\stm32f4xx_hal_msp.o
                0x0800c67c                HAL_TIM_PWM_MspInit
 .text.HAL_TIM_MspPostInit
                0x0800c6ac       0x34 Example\User\stm32f4xx_hal_msp.o
                0x0800c6ac                HAL_TIM_MspPostInit
 .text.NMI_Handler
                0x0800c6e0        0x4 Example\User\stm32f4xx_it.o
                0x0800c6e0                NMI_Handler
 .text.HardFault_Handler
                0x0800c6e4        0x4 Example\User\stm32f4xx_it.o
                0x0800c6e4                HardFault_Handler
 .text.DebugMon_Handler
                0x0800c6e8        0x4 Example\User\stm32f4xx_it.o
                0x0800c6e8                DebugMon_Handler
 .text.EXTI15_10_IRQHandler
                0x0800c6ec        0x8 Example\User\stm32f4xx_it.o
                0x0800c6ec                EXTI15_10_IRQHandler
 .text.SVC_Handler
                0x0800c6f4        0x4 Example\User\stm32f4xx_it.o
                0x0800c6f4                SVC_Handler
 .text.PendSV_Handler
                0x0800c6f8        0x4 Example\User\stm32f4xx_it.o
                0x0800c6f8                PendSV_Handler
 .text.SysTick_Handler
                0x0800c6fc       0x10 Example\User\stm32f4xx_it.o
                0x0800c6fc                SysTick_Handler
 .text._read    0x0800c70c       0x1c Example\User\syscalls.o
                0x0800c70c                _read
 .text._write   0x0800c728       0x1c Example\User\syscalls.o
                0x0800c728                _write
 .text._sbrk    0x0800c744       0x34 Example\User\syscalls.o
                0x0800c744                _sbrk
 .text._close   0x0800c778        0x8 Example\User\syscalls.o
                0x0800c778                _close
 .text._fstat   0x0800c780        0xc Example\User\syscalls.o
                0x0800c780                _fstat
 .text._isatty  0x0800c78c        0x4 Example\User\syscalls.o
                0x0800c78c                _isatty
 .text._lseek   0x0800c790        0x4 Example\User\syscalls.o
                0x0800c790                _lseek
 .text.__errno  0x0800c794        0xc c:/program files (x86)/atollic/truestudio for stm32 9.0.1/armtools/bin/../lib/gcc/arm-atollic-eabi/6.3.1/../../../../arm-atollic-eabi/lib/armv7e-m/fpu\libc_nano.a(lib_a-errno.o)
                0x0800c794                __errno
 .text.__libc_init_array
                0x0800c7a0       0x48 c:/program files (x86)/atollic/truestudio for stm32 9.0.1/armtools/bin/../lib/gcc/arm-atollic-eabi/6.3.1/../../../../arm-atollic-eabi/lib/armv7e-m/fpu\libc_nano.a(lib_a-init.o)
                0x0800c7a0                __libc_init_array
 .text.memset   0x0800c7e8       0x10 c:/program files (x86)/atollic/truestudio for stm32 9.0.1/armtools/bin/../lib/gcc/arm-atollic-eabi/6.3.1/../../../../arm-atollic-eabi/lib/armv7e-m/fpu\libc_nano.a(lib_a-memset.o)
                0x0800c7e8                memset
 .text.printf   0x0800c7f8       0x30 c:/program files (x86)/atollic/truestudio for stm32 9.0.1/armtools/bin/../lib/gcc/arm-atollic-eabi/6.3.1/../../../../arm-atollic-eabi/lib/armv7e-m/fpu\libc_nano.a(lib_a-printf.o)
                0x0800c7f8                iprintf
                0x0800c7f8                printf
 .text.snprintf
                0x0800c828       0x68 c:/program files (x86)/atollic/truestudio for stm32 9.0.1/armtools/bin/../lib/gcc/arm-atollic-eabi/6.3.1/../../../../arm-atollic-eabi/lib/armv7e-m/fpu\libc_nano.a(lib_a-snprintf.o)
                0x0800c828                sniprintf
                0x0800c828                snprintf
 .text._cleanup_r
                0x0800c890        0xc c:/program files (x86)/atollic/truestudio for stm32 9.0.1/armtools/bin/../lib/gcc/arm-atollic-eabi/6.3.1/../../../../arm-atollic-eabi/lib/armv7e-m/fpu\libc_nano.a(lib_a-findfp.o)
                0x0800c890                _cleanup_r
 .text.std.isra.0
                0x0800c89c       0x48 c:/program files (x86)/atollic/truestudio for stm32 9.0.1/armtools/bin/../lib/gcc/arm-atollic-eabi/6.3.1/../../../../arm-atollic-eabi/lib/armv7e-m/fpu\libc_nano.a(lib_a-findfp.o)
 .text.__sfmoreglue