LSM6DSL_ACC_GYRO_driver.c:79:10:LSM6DSL_ACC_GYRO_ReadReg	8	static
LSM6DSL_ACC_GYRO_driver.c:99:10:LSM6DSL_ACC_GYRO_WriteReg	8	static
LSM6DSL_ACC_GYRO_driver.c:120:10:LSM6DSL_ACC_GYRO_R_WHO_AM_I	8	static
LSM6DSL_ACC_GYRO_driver.c:138:11:LSM6DSL_ACC_GYRO_W_BDU	24	static
LSM6DSL_ACC_GYRO_driver.c:161:10:LSM6DSL_ACC_GYRO_R_BDU	8	static
LSM6DSL_ACC_GYRO_driver.c:178:11:LSM6DSL_ACC_GYRO_W_FS_XL	24	static
LSM6DSL_ACC_GYRO_driver.c:201:10:LSM6DSL_ACC_GYRO_R_FS_XL	8	static
LSM6DSL_ACC_GYRO_driver.c:218:10:LSM6DSL_ACC_GYRO_GetRawAccData	24	static
LSM6DSL_ACC_GYRO_driver.c:257:10:LSM6DSL_ACC_Get_Acceleration	48	static
LSM6DSL_ACC_GYRO_driver.c:313:11:LSM6DSL_ACC_GYRO_W_ODR_XL	24	static
LSM6DSL_ACC_GYRO_driver.c:336:10:LSM6DSL_ACC_GYRO_R_ODR_XL	8	static
LSM6DSL_ACC_GYRO_driver.c:353:10:LSM6DSL_ACC_GYRO_translate_ODR_XL	0	static
LSM6DSL_ACC_GYRO_driver.c:407:11:LSM6DSL_ACC_GYRO_W_FS_G	24	static
LSM6DSL_ACC_GYRO_driver.c:430:10:LSM6DSL_ACC_GYRO_R_FS_G	8	static
LSM6DSL_ACC_GYRO_driver.c:447:10:LSM6DSL_ACC_GYRO_GetRawGyroData	24	static
LSM6DSL_ACC_GYRO_driver.c:487:10:LSM6DSL_ACC_Get_AngularRate	48	static
LSM6DSL_ACC_GYRO_driver.c:552:11:LSM6DSL_ACC_GYRO_W_ODR_G	24	static
LSM6DSL_ACC_GYRO_driver.c:575:10:LSM6DSL_ACC_GYRO_R_ODR_G	8	static
LSM6DSL_ACC_GYRO_driver.c:592:10:LSM6DSL_ACC_GYRO_translate_ODR_G	0	static
LSM6DSL_ACC_GYRO_driver.c:646:11:LSM6DSL_ACC_GYRO_W_FS_125	24	static
LSM6DSL_ACC_GYRO_driver.c:669:10:LSM6DSL_ACC_GYRO_R_FS_125	8	static
LSM6DSL_ACC_GYRO_driver.c:688:11:LSM6DSL_ACC_GYRO_W_BW_SEL	24	static
LSM6DSL_ACC_GYRO_driver.c:711:10:LSM6DSL_ACC_GYRO_R_BW_SEL	8	static
LSM6DSL_ACC_GYRO_driver.c:728:11:LSM6DSL_ACC_GYRO_W_BLE	24	static
LSM6DSL_ACC_GYRO_driver.c:751:10:LSM6DSL_ACC_GYRO_R_BLE	8	static
LSM6DSL_ACC_GYRO_driver.c:768:11:LSM6DSL_ACC_GYRO_W_EmbeddedAccess	24	static
LSM6DSL_ACC_GYRO_driver.c:791:10:LSM6DSL_ACC_GYRO_R_EmbeddedAccess	8	static
LSM6DSL_ACC_GYRO_driver.c:808:11:LSM6DSL_ACC_GYRO_W_SYNC_RES_RATIO	24	static
LSM6DSL_ACC_GYRO_driver.c:831:10:LSM6DSL_ACC_GYRO_R_SYNC_RES_RATIO	8	static
LSM6DSL_ACC_GYRO_driver.c:848:11:LSM6DSL_ACC_GYRO_W_Stamping_Time_Frame	24	static
LSM6DSL_ACC_GYRO_driver.c:874:10:LSM6DSL_ACC_GYRO_R_Stamping_Time_Frame	8	static
LSM6DSL_ACC_GYRO_driver.c:892:11:LSM6DSL_ACC_GYRO_W_FIFO_Watermark	24	static
LSM6DSL_ACC_GYRO_driver.c:936:10:LSM6DSL_ACC_GYRO_R_FIFO_Watermark	24	static
LSM6DSL_ACC_GYRO_driver.c:966:11:LSM6DSL_ACC_GYRO_W_FIFO_TEMP	24	static
LSM6DSL_ACC_GYRO_driver.c:989:10:LSM6DSL_ACC_GYRO_R_FIFO_TEMP	8	static
LSM6DSL_ACC_GYRO_driver.c:1006:11:LSM6DSL_ACC_GYRO_W_TIM_PEDO_FIFO_Write_En	24	static
LSM6DSL_ACC_GYRO_driver.c:1029:10:LSM6DSL_ACC_GYRO_R_TIM_PEDO_FIFO_Write_En	8	static
LSM6DSL_ACC_GYRO_driver.c:1046:11:LSM6DSL_ACC_GYRO_W_TIM_PEDO_FIFO_En	24	static
LSM6DSL_ACC_GYRO_driver.c:1069:10:LSM6DSL_ACC_GYRO_R_TIM_PEDO_FIFO_En	8	static
LSM6DSL_ACC_GYRO_driver.c:1085:11:LSM6DSL_ACC_GYRO_W_DEC_FIFO_XL	24	static
LSM6DSL_ACC_GYRO_driver.c:1108:11:LSM6DSL_ACC_GYRO_W_DEC_FIFO_XL_val	16	static
LSM6DSL_ACC_GYRO_driver.c:1158:10:LSM6DSL_ACC_GYRO_R_DEC_FIFO_XL	8	static
LSM6DSL_ACC_GYRO_driver.c:1175:11:LSM6DSL_ACC_GYRO_W_DEC_FIFO_G	24	static
LSM6DSL_ACC_GYRO_driver.c:1198:11:LSM6DSL_ACC_GYRO_W_DEC_FIFO_G_val	16	static
LSM6DSL_ACC_GYRO_driver.c:1248:10:LSM6DSL_ACC_GYRO_R_DEC_FIFO_G	8	static
LSM6DSL_ACC_GYRO_driver.c:1265:11:LSM6DSL_ACC_GYRO_W_DEC_FIFO_DS3	24	static
LSM6DSL_ACC_GYRO_driver.c:1288:10:LSM6DSL_ACC_GYRO_R_DEC_FIFO_DS3	8	static
LSM6DSL_ACC_GYRO_driver.c:1305:11:LSM6DSL_ACC_GYRO_W_DEC_FIFO_DS4	24	static
LSM6DSL_ACC_GYRO_driver.c:1328:10:LSM6DSL_ACC_GYRO_R_DEC_FIFO_DS4	8	static
LSM6DSL_ACC_GYRO_driver.c:1345:11:LSM6DSL_ACC_GYRO_W_HI_DATA_ONLY	24	static
LSM6DSL_ACC_GYRO_driver.c:1368:10:LSM6DSL_ACC_GYRO_R_HI_DATA_ONLY	8	static
LSM6DSL_ACC_GYRO_driver.c:1385:11:LSM6DSL_ACC_GYRO_W_STOP_ON_FTH	24	static
LSM6DSL_ACC_GYRO_driver.c:1408:10:LSM6DSL_ACC_GYRO_R_STOP_ON_FTH	8	static
LSM6DSL_ACC_GYRO_driver.c:1425:11:LSM6DSL_ACC_GYRO_W_FIFO_MODE	24	static
LSM6DSL_ACC_GYRO_driver.c:1448:10:LSM6DSL_ACC_GYRO_R_FIFO_MODE	8	static
LSM6DSL_ACC_GYRO_driver.c:1465:11:LSM6DSL_ACC_GYRO_W_ODR_FIFO	24	static
LSM6DSL_ACC_GYRO_driver.c:1488:10:LSM6DSL_ACC_GYRO_R_ODR_FIFO	8	static
LSM6DSL_ACC_GYRO_driver.c:1505:11:LSM6DSL_ACC_GYRO_W_DRDY_PULSE	24	static
LSM6DSL_ACC_GYRO_driver.c:1528:10:LSM6DSL_ACC_GYRO_R_DRDY_PULSE	8	static
LSM6DSL_ACC_GYRO_driver.c:1545:11:LSM6DSL_ACC_GYRO_W_DRDY_XL_on_INT1	24	static
LSM6DSL_ACC_GYRO_driver.c:1568:10:LSM6DSL_ACC_GYRO_R_DRDY_XL_on_INT1	8	static
LSM6DSL_ACC_GYRO_driver.c:1585:11:LSM6DSL_ACC_GYRO_W_DRDY_G_on_INT1	24	static
LSM6DSL_ACC_GYRO_driver.c:1608:10:LSM6DSL_ACC_GYRO_R_DRDY_G_on_INT1	8	static
LSM6DSL_ACC_GYRO_driver.c:1625:11:LSM6DSL_ACC_GYRO_W_BOOT_on_INT1	24	static
LSM6DSL_ACC_GYRO_driver.c:1648:10:LSM6DSL_ACC_GYRO_R_BOOT_on_INT1	8	static
LSM6DSL_ACC_GYRO_driver.c:1665:11:LSM6DSL_ACC_GYRO_W_FIFO_TSHLD_on_INT1	24	static
LSM6DSL_ACC_GYRO_driver.c:1688:10:LSM6DSL_ACC_GYRO_R_FIFO_TSHLD_on_INT1	8	static
LSM6DSL_ACC_GYRO_driver.c:1705:11:LSM6DSL_ACC_GYRO_W_OVERRUN_on_INT1	24	static
LSM6DSL_ACC_GYRO_driver.c:1728:10:LSM6DSL_ACC_GYRO_R_OVERRUN_on_INT1	8	static
LSM6DSL_ACC_GYRO_driver.c:1745:11:LSM6DSL_ACC_GYRO_W_FULL_FLAG_on_INT1	24	static
LSM6DSL_ACC_GYRO_driver.c:1768:10:LSM6DSL_ACC_GYRO_R_FULL_FLAG_on_INT1	8	static
LSM6DSL_ACC_GYRO_driver.c:1785:11:LSM6DSL_ACC_GYRO_W_SIGN_MOT_on_INT1	24	static
LSM6DSL_ACC_GYRO_driver.c:1808:10:LSM6DSL_ACC_GYRO_R_SIGN_MOT_on_INT1	8	static
LSM6DSL_ACC_GYRO_driver.c:1825:11:LSM6DSL_ACC_GYRO_W_STEP_DET_on_INT1	24	static
LSM6DSL_ACC_GYRO_driver.c:1848:10:LSM6DSL_ACC_GYRO_R_STEP_DET_on_INT1	8	static
LSM6DSL_ACC_GYRO_driver.c:1865:11:LSM6DSL_ACC_GYRO_W_DRDY_XL_on_INT2	24	static
LSM6DSL_ACC_GYRO_driver.c:1888:10:LSM6DSL_ACC_GYRO_R_DRDY_XL_on_INT2	8	static
LSM6DSL_ACC_GYRO_driver.c:1905:11:LSM6DSL_ACC_GYRO_W_DRDY_G_on_INT2	24	static
LSM6DSL_ACC_GYRO_driver.c:1928:10:LSM6DSL_ACC_GYRO_R_DRDY_G_on_INT2	8	static
LSM6DSL_ACC_GYRO_driver.c:1945:11:LSM6DSL_ACC_GYRO_W_DRDY_TEMP_on_INT2	24	static
LSM6DSL_ACC_GYRO_driver.c:1968:10:LSM6DSL_ACC_GYRO_R_DRDY_TEMP_on_INT2	8	static
LSM6DSL_ACC_GYRO_driver.c:1985:11:LSM6DSL_ACC_GYRO_W_FIFO_TSHLD_on_INT2	24	static
LSM6DSL_ACC_GYRO_driver.c:2008:10:LSM6DSL_ACC_GYRO_R_FIFO_TSHLD_on_INT2	8	static
LSM6DSL_ACC_GYRO_driver.c:2025:11:LSM6DSL_ACC_GYRO_W_OVERRUN_on_INT2	24	static
LSM6DSL_ACC_GYRO_driver.c:2048:10:LSM6DSL_ACC_GYRO_R_OVERRUN_on_INT2	8	static
LSM6DSL_ACC_GYRO_driver.c:2065:11:LSM6DSL_ACC_GYRO_W_FULL_FLAG_on_INT2	24	static
LSM6DSL_ACC_GYRO_driver.c:2088:10:LSM6DSL_ACC_GYRO_R_FULL_FLAG_on_INT2	8	static
LSM6DSL_ACC_GYRO_driver.c:2105:11:LSM6DSL_ACC_GYRO_W_STEP_COUNT_OV_on_INT2	24	static
LSM6DSL_ACC_GYRO_driver.c:2128:10:LSM6DSL_ACC_GYRO_R_STEP_COUNT_OV_on_INT2	8	static
LSM6DSL_ACC_GYRO_driver.c:2145:11:LSM6DSL_ACC_GYRO_W_STEP_DELTA_on_INT2	24	static
LSM6DSL_ACC_GYRO_driver.c:2168:10:LSM6DSL_ACC_GYRO_R_STEP_DELTA_on_INT2	8	static
LSM6DSL_ACC_GYRO_driver.c:2185:11:LSM6DSL_ACC_GYRO_W_SW_RESET	24	static
LSM6DSL_ACC_GYRO_driver.c:2208:10:LSM6DSL_ACC_GYRO_R_SW_RESET	8	static
LSM6DSL_ACC_GYRO_driver.c:2225:11:LSM6DSL_ACC_GYRO_W_IF_Addr_Incr	24	static
LSM6DSL_ACC_GYRO_driver.c:2248:10:LSM6DSL_ACC_GYRO_R_IF_Addr_Incr	8	static
LSM6DSL_ACC_GYRO_driver.c:2265:11:LSM6DSL_ACC_GYRO_W_SPI_Mode	24	static
LSM6DSL_ACC_GYRO_driver.c:2288:10:LSM6DSL_ACC_GYRO_R_SPI_Mode	8	static
LSM6DSL_ACC_GYRO_driver.c:2305:11:LSM6DSL_ACC_GYRO_W_PadSel	24	static
LSM6DSL_ACC_GYRO_driver.c:2328:10:LSM6DSL_ACC_GYRO_R_PadSel	8	static
LSM6DSL_ACC_GYRO_driver.c:2345:11:LSM6DSL_ACC_GYRO_W_INT_ACT_LEVEL	24	static
LSM6DSL_ACC_GYRO_driver.c:2368:10:LSM6DSL_ACC_GYRO_R_INT_ACT_LEVEL	8	static
LSM6DSL_ACC_GYRO_driver.c:2385:11:LSM6DSL_ACC_GYRO_W_BOOT	24	static
LSM6DSL_ACC_GYRO_driver.c:2408:10:LSM6DSL_ACC_GYRO_R_BOOT	8	static
LSM6DSL_ACC_GYRO_driver.c:2425:11:LSM6DSL_ACC_GYRO_W_LPF1_SEL_G	24	static
LSM6DSL_ACC_GYRO_driver.c:2448:10:LSM6DSL_ACC_GYRO_R_LPF1_SEL_G	8	static
LSM6DSL_ACC_GYRO_driver.c:2465:11:LSM6DSL_ACC_GYRO_W_I2C_DISABLE	24	static
LSM6DSL_ACC_GYRO_driver.c:2488:10:LSM6DSL_ACC_GYRO_R_I2C_DISABLE	8	static
LSM6DSL_ACC_GYRO_driver.c:2505:11:LSM6DSL_ACC_GYRO_W_DRDY_MSK	24	static
LSM6DSL_ACC_GYRO_driver.c:2528:10:LSM6DSL_ACC_GYRO_R_DRDY_MSK	8	static
LSM6DSL_ACC_GYRO_driver.c:2545:11:LSM6DSL_ACC_GYRO_W_INT2_ON_INT1	24	static
LSM6DSL_ACC_GYRO_driver.c:2568:10:LSM6DSL_ACC_GYRO_R_INT2_ON_INT1	8	static
LSM6DSL_ACC_GYRO_driver.c:2585:11:LSM6DSL_ACC_GYRO_W_SleepMode_G	24	static
LSM6DSL_ACC_GYRO_driver.c:2608:10:LSM6DSL_ACC_GYRO_R_SleepMode_G	8	static
LSM6DSL_ACC_GYRO_driver.c:2625:11:LSM6DSL_ACC_GYRO_W_SelfTest_XL	24	static
LSM6DSL_ACC_GYRO_driver.c:2648:10:LSM6DSL_ACC_GYRO_R_SelfTest_XL	8	static
LSM6DSL_ACC_GYRO_driver.c:2665:11:LSM6DSL_ACC_GYRO_W_SelfTest_G	24	static
LSM6DSL_ACC_GYRO_driver.c:2688:10:LSM6DSL_ACC_GYRO_R_SelfTest_G	8	static
LSM6DSL_ACC_GYRO_driver.c:2705:11:LSM6DSL_ACC_GYRO_W_DEN_Polarity	24	static
LSM6DSL_ACC_GYRO_driver.c:2728:10:LSM6DSL_ACC_GYRO_R_DEN_Polarity	8	static
LSM6DSL_ACC_GYRO_driver.c:2745:11:LSM6DSL_ACC_GYRO_W_CircularBurstMode	24	static
LSM6DSL_ACC_GYRO_driver.c:2768:10:LSM6DSL_ACC_GYRO_R_CircularBurstMode	8	static
LSM6DSL_ACC_GYRO_driver.c:2785:11:LSM6DSL_ACC_GYRO_W_LP_BW_G	24	static
LSM6DSL_ACC_GYRO_driver.c:2808:10:LSM6DSL_ACC_GYRO_R_LP_BW_G	8	static
LSM6DSL_ACC_GYRO_driver.c:2825:11:LSM6DSL_ACC_GYRO_W_UserOffsetWeight	24	static
LSM6DSL_ACC_GYRO_driver.c:2848:10:LSM6DSL_ACC_GYRO_R_UserOffsetWeight	8	static
LSM6DSL_ACC_GYRO_driver.c:2865:11:LSM6DSL_ACC_GYRO_W_LowPower_XL	24	static
LSM6DSL_ACC_GYRO_driver.c:2888:10:LSM6DSL_ACC_GYRO_R_LowPower_XL	8	static
LSM6DSL_ACC_GYRO_driver.c:2904:11:LSM6DSL_ACC_GYRO_W_DEN_LVL2_EN	24	static
LSM6DSL_ACC_GYRO_driver.c:2927:10:LSM6DSL_ACC_GYRO_R_DEN_LVL2_EN	8	static
LSM6DSL_ACC_GYRO_driver.c:2943:11:LSM6DSL_ACC_GYRO_W_DEN_LVL_EN	24	static
LSM6DSL_ACC_GYRO_driver.c:2966:10:LSM6DSL_ACC_GYRO_R_DEN_LVL_EN	8	static
LSM6DSL_ACC_GYRO_driver.c:2982:11:LSM6DSL_ACC_GYRO_W_ExternalTrigger	24	static
LSM6DSL_ACC_GYRO_driver.c:3005:10:LSM6DSL_ACC_GYRO_R_ExternalTrigger	8	static
LSM6DSL_ACC_GYRO_driver.c:3022:11:LSM6DSL_ACC_GYRO_W_HPM_G	24	static
LSM6DSL_ACC_GYRO_driver.c:3045:10:LSM6DSL_ACC_GYRO_R_HPM_G	8	static
LSM6DSL_ACC_GYRO_driver.c:3062:11:LSM6DSL_ACC_GYRO_W_RoundingOnStatusRegisters	24	static
LSM6DSL_ACC_GYRO_driver.c:3085:10:LSM6DSL_ACC_GYRO_R_RoundingOnStatusRegisters	8	static
LSM6DSL_ACC_GYRO_driver.c:3102:11:LSM6DSL_ACC_GYRO_W_HPFilter_En	24	static
LSM6DSL_ACC_GYRO_driver.c:3125:10:LSM6DSL_ACC_GYRO_R_HPFilter_En	8	static
LSM6DSL_ACC_GYRO_driver.c:3141:11:LSM6DSL_ACC_GYRO_W_LP_Mode	24	static
LSM6DSL_ACC_GYRO_driver.c:3164:10:LSM6DSL_ACC_GYRO_R_LP_Mode	8	static
LSM6DSL_ACC_GYRO_driver.c:3181:11:LSM6DSL_ACC_GYRO_W_ROUNDING_STATUS	24	static
LSM6DSL_ACC_GYRO_driver.c:3204:10:LSM6DSL_ACC_GYRO_R_ROUNDING_STATUS	8	static
LSM6DSL_ACC_GYRO_driver.c:3221:11:LSM6DSL_ACC_GYRO_W_HP_G_RST	24	static
LSM6DSL_ACC_GYRO_driver.c:3244:10:LSM6DSL_ACC_GYRO_R_HP_G_RST	8	static
LSM6DSL_ACC_GYRO_driver.c:3261:11:LSM6DSL_ACC_GYRO_W_InComposit	24	static
LSM6DSL_ACC_GYRO_driver.c:3284:10:LSM6DSL_ACC_GYRO_R_InComposit	8	static
LSM6DSL_ACC_GYRO_driver.c:3301:11:LSM6DSL_ACC_GYRO_W_HPfilterReference	24	static
LSM6DSL_ACC_GYRO_driver.c:3324:10:LSM6DSL_ACC_GYRO_R_HPfilterReference	8	static
LSM6DSL_ACC_GYRO_driver.c:3341:11:LSM6DSL_ACC_GYRO_W_HPCF_XL	24	static
LSM6DSL_ACC_GYRO_driver.c:3364:10:LSM6DSL_ACC_GYRO_R_HPCF_XL	8	static
LSM6DSL_ACC_GYRO_driver.c:3381:11:LSM6DSL_ACC_GYRO_W_LowPassFiltSel_XL	24	static
LSM6DSL_ACC_GYRO_driver.c:3404:10:LSM6DSL_ACC_GYRO_R_LowPassFiltSel_XL	8	static
LSM6DSL_ACC_GYRO_driver.c:3421:11:LSM6DSL_ACC_GYRO_W_LOW_PASS_ON_6D	24	static
LSM6DSL_ACC_GYRO_driver.c:3444:10:LSM6DSL_ACC_GYRO_R_LOW_PASS_ON_6D	8	static
LSM6DSL_ACC_GYRO_driver.c:3461:11:LSM6DSL_ACC_GYRO_W_HP_SLOPE_XL	24	static
LSM6DSL_ACC_GYRO_driver.c:3484:10:LSM6DSL_ACC_GYRO_R_HP_SLOPE_XL	8	static
LSM6DSL_ACC_GYRO_driver.c:3501:11:LSM6DSL_ACC_GYRO_W_SOFT	24	static
LSM6DSL_ACC_GYRO_driver.c:3524:10:LSM6DSL_ACC_GYRO_R_SOFT	8	static
LSM6DSL_ACC_GYRO_driver.c:3541:11:LSM6DSL_ACC_GYRO_W_SignifcantMotion	24	static
LSM6DSL_ACC_GYRO_driver.c:3564:10:LSM6DSL_ACC_GYRO_R_SignifcantMotion	8	static
LSM6DSL_ACC_GYRO_driver.c:3580:11:LSM6DSL_ACC_GYRO_W_PedoStepReset	24	static
LSM6DSL_ACC_GYRO_driver.c:3603:10:LSM6DSL_ACC_GYRO_R_PedoStepReset	8	static
LSM6DSL_ACC_GYRO_driver.c:3619:11:LSM6DSL_ACC_GYRO_W_TILT	24	static
LSM6DSL_ACC_GYRO_driver.c:3642:10:LSM6DSL_ACC_GYRO_R_TILT	8	static
LSM6DSL_ACC_GYRO_driver.c:3658:11:LSM6DSL_ACC_GYRO_W_PEDO	24	static
LSM6DSL_ACC_GYRO_driver.c:3681:10:LSM6DSL_ACC_GYRO_R_PEDO	8	static
LSM6DSL_ACC_GYRO_driver.c:3698:11:LSM6DSL_ACC_GYRO_W_TIMER	24	static
LSM6DSL_ACC_GYRO_driver.c:3721:10:LSM6DSL_ACC_GYRO_R_TIMER	8	static
LSM6DSL_ACC_GYRO_driver.c:3738:11:LSM6DSL_ACC_GYRO_W_FUNC_EN	24	static
LSM6DSL_ACC_GYRO_driver.c:3761:10:LSM6DSL_ACC_GYRO_R_FUNC_EN	8	static
LSM6DSL_ACC_GYRO_driver.c:3778:11:LSM6DSL_ACC_GYRO_W_I2C_MASTER_Enable	24	static
LSM6DSL_ACC_GYRO_driver.c:3801:10:LSM6DSL_ACC_GYRO_R_I2C_MASTER_Enable	8	static
LSM6DSL_ACC_GYRO_driver.c:3818:11:LSM6DSL_ACC_GYRO_W_IronCorrection_EN	24	static
LSM6DSL_ACC_GYRO_driver.c:3841:10:LSM6DSL_ACC_GYRO_R_IronCorrection_EN	8	static
LSM6DSL_ACC_GYRO_driver.c:3858:11:LSM6DSL_ACC_GYRO_W_PASS_THRU_MODE	24	static
LSM6DSL_ACC_GYRO_driver.c:3881:10:LSM6DSL_ACC_GYRO_R_PASS_THRU_MODE	8	static
LSM6DSL_ACC_GYRO_driver.c:3898:11:LSM6DSL_ACC_GYRO_W_PULL_UP_EN	24	static
LSM6DSL_ACC_GYRO_driver.c:3921:10:LSM6DSL_ACC_GYRO_R_PULL_UP_EN	8	static
LSM6DSL_ACC_GYRO_driver.c:3938:11:LSM6DSL_ACC_GYRO_W_SensorHUB_Trigger_Sel	24	static
LSM6DSL_ACC_GYRO_driver.c:3961:10:LSM6DSL_ACC_GYRO_R_SensorHUB_Trigger_Sel	8	static
LSM6DSL_ACC_GYRO_driver.c:3978:11:LSM6DSL_ACC_GYRO_W_DATA_VAL_SEL_FIFO	24	static
LSM6DSL_ACC_GYRO_driver.c:4001:10:LSM6DSL_ACC_GYRO_R_DATA_VAL_SEL_FIFO	8	static
LSM6DSL_ACC_GYRO_driver.c:4018:11:LSM6DSL_ACC_GYRO_W_DRDY_ON_INT1	24	static
LSM6DSL_ACC_GYRO_driver.c:4040:10:LSM6DSL_ACC_GYRO_R_DRDY_ON_INT1	8	static
LSM6DSL_ACC_GYRO_driver.c:4057:10:LSM6DSL_ACC_GYRO_R_Z_WU	8	static
LSM6DSL_ACC_GYRO_driver.c:4074:10:LSM6DSL_ACC_GYRO_R_Y_WU	8	static
LSM6DSL_ACC_GYRO_driver.c:4091:10:LSM6DSL_ACC_GYRO_R_X_WU	8	static
LSM6DSL_ACC_GYRO_driver.c:4108:10:LSM6DSL_ACC_GYRO_R_WU_EV_STATUS	8	static
LSM6DSL_ACC_GYRO_driver.c:4125:10:LSM6DSL_ACC_GYRO_R_SLEEP_EV_STATUS	8	static
LSM6DSL_ACC_GYRO_driver.c:4142:10:LSM6DSL_ACC_GYRO_R_FF_EV_STATUS	8	static
LSM6DSL_ACC_GYRO_driver.c:4159:10:LSM6DSL_ACC_GYRO_R_Z_TAP	8	static
LSM6DSL_ACC_GYRO_driver.c:4176:10:LSM6DSL_ACC_GYRO_R_Y_TAP	8	static
LSM6DSL_ACC_GYRO_driver.c:4193:10:LSM6DSL_ACC_GYRO_R_X_TAP	8	static
LSM6DSL_ACC_GYRO_driver.c:4210:10:LSM6DSL_ACC_GYRO_R_TAP_SIGN	8	static
LSM6DSL_ACC_GYRO_driver.c:4227:10:LSM6DSL_ACC_GYRO_R_DOUBLE_TAP_EV_STATUS	8	static
LSM6DSL_ACC_GYRO_driver.c:4244:10:LSM6DSL_ACC_GYRO_R_SINGLE_TAP_EV_STATUS	8	static
LSM6DSL_ACC_GYRO_driver.c:4261:10:LSM6DSL_ACC_GYRO_R_TAP_EV_STATUS	8	static
LSM6DSL_ACC_GYRO_driver.c:4278:10:LSM6DSL_ACC_GYRO_R_DSD_XL	8	static
LSM6DSL_ACC_GYRO_driver.c:4295:10:LSM6DSL_ACC_GYRO_R_DSD_XH	8	static
LSM6DSL_ACC_GYRO_driver.c:4312:10:LSM6DSL_ACC_GYRO_R_DSD_YL	8	static
LSM6DSL_ACC_GYRO_driver.c:4329:10:LSM6DSL_ACC_GYRO_R_DSD_YH	8	static
LSM6DSL_ACC_GYRO_driver.c:4346:10:LSM6DSL_ACC_GYRO_R_DSD_ZL	8	static
LSM6DSL_ACC_GYRO_driver.c:4363:10:LSM6DSL_ACC_GYRO_R_DSD_ZH	8	static
LSM6DSL_ACC_GYRO_driver.c:4380:10:LSM6DSL_ACC_GYRO_R_D6D_EV_STATUS	8	static
LSM6DSL_ACC_GYRO_driver.c:4397:10:LSM6DSL_ACC_GYRO_R_XLDA	8	static
LSM6DSL_ACC_GYRO_driver.c:4414:10:LSM6DSL_ACC_GYRO_R_GDA	8	static
LSM6DSL_ACC_GYRO_driver.c:4431:10:LSM6DSL_ACC_GYRO_R_TDA	8	static
LSM6DSL_ACC_GYRO_driver.c:4448:10:LSM6DSL_ACC_GYRO_R_FIFONumOfEntries	24	static
LSM6DSL_ACC_GYRO_driver.c:4478:10:LSM6DSL_ACC_GYRO_R_FIFOEmpty	8	static
LSM6DSL_ACC_GYRO_driver.c:4495:10:LSM6DSL_ACC_GYRO_R_FIFOFull	8	static
LSM6DSL_ACC_GYRO_driver.c:4512:10:LSM6DSL_ACC_GYRO_R_OVERRUN	8	static
LSM6DSL_ACC_GYRO_driver.c:4529:10:LSM6DSL_ACC_GYRO_R_WaterMark	8	static
LSM6DSL_ACC_GYRO_driver.c:4546:10:LSM6DSL_ACC_GYRO_R_FIFOPattern	24	static
LSM6DSL_ACC_GYRO_driver.c:4576:10:LSM6DSL_ACC_GYRO_R_SENS_HUB_END	8	static
LSM6DSL_ACC_GYRO_driver.c:4593:10:LSM6DSL_ACC_GYRO_R_SOFT_IRON_END	8	static
LSM6DSL_ACC_GYRO_driver.c:4610:10:LSM6DSL_ACC_GYRO_R_HardIron	8	static
LSM6DSL_ACC_GYRO_driver.c:4627:10:LSM6DSL_ACC_GYRO_R_STEP_OVERFLOW	8	static
LSM6DSL_ACC_GYRO_driver.c:4644:10:LSM6DSL_ACC_GYRO_R_STEP_COUNT_DELTA	8	static
LSM6DSL_ACC_GYRO_driver.c:4661:10:LSM6DSL_ACC_GYRO_R_PEDO_EV_STATUS	8	static
LSM6DSL_ACC_GYRO_driver.c:4678:10:LSM6DSL_ACC_GYRO_R_TILT_EV_STATUS	8	static
LSM6DSL_ACC_GYRO_driver.c:4695:10:LSM6DSL_ACC_GYRO_R_SIGN_MOT_EV_STATUS	8	static
LSM6DSL_ACC_GYRO_driver.c:4712:11:LSM6DSL_ACC_GYRO_W_LIR	24	static
LSM6DSL_ACC_GYRO_driver.c:4735:10:LSM6DSL_ACC_GYRO_R_LIR	8	static
LSM6DSL_ACC_GYRO_driver.c:4752:11:LSM6DSL_ACC_GYRO_W_TAP_Z_EN	24	static
LSM6DSL_ACC_GYRO_driver.c:4775:10:LSM6DSL_ACC_GYRO_R_TAP_Z_EN	8	static
LSM6DSL_ACC_GYRO_driver.c:4792:11:LSM6DSL_ACC_GYRO_W_TAP_Y_EN	24	static
LSM6DSL_ACC_GYRO_driver.c:4815:10:LSM6DSL_ACC_GYRO_R_TAP_Y_EN	8	static
LSM6DSL_ACC_GYRO_driver.c:4832:11:LSM6DSL_ACC_GYRO_W_TAP_X_EN	24	static
LSM6DSL_ACC_GYRO_driver.c:4855:10:LSM6DSL_ACC_GYRO_R_TAP_X_EN	8	static
LSM6DSL_ACC_GYRO_driver.c:4872:11:LSM6DSL_ACC_GYRO_W_SLOPE_FDS	24	static
LSM6DSL_ACC_GYRO_driver.c:4895:10:LSM6DSL_ACC_GYRO_R_SLOPE_FDS	8	static
LSM6DSL_ACC_GYRO_driver.c:4912:11:LSM6DSL_ACC_GYRO_W_BASIC_INT	24	static
LSM6DSL_ACC_GYRO_driver.c:4935:10:LSM6DSL_ACC_GYRO_R_BASIC_INT	8	static
LSM6DSL_ACC_GYRO_driver.c:4952:11:LSM6DSL_ACC_GYRO_W_TAP_THS	24	static
LSM6DSL_ACC_GYRO_driver.c:4978:10:LSM6DSL_ACC_GYRO_R_TAP_THS	8	static
LSM6DSL_ACC_GYRO_driver.c:4996:11:LSM6DSL_ACC_GYRO_W_SIXD_THS	24	static
LSM6DSL_ACC_GYRO_driver.c:5019:10:LSM6DSL_ACC_GYRO_R_SIXD_THS	8	static
LSM6DSL_ACC_GYRO_driver.c:5036:11:LSM6DSL_ACC_GYRO_W_D4D	24	static
LSM6DSL_ACC_GYRO_driver.c:5059:10:LSM6DSL_ACC_GYRO_R_D4D	8	static
LSM6DSL_ACC_GYRO_driver.c:5076:11:LSM6DSL_ACC_GYRO_W_SHOCK_Duration	24	static
LSM6DSL_ACC_GYRO_driver.c:5102:10:LSM6DSL_ACC_GYRO_R_SHOCK_Duration	8	static
LSM6DSL_ACC_GYRO_driver.c:5119:11:LSM6DSL_ACC_GYRO_W_QUIET_Duration	24	static
LSM6DSL_ACC_GYRO_driver.c:5145:10:LSM6DSL_ACC_GYRO_R_QUIET_Duration	8	static
LSM6DSL_ACC_GYRO_driver.c:5163:11:LSM6DSL_ACC_GYRO_W_DUR	24	static
LSM6DSL_ACC_GYRO_driver.c:5189:10:LSM6DSL_ACC_GYRO_R_DUR	8	static
LSM6DSL_ACC_GYRO_driver.c:5207:11:LSM6DSL_ACC_GYRO_W_WK_THS	24	static
LSM6DSL_ACC_GYRO_driver.c:5233:10:LSM6DSL_ACC_GYRO_R_WK_THS	8	static
LSM6DSL_ACC_GYRO_driver.c:5251:11:LSM6DSL_ACC_GYRO_W_SINGLE_DOUBLE_TAP_EV	24	static
LSM6DSL_ACC_GYRO_driver.c:5274:10:LSM6DSL_ACC_GYRO_R_SINGLE_DOUBLE_TAP_EV	8	static
LSM6DSL_ACC_GYRO_driver.c:5291:11:LSM6DSL_ACC_GYRO_W_SLEEP_DUR	24	static
LSM6DSL_ACC_GYRO_driver.c:5317:10:LSM6DSL_ACC_GYRO_R_SLEEP_DUR	8	static
LSM6DSL_ACC_GYRO_driver.c:5335:11:LSM6DSL_ACC_GYRO_W_TIMER_HR	24	static
LSM6DSL_ACC_GYRO_driver.c:5358:10:LSM6DSL_ACC_GYRO_R_TIMER_HR	8	static
LSM6DSL_ACC_GYRO_driver.c:5375:11:LSM6DSL_ACC_GYRO_W_WAKE_DUR	24	static
LSM6DSL_ACC_GYRO_driver.c:5401:10:LSM6DSL_ACC_GYRO_R_WAKE_DUR	8	static
LSM6DSL_ACC_GYRO_driver.c:5419:11:LSM6DSL_ACC_GYRO_W_FF_THS	24	static
LSM6DSL_ACC_GYRO_driver.c:5442:10:LSM6DSL_ACC_GYRO_R_FF_THS	8	static
LSM6DSL_ACC_GYRO_driver.c:5459:11:LSM6DSL_ACC_GYRO_W_FF_Duration	24	static
LSM6DSL_ACC_GYRO_driver.c:5503:10:LSM6DSL_ACC_GYRO_R_FF_Duration	24	static
LSM6DSL_ACC_GYRO_driver.c:5533:11:LSM6DSL_ACC_GYRO_W_TimerEvRouteInt1	24	static
LSM6DSL_ACC_GYRO_driver.c:5556:10:LSM6DSL_ACC_GYRO_R_TimerEvRouteInt1	8	static
LSM6DSL_ACC_GYRO_driver.c:5573:11:LSM6DSL_ACC_GYRO_W_TiltEvOnInt1	24	static
LSM6DSL_ACC_GYRO_driver.c:5596:10:LSM6DSL_ACC_GYRO_R_TiltEvOnInt1	8	static
LSM6DSL_ACC_GYRO_driver.c:5613:11:LSM6DSL_ACC_GYRO_W_6DEvOnInt1	24	static
LSM6DSL_ACC_GYRO_driver.c:5636:10:LSM6DSL_ACC_GYRO_R_6DEvOnInt1	8	static
LSM6DSL_ACC_GYRO_driver.c:5653:11:LSM6DSL_ACC_GYRO_W_TapEvOnInt1	24	static
LSM6DSL_ACC_GYRO_driver.c:5676:10:LSM6DSL_ACC_GYRO_R_TapEvOnInt1	8	static
LSM6DSL_ACC_GYRO_driver.c:5693:11:LSM6DSL_ACC_GYRO_W_FFEvOnInt1	24	static
LSM6DSL_ACC_GYRO_driver.c:5716:10:LSM6DSL_ACC_GYRO_R_FFEvOnInt1	8	static
LSM6DSL_ACC_GYRO_driver.c:5733:11:LSM6DSL_ACC_GYRO_W_WUEvOnInt1	24	static
LSM6DSL_ACC_GYRO_driver.c:5756:10:LSM6DSL_ACC_GYRO_R_WUEvOnInt1	8	static
LSM6DSL_ACC_GYRO_driver.c:5773:11:LSM6DSL_ACC_GYRO_W_SingleTapOnInt1	24	static
LSM6DSL_ACC_GYRO_driver.c:5796:10:LSM6DSL_ACC_GYRO_R_SingleTapOnInt1	8	static
LSM6DSL_ACC_GYRO_driver.c:5813:11:LSM6DSL_ACC_GYRO_W_SleepEvOnInt1	24	static
LSM6DSL_ACC_GYRO_driver.c:5836:10:LSM6DSL_ACC_GYRO_R_SleepEvOnInt1	8	static
LSM6DSL_ACC_GYRO_driver.c:5853:11:LSM6DSL_ACC_GYRO_W_MagCorrection_Int2	24	static
LSM6DSL_ACC_GYRO_driver.c:5876:10:LSM6DSL_ACC_GYRO_R_MagCorrection_Int2	8	static
LSM6DSL_ACC_GYRO_driver.c:5893:11:LSM6DSL_ACC_GYRO_W_TiltEvOnInt2	24	static
LSM6DSL_ACC_GYRO_driver.c:5916:10:LSM6DSL_ACC_GYRO_R_TiltEvOnInt2	8	static
LSM6DSL_ACC_GYRO_driver.c:5933:11:LSM6DSL_ACC_GYRO_W_6DEvOnInt2	24	static
LSM6DSL_ACC_GYRO_driver.c:5956:10:LSM6DSL_ACC_GYRO_R_6DEvOnInt2	8	static
LSM6DSL_ACC_GYRO_driver.c:5973:11:LSM6DSL_ACC_GYRO_W_TapEvOnInt2	24	static
LSM6DSL_ACC_GYRO_driver.c:5996:10:LSM6DSL_ACC_GYRO_R_TapEvOnInt2	8	static
LSM6DSL_ACC_GYRO_driver.c:6013:11:LSM6DSL_ACC_GYRO_W_FFEvOnInt2	24	static
LSM6DSL_ACC_GYRO_driver.c:6036:10:LSM6DSL_ACC_GYRO_R_FFEvOnInt2	8	static
LSM6DSL_ACC_GYRO_driver.c:6053:11:LSM6DSL_ACC_GYRO_W_WUEvOnInt2	24	static
LSM6DSL_ACC_GYRO_driver.c:6076:10:LSM6DSL_ACC_GYRO_R_WUEvOnInt2	8	static
LSM6DSL_ACC_GYRO_driver.c:6093:11:LSM6DSL_ACC_GYRO_W_SingleTapOnInt2	24	static
LSM6DSL_ACC_GYRO_driver.c:6116:10:LSM6DSL_ACC_GYRO_R_SingleTapOnInt2	8	static
LSM6DSL_ACC_GYRO_driver.c:6133:11:LSM6DSL_ACC_GYRO_W_SleepEvOnInt2	24	static
LSM6DSL_ACC_GYRO_driver.c:6156:10:LSM6DSL_ACC_GYRO_R_SleepEvOnInt2	8	static
LSM6DSL_ACC_GYRO_driver.c:6173:10:LSM6DSL_ACC_GYRO_Get_GetFIFOData	16	static
LSM6DSL_ACC_GYRO_driver.c:6201:10:LSM6DSL_ACC_GYRO_Get_GetTimestamp	16	static
LSM6DSL_ACC_GYRO_driver.c:6229:10:LSM6DSL_ACC_GYRO_Get_GetStepCounter	16	static
LSM6DSL_ACC_GYRO_driver.c:6257:11:LSM6DSL_ACC_GYRO_W_PedoThreshold	24	static
LSM6DSL_ACC_GYRO_driver.c:6285:10:LSM6DSL_ACC_GYRO_SH_init_SI_Matrix	24	static
LSM6DSL_ACC_GYRO_driver.c:6300:10:LSM6DSL_ACC_GYRO_SH0_Program	32	static
LSM6DSL_ACC_GYRO_driver.c:6334:10:LSM6DSL_ACC_GYRO_SH0_ReadMem	56	static
LSM6DSL_ACC_GYRO_driver.c:6377:10:LSM6DSL_ACC_GYRO_SH0_WriteByte	48	static
