Component: ARM Compiler 5.06 update 6 (build 750) Tool: armlink [4d35ed]

==============================================================================

Section Cross References

    com.o(i.UART_ReceivedMSG) refers to cube_hal_f4.o(i.Get_DMA_Flag_Status) for Get_DMA_Flag_Status
    com.o(i.UART_ReceivedMSG) refers to cube_hal_f4.o(i.Get_DMA_Counter) for Get_DMA_Counter
    com.o(i.UART_ReceivedMSG) refers to serial_protocol.o(i.ReverseByteStuffCopyByte2) for ReverseByteStuffCopyByte2
    com.o(i.UART_ReceivedMSG) refers to serial_protocol.o(i.CHK_CheckAndRemove) for CHK_CheckAndRemove
    com.o(i.UART_ReceivedMSG) refers to com.o(.bss) for .bss
    com.o(i.UART_ReceivedMSG) refers to com.o(.data) for .data
    com.o(i.UART_SendMsg) refers to serial_protocol.o(i.CHK_ComputeAndAdd) for CHK_ComputeAndAdd
    com.o(i.UART_SendMsg) refers to serial_protocol.o(i.ByteStuffCopy) for ByteStuffCopy
    com.o(i.UART_SendMsg) refers to stm32f4xx_hal_uart.o(i.HAL_UART_Transmit) for HAL_UART_Transmit
    com.o(i.UART_SendMsg) refers to com.o(.bss) for .bss
    com.o(i.USARTConfig) refers to stm32f4xx_hal_gpio.o(i.HAL_GPIO_Init) for HAL_GPIO_Init
    com.o(i.USARTConfig) refers to stm32f4xx_hal_uart.o(i.HAL_UART_Init) for HAL_UART_Init
    com.o(i.USARTConfig) refers to com.o(i.USART_DMA_Configuration) for USART_DMA_Configuration
    com.o(i.USARTConfig) refers to stm32f4xx_hal_uart.o(i.HAL_UART_Receive_DMA) for HAL_UART_Receive_DMA
    com.o(i.USARTConfig) refers to com.o(.bss) for .bss
    com.o(i.USARTConfig) refers to com.o(.data) for .data
    com.o(i.USART_DMA_Configuration) refers to cube_hal_f4.o(i.Config_DMA_Handler) for Config_DMA_Handler
    com.o(i.USART_DMA_Configuration) refers to stm32f4xx_hal_dma.o(i.HAL_DMA_Init) for HAL_DMA_Init
    com.o(i.USART_DMA_Configuration) refers to com.o(.bss) for .bss
    demoserial.o(i.HandleMSG) refers to demoserial.o(i.BUILD_REPLY_HEADER) for BUILD_REPLY_HEADER
    demoserial.o(i.HandleMSG) refers to x_nucleo_iks01a2_pressure.o(i.BSP_PRESSURE_Get_Instance) for BSP_PRESSURE_Get_Instance
    demoserial.o(i.HandleMSG) refers to serial_protocol.o(i.Serialize_s32) for Serialize_s32
    demoserial.o(i.HandleMSG) refers to x_nucleo_iks01a2_gyro.o(i.BSP_GYRO_Get_Instance) for BSP_GYRO_Get_Instance
    demoserial.o(i.HandleMSG) refers to x_nucleo_iks01a2_magneto.o(i.BSP_MAGNETO_Get_Instance) for BSP_MAGNETO_Get_Instance
    demoserial.o(i.HandleMSG) refers to serial_protocol.o(i.Deserialize) for Deserialize
    demoserial.o(i.HandleMSG) refers to main.o(i.RTC_TimeRegulate) for RTC_TimeRegulate
    demoserial.o(i.HandleMSG) refers to com.o(i.UART_SendMsg) for UART_SendMsg
    demoserial.o(i.HandleMSG) refers to main.o(.data) for Sensors_Enabled
    demoserial.o(i.HandleMSG) refers to demoserial.o(.data) for .data
    demoserial.o(i.INIT_STREAMING_HEADER) refers to demoserial.o(.data) for .data
    demoserial.o(i.INIT_STREAMING_MSG) refers to demoserial.o(.data) for .data
    cube_hal_f4.o(i.SystemClock_Config) refers to stm32f4xx_hal_rcc.o(i.HAL_RCC_OscConfig) for HAL_RCC_OscConfig
    cube_hal_f4.o(i.SystemClock_Config) refers to stm32f4xx_hal_rcc.o(i.HAL_RCC_ClockConfig) for HAL_RCC_ClockConfig
    main.o(i.Accelero_Sensor_Handler) refers to x_nucleo_iks01a2_accelero.o(i.BSP_ACCELERO_IsInitialized) for BSP_ACCELERO_IsInitialized
    main.o(i.Accelero_Sensor_Handler) refers to x_nucleo_iks01a2_accelero.o(i.BSP_ACCELERO_Get_Axes) for BSP_ACCELERO_Get_Axes
    main.o(i.Accelero_Sensor_Handler) refers to serial_protocol.o(i.Serialize_s32) for Serialize_s32
    main.o(i.Accelero_Sensor_Handler) refers to printf6.o(i.__0snprintf$6) for __2snprintf
    main.o(i.Accelero_Sensor_Handler) refers to strlen.o(.text) for strlen
    main.o(i.Accelero_Sensor_Handler) refers to stm32f4xx_hal_uart.o(i.HAL_UART_Transmit) for HAL_UART_Transmit
    main.o(i.Accelero_Sensor_Handler) refers to main.o(.data) for .data
    main.o(i.Accelero_Sensor_Handler) refers to main.o(.bss) for .bss
    main.o(i.Accelero_Sensor_Handler) refers to demoserial.o(.data) for DataLoggerActive
    main.o(i.Accelero_Sensor_Handler) refers to com.o(.bss) for UartHandle
    main.o(i.Gyro_Sensor_Handler) refers to x_nucleo_iks01a2_gyro.o(i.BSP_GYRO_IsInitialized) for BSP_GYRO_IsInitialized
    main.o(i.Gyro_Sensor_Handler) refers to x_nucleo_iks01a2_gyro.o(i.BSP_GYRO_Get_Axes) for BSP_GYRO_Get_Axes
    main.o(i.Gyro_Sensor_Handler) refers to serial_protocol.o(i.Serialize_s32) for Serialize_s32
    main.o(i.Gyro_Sensor_Handler) refers to printf6.o(i.__0snprintf$6) for __2snprintf
    main.o(i.Gyro_Sensor_Handler) refers to strlen.o(.text) for strlen
    main.o(i.Gyro_Sensor_Handler) refers to stm32f4xx_hal_uart.o(i.HAL_UART_Transmit) for HAL_UART_Transmit
    main.o(i.Gyro_Sensor_Handler) refers to main.o(.data) for .data
    main.o(i.Gyro_Sensor_Handler) refers to main.o(.bss) for .bss
    main.o(i.Gyro_Sensor_Handler) refers to demoserial.o(.data) for DataLoggerActive
[...]
    LSM6DSL_ACC_GYRO_W_FF_Duration           0x080058e1   Thumb Code   116  lsm6dsl_acc_gyro_driver.o(i.LSM6DSL_ACC_GYRO_W_FF_Duration)
    LSM6DSL_ACC_GYRO_W_FF_THS                0x08005955   Thumb Code    54  lsm6dsl_acc_gyro_driver.o(i.LSM6DSL_ACC_GYRO_W_FF_THS)
    LSM6DSL_ACC_GYRO_W_FIFO_MODE             0x0800598b   Thumb Code    54  lsm6dsl_acc_gyro_driver.o(i.LSM6DSL_ACC_GYRO_W_FIFO_MODE)
    LSM6DSL_ACC_GYRO_W_FIFO_Watermark        0x080059c1   Thumb Code    96  lsm6dsl_acc_gyro_driver.o(i.LSM6DSL_ACC_GYRO_W_FIFO_Watermark)
    LSM6DSL_ACC_GYRO_W_FS_125                0x08005a21   Thumb Code    54  lsm6dsl_acc_gyro_driver.o(i.LSM6DSL_ACC_GYRO_W_FS_125)
    LSM6DSL_ACC_GYRO_W_FS_G                  0x08005a57   Thumb Code    54  lsm6dsl_acc_gyro_driver.o(i.LSM6DSL_ACC_GYRO_W_FS_G)
    LSM6DSL_ACC_GYRO_W_FS_XL                 0x08005a8d   Thumb Code    54  lsm6dsl_acc_gyro_driver.o(i.LSM6DSL_ACC_GYRO_W_FS_XL)
    LSM6DSL_ACC_GYRO_W_FULL_FLAG_on_INT1     0x08005ac3   Thumb Code    54  lsm6dsl_acc_gyro_driver.o(i.LSM6DSL_ACC_GYRO_W_FULL_FLAG_on_INT1)
    LSM6DSL_ACC_GYRO_W_FUNC_EN               0x08005af9   Thumb Code    54  lsm6dsl_acc_gyro_driver.o(i.LSM6DSL_ACC_GYRO_W_FUNC_EN)
    LSM6DSL_ACC_GYRO_W_IF_Addr_Incr          0x08005b2f   Thumb Code    54  lsm6dsl_acc_gyro_driver.o(i.LSM6DSL_ACC_GYRO_W_IF_Addr_Incr)
    LSM6DSL_ACC_GYRO_W_LIR                   0x08005b65   Thumb Code    54  lsm6dsl_acc_gyro_driver.o(i.LSM6DSL_ACC_GYRO_W_LIR)
    LSM6DSL_ACC_GYRO_W_ODR_FIFO              0x08005b9b   Thumb Code    54  lsm6dsl_acc_gyro_driver.o(i.LSM6DSL_ACC_GYRO_W_ODR_FIFO)
    LSM6DSL_ACC_GYRO_W_ODR_G                 0x08005bd1   Thumb Code    54  lsm6dsl_acc_gyro_driver.o(i.LSM6DSL_ACC_GYRO_W_ODR_G)
    LSM6DSL_ACC_GYRO_W_ODR_XL                0x08005c07   Thumb Code    54  lsm6dsl_acc_gyro_driver.o(i.LSM6DSL_ACC_GYRO_W_ODR_XL)
    LSM6DSL_ACC_GYRO_W_PEDO                  0x08005c3d   Thumb Code    54  lsm6dsl_acc_gyro_driver.o(i.LSM6DSL_ACC_GYRO_W_PEDO)
    LSM6DSL_ACC_GYRO_W_PedoStepReset         0x08005c73   Thumb Code    54  lsm6dsl_acc_gyro_driver.o(i.LSM6DSL_ACC_GYRO_W_PedoStepReset)
    LSM6DSL_ACC_GYRO_W_PedoThreshold         0x08005ca9   Thumb Code    66  lsm6dsl_acc_gyro_driver.o(i.LSM6DSL_ACC_GYRO_W_PedoThreshold)
    LSM6DSL_ACC_GYRO_W_QUIET_Duration        0x08005ceb   Thumb Code    58  lsm6dsl_acc_gyro_driver.o(i.LSM6DSL_ACC_GYRO_W_QUIET_Duration)
    LSM6DSL_ACC_GYRO_W_SHOCK_Duration        0x08005d25   Thumb Code    56  lsm6dsl_acc_gyro_driver.o(i.LSM6DSL_ACC_GYRO_W_SHOCK_Duration)
    LSM6DSL_ACC_GYRO_W_SINGLE_DOUBLE_TAP_EV  0x08005d5d   Thumb Code    54  lsm6dsl_acc_gyro_driver.o(i.LSM6DSL_ACC_GYRO_W_SINGLE_DOUBLE_TAP_EV)
    LSM6DSL_ACC_GYRO_W_SIXD_THS              0x08005d93   Thumb Code    54  lsm6dsl_acc_gyro_driver.o(i.LSM6DSL_ACC_GYRO_W_SIXD_THS)
    LSM6DSL_ACC_GYRO_W_SLEEP_DUR             0x08005dc9   Thumb Code    56  lsm6dsl_acc_gyro_driver.o(i.LSM6DSL_ACC_GYRO_W_SLEEP_DUR)
    LSM6DSL_ACC_GYRO_W_STEP_DET_on_INT1      0x08005e01   Thumb Code    54  lsm6dsl_acc_gyro_driver.o(i.LSM6DSL_ACC_GYRO_W_STEP_DET_on_INT1)
    LSM6DSL_ACC_GYRO_W_STOP_ON_FTH           0x08005e37   Thumb Code    54  lsm6dsl_acc_gyro_driver.o(i.LSM6DSL_ACC_GYRO_W_STOP_ON_FTH)
    LSM6DSL_ACC_GYRO_W_SelfTest_G            0x08005e6d   Thumb Code    54  lsm6dsl_acc_gyro_driver.o(i.LSM6DSL_ACC_GYRO_W_SelfTest_G)
    LSM6DSL_ACC_GYRO_W_SelfTest_XL           0x08005ea3   Thumb Code    54  lsm6dsl_acc_gyro_driver.o(i.LSM6DSL_ACC_GYRO_W_SelfTest_XL)
    LSM6DSL_ACC_GYRO_W_SingleTapOnInt1       0x08005ed9   Thumb Code    54  lsm6dsl_acc_gyro_driver.o(i.LSM6DSL_ACC_GYRO_W_SingleTapOnInt1)
    LSM6DSL_ACC_GYRO_W_SingleTapOnInt2       0x08005f0f   Thumb Code    54  lsm6dsl_acc_gyro_driver.o(i.LSM6DSL_ACC_GYRO_W_SingleTapOnInt2)
    LSM6DSL_ACC_GYRO_W_TAP_THS               0x08005f45   Thumb Code    56  lsm6dsl_acc_gyro_driver.o(i.LSM6DSL_ACC_GYRO_W_TAP_THS)
    LSM6DSL_ACC_GYRO_W_TAP_X_EN              0x08005f7d   Thumb Code    54  lsm6dsl_acc_gyro_driver.o(i.LSM6DSL_ACC_GYRO_W_TAP_X_EN)
    LSM6DSL_ACC_GYRO_W_TAP_Y_EN              0x08005fb3   Thumb Code    54  lsm6dsl_acc_gyro_driver.o(i.LSM6DSL_ACC_GYRO_W_TAP_Y_EN)
    LSM6DSL_ACC_GYRO_W_TAP_Z_EN              0x08005fe9   Thumb Code    54  lsm6dsl_acc_gyro_driver.o(i.LSM6DSL_ACC_GYRO_W_TAP_Z_EN)
    LSM6DSL_ACC_GYRO_W_TILT                  0x0800601f   Thumb Code    54  lsm6dsl_acc_gyro_driver.o(i.LSM6DSL_ACC_GYRO_W_TILT)
    LSM6DSL_ACC_GYRO_W_TIMER_HR              0x08006055   Thumb Code    54  lsm6dsl_acc_gyro_driver.o(i.LSM6DSL_ACC_GYRO_W_TIMER_HR)
    LSM6DSL_ACC_GYRO_W_TapEvOnInt1           0x0800608b   Thumb Code    54  lsm6dsl_acc_gyro_driver.o(i.LSM6DSL_ACC_GYRO_W_TapEvOnInt1)
    LSM6DSL_ACC_GYRO_W_TapEvOnInt2           0x080060c1   Thumb Code    54  lsm6dsl_acc_gyro_driver.o(i.LSM6DSL_ACC_GYRO_W_TapEvOnInt2)
    LSM6DSL_ACC_GYRO_W_TiltEvOnInt1          0x080060f7   Thumb Code    54  lsm6dsl_acc_gyro_driver.o(i.LSM6DSL_ACC_GYRO_W_TiltEvOnInt1)
    LSM6DSL_ACC_GYRO_W_TiltEvOnInt2          0x0800612d   Thumb Code    54  lsm6dsl_acc_gyro_driver.o(i.LSM6DSL_ACC_GYRO_W_TiltEvOnInt2)
    LSM6DSL_ACC_GYRO_W_WAKE_DUR              0x08006163   Thumb Code    58  lsm6dsl_acc_gyro_driver.o(i.LSM6DSL_ACC_GYRO_W_WAKE_DUR)
    LSM6DSL_ACC_GYRO_W_WK_THS                0x0800619d   Thumb Code    56  lsm6dsl_acc_gyro_driver.o(i.LSM6DSL_ACC_GYRO_W_WK_THS)
    LSM6DSL_ACC_GYRO_W_WUEvOnInt1            0x080061d5   Thumb Code    54  lsm6dsl_acc_gyro_driver.o(i.LSM6DSL_ACC_GYRO_W_WUEvOnInt1)
    LSM6DSL_ACC_GYRO_W_WUEvOnInt2            0x0800620b   Thumb Code    54  lsm6dsl_acc_gyro_driver.o(i.LSM6DSL_ACC_GYRO_W_WUEvOnInt2)
    LSM6DSL_ACC_GYRO_WriteReg                0x08006241   Thumb Code    16  lsm6dsl_acc_gyro_driver.o(i.LSM6DSL_ACC_GYRO_WriteReg)
    LSM6DSL_Sensor_IO_ITConfig               0x08006b85   Thumb Code   142  x_nucleo_iks01a2.o(i.LSM6DSL_Sensor_IO_ITConfig)
    NMI_Handler                              0x08007bf1   Thumb Code     2  stm32f4xx_it.o(i.NMI_Handler)
    RTC_Bcd2ToByte                           0x08007cb5   Thumb Code    18  stm32f4xx_hal_rtc.o(i.RTC_Bcd2ToByte)
    RTC_ByteToBcd2                           0x08007cc7   Thumb Code    22  stm32f4xx_hal_rtc.o(i.RTC_ByteToBcd2)
    RTC_EnterInitMode                        0x08007d3d   Thumb Code    58  stm32f4xx_hal_rtc.o(i.RTC_EnterInitMode)
    RTC_TimeRegulate                         0x08007e39   Thumb Code    48  main.o(i.RTC_TimeRegulate)
    ReverseByteStuffCopyByte2                0x08007e6d   Thumb Code    34  serial_protocol.o(i.ReverseByteStuffCopyByte2)
    Sensor_IO_Init                           0x08007e8f   Thumb Code     4  x_nucleo_iks01a2.o(i.Sensor_IO_Init)
    Sensor_IO_Read                           0x08007e95   Thumb Code    94  x_nucleo_iks01a2.o(i.Sensor_IO_Read)
    Sensor_IO_Write                          0x08007ef5   Thumb Code    94  x_nucleo_iks01a2.o(i.Sensor_IO_Write)
    Serialize_s32                            0x08007f53   Thumb Code    16  serial_protocol.o(i.Serialize_s32)
    SysTick_Handler                          0x08007f63   Thumb Code     4  stm32f4xx_it.o(i.SysTick_Handler)
    SystemClock_Config                       0x08007f69   Thumb Code   110  cube_hal_f4.o(i.SystemClock_Config)
    SystemInit                               0x08007fe1   Thumb Code    66  system_stm32f4xx.o(i.SystemInit)
    UART_ReceivedMSG                         0x080081a5   Thumb Code   200  com.o(i.UART_ReceivedMSG)
    UART_SendMsg                             0x08008275   Thumb Code    36  com.o(i.UART_SendMsg)
    USARTConfig                              0x080085ad   Thumb Code   180  com.o(i.USARTConfig)
    USART_DMA_Configuration                  0x08008675   Thumb Code    26  com.o(i.USART_DMA_Configuration)
    __0printf$6                              0x08008695   Thumb Code    22  printf6.o(i.__0printf$6)
    __1printf$6                              0x08008695   Thumb Code     0  printf6.o(i.__0printf$6)
    __2printf                                0x08008695   Thumb Code     0  printf6.o(i.__0printf$6)
    __0snprintf$6                            0x080086b5   Thumb Code    44  printf6.o(i.__0snprintf$6)
    __1snprintf$6                            0x080086b5   Thumb Code     0  printf6.o(i.__0snprintf$6)
    __2snprintf                              0x080086b5   Thumb Code     0  printf6.o(i.__0snprintf$6)
    __ARM_fpclassify                         0x080086e5   Thumb Code    48  fpclassify.o(i.__ARM_fpclassify)
    __hardfp_pow                             0x08008719   Thumb Code  3072  pow.o(i.__hardfp_pow)
    __hardfp_trunc                           0x08009369   Thumb Code   154  trunc.o(i.__hardfp_trunc)
    __kernel_poly                            0x08009419   Thumb Code   248  poly.o(i.__kernel_poly)
    __mathlib_dbl_divzero                    0x08009511   Thumb Code    28  dunder.o(i.__mathlib_dbl_divzero)
    __mathlib_dbl_infnan2                    0x08009541   Thumb Code    20  dunder.o(i.__mathlib_dbl_infnan2)
    __mathlib_dbl_invalid                    0x08009559   Thumb Code    24  dunder.o(i.__mathlib_dbl_invalid)
    __mathlib_dbl_overflow                   0x08009579   Thumb Code    24  dunder.o(i.__mathlib_dbl_overflow)
    __mathlib_dbl_underflow                  0x08009599   Thumb Code    24  dunder.o(i.__mathlib_dbl_underflow)
    __scatterload_copy                       0x080095b9   Thumb Code    14  handlers.o(i.__scatterload_copy)
    __scatterload_null                       0x080095c7   Thumb Code     2  handlers.o(i.__scatterload_null)
    __scatterload_zeroinit                   0x080095c9   Thumb Code    14  handlers.o(i.__scatterload_zeroinit)
    __set_errno                              0x080095d9   Thumb Code     6  errno.o(i.__set_errno)
    fabs                                     0x0800993d   Thumb Code    24  fabs.o(i.fabs)
    fputc                                    0x080099d1   Thumb Code    18  fputc.o(i.fputc)
    main                                     0x080099e5   Thumb Code   352  main.o(i.main)
    sqrt                                     0x08009b51   Thumb Code   110  sqrt.o(i.sqrt)
    LSM303AGR_ACC_Sensitivity_List           0x08009bc0   Data          96  lsm303agr_acc_driver.o(.constdata)
    BUTTON_IRQn                              0x08009c20   Data           1  stm32f4xx_nucleo.o(.constdata)
    GPIO_PIN                                 0x08009c22   Data           2  stm32f4xx_nucleo.o(.constdata)
    BUTTON_PIN                               0x08009c24   Data           2  stm32f4xx_nucleo.o(.constdata)
    AHBPrescTable                            0x08009c26   Data          16  system_stm32f4xx.o(.constdata)
    APBPrescTable                            0x08009c36   Data           8  system_stm32f4xx.o(.constdata)
    __mathlib_zero                           0x08009cd0   Data           8  qnan.o(.constdata)
    Region$$Table$$Base                      0x08009d1c   Number         0  anon$$obj.o(Region$$Table)
    Region$$Table$$Limit                     0x08009d3c   Number         0  anon$$obj.o(Region$$Table)
    Usart_BaudRate                           0x20000000   Data           4  com.o(.data)
    Uart_Engine                              0x20000004   Data           8  com.o(.data)
    DataStreamingDest                        0x2000000c   Data           1  demoserial.o(.data)
    DataLoggerActive                         0x2000000d   Data           1  demoserial.o(.data)
    PresentationString                       0x2000000e   Data          41  demoserial.o(.data)
    AutoInit                                 0x20000038   Data           1  main.o(.data)
    Sensors_Enabled                          0x2000003c   Data           4  main.o(.data)
    DataTxPeriod                             0x20000040   Data           4  main.o(.data)
    Int_Current_Time1                        0x20000044   Data           4  main.o(.data)
    Int_Current_Time2                        0x20000048   Data           4  main.o(.data)
    ACCELERO_handle                          0x2000004c   Data           4  main.o(.data)
    GYRO_handle                              0x20000050   Data           4  main.o(.data)
    MAGNETO_handle                           0x20000054   Data           4  main.o(.data)
    HUMIDITY_handle                          0x20000058   Data           4  main.o(.data)
    TEMPERATURE_handle                       0x2000005c   Data           4  main.o(.data)
    PRESSURE_handle                          0x20000060   Data           4  main.o(.data)
    RTC_SYNCH_PREDIV                         0x20000064   Data           4  main.o(.data)
    PRESSURE_Value                           0x20000068   Data           4  main.o(.data)
    HUMIDITY_Value                           0x2000006c   Data           4  main.o(.data)
    TEMPERATURE_Value                        0x20000070   Data           4  main.o(.data)
    use_LSI                                  0x20000074   Data           4  stm32f4xx_hal_msp.o(.data)
    HTS221_H_Drv                             0x20000078   Data          52  hts221_driver_hl.o(.data)
    HTS221_T_Drv                             0x200000ac   Data          52  hts221_driver_hl.o(.data)
    HTS221_Combo_Data                        0x200000e0   Data           4  hts221_driver_hl.o(.data)
    LPS22HB_P_Drv                            0x200000e4   Data          52  lps22hb_driver_hl.o(.data)
    LPS22HB_T_Drv                            0x20000118   Data          52  lps22hb_driver_hl.o(.data)
    LPS22HB_P_ExtDrv                         0x2000014c   Data          60  lps22hb_driver_hl.o(.data)
    LPS22HB_T_ExtDrv                         0x20000188   Data          60  lps22hb_driver_hl.o(.data)
    LPS22HB_Combo_Data                       0x200001c4   Data           8  lps22hb_driver_hl.o(.data)
    LSM6DSL_X_ExtDrv                         0x200001cc   Data         212  lsm6dsl_acc_gyro_driver_hl.o(.data)
    LSM6DSL_G_ExtDrv                         0x200002a0   Data          60  lsm6dsl_acc_gyro_driver_hl.o(.data)
    LSM6DSL_X_Drv                            0x200002dc   Data          80  lsm6dsl_acc_gyro_driver_hl.o(.data)
    LSM6DSL_G_Drv                            0x2000032c   Data          80  lsm6dsl_acc_gyro_driver_hl.o(.data)
    LSM6DSL_Combo_Data                       0x2000037c   Data           2  lsm6dsl_acc_gyro_driver_hl.o(.data)
    LSM303AGR_X_Drv                          0x20000380   Data          80  lsm303agr_acc_driver_hl.o(.data)
    LSM303AGR_Combo_Data                     0x200003d0   Data           2  lsm303agr_acc_driver_hl.o(.data)
    LSM303AGR_M_Drv                          0x200003d4   Data          72  lsm303agr_mag_driver_hl.o(.data)
    GPIO_PORT                                0x2000041c   Data           4  stm32f4xx_nucleo.o(.data)
    BUTTON_PORT                              0x20000420   Data           4  stm32f4xx_nucleo.o(.data)
    SpixTimeout                              0x20000424   Data           4  stm32f4xx_nucleo.o(.data)
    SystemCoreClock                          0x20000478   Data           4  system_stm32f4xx.o(.data)
    uwTickFreq                               0x2000047c   Data           1  stm32f4xx_hal.o(.data)
    uwTickPrio                               0x20000480   Data           4  stm32f4xx_hal.o(.data)
    uwTick                                   0x20000484   Data           4  stm32f4xx_hal.o(.data)
    __stdout                                 0x20000488   Data           4  stdout.o(.data)
    UartHandle                               0x20000490   Data          64  com.o(.bss)
    hdma_rx                                  0x200004d0   Data          96  com.o(.bss)
    UART_RxBuffer                            0x20000530   Data         512  com.o(.bss)
    UART_TxBuffer                            0x20000730   Data         512  com.o(.bss)
    dataOut                                  0x20000930   Data         256  main.o(.bss)
    RtcHandle                                0x20000a30   Data          32  main.o(.bss)
    ACC_Value                                0x20000a50   Data          12  main.o(.bss)
    GYR_Value                                0x20000a5c   Data          12  main.o(.bss)
    MAG_Value                                0x20000a68   Data          12  main.o(.bss)
    __initial_sp                             0x20000f88   Data           0  startup_stm32f401xe.o(STACK)



==============================================================================

Memory Map of the image

  Image Entry point : 0x08000195

  Load Region LR_IROM1 (Base: 0x08000000, Size: 0x0000a1cc, Max: 0x00080000, ABSOLUTE, COMPRESSED[0x0000a000])

    Execution Region ER_IROM1 (Exec base: 0x08000000, Load base: 0x08000000, Size: 0x00009d3c, Max: 0x00080000, ABSOLUTE)

    Exec Addr    Load Addr    Size         Type   Attr      Idx    E Section Name        Object

    0x08000000   0x08000000   0x00000194   Data   RO        10274    RESET               startup_stm32f401xe.o
    0x08000194   0x08000194   0x00000000   Code   RO        10297  * .ARM.Collect$$$$00000000  mc_w.l(entry.o)
    0x08000194   0x08000194   0x00000004   Code   RO        10614    .ARM.Collect$$$$00000001  mc_w.l(entry2.o)
    0x08000198   0x08000198   0x00000004   Code   RO        10617    .ARM.Collect$$$$00000004  mc_w.l(entry5.o)
    0x0800019c   0x0800019c   0x00000000   Code   RO        10619    .ARM.Collect$$$$00000008  mc_w.l(entry7b.o)
    0x0800019c   0x0800019c   0x00000000   Code   RO        10621    .ARM.Collect$$$$0000000A  mc_w.l(entry8b.o)
    0x0800019c   0x0800019c   0x00000008   Code   RO        10622    .ARM.Collect$$$$0000000B  mc_w.l(entry9a.o)
    0x080001a4   0x080001a4   0x00000000   Code   RO        10624    .ARM.Collect$$$$0000000D  mc_w.l(entry10a.o)
    0x080001a4   0x080001a4   0x00000000   Code   RO        10626    .ARM.Collect$$$$0000000F  mc_w.l(entry11a.o)
    0x080001a4   0x080001a4   0x00000004   Code   RO        10615    .ARM.Collect$$$$00002712  mc_w.l(entry2.o)
    0x080001a8   0x080001a8   0x00000024   Code   RO        10275    .text               startup_stm32f401xe.o
    0x080001cc   0x080001cc   0x00000062   Code   RO        10300    .text               mc_w.l(uldiv.o)
    0x0800022e   0x0800022e   0x00000062   Code   RO        10302    .text               mc_w.l(ldiv.o)
    0x08000290   0x08000290   0x00000024   Code   RO        10304    .text               mc_w.l(memseta.o)
    0x080002b4   0x080002b4   0x0000000e   Code   RO        10306    .text               mc_w.l(strlen.o)
    0x080002c2   0x080002c2   0x000000e4   Code   RO        10569    .text               mf_w.l(dmul.o)
    0x080003a6   0x080003a6   0x00000022   Code   RO        10571    .text               mf_w.l(dflti.o)
    0x080003c8   0x080003c8   0x0000003e   Code   RO        10573    .text               mf_w.l(dfixi.o)
    0x08000406   0x08000406   0x00000026   Code   RO        10575    .text               mf_w.l(f2d.o)
    0x0800042c   0x0800042c   0x0000002c   Code   RO        10631    .text               mc_w.l(uidiv.o)
    0x08000458   0x08000458   0x0000001e   Code   RO        10633    .text               mc_w.l(llshl.o)
    0x08000476   0x08000476   0x00000020   Code   RO        10635    .text               mc_w.l(llushr.o)
    0x08000496   0x08000496   0x00000000   Code   RO        10644    .text               mc_w.l(iusefp.o)
    0x08000496   0x08000496   0x000000ba   Code   RO        10645    .text               mf_w.l(depilogue.o)
    0x08000550   0x08000550   0x0000014e   Code   RO        10647    .text               mf_w.l(dadd.o)
    0x0800069e   0x0800069e   0x000000de   Code   RO        10649    .text               mf_w.l(ddiv.o)
    0x0800077c   0x0800077c   0x0000002e   Code   RO        10653    .text               mf_w.l(dscalb.o)
    0x080007aa   0x080007aa   0x00000002   PAD
    0x080007ac   0x080007ac   0x00000088   Code   RO        10655    .text               mf_w.l(drnd.o)
    0x08000834   0x08000834   0x00000030   Code   RO        10659    .text               mf_w.l(cdcmple.o)
    0x08000864   0x08000864   0x00000030   Code   RO        10661    .text               mf_w.l(cdrcmple.o)
    0x08000894   0x08000894   0x00000024   Code   RO        10663    .text               mc_w.l(init.o)
    0x080008b8   0x080008b8   0x00000000   Code   RO        10665    .text               mc_w.l(semi.o)
    0x080008b8   0x080008b8   0x00000024   Code   RO        10666    .text               mc_w.l(llsshr.o)
    0x080008dc   0x080008dc   0x00000000   Code   RO        10668    .text               mc_w.l(iusesemip.o)
    0x080008dc   0x080008dc   0x000000a2   Code   RO        10669    .text               mf_w.l(dsqrt.o)
    0x0800097e   0x0800097e   0x00000056   Code   RO        10679    .text               mc_w.l(__dczerorl2.o)
    0x080009d4   0x080009d4   0x000000c8   Code   RO          383    i.Accelero_Sensor_Handler  main.o
    0x08000a9c   0x08000a9c   0x0000001a   Code   RO         6235    i.BSP_ACCELERO_Get_Axes  x_nucleo_iks01a2_accelero.o
    0x08000ab6   0x08000ab6   0x0000002e   Code   RO         6252    i.BSP_ACCELERO_Init  x_nucleo_iks01a2_accelero.o
    0x08000ae4   0x08000ae4   0x00000010   Code   RO         6255    i.BSP_ACCELERO_IsInitialized  x_nucleo_iks01a2_accelero.o
    0x08000af4   0x08000af4   0x00000018   Code   RO         6259    i.BSP_ACCELERO_Sensor_Enable  x_nucleo_iks01a2_accelero.o
    0x08000b0c   0x08000b0c   0x0000001a   Code   RO         6705    i.BSP_GYRO_Get_Axes  x_nucleo_iks01a2_gyro.o
    0x08000b26   0x08000b26   0x00000010   Code   RO         6710    i.BSP_GYRO_Get_Instance  x_nucleo_iks01a2_gyro.o
    0x08000b36   0x08000b36   0x00000014   Code   RO         6714    i.BSP_GYRO_Init     x_nucleo_iks01a2_gyro.o
    0x08000b4a   0x08000b4a   0x00000010   Code   RO         6717    i.BSP_GYRO_IsInitialized  x_nucleo_iks01a2_gyro.o
    0x08000b5a   0x08000b5a   0x00000018   Code   RO         6720    i.BSP_GYRO_Sensor_Enable  x_nucleo_iks01a2_gyro.o
    0x08000b72   0x08000b72   0x00000002   PAD
    0x08000b74   0x08000b74   0x00000074   Code   RO         6950    i.BSP_HTS221_HUMIDITY_Init  x_nucleo_iks01a2_humidity.o
    0x08000be8   0x08000be8   0x00000078   Code   RO         7430    i.BSP_HTS221_TEMPERATURE_Init  x_nucleo_iks01a2_temperature.o
    0x08000c60   0x08000c60   0x0000001a   Code   RO         6954    i.BSP_HUMIDITY_Get_Hum  x_nucleo_iks01a2_humidity.o
    0x08000c7a   0x08000c7a   0x00000014   Code   RO         6958    i.BSP_HUMIDITY_Init  x_nucleo_iks01a2_humidity.o
    0x08000c8e   0x08000c8e   0x00000010   Code   RO         6961    i.BSP_HUMIDITY_IsInitialized  x_nucleo_iks01a2_humidity.o
    0x08000c9e   0x08000c9e   0x00000018   Code   RO         6964    i.BSP_HUMIDITY_Sensor_Enable  x_nucleo_iks01a2_humidity.o
    0x08000cb6   0x08000cb6   0x00000002   PAD
    0x08000cb8   0x08000cb8   0x00000058   Code   RO         5939    i.BSP_LED_Init      stm32f4xx_nucleo.o
    0x08000d10   0x08000d10   0x0000001c   Code   RO         5940    i.BSP_LED_Off       stm32f4xx_nucleo.o
    0x08000d2c   0x08000d2c   0x00000018   Code   RO         5942    i.BSP_LED_Toggle    stm32f4xx_nucleo.o
    0x08000d44   0x08000d44   0x0000007c   Code   RO         7236    i.BSP_LPS22HB_PRESSURE_Init  x_nucleo_iks01a2_pressure.o
    0x08000dc0   0x08000dc0   0x00000084   Code   RO         7431    i.BSP_LPS22HB_TEMPERATURE_Init  x_nucleo_iks01a2_temperature.o
    0x08000e44   0x08000e44   0x0000007c   Code   RO         6275    i.BSP_LSM303AGR_ACCELERO_Init  x_nucleo_iks01a2_accelero.o
    0x08000ec0   0x08000ec0   0x00000074   Code   RO         7078    i.BSP_LSM303AGR_MAGNETO_Init  x_nucleo_iks01a2_magneto.o
    0x08000f34   0x08000f34   0x00000080   Code   RO         6276    i.BSP_LSM6DSL_ACCELERO_Init  x_nucleo_iks01a2_accelero.o
    0x08000fb4   0x08000fb4   0x00000080   Code   RO         6729    i.BSP_LSM6DSL_GYRO_Init  x_nucleo_iks01a2_gyro.o
    0x08001034   0x08001034   0x0000001a   Code   RO         7081    i.BSP_MAGNETO_Get_Axes  x_nucleo_iks01a2_magneto.o
    0x0800104e   0x0800104e   0x00000010   Code   RO         7085    i.BSP_MAGNETO_Get_Instance  x_nucleo_iks01a2_magneto.o
    0x0800105e   0x0800105e   0x00000014   Code   RO         7089    i.BSP_MAGNETO_Init  x_nucleo_iks01a2_magneto.o
    0x08001072   0x08001072   0x00000010   Code   RO         7092    i.BSP_MAGNETO_IsInitialized  x_nucleo_iks01a2_magneto.o
    0x08001082   0x08001082   0x00000018   Code   RO         7095    i.BSP_MAGNETO_Sensor_Enable  x_nucleo_iks01a2_magneto.o
    0x0800109a   0x0800109a   0x00000002   PAD
    0x0800109c   0x0800109c   0x0000007c   Code   RO         5945    i.BSP_PB_Init       stm32f4xx_nucleo.o
    0x08001118   0x08001118   0x00000010   Code   RO         7251    i.BSP_PRESSURE_Get_Instance  x_nucleo_iks01a2_pressure.o
    0x08001128   0x08001128   0x0000001a   Code   RO         7253    i.BSP_PRESSURE_Get_Press  x_nucleo_iks01a2_pressure.o
    0x08001142   0x08001142   0x00000014   Code   RO         7255    i.BSP_PRESSURE_Init  x_nucleo_iks01a2_pressure.o
    0x08001156   0x08001156   0x00000010   Code   RO         7258    i.BSP_PRESSURE_IsInitialized  x_nucleo_iks01a2_pressure.o
    0x08001166   0x08001166   0x00000018   Code   RO         7261    i.BSP_PRESSURE_Sensor_Enable  x_nucleo_iks01a2_pressure.o
    0x0800117e   0x0800117e   0x0000001a   Code   RO         7448    i.BSP_TEMPERATURE_Get_Temp  x_nucleo_iks01a2_temperature.o
    0x08001198   0x08001198   0x0000002e   Code   RO         7450    i.BSP_TEMPERATURE_Init  x_nucleo_iks01a2_temperature.o
    0x080011c6   0x080011c6   0x00000010   Code   RO         7453    i.BSP_TEMPERATURE_IsInitialized  x_nucleo_iks01a2_temperature.o
    0x080011d6   0x080011d6   0x00000018   Code   RO         7456    i.BSP_TEMPERATURE_Sensor_Enable  x_nucleo_iks01a2_temperature.o
    0x080011ee   0x080011ee   0x00000010   Code   RO          280    i.BUILD_REPLY_HEADER  demoserial.o
    0x080011fe   0x080011fe   0x00000028   Code   RO          570    i.ByteStuffCopy     serial_protocol.o
    0x08001226   0x08001226   0x00000020   Code   RO          571    i.ByteStuffCopyByte  serial_protocol.o
    0x08001246   0x08001246   0x00000026   Code   RO          572    i.CHK_CheckAndRemove  serial_protocol.o
    0x0800126c   0x0800126c   0x00000024   Code   RO          573    i.CHK_ComputeAndAdd  serial_protocol.o
    0x08001290   0x08001290   0x00000034   Code   RO          341    i.Config_DMA_Handler  cube_hal_f4.o
    0x080012c4   0x080012c4   0x00000028   Code   RO         8248    i.DMA_CalcBaseAndBitshift  stm32f4xx_hal_dma.o
    0x080012ec   0x080012ec   0x00000054   Code   RO         8249    i.DMA_CheckFifoParam  stm32f4xx_hal_dma.o
    0x08001340   0x08001340   0x00000028   Code   RO         8250    i.DMA_SetConfig     stm32f4xx_hal_dma.o
    0x08001368   0x08001368   0x00000002   Code   RO          522    i.DebugMon_Handler  stm32f4xx_it.o
    0x0800136a   0x0800136a   0x00000016   Code   RO          574    i.Deserialize       serial_protocol.o
    0x08001380   0x08001380   0x00000008   Code   RO          523    i.EXTI15_10_IRQHandler  stm32f4xx_it.o
    0x08001388   0x08001388   0x00000002   Code   RO          384    i.Error_Handler     main.o
    0x0800138a   0x0800138a   0x00000006   Code   RO          342    i.Get_DMA_Counter   cube_hal_f4.o
    0x08001390   0x08001390   0x000000c4   Code   RO          343    i.Get_DMA_Flag_Status  cube_hal_f4.o
    0x08001454   0x08001454   0x000000c8   Code   RO          385    i.Gyro_Sensor_Handler  main.o
    0x0800151c   0x0800151c   0x000000d4   Code   RO         8257    i.HAL_DMA_Init      stm32f4xx_hal_dma.o
    0x080015f0   0x080015f0   0x00000078   Code   RO         8261    i.HAL_DMA_Start_IT  stm32f4xx_hal_dma.o
    0x08001668   0x08001668   0x00000024   Code   RO         7674    i.HAL_Delay         stm32f4xx_hal.o
    0x0800168c   0x0800168c   0x0000004c   Code   RO          386    i.HAL_GPIO_EXTI_Callback  main.o
    0x080016d8   0x080016d8   0x00000018   Code   RO         8599    i.HAL_GPIO_EXTI_IRQHandler  stm32f4xx_hal_gpio.o
    0x080016f0   0x080016f0   0x00000188   Code   RO         8600    i.HAL_GPIO_Init     stm32f4xx_hal_gpio.o
    0x08001878   0x08001878   0x00000008   Code   RO         8603    i.HAL_GPIO_TogglePin  stm32f4xx_hal_gpio.o
    0x08001880   0x08001880   0x0000000a   Code   RO         8604    i.HAL_GPIO_WritePin  stm32f4xx_hal_gpio.o
    0x0800188a   0x0800188a   0x00000002   PAD
    0x0800188c   0x0800188c   0x0000000c   Code   RO         7680    i.HAL_GetTick       stm32f4xx_hal.o
    0x08001898   0x08001898   0x00000032   Code   RO         8665    i.HAL_I2C_DeInit    stm32f4xx_hal_i2c.o
    0x080018ca   0x080018ca   0x00000006   Code   RO         8673    i.HAL_I2C_GetState  stm32f4xx_hal_i2c.o
    0x080018d0   0x080018d0   0x00000108   Code   RO         8674    i.HAL_I2C_Init      stm32f4xx_hal_i2c.o
    0x080019d8   0x080019d8   0x000001fc   Code   RO         8690    i.HAL_I2C_Mem_Read  stm32f4xx_hal_i2c.o
    0x08001bd4   0x08001bd4   0x0000013c   Code   RO         8693    i.HAL_I2C_Mem_Write  stm32f4xx_hal_i2c.o
    0x08001d10   0x08001d10   0x00000002   Code   RO         8696    i.HAL_I2C_MspDeInit  stm32f4xx_hal_i2c.o
    0x08001d12   0x08001d12   0x00000002   Code   RO         8697    i.HAL_I2C_MspInit   stm32f4xx_hal_i2c.o
    0x08001d14   0x08001d14   0x00000010   Code   RO         7684    i.HAL_IncTick       stm32f4xx_hal.o
    0x08001d24   0x08001d24   0x00000034   Code   RO         7685    i.HAL_Init          stm32f4xx_hal.o
    0x08001d58   0x08001d58   0x00000040   Code   RO         7686    i.HAL_InitTick      stm32f4xx_hal.o
    0x08001d98   0x08001d98   0x00000002   Code   RO         7688    i.HAL_MspInit       stm32f4xx_hal.o
    0x08001d9a   0x08001d9a   0x00000016   Code   RO         8118    i.HAL_NVIC_EnableIRQ  stm32f4xx_hal_cortex.o
    0x08001db0   0x08001db0   0x00000040   Code   RO         8124    i.HAL_NVIC_SetPriority  stm32f4xx_hal_cortex.o
    0x08001df0   0x08001df0   0x00000024   Code   RO         8125    i.HAL_NVIC_SetPriorityGrouping  stm32f4xx_hal_cortex.o
    0x08001e14   0x08001e14   0x00000150   Code   RO         9197    i.HAL_RCCEx_PeriphCLKConfig  stm32f4xx_hal_rcc_ex.o
    0x08001f64   0x08001f64   0x00000130   Code   RO         9092    i.HAL_RCC_ClockConfig  stm32f4xx_hal_rcc.o
    0x08002094   0x08002094   0x00000020   Code   RO         9099    i.HAL_RCC_GetPCLK1Freq  stm32f4xx_hal_rcc.o
    0x080020b4   0x080020b4   0x00000020   Code   RO         9100    i.HAL_RCC_GetPCLK2Freq  stm32f4xx_hal_rcc.o
    0x080020d4   0x080020d4   0x00000060   Code   RO         9101    i.HAL_RCC_GetSysClockFreq  stm32f4xx_hal_rcc.o
    0x08002134   0x08002134   0x0000031c   Code   RO         9104    i.HAL_RCC_OscConfig  stm32f4xx_hal_rcc.o
    0x08002450   0x08002450   0x00000044   Code   RO         9252    i.HAL_RTC_GetDate   stm32f4xx_hal_rtc.o
    0x08002494   0x08002494   0x00000058   Code   RO         9254    i.HAL_RTC_GetTime   stm32f4xx_hal_rtc.o
    0x080024ec   0x080024ec   0x000000ac   Code   RO         9255    i.HAL_RTC_Init      stm32f4xx_hal_rtc.o
    0x08002598   0x08002598   0x00000074   Code   RO          490    i.HAL_RTC_MspInit   stm32f4xx_hal_msp.o
    0x0800260c   0x0800260c   0x000000c8   Code   RO         9261    i.HAL_RTC_SetDate   stm32f4xx_hal_rtc.o
    0x080026d4   0x080026d4   0x000000f0   Code   RO         9262    i.HAL_RTC_SetTime   stm32f4xx_hal_rtc.o
    0x080027c4   0x080027c4   0x00000036   Code   RO         9263    i.HAL_RTC_WaitForSynchro  stm32f4xx_hal_rtc.o
    0x080027fa   0x080027fa   0x00000028   Code   RO         8129    i.HAL_SYSTICK_Config  stm32f4xx_hal_cortex.o
    0x08002822   0x08002822   0x00000002   Code   RO         9970    i.HAL_UART_ErrorCallback  stm32f4xx_hal_uart.o
    0x08002824   0x08002824   0x00000062   Code   RO         9974    i.HAL_UART_Init     stm32f4xx_hal_uart.o
    0x08002886   0x08002886   0x00000002   Code   RO         9976    i.HAL_UART_MspInit  stm32f4xx_hal_uart.o
    0x08002888   0x08002888   0x00000098   Code   RO         9978    i.HAL_UART_Receive_DMA  stm32f4xx_hal_uart.o
    0x08002920   0x08002920   0x00000002   Code   RO         9980    i.HAL_UART_RxCpltCallback  stm32f4xx_hal_uart.o
    0x08002922   0x08002922   0x00000002   Code   RO         9981    i.HAL_UART_RxHalfCpltCallback  stm32f4xx_hal_uart.o
    0x08002924   0x08002924   0x000000ba   Code   RO         9982    i.HAL_UART_Transmit  stm32f4xx_hal_uart.o
    0x080029de   0x080029de   0x00000030   Code   RO          642    i.HTS221_Activate   hts221_driver.o
    0x08002a0e   0x08002a0e   0x00000028   Code   RO          875    i.HTS221_Check_WhoAmI  hts221_driver_hl.o
    0x08002a36   0x08002a36   0x00000030   Code   RO          643    i.HTS221_DeActivate  hts221_driver.o
    0x08002a66   0x08002a66   0x0000002e   Code   RO          647    i.HTS221_Get_DataStatus  hts221_driver.o
    0x08002a94   0x08002a94   0x00000014   Code   RO          648    i.HTS221_Get_DeviceID  hts221_driver.o
    0x08002aa8   0x08002aa8   0x000000cc   Code   RO          651    i.HTS221_Get_Humidity  hts221_driver.o
    0x08002b74   0x08002b74   0x00000050   Code   RO          876    i.HTS221_Get_ODR    hts221_driver_hl.o
    0x08002bc4   0x08002bc4   0x00000026   Code   RO          658    i.HTS221_Get_Odr    hts221_driver.o
    0x08002bea   0x08002bea   0x000000ba   Code   RO          661    i.HTS221_Get_Temperature  hts221_driver.o
    0x08002ca4   0x08002ca4   0x0000000e   Code   RO          877    i.HTS221_Get_WhoAmI  hts221_driver_hl.o
    0x08002cb2   0x08002cb2   0x00000004   Code   RO          878    i.HTS221_H_Check_WhoAmI  hts221_driver_hl.o
    0x08002cb6   0x08002cb6   0x00000026   Code   RO          879    i.HTS221_H_DeInit   hts221_driver_hl.o
    0x08002cdc   0x08002cdc   0x00000024   Code   RO          880    i.HTS221_H_Get_DRDY_Status  hts221_driver_hl.o
    0x08002d00   0x08002d00   0x00000030   Code   RO          881    i.HTS221_H_Get_Hum  hts221_driver_hl.o
    0x08002d30   0x08002d30   0x00000004   Code   RO          882    i.HTS221_H_Get_ODR  hts221_driver_hl.o
    0x08002d34   0x08002d34   0x00000004   Code   RO          883    i.HTS221_H_Get_WhoAmI  hts221_driver_hl.o
    0x08002d38   0x08002d38   0x00000028   Code   RO          884    i.HTS221_H_Init     hts221_driver_hl.o
    0x08002d60   0x08002d60   0x0000000e   Code   RO          885    i.HTS221_H_Read_Reg  hts221_driver_hl.o
    0x08002d6e   0x08002d6e   0x0000002c   Code   RO          886    i.HTS221_H_Sensor_Disable  hts221_driver_hl.o
    0x08002d9a   0x08002d9a   0x00000032   Code   RO          887    i.HTS221_H_Sensor_Enable  hts221_driver_hl.o
    0x08002dcc   0x08002dcc   0x00000004   Code   RO          888    i.HTS221_H_Set_ODR  hts221_driver_hl.o
    0x08002dd0   0x08002dd0   0x00000004   Code   RO          889    i.HTS221_H_Set_ODR_Value  hts221_driver_hl.o
    0x08002dd4   0x08002dd4   0x0000000e   Code   RO          890    i.HTS221_H_Write_Reg  hts221_driver_hl.o
    0x08002de2   0x08002de2   0x00000032   Code   RO          891    i.HTS221_Init       hts221_driver_hl.o
    0x08002e14   0x08002e14   0x00000014   Code   RO          665    i.HTS221_ReadReg    hts221_driver.o
    0x08002e28   0x08002e28   0x00000012   Code   RO          892    i.HTS221_Read_Reg   hts221_driver_hl.o
    0x08002e3a   0x08002e3a   0x0000000e   Code   RO          893    i.HTS221_Sensor_Disable  hts221_driver_hl.o
    0x08002e48   0x08002e48   0x0000000e   Code   RO          894    i.HTS221_Sensor_Enable  hts221_driver_hl.o
    0x08002e56   0x08002e56   0x00000002   PAD
    0x08002e58   0x08002e58   0x0000004c   Code   RO          669    i.HTS221_Set_BduMode  hts221_driver.o
    0x08002ea4   0x08002ea4   0x00000026   Code   RO          895    i.HTS221_Set_ODR    hts221_driver_hl.o
    0x08002eca   0x08002eca   0x00000002   PAD
    0x08002ecc   0x08002ecc   0x00000030   Code   RO          896    i.HTS221_Set_ODR_Value  hts221_driver_hl.o
    0x08002efc   0x08002efc   0x00000050   Code   RO          675    i.HTS221_Set_Odr    hts221_driver.o
    0x08002f4c   0x08002f4c   0x00000004   Code   RO          897    i.HTS221_T_Check_WhoAmI  hts221_driver_hl.o
    0x08002f50   0x08002f50   0x00000026   Code   RO          898    i.HTS221_T_DeInit   hts221_driver_hl.o
    0x08002f76   0x08002f76   0x00000024   Code   RO          899    i.HTS221_T_Get_DRDY_Status  hts221_driver_hl.o
    0x08002f9a   0x08002f9a   0x00000004   Code   RO          900    i.HTS221_T_Get_ODR  hts221_driver_hl.o
    0x08002f9e   0x08002f9e   0x00000030   Code   RO          901    i.HTS221_T_Get_Temp  hts221_driver_hl.o
    0x08002fce   0x08002fce   0x00000004   Code   RO          902    i.HTS221_T_Get_WhoAmI  hts221_driver_hl.o
    0x08002fd2   0x08002fd2   0x00000028   Code   RO          903    i.HTS221_T_Init     hts221_driver_hl.o
    0x08002ffa   0x08002ffa   0x0000000e   Code   RO          904    i.HTS221_T_Read_Reg  hts221_driver_hl.o
    0x08003008   0x08003008   0x0000002c   Code   RO          905    i.HTS221_T_Sensor_Disable  hts221_driver_hl.o
    0x08003034   0x08003034   0x00000032   Code   RO          906    i.HTS221_T_Sensor_Enable  hts221_driver_hl.o
    0x08003066   0x08003066   0x00000004   Code   RO          907    i.HTS221_T_Set_ODR  hts221_driver_hl.o
    0x0800306a   0x0800306a   0x00000004   Code   RO          908    i.HTS221_T_Set_ODR_Value  hts221_driver_hl.o
    0x0800306e   0x0800306e   0x0000000e   Code   RO          909    i.HTS221_T_Write_Reg  hts221_driver_hl.o
    0x0800307c   0x0800307c   0x00000014   Code   RO          678    i.HTS221_WriteReg   hts221_driver.o
    0x08003090   0x08003090   0x00000012   Code   RO          910    i.HTS221_Write_Reg  hts221_driver_hl.o
    0x080030a2   0x080030a2   0x00000002   PAD
    0x080030a4   0x080030a4   0x0000003c   Code   RO          679    i.HTS221_assert_failed  hts221_driver.o
    0x080030e0   0x080030e0   0x00000190   Code   RO          281    i.HandleMSG         demoserial.o
    0x08003270   0x08003270   0x00000002   Code   RO          524    i.HardFault_Handler  stm32f4xx_it.o
    0x08003272   0x08003272   0x00000002   PAD
    0x08003274   0x08003274   0x0000009c   Code   RO          387    i.Humidity_Sensor_Handler  main.o
    0x08003310   0x08003310   0x00000014   Code   RO         6112    i.I2C_EXPBD_DeInit  x_nucleo_iks01a2.o
    0x08003324   0x08003324   0x00000014   Code   RO         6113    i.I2C_EXPBD_Error   x_nucleo_iks01a2.o
    0x08003338   0x08003338   0x0000004c   Code   RO         6114    i.I2C_EXPBD_Init    x_nucleo_iks01a2.o
    0x08003384   0x08003384   0x00000088   Code   RO         6115    i.I2C_EXPBD_MspInit  x_nucleo_iks01a2.o
    0x0800340c   0x0800340c   0x00000030   Code   RO         6116    i.I2C_EXPBD_ReadData  x_nucleo_iks01a2.o
    0x0800343c   0x0800343c   0x00000030   Code   RO         6117    i.I2C_EXPBD_WriteData  x_nucleo_iks01a2.o
    0x0800346c   0x0800346c   0x00000028   Code   RO         8712    i.I2C_IsAcknowledgeFailed  stm32f4xx_hal_i2c.o
    0x08003494   0x08003494   0x000000f0   Code   RO         8721    i.I2C_RequestMemoryRead  stm32f4xx_hal_i2c.o
    0x08003584   0x08003584   0x000000a0   Code   RO         8722    i.I2C_RequestMemoryWrite  stm32f4xx_hal_i2c.o
    0x08003624   0x08003624   0x0000004e   Code   RO         8725    i.I2C_WaitOnBTFFlagUntilTimeout  stm32f4xx_hal_i2c.o
    0x08003672   0x08003672   0x00000060   Code   RO         8726    i.I2C_WaitOnFlagUntilTimeout  stm32f4xx_hal_i2c.o
    0x080036d2   0x080036d2   0x00000002   PAD
    0x080036d4   0x080036d4   0x00000088   Code   RO         8727    i.I2C_WaitOnMasterAddressFlagUntilTimeout  stm32f4xx_hal_i2c.o
    0x0800375c   0x0800375c   0x00000062   Code   RO         8728    i.I2C_WaitOnRXNEFlagUntilTimeout  stm32f4xx_hal_i2c.o
    0x080037be   0x080037be   0x0000004e   Code   RO         8729    i.I2C_WaitOnTXEFlagUntilTimeout  stm32f4xx_hal_i2c.o
    0x0800380c   0x0800380c   0x00000018   Code   RO          282    i.INIT_STREAMING_HEADER  demoserial.o
    0x08003824   0x08003824   0x00000028   Code   RO         1455    i.LPS22HB_Check_WhoAmI  lps22hb_driver_hl.o
    0x0800384c   0x0800384c   0x0000001e   Code   RO         1456    i.LPS22HB_FIFO_Get_Data  lps22hb_driver_hl.o
    0x0800386a   0x0800386a   0x00000018   Code   RO         1457    i.LPS22HB_FIFO_Get_Empty_Status  lps22hb_driver_hl.o
    0x08003882   0x08003882   0x00000018   Code   RO         1458    i.LPS22HB_FIFO_Get_Fth_Status  lps22hb_driver_hl.o
    0x0800389a   0x0800389a   0x00000018   Code   RO         1459    i.LPS22HB_FIFO_Get_Full_Status  lps22hb_driver_hl.o
    0x080038b2   0x080038b2   0x00000018   Code   RO         1460    i.LPS22HB_FIFO_Get_Mode  lps22hb_driver_hl.o
    0x080038ca   0x080038ca   0x00000018   Code   RO         1461    i.LPS22HB_FIFO_Get_Num_Of_Samples  lps22hb_driver_hl.o
    0x080038e2   0x080038e2   0x00000018   Code   RO         1462    i.LPS22HB_FIFO_Get_Ovr_Status  lps22hb_driver_hl.o
    0x080038fa   0x080038fa   0x0000000e   Code   RO         1463    i.LPS22HB_FIFO_Get_Watermark_Level  lps22hb_driver_hl.o
    0x08003908   0x08003908   0x0000002e   Code   RO         1464    i.LPS22HB_FIFO_Reset_Interrupt  lps22hb_driver_hl.o
    0x08003936   0x08003936   0x0000002e   Code   RO         1465    i.LPS22HB_FIFO_Set_Interrupt  lps22hb_driver_hl.o
    0x08003964   0x08003964   0x0000002c   Code   RO         1466    i.LPS22HB_FIFO_Set_Mode  lps22hb_driver_hl.o
    0x08003990   0x08003990   0x0000000e   Code   RO         1467    i.LPS22HB_FIFO_Set_Watermark_Level  lps22hb_driver_hl.o
    0x0800399e   0x0800399e   0x00000018   Code   RO         1468    i.LPS22HB_FIFO_Stop_On_Fth  lps22hb_driver_hl.o
    0x080039b6   0x080039b6   0x00000018   Code   RO         1469    i.LPS22HB_FIFO_Usage  lps22hb_driver_hl.o
    0x080039ce   0x080039ce   0x00000018   Code   RO         1470    i.LPS22HB_FIFO_Watermark_Usage  lps22hb_driver_hl.o
    0x080039e6   0x080039e6   0x00000038   Code   RO         1074    i.LPS22HB_Get_DataStatus  lps22hb_driver.o
    0x08003a1e   0x08003a1e   0x00000014   Code   RO         1075    i.LPS22HB_Get_DeviceID  lps22hb_driver.o
    0x08003a32   0x08003a32   0x00000026   Code   RO         1078    i.LPS22HB_Get_FifoMode  lps22hb_driver.o
    0x08003a58   0x08003a58   0x00000046   Code   RO         1079    i.LPS22HB_Get_FifoStatus  lps22hb_driver.o
    0x08003a9e   0x08003a9e   0x00000020   Code   RO         1080    i.LPS22HB_Get_FifoWatermarkLevel  lps22hb_driver.o
    0x08003abe   0x08003abe   0x00000002   PAD
    0x08003ac0   0x08003ac0   0x00000070   Code   RO         1471    i.LPS22HB_Get_ODR   lps22hb_driver_hl.o
    0x08003b30   0x08003b30   0x00000022   Code   RO         1086    i.LPS22HB_Get_Odr   lps22hb_driver.o
    0x08003b52   0x08003b52   0x00000002   PAD
    0x08003b54   0x08003b54   0x00000030   Code   RO         1472    i.LPS22HB_Get_Press  lps22hb_driver_hl.o
    0x08003b84   0x08003b84   0x00000024   Code   RO         1088    i.LPS22HB_Get_Pressure  lps22hb_driver.o
    0x08003ba8   0x08003ba8   0x0000003a   Code   RO         1091    i.LPS22HB_Get_RawPressure  lps22hb_driver.o
    0x08003be2   0x08003be2   0x00000026   Code   RO         1092    i.LPS22HB_Get_RawTemperature  lps22hb_driver.o
    0x08003c08   0x08003c08   0x00000030   Code   RO         1473    i.LPS22HB_Get_Temp  lps22hb_driver_hl.o
    0x08003c38   0x08003c38   0x00000026   Code   RO         1095    i.LPS22HB_Get_Temperature  lps22hb_driver.o
    0x08003c5e   0x08003c5e   0x0000000e   Code   RO         1474    i.LPS22HB_Get_WhoAmI  lps22hb_driver_hl.o
    0x08003c6c   0x08003c6c   0x00000070   Code   RO         1475    i.LPS22HB_Initialize  lps22hb_driver_hl.o
    0x08003cdc   0x08003cdc   0x00000004   Code   RO         1476    i.LPS22HB_P_Check_WhoAmI  lps22hb_driver_hl.o
    0x08003ce0   0x08003ce0   0x00000020   Code   RO         1477    i.LPS22HB_P_DeInit  lps22hb_driver_hl.o
    0x08003d00   0x08003d00   0x00000018   Code   RO         1478    i.LPS22HB_P_Get_DRDY_Status  lps22hb_driver_hl.o
    0x08003d18   0x08003d18   0x00000004   Code   RO         1479    i.LPS22HB_P_Get_ODR  lps22hb_driver_hl.o
    0x08003d1c   0x08003d1c   0x00000004   Code   RO         1480    i.LPS22HB_P_Get_Press  lps22hb_driver_hl.o
    0x08003d20   0x08003d20   0x00000004   Code   RO         1481    i.LPS22HB_P_Get_WhoAmI  lps22hb_driver_hl.o
    0x08003d24   0x08003d24   0x00000024   Code   RO         1482    i.LPS22HB_P_Init    lps22hb_driver_hl.o
    0x08003d48   0x08003d48   0x0000000e   Code   RO         1483    i.LPS22HB_P_Read_Reg  lps22hb_driver_hl.o
    0x08003d56   0x08003d56   0x00000028   Code   RO         1484    i.LPS22HB_P_Sensor_Disable  lps22hb_driver_hl.o
    0x08003d7e   0x08003d7e   0x0000002a   Code   RO         1485    i.LPS22HB_P_Sensor_Enable  lps22hb_driver_hl.o
    0x08003da8   0x08003da8   0x00000020   Code   RO         1486    i.LPS22HB_P_Set_ODR  lps22hb_driver_hl.o
    0x08003dc8   0x08003dc8   0x00000020   Code   RO         1487    i.LPS22HB_P_Set_ODR_Value  lps22hb_driver_hl.o
    0x08003de8   0x08003de8   0x0000000e   Code   RO         1488    i.LPS22HB_P_Write_Reg  lps22hb_driver_hl.o
    0x08003df6   0x08003df6   0x00000014   Code   RO         1100    i.LPS22HB_ReadReg   lps22hb_driver.o
    0x08003e0a   0x08003e0a   0x00000012   Code   RO         1489    i.LPS22HB_Read_Reg  lps22hb_driver_hl.o
    0x08003e1c   0x08003e1c   0x00000054   Code   RO         6118    i.LPS22HB_Sensor_IO_ITConfig  x_nucleo_iks01a2.o
    0x08003e70   0x08003e70   0x00000036   Code   RO         1105    i.LPS22HB_Set_AutomaticIncrementRegAddress  lps22hb_driver.o
    0x08003ea6   0x08003ea6   0x00000038   Code   RO         1106    i.LPS22HB_Set_Bdu   lps22hb_driver.o
    0x08003ede   0x08003ede   0x00000036   Code   RO         1109    i.LPS22HB_Set_FIFO_FTH_Interrupt  lps22hb_driver.o
    0x08003f14   0x08003f14   0x00000036   Code   RO         1110    i.LPS22HB_Set_FIFO_FULL_Interrupt  lps22hb_driver.o
    0x08003f4a   0x08003f4a   0x00000036   Code   RO         1111    i.LPS22HB_Set_FIFO_OVR_Interrupt  lps22hb_driver.o
    0x08003f80   0x08003f80   0x00000034   Code   RO         1113    i.LPS22HB_Set_FifoMode  lps22hb_driver.o
    0x08003fb4   0x08003fb4   0x00000036   Code   RO         1114    i.LPS22HB_Set_FifoModeUse  lps22hb_driver.o
    0x08003fea   0x08003fea   0x00000034   Code   RO         1115    i.LPS22HB_Set_FifoWatermarkLevel  lps22hb_driver.o
    0x0800401e   0x0800401e   0x00000036   Code   RO         1116    i.LPS22HB_Set_FifoWatermarkLevelUse  lps22hb_driver.o
    0x08004054   0x08004054   0x00000036   Code   RO         1124    i.LPS22HB_Set_LowPassFilter  lps22hb_driver.o
    0x0800408a   0x0800408a   0x00000034   Code   RO         1125    i.LPS22HB_Set_LowPassFilterCutoff  lps22hb_driver.o
    0x080040be   0x080040be   0x00000002   PAD
    0x080040c0   0x080040c0   0x00000060   Code   RO         1490    i.LPS22HB_Set_ODR_Value_When_Disabled  lps22hb_driver_hl.o
    0x08004120   0x08004120   0x00000068   Code   RO         1491    i.LPS22HB_Set_ODR_Value_When_Enabled  lps22hb_driver_hl.o
    0x08004188   0x08004188   0x00000040   Code   RO         1492    i.LPS22HB_Set_ODR_When_Disabled  lps22hb_driver_hl.o
    0x080041c8   0x080041c8   0x00000044   Code   RO         1493    i.LPS22HB_Set_ODR_When_Enabled  lps22hb_driver_hl.o
    0x0800420c   0x0800420c   0x00000034   Code   RO         1126    i.LPS22HB_Set_Odr   lps22hb_driver.o
    0x08004240   0x08004240   0x00000034   Code   RO         1129    i.LPS22HB_Set_PowerMode  lps22hb_driver.o
    0x08004274   0x08004274   0x00000004   Code   RO         1494    i.LPS22HB_T_Check_WhoAmI  lps22hb_driver_hl.o
    0x08004278   0x08004278   0x00000020   Code   RO         1495    i.LPS22HB_T_DeInit  lps22hb_driver_hl.o
    0x08004298   0x08004298   0x00000018   Code   RO         1496    i.LPS22HB_T_Get_DRDY_Status  lps22hb_driver_hl.o
    0x080042b0   0x080042b0   0x00000004   Code   RO         1497    i.LPS22HB_T_Get_ODR  lps22hb_driver_hl.o
    0x080042b4   0x080042b4   0x00000004   Code   RO         1498    i.LPS22HB_T_Get_Temp  lps22hb_driver_hl.o
    0x080042b8   0x080042b8   0x00000004   Code   RO         1499    i.LPS22HB_T_Get_WhoAmI  lps22hb_driver_hl.o
    0x080042bc   0x080042bc   0x00000024   Code   RO         1500    i.LPS22HB_T_Init    lps22hb_driver_hl.o
    0x080042e0   0x080042e0   0x0000000e   Code   RO         1501    i.LPS22HB_T_Read_Reg  lps22hb_driver_hl.o
    0x080042ee   0x080042ee   0x00000028   Code   RO         1502    i.LPS22HB_T_Sensor_Disable  lps22hb_driver_hl.o
    0x08004316   0x08004316   0x0000002a   Code   RO         1503    i.LPS22HB_T_Sensor_Enable  lps22hb_driver_hl.o
    0x08004340   0x08004340   0x00000020   Code   RO         1504    i.LPS22HB_T_Set_ODR  lps22hb_driver_hl.o
    0x08004360   0x08004360   0x00000020   Code   RO         1505    i.LPS22HB_T_Set_ODR_Value  lps22hb_driver_hl.o
    0x08004380   0x08004380   0x0000000e   Code   RO         1506    i.LPS22HB_T_Write_Reg  lps22hb_driver_hl.o
    0x0800438e   0x0800438e   0x00000014   Code   RO         1135    i.LPS22HB_WriteReg  lps22hb_driver.o
    0x080043a2   0x080043a2   0x00000012   Code   RO         1507    i.LPS22HB_Write_Reg  lps22hb_driver_hl.o
    0x080043b4   0x080043b4   0x00000118   Code   RO         4075    i.LSM303AGR_ACC_Get_Acceleration  lsm303agr_acc_driver.o
    0x080044cc   0x080044cc   0x00000014   Code   RO         4076    i.LSM303AGR_ACC_Get_Raw_Acceleration  lsm303agr_acc_driver.o
    0x080044e0   0x080044e0   0x0000001e   Code   RO         4112    i.LSM303AGR_ACC_R_FullScale  lsm303agr_acc_driver.o
    0x080044fe   0x080044fe   0x0000001e   Code   RO         4113    i.LSM303AGR_ACC_R_HiRes  lsm303agr_acc_driver.o
    0x0800451c   0x0800451c   0x0000001e   Code   RO         4151    i.LSM303AGR_ACC_R_LOWPWR_EN  lsm303agr_acc_driver.o
    0x0800453a   0x0800453a   0x0000001e   Code   RO         4155    i.LSM303AGR_ACC_R_ODR  lsm303agr_acc_driver.o
    0x08004558   0x08004558   0x0000001a   Code   RO         4164    i.LSM303AGR_ACC_R_WHO_AM_I  lsm303agr_acc_driver.o
    0x08004572   0x08004572   0x0000001e   Code   RO         4166    i.LSM303AGR_ACC_R_XDataAvail  lsm303agr_acc_driver.o
    0x08004590   0x08004590   0x0000001e   Code   RO         4169    i.LSM303AGR_ACC_R_XEN  lsm303agr_acc_driver.o
    0x080045ae   0x080045ae   0x0000001e   Code   RO         4176    i.LSM303AGR_ACC_R_YEN  lsm303agr_acc_driver.o
    0x080045cc   0x080045cc   0x0000001e   Code   RO         4181    i.LSM303AGR_ACC_R_ZEN  lsm303agr_acc_driver.o
    0x080045ea   0x080045ea   0x00000010   Code   RO         4193    i.LSM303AGR_ACC_ReadReg  lsm303agr_acc_driver.o
    0x080045fa   0x080045fa   0x00000036   Code   RO         4197    i.LSM303AGR_ACC_W_BlockDataUpdate  lsm303agr_acc_driver.o
    0x08004630   0x08004630   0x00000036   Code   RO         4213    i.LSM303AGR_ACC_W_FifoMode  lsm303agr_acc_driver.o
    0x08004666   0x08004666   0x00000036   Code   RO         4215    i.LSM303AGR_ACC_W_FullScale  lsm303agr_acc_driver.o
    0x0800469c   0x0800469c   0x00000036   Code   RO         4244    i.LSM303AGR_ACC_W_ODR  lsm303agr_acc_driver.o
    0x080046d2   0x080046d2   0x00000036   Code   RO         4253    i.LSM303AGR_ACC_W_XEN  lsm303agr_acc_driver.o
    0x08004708   0x08004708   0x00000036   Code   RO         4256    i.LSM303AGR_ACC_W_YEN  lsm303agr_acc_driver.o
    0x0800473e   0x0800473e   0x00000036   Code   RO         4259    i.LSM303AGR_ACC_W_ZEN  lsm303agr_acc_driver.o
    0x08004774   0x08004774   0x00000010   Code   RO         4266    i.LSM303AGR_ACC_WriteReg  lsm303agr_acc_driver.o
    0x08004784   0x08004784   0x00000014   Code   RO         5363    i.LSM303AGR_MAG_Get_Raw_Magnetic  lsm303agr_mag_driver.o
    0x08004798   0x08004798   0x0000001e   Code   RO         5381    i.LSM303AGR_MAG_R_ODR  lsm303agr_mag_driver.o
    0x080047b6   0x080047b6   0x0000001a   Code   RO         5395    i.LSM303AGR_MAG_R_WHO_AM_I  lsm303agr_mag_driver.o
    0x080047d0   0x080047d0   0x0000001e   Code   RO         5405    i.LSM303AGR_MAG_R_ZYXDA  lsm303agr_mag_driver.o
    0x080047ee   0x080047ee   0x00000010   Code   RO         5407    i.LSM303AGR_MAG_ReadReg  lsm303agr_mag_driver.o
    0x080047fe   0x080047fe   0x00000036   Code   RO         5410    i.LSM303AGR_MAG_W_BDU  lsm303agr_mag_driver.o
    0x08004834   0x08004834   0x00000036   Code   RO         5421    i.LSM303AGR_MAG_W_MD  lsm303agr_mag_driver.o
    0x0800486a   0x0800486a   0x00000036   Code   RO         5422    i.LSM303AGR_MAG_W_ODR  lsm303agr_mag_driver.o
    0x080048a0   0x080048a0   0x00000036   Code   RO         5432    i.LSM303AGR_MAG_W_ST  lsm303agr_mag_driver.o
    0x080048d6   0x080048d6   0x00000010   Code   RO         5436    i.LSM303AGR_MAG_WriteReg  lsm303agr_mag_driver.o
    0x080048e6   0x080048e6   0x00000028   Code   RO         5823    i.LSM303AGR_M_Check_WhoAmI  lsm303agr_mag_driver_hl.o
    0x0800490e   0x0800490e   0x00000026   Code   RO         5824    i.LSM303AGR_M_DeInit  lsm303agr_mag_driver_hl.o
    0x08004934   0x08004934   0x0000005e   Code   RO         5825    i.LSM303AGR_M_Get_Axes  lsm303agr_mag_driver_hl.o
    0x08004992   0x08004992   0x00000024   Code   RO         5826    i.LSM303AGR_M_Get_AxesRaw  lsm303agr_mag_driver_hl.o
    0x080049b6   0x080049b6   0x0000002c   Code   RO         5827    i.LSM303AGR_M_Get_Axes_Raw  lsm303agr_mag_driver_hl.o
    0x080049e2   0x080049e2   0x00000022   Code   RO         5828    i.LSM303AGR_M_Get_DRDY_Status  lsm303agr_mag_driver_hl.o
    0x08004a04   0x08004a04   0x00000010   Code   RO         5829    i.LSM303AGR_M_Get_FS  lsm303agr_mag_driver_hl.o
    0x08004a14   0x08004a14   0x00000050   Code   RO         5830    i.LSM303AGR_M_Get_ODR  lsm303agr_mag_driver_hl.o
    0x08004a64   0x08004a64   0x0000000c   Code   RO         5831    i.LSM303AGR_M_Get_Sensitivity  lsm303agr_mag_driver_hl.o
    0x08004a70   0x08004a70   0x00000010   Code   RO         5832    i.LSM303AGR_M_Get_WhoAmI  lsm303agr_mag_driver_hl.o
    0x08004a80   0x08004a80   0x0000004c   Code   RO         5833    i.LSM303AGR_M_Init  lsm303agr_mag_driver_hl.o
    0x08004acc   0x08004acc   0x00000012   Code   RO         5834    i.LSM303AGR_M_Read_Reg  lsm303agr_mag_driver_hl.o
    0x08004ade   0x08004ade   0x0000001e   Code   RO         5835    i.LSM303AGR_M_Sensor_Disable  lsm303agr_mag_driver_hl.o
    0x08004afc   0x08004afc   0x00000020   Code   RO         5836    i.LSM303AGR_M_Sensor_Enable  lsm303agr_mag_driver_hl.o
    0x08004b1c   0x08004b1c   0x00000004   Code   RO         5837    i.LSM303AGR_M_Set_FS  lsm303agr_mag_driver_hl.o
    0x08004b20   0x08004b20   0x00000004   Code   RO         5838    i.LSM303AGR_M_Set_FS_Value  lsm303agr_mag_driver_hl.o
    0x08004b24   0x08004b24   0x0000002c   Code   RO         5839    i.LSM303AGR_M_Set_ODR  lsm303agr_mag_driver_hl.o
    0x08004b50   0x08004b50   0x00000048   Code   RO         5840    i.LSM303AGR_M_Set_ODR_Value  lsm303agr_mag_driver_hl.o
    0x08004b98   0x08004b98   0x00000014   Code   RO         5841    i.LSM303AGR_M_Write_Reg  lsm303agr_mag_driver_hl.o
    0x08004bac   0x08004bac   0x00000028   Code   RO         5234    i.LSM303AGR_X_Check_WhoAmI  lsm303agr_acc_driver_hl.o
    0x08004bd4   0x08004bd4   0x00000034   Code   RO         5235    i.LSM303AGR_X_DeInit  lsm303agr_acc_driver_hl.o
    0x08004c08   0x08004c08   0x00000020   Code   RO         5236    i.LSM303AGR_X_Get_Axes  lsm303agr_acc_driver_hl.o
    0x08004c28   0x08004c28   0x00000024   Code   RO         5237    i.LSM303AGR_X_Get_AxesRaw  lsm303agr_acc_driver_hl.o
    0x08004c4c   0x08004c4c   0x0000006e   Code   RO         5238    i.LSM303AGR_X_Get_Axes_Raw  lsm303agr_acc_driver_hl.o
    0x08004cba   0x08004cba   0x00000056   Code   RO         5239    i.LSM303AGR_X_Get_Axes_Status  lsm303agr_acc_driver_hl.o
    0x08004d10   0x08004d10   0x00000020   Code   RO         5240    i.LSM303AGR_X_Get_DRDY_Status  lsm303agr_acc_driver_hl.o
    0x08004d30   0x08004d30   0x00000048   Code   RO         5241    i.LSM303AGR_X_Get_FS  lsm303agr_acc_driver_hl.o
    0x08004d78   0x08004d78   0x00000084   Code   RO         5242    i.LSM303AGR_X_Get_ODR  lsm303agr_acc_driver_hl.o
    0x08004dfc   0x08004dfc   0x0000012c   Code   RO         5243    i.LSM303AGR_X_Get_Sensitivity  lsm303agr_acc_driver_hl.o
    0x08004f28   0x08004f28   0x00000010   Code   RO         5244    i.LSM303AGR_X_Get_WhoAmI  lsm303agr_acc_driver_hl.o
    0x08004f38   0x08004f38   0x00000070   Code   RO         5245    i.LSM303AGR_X_Init  lsm303agr_acc_driver_hl.o
    0x08004fa8   0x08004fa8   0x00000012   Code   RO         5246    i.LSM303AGR_X_Read_Reg  lsm303agr_acc_driver_hl.o
    0x08004fba   0x08004fba   0x0000002e   Code   RO         5247    i.LSM303AGR_X_Sensor_Disable  lsm303agr_acc_driver_hl.o
    0x08004fe8   0x08004fe8   0x00000024   Code   RO         5248    i.LSM303AGR_X_Sensor_Enable  lsm303agr_acc_driver_hl.o
    0x0800500c   0x0800500c   0x0000004a   Code   RO         5249    i.LSM303AGR_X_Set_Axes_Status  lsm303agr_acc_driver_hl.o
    0x08005056   0x08005056   0x00000022   Code   RO         5250    i.LSM303AGR_X_Set_FS  lsm303agr_acc_driver_hl.o
    0x08005078   0x08005078   0x0000003c   Code   RO         5251    i.LSM303AGR_X_Set_FS_Value  lsm303agr_acc_driver_hl.o
    0x080050b4   0x080050b4   0x00000074   Code   RO         5252    i.LSM303AGR_X_Set_ODR  lsm303agr_acc_driver_hl.o
    0x08005128   0x08005128   0x000000a8   Code   RO         5253    i.LSM303AGR_X_Set_ODR_Value  lsm303agr_acc_driver_hl.o
    0x080051d0   0x080051d0   0x0000007c   Code   RO         5254    i.LSM303AGR_X_Set_ODR_Value_When_Enabled  lsm303agr_acc_driver_hl.o
    0x0800524c   0x0800524c   0x00000014   Code   RO         5255    i.LSM303AGR_X_Write_Reg  lsm303agr_acc_driver_hl.o
    0x08005260   0x08005260   0x00000040   Code   RO         1736    i.LSM6DSL_ACC_GYRO_GetRawAccData  lsm6dsl_acc_gyro_driver.o
    0x080052a0   0x080052a0   0x00000040   Code   RO         1737    i.LSM6DSL_ACC_GYRO_GetRawGyroData  lsm6dsl_acc_gyro_driver.o
    0x080052e0   0x080052e0   0x00000040   Code   RO         1738    i.LSM6DSL_ACC_GYRO_Get_GetFIFOData  lsm6dsl_acc_gyro_driver.o
    0x08005320   0x08005320   0x00000040   Code   RO         1739    i.LSM6DSL_ACC_GYRO_Get_GetStepCounter  lsm6dsl_acc_gyro_driver.o
    0x08005360   0x08005360   0x0000001e   Code   RO         1751    i.LSM6DSL_ACC_GYRO_R_D6D_EV_STATUS  lsm6dsl_acc_gyro_driver.o
    0x0800537e   0x0800537e   0x0000001e   Code   RO         1760    i.LSM6DSL_ACC_GYRO_R_DOUBLE_TAP_EV_STATUS  lsm6dsl_acc_gyro_driver.o
    0x0800539c   0x0800539c   0x0000001e   Code   RO         1769    i.LSM6DSL_ACC_GYRO_R_DSD_XH  lsm6dsl_acc_gyro_driver.o
    0x080053ba   0x080053ba   0x0000001e   Code   RO         1770    i.LSM6DSL_ACC_GYRO_R_DSD_XL  lsm6dsl_acc_gyro_driver.o
    0x080053d8   0x080053d8   0x0000001e   Code   RO         1771    i.LSM6DSL_ACC_GYRO_R_DSD_YH  lsm6dsl_acc_gyro_driver.o
    0x080053f6   0x080053f6   0x0000001e   Code   RO         1772    i.LSM6DSL_ACC_GYRO_R_DSD_YL  lsm6dsl_acc_gyro_driver.o
    0x08005414   0x08005414   0x0000001e   Code   RO         1773    i.LSM6DSL_ACC_GYRO_R_DSD_ZH  lsm6dsl_acc_gyro_driver.o
    0x08005432   0x08005432   0x0000001e   Code   RO         1774    i.LSM6DSL_ACC_GYRO_R_DSD_ZL  lsm6dsl_acc_gyro_driver.o
    0x08005450   0x08005450   0x0000001e   Code   RO         1781    i.LSM6DSL_ACC_GYRO_R_FF_EV_STATUS  lsm6dsl_acc_gyro_driver.o
    0x0800546e   0x0800546e   0x0000001e   Code   RO         1783    i.LSM6DSL_ACC_GYRO_R_FIFOEmpty  lsm6dsl_acc_gyro_driver.o
    0x0800548c   0x0800548c   0x0000001e   Code   RO         1784    i.LSM6DSL_ACC_GYRO_R_FIFOFull  lsm6dsl_acc_gyro_driver.o
    0x080054aa   0x080054aa   0x00000042   Code   RO         1785    i.LSM6DSL_ACC_GYRO_R_FIFONumOfEntries  lsm6dsl_acc_gyro_driver.o
    0x080054ec   0x080054ec   0x00000042   Code   RO         1786    i.LSM6DSL_ACC_GYRO_R_FIFOPattern  lsm6dsl_acc_gyro_driver.o
    0x0800552e   0x0800552e   0x0000001e   Code   RO         1792    i.LSM6DSL_ACC_GYRO_R_FS_125  lsm6dsl_acc_gyro_driver.o
    0x0800554c   0x0800554c   0x0000001e   Code   RO         1793    i.LSM6DSL_ACC_GYRO_R_FS_G  lsm6dsl_acc_gyro_driver.o
    0x0800556a   0x0800556a   0x0000001e   Code   RO         1794    i.LSM6DSL_ACC_GYRO_R_FS_XL  lsm6dsl_acc_gyro_driver.o
    0x08005588   0x08005588   0x0000001e   Code   RO         1798    i.LSM6DSL_ACC_GYRO_R_GDA  lsm6dsl_acc_gyro_driver.o
    0x080055a6   0x080055a6   0x0000001e   Code   RO         1823    i.LSM6DSL_ACC_GYRO_R_ODR_G  lsm6dsl_acc_gyro_driver.o
    0x080055c4   0x080055c4   0x0000001e   Code   RO         1824    i.LSM6DSL_ACC_GYRO_R_ODR_XL  lsm6dsl_acc_gyro_driver.o
    0x080055e2   0x080055e2   0x0000001e   Code   RO         1825    i.LSM6DSL_ACC_GYRO_R_OVERRUN  lsm6dsl_acc_gyro_driver.o
    0x08005600   0x08005600   0x0000001e   Code   RO         1830    i.LSM6DSL_ACC_GYRO_R_PEDO_EV_STATUS  lsm6dsl_acc_gyro_driver.o
    0x0800561e   0x0800561e   0x0000001e   Code   RO         1842    i.LSM6DSL_ACC_GYRO_R_SINGLE_TAP_EV_STATUS  lsm6dsl_acc_gyro_driver.o
    0x0800563c   0x0800563c   0x0000001e   Code   RO         1876    i.LSM6DSL_ACC_GYRO_R_TILT_EV_STATUS  lsm6dsl_acc_gyro_driver.o
    0x0800565a   0x0800565a   0x0000001a   Code   RO         1888    i.LSM6DSL_ACC_GYRO_R_WHO_AM_I  lsm6dsl_acc_gyro_driver.o
    0x08005674   0x08005674   0x0000001e   Code   RO         1892    i.LSM6DSL_ACC_GYRO_R_WU_EV_STATUS  lsm6dsl_acc_gyro_driver.o
    0x08005692   0x08005692   0x0000001e   Code   RO         1894    i.LSM6DSL_ACC_GYRO_R_XLDA  lsm6dsl_acc_gyro_driver.o
    0x080056b0   0x080056b0   0x00000010   Code   RO         1901    i.LSM6DSL_ACC_GYRO_ReadReg  lsm6dsl_acc_gyro_driver.o
    0x080056c0   0x080056c0   0x00000036   Code   RO         1906    i.LSM6DSL_ACC_GYRO_W_6DEvOnInt1  lsm6dsl_acc_gyro_driver.o
    0x080056f6   0x080056f6   0x00000036   Code   RO         1907    i.LSM6DSL_ACC_GYRO_W_6DEvOnInt2  lsm6dsl_acc_gyro_driver.o
    0x0800572c   0x0800572c   0x00000036   Code   RO         1908    i.LSM6DSL_ACC_GYRO_W_BASIC_INT  lsm6dsl_acc_gyro_driver.o
    0x08005762   0x08005762   0x00000036   Code   RO         1909    i.LSM6DSL_ACC_GYRO_W_BDU  lsm6dsl_acc_gyro_driver.o
    0x08005798   0x08005798   0x00000036   Code   RO         1919    i.LSM6DSL_ACC_GYRO_W_DEC_FIFO_G  lsm6dsl_acc_gyro_driver.o
    0x080057ce   0x080057ce   0x00000036   Code   RO         1921    i.LSM6DSL_ACC_GYRO_W_DEC_FIFO_XL  lsm6dsl_acc_gyro_driver.o
    0x08005804   0x08005804   0x0000003a   Code   RO         1934    i.LSM6DSL_ACC_GYRO_W_DUR  lsm6dsl_acc_gyro_driver.o
    0x0800583e   0x0800583e   0x00000036   Code   RO         1935    i.LSM6DSL_ACC_GYRO_W_EmbeddedAccess  lsm6dsl_acc_gyro_driver.o
    0x08005874   0x08005874   0x00000036   Code   RO         1937    i.LSM6DSL_ACC_GYRO_W_FFEvOnInt1  lsm6dsl_acc_gyro_driver.o
    0x080058aa   0x080058aa   0x00000036   Code   RO         1938    i.LSM6DSL_ACC_GYRO_W_FFEvOnInt2  lsm6dsl_acc_gyro_driver.o
    0x080058e0   0x080058e0   0x00000074   Code   RO         1939    i.LSM6DSL_ACC_GYRO_W_FF_Duration  lsm6dsl_acc_gyro_driver.o
    0x08005954   0x08005954   0x00000036   Code   RO         1940    i.LSM6DSL_ACC_GYRO_W_FF_THS  lsm6dsl_acc_gyro_driver.o
    0x0800598a   0x0800598a   0x00000036   Code   RO         1941    i.LSM6DSL_ACC_GYRO_W_FIFO_MODE  lsm6dsl_acc_gyro_driver.o
    0x080059c0   0x080059c0   0x00000060   Code   RO         1945    i.LSM6DSL_ACC_GYRO_W_FIFO_Watermark  lsm6dsl_acc_gyro_driver.o
    0x08005a20   0x08005a20   0x00000036   Code   RO         1946    i.LSM6DSL_ACC_GYRO_W_FS_125  lsm6dsl_acc_gyro_driver.o
    0x08005a56   0x08005a56   0x00000036   Code   RO         1947    i.LSM6DSL_ACC_GYRO_W_FS_G  lsm6dsl_acc_gyro_driver.o
    0x08005a8c   0x08005a8c   0x00000036   Code   RO         1948    i.LSM6DSL_ACC_GYRO_W_FS_XL  lsm6dsl_acc_gyro_driver.o
    0x08005ac2   0x08005ac2   0x00000036   Code   RO         1949    i.LSM6DSL_ACC_GYRO_W_FULL_FLAG_on_INT1  lsm6dsl_acc_gyro_driver.o
    0x08005af8   0x08005af8   0x00000036   Code   RO         1951    i.LSM6DSL_ACC_GYRO_W_FUNC_EN  lsm6dsl_acc_gyro_driver.o
    0x08005b2e   0x08005b2e   0x00000036   Code   RO         1961    i.LSM6DSL_ACC_GYRO_W_IF_Addr_Incr  lsm6dsl_acc_gyro_driver.o
    0x08005b64   0x08005b64   0x00000036   Code   RO         1966    i.LSM6DSL_ACC_GYRO_W_LIR  lsm6dsl_acc_gyro_driver.o
    0x08005b9a   0x08005b9a   0x00000036   Code   RO         1974    i.LSM6DSL_ACC_GYRO_W_ODR_FIFO  lsm6dsl_acc_gyro_driver.o
    0x08005bd0   0x08005bd0   0x00000036   Code   RO         1975    i.LSM6DSL_ACC_GYRO_W_ODR_G  lsm6dsl_acc_gyro_driver.o
    0x08005c06   0x08005c06   0x00000036   Code   RO         1976    i.LSM6DSL_ACC_GYRO_W_ODR_XL  lsm6dsl_acc_gyro_driver.o
    0x08005c3c   0x08005c3c   0x00000036   Code   RO         1980    i.LSM6DSL_ACC_GYRO_W_PEDO  lsm6dsl_acc_gyro_driver.o
    0x08005c72   0x08005c72   0x00000036   Code   RO         1983    i.LSM6DSL_ACC_GYRO_W_PedoStepReset  lsm6dsl_acc_gyro_driver.o
    0x08005ca8   0x08005ca8   0x00000042   Code   RO         1984    i.LSM6DSL_ACC_GYRO_W_PedoThreshold  lsm6dsl_acc_gyro_driver.o
    0x08005cea   0x08005cea   0x0000003a   Code   RO         1985    i.LSM6DSL_ACC_GYRO_W_QUIET_Duration  lsm6dsl_acc_gyro_driver.o
    0x08005d24   0x08005d24   0x00000038   Code   RO         1988    i.LSM6DSL_ACC_GYRO_W_SHOCK_Duration  lsm6dsl_acc_gyro_driver.o
    0x08005d5c   0x08005d5c   0x00000036   Code   RO         1990    i.LSM6DSL_ACC_GYRO_W_SINGLE_DOUBLE_TAP_EV  lsm6dsl_acc_gyro_driver.o
    0x08005d92   0x08005d92   0x00000036   Code   RO         1991    i.LSM6DSL_ACC_GYRO_W_SIXD_THS  lsm6dsl_acc_gyro_driver.o
    0x08005dc8   0x08005dc8   0x00000038   Code   RO         1992    i.LSM6DSL_ACC_GYRO_W_SLEEP_DUR  lsm6dsl_acc_gyro_driver.o
    0x08005e00   0x08005e00   0x00000036   Code   RO         1998    i.LSM6DSL_ACC_GYRO_W_STEP_DET_on_INT1  lsm6dsl_acc_gyro_driver.o
    0x08005e36   0x08005e36   0x00000036   Code   RO         1999    i.LSM6DSL_ACC_GYRO_W_STOP_ON_FTH  lsm6dsl_acc_gyro_driver.o
    0x08005e6c   0x08005e6c   0x00000036   Code   RO         2002    i.LSM6DSL_ACC_GYRO_W_SelfTest_G  lsm6dsl_acc_gyro_driver.o
    0x08005ea2   0x08005ea2   0x00000036   Code   RO         2003    i.LSM6DSL_ACC_GYRO_W_SelfTest_XL  lsm6dsl_acc_gyro_driver.o
    0x08005ed8   0x08005ed8   0x00000036   Code   RO         2006    i.LSM6DSL_ACC_GYRO_W_SingleTapOnInt1  lsm6dsl_acc_gyro_driver.o
    0x08005f0e   0x08005f0e   0x00000036   Code   RO         2007    i.LSM6DSL_ACC_GYRO_W_SingleTapOnInt2  lsm6dsl_acc_gyro_driver.o
    0x08005f44   0x08005f44   0x00000038   Code   RO         2012    i.LSM6DSL_ACC_GYRO_W_TAP_THS  lsm6dsl_acc_gyro_driver.o
    0x08005f7c   0x08005f7c   0x00000036   Code   RO         2013    i.LSM6DSL_ACC_GYRO_W_TAP_X_EN  lsm6dsl_acc_gyro_driver.o
    0x08005fb2   0x08005fb2   0x00000036   Code   RO         2014    i.LSM6DSL_ACC_GYRO_W_TAP_Y_EN  lsm6dsl_acc_gyro_driver.o
    0x08005fe8   0x08005fe8   0x00000036   Code   RO         2015    i.LSM6DSL_ACC_GYRO_W_TAP_Z_EN  lsm6dsl_acc_gyro_driver.o
    0x0800601e   0x0800601e   0x00000036   Code   RO         2016    i.LSM6DSL_ACC_GYRO_W_TILT  lsm6dsl_acc_gyro_driver.o
    0x08006054   0x08006054   0x00000036   Code   RO         2018    i.LSM6DSL_ACC_GYRO_W_TIMER_HR  lsm6dsl_acc_gyro_driver.o
    0x0800608a   0x0800608a   0x00000036   Code   RO         2021    i.LSM6DSL_ACC_GYRO_W_TapEvOnInt1  lsm6dsl_acc_gyro_driver.o
    0x080060c0   0x080060c0   0x00000036   Code   RO         2022    i.LSM6DSL_ACC_GYRO_W_TapEvOnInt2  lsm6dsl_acc_gyro_driver.o
    0x080060f6   0x080060f6   0x00000036   Code   RO         2023    i.LSM6DSL_ACC_GYRO_W_TiltEvOnInt1  lsm6dsl_acc_gyro_driver.o
    0x0800612c   0x0800612c   0x00000036   Code   RO         2024    i.LSM6DSL_ACC_GYRO_W_TiltEvOnInt2  lsm6dsl_acc_gyro_driver.o
    0x08006162   0x08006162   0x0000003a   Code   RO         2027    i.LSM6DSL_ACC_GYRO_W_WAKE_DUR  lsm6dsl_acc_gyro_driver.o
    0x0800619c   0x0800619c   0x00000038   Code   RO         2028    i.LSM6DSL_ACC_GYRO_W_WK_THS  lsm6dsl_acc_gyro_driver.o
    0x080061d4   0x080061d4   0x00000036   Code   RO         2029    i.LSM6DSL_ACC_GYRO_W_WUEvOnInt1  lsm6dsl_acc_gyro_driver.o
    0x0800620a   0x0800620a   0x00000036   Code   RO         2030    i.LSM6DSL_ACC_GYRO_W_WUEvOnInt2  lsm6dsl_acc_gyro_driver.o
    0x08006240   0x08006240   0x00000010   Code   RO         2031    i.LSM6DSL_ACC_GYRO_WriteReg  lsm6dsl_acc_gyro_driver.o
    0x08006250   0x08006250   0x00000028   Code   RO         3539    i.LSM6DSL_Check_WhoAmI  lsm6dsl_acc_gyro_driver_hl.o
    0x08006278   0x08006278   0x00000048   Code   RO         3540    i.LSM6DSL_FIFO_G_Get_Axis  lsm6dsl_acc_gyro_driver_hl.o
    0x080062c0   0x080062c0   0x0000001c   Code   RO         3541    i.LSM6DSL_FIFO_G_Set_Decimation  lsm6dsl_acc_gyro_driver_hl.o
    0x080062dc   0x080062dc   0x00000010   Code   RO         3542    i.LSM6DSL_FIFO_Get_Data  lsm6dsl_acc_gyro_driver_hl.o
    0x080062ec   0x080062ec   0x00000022   Code   RO         3543    i.LSM6DSL_FIFO_Get_Empty_Status  lsm6dsl_acc_gyro_driver_hl.o
    0x0800630e   0x0800630e   0x00000022   Code   RO         3544    i.LSM6DSL_FIFO_Get_Full_Status  lsm6dsl_acc_gyro_driver_hl.o
    0x08006330   0x08006330   0x00000010   Code   RO         3545    i.LSM6DSL_FIFO_Get_Num_Of_Samples  lsm6dsl_acc_gyro_driver_hl.o
    0x08006340   0x08006340   0x00000022   Code   RO         3546    i.LSM6DSL_FIFO_Get_Overrun_Status  lsm6dsl_acc_gyro_driver_hl.o
    0x08006362   0x08006362   0x00000010   Code   RO         3547    i.LSM6DSL_FIFO_Get_Pattern  lsm6dsl_acc_gyro_driver_hl.o
    0x08006372   0x08006372   0x00000016   Code   RO         3548    i.LSM6DSL_FIFO_Set_INT1_FIFO_Full  lsm6dsl_acc_gyro_driver_hl.o
    0x08006388   0x08006388   0x00000020   Code   RO         3549    i.LSM6DSL_FIFO_Set_Mode  lsm6dsl_acc_gyro_driver_hl.o
    0x080063a8   0x080063a8   0x000000b4   Code   RO         3550    i.LSM6DSL_FIFO_Set_ODR_Value  lsm6dsl_acc_gyro_driver_hl.o
    0x0800645c   0x0800645c   0x00000016   Code   RO         3551    i.LSM6DSL_FIFO_Set_Stop_On_Fth  lsm6dsl_acc_gyro_driver_hl.o
    0x08006472   0x08006472   0x00000010   Code   RO         3552    i.LSM6DSL_FIFO_Set_Watermark_Level  lsm6dsl_acc_gyro_driver_hl.o
    0x08006482   0x08006482   0x00000002   PAD
    0x08006484   0x08006484   0x00000048   Code   RO         3553    i.LSM6DSL_FIFO_X_Get_Axis  lsm6dsl_acc_gyro_driver_hl.o
    0x080064cc   0x080064cc   0x00000014   Code   RO         3554    i.LSM6DSL_FIFO_X_Set_Decimation  lsm6dsl_acc_gyro_driver_hl.o
    0x080064e0   0x080064e0   0x00000004   Code   RO         3555    i.LSM6DSL_G_Check_WhoAmI  lsm6dsl_acc_gyro_driver_hl.o
    0x080064e4   0x080064e4   0x00000034   Code   RO         3556    i.LSM6DSL_G_DeInit  lsm6dsl_acc_gyro_driver_hl.o
    0x08006518   0x08006518   0x0000007c   Code   RO         3557    i.LSM6DSL_G_Get_Axes  lsm6dsl_acc_gyro_driver_hl.o
    0x08006594   0x08006594   0x00000024   Code   RO         3558    i.LSM6DSL_G_Get_AxesRaw  lsm6dsl_acc_gyro_driver_hl.o
    0x080065b8   0x080065b8   0x00000044   Code   RO         3559    i.LSM6DSL_G_Get_Axes_Raw  lsm6dsl_acc_gyro_driver_hl.o
    0x080065fc   0x080065fc   0x00000022   Code   RO         3560    i.LSM6DSL_G_Get_DRDY_Status  lsm6dsl_acc_gyro_driver_hl.o
    0x0800661e   0x0800661e   0x00000002   PAD
    0x08006620   0x08006620   0x00000078   Code   RO         3561    i.LSM6DSL_G_Get_FS  lsm6dsl_acc_gyro_driver_hl.o
    0x08006698   0x08006698   0x000000a8   Code   RO         3562    i.LSM6DSL_G_Get_ODR  lsm6dsl_acc_gyro_driver_hl.o
    0x08006740   0x08006740   0x00000078   Code   RO         3563    i.LSM6DSL_G_Get_Sensitivity  lsm6dsl_acc_gyro_driver_hl.o
    0x080067b8   0x080067b8   0x00000004   Code   RO         3564    i.LSM6DSL_G_Get_WhoAmI  lsm6dsl_acc_gyro_driver_hl.o
    0x080067bc   0x080067bc   0x00000064   Code   RO         3565    i.LSM6DSL_G_Init    lsm6dsl_acc_gyro_driver_hl.o
    0x08006820   0x08006820   0x0000000e   Code   RO         3566    i.LSM6DSL_G_Read_Reg  lsm6dsl_acc_gyro_driver_hl.o
    0x0800682e   0x0800682e   0x0000002e   Code   RO         3567    i.LSM6DSL_G_Sensor_Disable  lsm6dsl_acc_gyro_driver_hl.o
    0x0800685c   0x0800685c   0x00000024   Code   RO         3568    i.LSM6DSL_G_Sensor_Enable  lsm6dsl_acc_gyro_driver_hl.o
    0x08006880   0x08006880   0x00000022   Code   RO         3569    i.LSM6DSL_G_Set_FS  lsm6dsl_acc_gyro_driver_hl.o
    0x080068a2   0x080068a2   0x00000002   PAD
    0x080068a4   0x080068a4   0x00000070   Code   RO         3570    i.LSM6DSL_G_Set_FS_Value  lsm6dsl_acc_gyro_driver_hl.o
    0x08006914   0x08006914   0x00000004   Code   RO         3571    i.LSM6DSL_G_Set_Interrupt_Latch  lsm6dsl_acc_gyro_driver_hl.o
    0x08006918   0x08006918   0x00000068   Code   RO         3572    i.LSM6DSL_G_Set_ODR  lsm6dsl_acc_gyro_driver_hl.o
    0x08006980   0x08006980   0x0000001a   Code   RO         3573    i.LSM6DSL_G_Set_ODR_Value  lsm6dsl_acc_gyro_driver_hl.o
    0x0800699a   0x0800699a   0x00000002   PAD
    0x0800699c   0x0800699c   0x000000e4   Code   RO         3574    i.LSM6DSL_G_Set_ODR_Value_When_Disabled  lsm6dsl_acc_gyro_driver_hl.o
    0x08006a80   0x08006a80   0x000000b4   Code   RO         3575    i.LSM6DSL_G_Set_ODR_Value_When_Enabled  lsm6dsl_acc_gyro_driver_hl.o
    0x08006b34   0x08006b34   0x0000001e   Code   RO         3576    i.LSM6DSL_G_Set_SelfTest  lsm6dsl_acc_gyro_driver_hl.o
    0x08006b52   0x08006b52   0x0000000e   Code   RO         3577    i.LSM6DSL_G_Write_Reg  lsm6dsl_acc_gyro_driver_hl.o
    0x08006b60   0x08006b60   0x00000010   Code   RO         3578    i.LSM6DSL_Get_WhoAmI  lsm6dsl_acc_gyro_driver_hl.o
    0x08006b70   0x08006b70   0x00000012   Code   RO         3579    i.LSM6DSL_Read_Reg  lsm6dsl_acc_gyro_driver_hl.o
    0x08006b82   0x08006b82   0x00000002   PAD
    0x08006b84   0x08006b84   0x0000009c   Code   RO         6119    i.LSM6DSL_Sensor_IO_ITConfig  x_nucleo_iks01a2.o
    0x08006c20   0x08006c20   0x00000016   Code   RO         3580    i.LSM6DSL_Set_Interrupt_Latch  lsm6dsl_acc_gyro_driver_hl.o
    0x08006c36   0x08006c36   0x00000014   Code   RO         3581    i.LSM6DSL_Write_Reg  lsm6dsl_acc_gyro_driver_hl.o
    0x08006c4a   0x08006c4a   0x00000004   Code   RO         3582    i.LSM6DSL_X_Check_WhoAmI  lsm6dsl_acc_gyro_driver_hl.o
    0x08006c4e   0x08006c4e   0x00000002   PAD
    0x08006c50   0x08006c50   0x00000078   Code   RO         3583    i.LSM6DSL_X_DeInit  lsm6dsl_acc_gyro_driver_hl.o
    0x08006cc8   0x08006cc8   0x00000032   Code   RO         3584    i.LSM6DSL_X_Disable_6D_Orientation  lsm6dsl_acc_gyro_driver_hl.o
    0x08006cfa   0x08006cfa   0x00000082   Code   RO         3585    i.LSM6DSL_X_Disable_Double_Tap_Detection  lsm6dsl_acc_gyro_driver_hl.o
    0x08006d7c   0x08006d7c   0x0000003c   Code   RO         3586    i.LSM6DSL_X_Disable_Free_Fall_Detection  lsm6dsl_acc_gyro_driver_hl.o
    0x08006db8   0x08006db8   0x00000034   Code   RO         3587    i.LSM6DSL_X_Disable_Pedometer  lsm6dsl_acc_gyro_driver_hl.o
    0x08006dec   0x08006dec   0x0000006a   Code   RO         3588    i.LSM6DSL_X_Disable_Single_Tap_Detection  lsm6dsl_acc_gyro_driver_hl.o
    0x08006e56   0x08006e56   0x00000012   Code   RO         3589    i.LSM6DSL_X_Disable_Step_Counter_Reset  lsm6dsl_acc_gyro_driver_hl.o
    0x08006e68   0x08006e68   0x00000032   Code   RO         3590    i.LSM6DSL_X_Disable_Tilt_Detection  lsm6dsl_acc_gyro_driver_hl.o
    0x08006e9a   0x08006e9a   0x0000003c   Code   RO         3591    i.LSM6DSL_X_Disable_Wake_Up_Detection  lsm6dsl_acc_gyro_driver_hl.o
    0x08006ed6   0x08006ed6   0x00000002   PAD
    0x08006ed8   0x08006ed8   0x00000058   Code   RO         3592    i.LSM6DSL_X_Enable_6D_Orientation  lsm6dsl_acc_gyro_driver_hl.o
    0x08006f30   0x08006f30   0x000000a8   Code   RO         3593    i.LSM6DSL_X_Enable_Double_Tap_Detection  lsm6dsl_acc_gyro_driver_hl.o
    0x08006fd8   0x08006fd8   0x00000080   Code   RO         3594    i.LSM6DSL_X_Enable_Free_Fall_Detection  lsm6dsl_acc_gyro_driver_hl.o
    0x08007058   0x08007058   0x0000004c   Code   RO         3595    i.LSM6DSL_X_Enable_Pedometer  lsm6dsl_acc_gyro_driver_hl.o
    0x080070a4   0x080070a4   0x00000094   Code   RO         3596    i.LSM6DSL_X_Enable_Single_Tap_Detection  lsm6dsl_acc_gyro_driver_hl.o
    0x08007138   0x08007138   0x00000012   Code   RO         3597    i.LSM6DSL_X_Enable_Step_Counter_Reset  lsm6dsl_acc_gyro_driver_hl.o
    0x0800714a   0x0800714a   0x00000054   Code   RO         3598    i.LSM6DSL_X_Enable_Tilt_Detection  lsm6dsl_acc_gyro_driver_hl.o
    0x0800719e   0x0800719e   0x00000002   PAD
    0x080071a0   0x080071a0   0x00000064   Code   RO         3599    i.LSM6DSL_X_Enable_Wake_Up_Detection  lsm6dsl_acc_gyro_driver_hl.o
    0x08007204   0x08007204   0x00000022   Code   RO         3600    i.LSM6DSL_X_Get_6D_Orientation_Status  lsm6dsl_acc_gyro_driver_hl.o
    0x08007226   0x08007226   0x00000022   Code   RO         3601    i.LSM6DSL_X_Get_6D_Orientation_XH  lsm6dsl_acc_gyro_driver_hl.o
    0x08007248   0x08007248   0x00000020   Code   RO         3602    i.LSM6DSL_X_Get_6D_Orientation_XL  lsm6dsl_acc_gyro_driver_hl.o
    0x08007268   0x08007268   0x00000022   Code   RO         3603    i.LSM6DSL_X_Get_6D_Orientation_YH  lsm6dsl_acc_gyro_driver_hl.o
    0x0800728a   0x0800728a   0x00000022   Code   RO         3604    i.LSM6DSL_X_Get_6D_Orientation_YL  lsm6dsl_acc_gyro_driver_hl.o
    0x080072ac   0x080072ac   0x00000022   Code   RO         3605    i.LSM6DSL_X_Get_6D_Orientation_ZH  lsm6dsl_acc_gyro_driver_hl.o
    0x080072ce   0x080072ce   0x00000022   Code   RO         3606    i.LSM6DSL_X_Get_6D_Orientation_ZL  lsm6dsl_acc_gyro_driver_hl.o
    0x080072f0   0x080072f0   0x0000007c   Code   RO         3607    i.LSM6DSL_X_Get_Axes  lsm6dsl_acc_gyro_driver_hl.o
    0x0800736c   0x0800736c   0x00000024   Code   RO         3608    i.LSM6DSL_X_Get_AxesRaw  lsm6dsl_acc_gyro_driver_hl.o
    0x08007390   0x08007390   0x00000044   Code   RO         3609    i.LSM6DSL_X_Get_Axes_Raw  lsm6dsl_acc_gyro_driver_hl.o
    0x080073d4   0x080073d4   0x00000020   Code   RO         3610    i.LSM6DSL_X_Get_DRDY_Status  lsm6dsl_acc_gyro_driver_hl.o
    0x080073f4   0x080073f4   0x00000022   Code   RO         3611    i.LSM6DSL_X_Get_Double_Tap_Detection_Status  lsm6dsl_acc_gyro_driver_hl.o
    0x08007416   0x08007416   0x00000128   Code   RO         3612    i.LSM6DSL_X_Get_Event_Status  lsm6dsl_acc_gyro_driver_hl.o
    0x0800753e   0x0800753e   0x00000048   Code   RO         3613    i.LSM6DSL_X_Get_FS  lsm6dsl_acc_gyro_driver_hl.o
    0x08007586   0x08007586   0x00000022   Code   RO         3614    i.LSM6DSL_X_Get_Free_Fall_Detection_Status  lsm6dsl_acc_gyro_driver_hl.o
    0x080075a8   0x080075a8   0x000000a8   Code   RO         3615    i.LSM6DSL_X_Get_ODR  lsm6dsl_acc_gyro_driver_hl.o
    0x08007650   0x08007650   0x00000022   Code   RO         3616    i.LSM6DSL_X_Get_Pedometer_Status  lsm6dsl_acc_gyro_driver_hl.o
    0x08007672   0x08007672   0x00000002   PAD
    0x08007674   0x08007674   0x00000058   Code   RO         3617    i.LSM6DSL_X_Get_Sensitivity  lsm6dsl_acc_gyro_driver_hl.o
    0x080076cc   0x080076cc   0x00000022   Code   RO         3618    i.LSM6DSL_X_Get_Single_Tap_Detection_Status  lsm6dsl_acc_gyro_driver_hl.o
    0x080076ee   0x080076ee   0x00000010   Code   RO         3619    i.LSM6DSL_X_Get_Step_Count  lsm6dsl_acc_gyro_driver_hl.o
    0x080076fe   0x080076fe   0x00000022   Code   RO         3620    i.LSM6DSL_X_Get_Tilt_Detection_Status  lsm6dsl_acc_gyro_driver_hl.o
    0x08007720   0x08007720   0x00000022   Code   RO         3621    i.LSM6DSL_X_Get_Wake_Up_Detection_Status  lsm6dsl_acc_gyro_driver_hl.o
    0x08007742   0x08007742   0x00000004   Code   RO         3622    i.LSM6DSL_X_Get_WhoAmI  lsm6dsl_acc_gyro_driver_hl.o
    0x08007746   0x08007746   0x00000002   PAD
    0x08007748   0x08007748   0x00000064   Code   RO         3623    i.LSM6DSL_X_Init    lsm6dsl_acc_gyro_driver_hl.o
    0x080077ac   0x080077ac   0x0000000e   Code   RO         3624    i.LSM6DSL_X_Read_Reg  lsm6dsl_acc_gyro_driver_hl.o
    0x080077ba   0x080077ba   0x0000002e   Code   RO         3625    i.LSM6DSL_X_Sensor_Disable  lsm6dsl_acc_gyro_driver_hl.o
    0x080077e8   0x080077e8   0x00000024   Code   RO         3626    i.LSM6DSL_X_Sensor_Enable  lsm6dsl_acc_gyro_driver_hl.o
    0x0800780c   0x0800780c   0x00000022   Code   RO         3627    i.LSM6DSL_X_Set_FS  lsm6dsl_acc_gyro_driver_hl.o
    0x0800782e   0x0800782e   0x0000003c   Code   RO         3628    i.LSM6DSL_X_Set_FS_Value  lsm6dsl_acc_gyro_driver_hl.o
    0x0800786a   0x0800786a   0x00000010   Code   RO         3629    i.LSM6DSL_X_Set_Free_Fall_Threshold  lsm6dsl_acc_gyro_driver_hl.o
    0x0800787a   0x0800787a   0x00000004   Code   RO         3630    i.LSM6DSL_X_Set_Interrupt_Latch  lsm6dsl_acc_gyro_driver_hl.o
    0x0800787e   0x0800787e   0x00000002   PAD
    0x08007880   0x08007880   0x00000068   Code   RO         3631    i.LSM6DSL_X_Set_ODR  lsm6dsl_acc_gyro_driver_hl.o
    0x080078e8   0x080078e8   0x0000001a   Code   RO         3632    i.LSM6DSL_X_Set_ODR_Value  lsm6dsl_acc_gyro_driver_hl.o
    0x08007902   0x08007902   0x00000002   PAD
    0x08007904   0x08007904   0x000000e4   Code   RO         3633    i.LSM6DSL_X_Set_ODR_Value_When_Disabled  lsm6dsl_acc_gyro_driver_hl.o
    0x080079e8   0x080079e8   0x000000b4   Code   RO         3634    i.LSM6DSL_X_Set_ODR_Value_When_Enabled  lsm6dsl_acc_gyro_driver_hl.o
    0x08007a9c   0x08007a9c   0x00000010   Code   RO         3635    i.LSM6DSL_X_Set_Pedometer_Threshold  lsm6dsl_acc_gyro_driver_hl.o
    0x08007aac   0x08007aac   0x0000001e   Code   RO         3636    i.LSM6DSL_X_Set_SelfTest  lsm6dsl_acc_gyro_driver_hl.o
    0x08007aca   0x08007aca   0x00000010   Code   RO         3637    i.LSM6DSL_X_Set_Tap_Duration_Time  lsm6dsl_acc_gyro_driver_hl.o
    0x08007ada   0x08007ada   0x00000010   Code   RO         3638    i.LSM6DSL_X_Set_Tap_Quiet_Time  lsm6dsl_acc_gyro_driver_hl.o
    0x08007aea   0x08007aea   0x00000010   Code   RO         3639    i.LSM6DSL_X_Set_Tap_Shock_Time  lsm6dsl_acc_gyro_driver_hl.o
    0x08007afa   0x08007afa   0x00000010   Code   RO         3640    i.LSM6DSL_X_Set_Tap_Threshold  lsm6dsl_acc_gyro_driver_hl.o
    0x08007b0a   0x08007b0a   0x00000010   Code   RO         3641    i.LSM6DSL_X_Set_Wake_Up_Threshold  lsm6dsl_acc_gyro_driver_hl.o
    0x08007b1a   0x08007b1a   0x0000000e   Code   RO         3642    i.LSM6DSL_X_Write_Reg  lsm6dsl_acc_gyro_driver_hl.o
    0x08007b28   0x08007b28   0x000000c8   Code   RO          388    i.Magneto_Sensor_Handler  main.o
    0x08007bf0   0x08007bf0   0x00000002   Code   RO          525    i.NMI_Handler       stm32f4xx_it.o
    0x08007bf2   0x08007bf2   0x00000020   Code   RO         8131    i.NVIC_SetPriority  stm32f4xx_hal_cortex.o
    0x08007c12   0x08007c12   0x00000002   PAD
    0x08007c14   0x08007c14   0x000000a0   Code   RO          389    i.Pressure_Sensor_Handler  main.o
    0x08007cb4   0x08007cb4   0x00000012   Code   RO         9264    i.RTC_Bcd2ToByte    stm32f4xx_hal_rtc.o
    0x08007cc6   0x08007cc6   0x00000016   Code   RO         9265    i.RTC_ByteToBcd2    stm32f4xx_hal_rtc.o
    0x08007cdc   0x08007cdc   0x00000060   Code   RO          390    i.RTC_Config        main.o
    0x08007d3c   0x08007d3c   0x0000003a   Code   RO         9266    i.RTC_EnterInitMode  stm32f4xx_hal_rtc.o
    0x08007d76   0x08007d76   0x00000002   PAD
    0x08007d78   0x08007d78   0x000000c0   Code   RO          391    i.RTC_Handler       main.o
    0x08007e38   0x08007e38   0x00000034   Code   RO          392    i.RTC_TimeRegulate  main.o
    0x08007e6c   0x08007e6c   0x00000022   Code   RO          578    i.ReverseByteStuffCopyByte2  serial_protocol.o
    0x08007e8e   0x08007e8e   0x00000004   Code   RO         6121    i.Sensor_IO_Init    x_nucleo_iks01a2.o
    0x08007e92   0x08007e92   0x00000002   PAD
    0x08007e94   0x08007e94   0x0000005e   Code   RO         6122    i.Sensor_IO_Read    x_nucleo_iks01a2.o
    0x08007ef2   0x08007ef2   0x00000002   PAD
    0x08007ef4   0x08007ef4   0x0000005e   Code   RO         6123    i.Sensor_IO_Write   x_nucleo_iks01a2.o
    0x08007f52   0x08007f52   0x00000010   Code   RO          580    i.Serialize_s32     serial_protocol.o
    0x08007f62   0x08007f62   0x00000004   Code   RO          526    i.SysTick_Handler   stm32f4xx_it.o
    0x08007f66   0x08007f66   0x00000002   PAD
    0x08007f68   0x08007f68   0x00000078   Code   RO          344    i.SystemClock_Config  cube_hal_f4.o
    0x08007fe0   0x08007fe0   0x00000054   Code   RO         7630    i.SystemInit        system_stm32f4xx.o
    0x08008034   0x08008034   0x000000b0   Code   RO          393    i.Temperature_Sensor_Handler  main.o
    0x080080e4   0x080080e4   0x0000004a   Code   RO         9988    i.UART_DMAError     stm32f4xx_hal_uart.o
    0x0800812e   0x0800812e   0x0000003c   Code   RO         9989    i.UART_DMAReceiveCplt  stm32f4xx_hal_uart.o
    0x0800816a   0x0800816a   0x0000000a   Code   RO         9991    i.UART_DMARxHalfCplt  stm32f4xx_hal_uart.o
    0x08008174   0x08008174   0x0000001c   Code   RO         9997    i.UART_EndRxTransfer  stm32f4xx_hal_uart.o
    0x08008190   0x08008190   0x00000012   Code   RO         9998    i.UART_EndTxTransfer  stm32f4xx_hal_uart.o
    0x080081a2   0x080081a2   0x00000002   PAD
    0x080081a4   0x080081a4   0x000000d0   Code   RO            4    i.UART_ReceivedMSG  com.o
    0x08008274   0x08008274   0x00000028   Code   RO            5    i.UART_SendMsg      com.o
    0x0800829c   0x0800829c   0x000002ac   Code   RO        10000    i.UART_SetConfig    stm32f4xx_hal_uart.o
    0x08008548   0x08008548   0x00000064   Code   RO        10002    i.UART_WaitOnFlagUntilTimeout  stm32f4xx_hal_uart.o
    0x080085ac   0x080085ac   0x000000c8   Code   RO            6    i.USARTConfig       com.o
    0x08008674   0x08008674   0x00000020   Code   RO            7    i.USART_DMA_Configuration  com.o
    0x08008694   0x08008694   0x00000020   Code   RO        10463    i.__0printf$6       mc_w.l(printf6.o)
    0x080086b4   0x080086b4   0x00000030   Code   RO        10464    i.__0snprintf$6     mc_w.l(printf6.o)
    0x080086e4   0x080086e4   0x00000030   Code   RO        10597    i.__ARM_fpclassify  m_wm.l(fpclassify.o)
    0x08008714   0x08008714   0x00000004   PAD
    0x08008718   0x08008718   0x00000c50   Code   RO        10279    i.__hardfp_pow      m_wm.l(pow.o)
    0x08009368   0x08009368   0x000000b0   Code   RO        10293    i.__hardfp_trunc    m_wm.l(trunc.o)
    0x08009418   0x08009418   0x000000f8   Code   RO        10599    i.__kernel_poly     m_wm.l(poly.o)
    0x08009510   0x08009510   0x00000030   Code   RO        10577    i.__mathlib_dbl_divzero  m_wm.l(dunder.o)
    0x08009540   0x08009540   0x00000014   Code   RO        10579    i.__mathlib_dbl_infnan2  m_wm.l(dunder.o)
    0x08009554   0x08009554   0x00000004   PAD
    0x08009558   0x08009558   0x00000020   Code   RO        10580    i.__mathlib_dbl_invalid  m_wm.l(dunder.o)
    0x08009578   0x08009578   0x00000020   Code   RO        10581    i.__mathlib_dbl_overflow  m_wm.l(dunder.o)
    0x08009598   0x08009598   0x00000020   Code   RO        10583    i.__mathlib_dbl_underflow  m_wm.l(dunder.o)
    0x080095b8   0x080095b8   0x0000000e   Code   RO        10673    i.__scatterload_copy  mc_w.l(handlers.o)
    0x080095c6   0x080095c6   0x00000002   Code   RO        10674    i.__scatterload_null  mc_w.l(handlers.o)
    0x080095c8   0x080095c8   0x0000000e   Code   RO        10675    i.__scatterload_zeroinit  mc_w.l(handlers.o)
    0x080095d6   0x080095d6   0x00000002   PAD
    0x080095d8   0x080095d8   0x0000000c   Code   RO        10639    i.__set_errno       mc_w.l(errno.o)
    0x080095e4   0x080095e4   0x000002f0   Code   RO        10470    i._printf_core      mc_w.l(printf6.o)
    0x080098d4   0x080098d4   0x00000024   Code   RO        10471    i._printf_post_padding  mc_w.l(printf6.o)
    0x080098f8   0x080098f8   0x0000002e   Code   RO        10472    i._printf_pre_padding  mc_w.l(printf6.o)
    0x08009926   0x08009926   0x00000016   Code   RO        10473    i._snputc           mc_w.l(printf6.o)
    0x0800993c   0x0800993c   0x00000018   Code   RO        10593    i.fabs              m_wm.l(fabs.o)
    0x08009954   0x08009954   0x0000007c   Code   RO          394    i.floatToInt        main.o
    0x080099d0   0x080099d0   0x00000012   Code   RO        10628    i.fputc             mc_w.l(fputc.o)
    0x080099e2   0x080099e2   0x00000002   PAD
    0x080099e4   0x080099e4   0x0000016c   Code   RO          395    i.main              main.o
    0x08009b50   0x08009b50   0x0000006e   Code   RO        10604    i.sqrt              m_wm.l(sqrt.o)
    0x08009bbe   0x08009bbe   0x00000002   PAD
    0x08009bc0   0x08009bc0   0x00000060   Data   RO         4267    .constdata          lsm303agr_acc_driver.o
    0x08009c20   0x08009c20   0x00000006   Data   RO         5961    .constdata          stm32f4xx_nucleo.o
    0x08009c26   0x08009c26   0x00000010   Data   RO         7631    .constdata          system_stm32f4xx.o
    0x08009c36   0x08009c36   0x00000008   Data   RO         7632    .constdata          system_stm32f4xx.o
    0x08009c3e   0x08009c3e   0x00000008   Data   RO         8263    .constdata          stm32f4xx_hal_dma.o
    0x08009c46   0x08009c46   0x00000002   PAD
    0x08009c48   0x08009c48   0x00000088   Data   RO        10282    .constdata          m_wm.l(pow.o)
    0x08009cd0   0x08009cd0   0x00000008   Data   RO        10601    .constdata          m_wm.l(qnan.o)
    0x08009cd8   0x08009cd8   0x00000043   Data   RO          680    .conststring        hts221_driver.o
    0x08009d1b   0x08009d1b   0x00000001   PAD
    0x08009d1c   0x08009d1c   0x00000020   Data   RO        10671    Region$$Table       anon$$obj.o


    Execution Region RW_IRAM1 (Exec base: 0x20000000, Load base: 0x08009d3c, Size: 0x00000f88, Max: 0x00018000, ABSOLUTE, COMPRESSED[0x000002c4])

    Exec Addr    Load Addr    Size         Type   Attr      Idx    E Section Name        Object

    0x20000000   COMPRESSED   0x0000000c   Data   RW           10    .data               com.o
    0x2000000c   COMPRESSED   0x0000002b   Data   RW          285    .data               demoserial.o
    0x20000037   COMPRESSED   0x00000001   PAD
    0x20000038   COMPRESSED   0x0000003c   Data   RW          399    .data               main.o
    0x20000074   COMPRESSED   0x00000004   Data   RW          491    .data               stm32f4xx_hal_msp.o
    0x20000078   COMPRESSED   0x00000034   Data   RW          911    .data               hts221_driver_hl.o
    0x200000ac   COMPRESSED   0x00000034   Data   RW          912    .data               hts221_driver_hl.o
    0x200000e0   COMPRESSED   0x00000004   Data   RW          913    .data               hts221_driver_hl.o
    0x200000e4   COMPRESSED   0x00000034   Data   RW         1508    .data               lps22hb_driver_hl.o
    0x20000118   COMPRESSED   0x00000034   Data   RW         1509    .data               lps22hb_driver_hl.o
    0x2000014c   COMPRESSED   0x0000003c   Data   RW         1510    .data               lps22hb_driver_hl.o
    0x20000188   COMPRESSED   0x0000003c   Data   RW         1511    .data               lps22hb_driver_hl.o
    0x200001c4   COMPRESSED   0x00000008   Data   RW         1512    .data               lps22hb_driver_hl.o
    0x200001cc   COMPRESSED   0x000000d4   Data   RW         3643    .data               lsm6dsl_acc_gyro_driver_hl.o
    0x200002a0   COMPRESSED   0x0000003c   Data   RW         3644    .data               lsm6dsl_acc_gyro_driver_hl.o
    0x200002dc   COMPRESSED   0x00000050   Data   RW         3645    .data               lsm6dsl_acc_gyro_driver_hl.o
    0x2000032c   COMPRESSED   0x00000050   Data   RW         3646    .data               lsm6dsl_acc_gyro_driver_hl.o
    0x2000037c   COMPRESSED   0x00000002   Data   RW         3647    .data               lsm6dsl_acc_gyro_driver_hl.o
    0x2000037e   COMPRESSED   0x00000002   PAD
    0x20000380   COMPRESSED   0x00000050   Data   RW         5256    .data               lsm303agr_acc_driver_hl.o
    0x200003d0   COMPRESSED   0x00000002   Data   RW         5257    .data               lsm303agr_acc_driver_hl.o
    0x200003d2   COMPRESSED   0x00000002   PAD
    0x200003d4   COMPRESSED   0x00000048   Data   RW         5842    .data               lsm303agr_mag_driver_hl.o
    0x2000041c   COMPRESSED   0x0000000c   Data   RW         5962    .data               stm32f4xx_nucleo.o
    0x20000428   COMPRESSED   0x00000004   Data   RW         6125    .data               x_nucleo_iks01a2.o
    0x2000042c   COMPRESSED   0x00000010   Data   RW         6278    .data               x_nucleo_iks01a2_accelero.o
    0x2000043c   COMPRESSED   0x00000010   Data   RW         6731    .data               x_nucleo_iks01a2_gyro.o
    0x2000044c   COMPRESSED   0x0000000c   Data   RW         6969    .data               x_nucleo_iks01a2_humidity.o
    0x20000458   COMPRESSED   0x0000000c   Data   RW         7102    .data               x_nucleo_iks01a2_magneto.o
    0x20000464   COMPRESSED   0x0000000c   Data   RW         7266    .data               x_nucleo_iks01a2_pressure.o
    0x20000470   COMPRESSED   0x00000008   Data   RW         7461    .data               x_nucleo_iks01a2_temperature.o
    0x20000478   COMPRESSED   0x00000004   Data   RW         7633    .data               system_stm32f4xx.o
    0x2000047c   COMPRESSED   0x0000000c   Data   RW         7692    .data               stm32f4xx_hal.o
    0x20000488   COMPRESSED   0x00000004   Data   RW        10630    .data               mc_w.l(stdout.o)
    0x2000048c   COMPRESSED   0x00000004   Data   RW        10640    .data               mc_w.l(errno.o)
    0x20000490        -       0x000004a0   Zero   RW            8    .bss                com.o
    0x20000930        -       0x00000144   Zero   RW          398    .bss                main.o
    0x20000a74        -       0x00000054   Zero   RW         6124    .bss                x_nucleo_iks01a2.o
    0x20000ac8        -       0x00000038   Zero   RW         6277    .bss                x_nucleo_iks01a2_accelero.o
    0x20000b00        -       0x00000014   Zero   RW         6730    .bss                x_nucleo_iks01a2_gyro.o
    0x20000b14        -       0x00000014   Zero   RW         6968    .bss                x_nucleo_iks01a2_humidity.o
    0x20000b28        -       0x00000014   Zero   RW         7101    .bss                x_nucleo_iks01a2_magneto.o
    0x20000b3c        -       0x00000014   Zero   RW         7265    .bss                x_nucleo_iks01a2_pressure.o
    0x20000b50        -       0x00000038   Zero   RW         7460    .bss                x_nucleo_iks01a2_temperature.o
    0x20000b88        -       0x00000400   Zero   RW        10272    STACK               startup_stm32f401xe.o

